M6 —— 承重狀態唯讀擷取（不寫入、不凍結、不需 sudo）

標籤 turn　全程錄製　30.0 秒 @ 200 Hz
備註：左轉5s 停3s 右轉5s
● 錄製中 —— 最長 30 秒。**現在可以動遙控器了。**
  （Ctrl-C 可提前結束並保留資料）

    0.0s  最大|τ|  10.73  最大|v|  0.00  帶增益的關節 16/16
    1.0s  最大|τ|  10.73  最大|v|  0.00  帶增益的關節 16/16
    2.0s  最大|τ|  10.73  最大|v|  0.00  帶增益的關節 16/16
    3.0s  最大|τ|  25.71  最大|v|  4.08  帶增益的關節 16/16
    4.0s  最大|τ|  31.42  最大|v|  5.65  帶增益的關節 16/16
    5.0s  最大|τ|  30.23  最大|v|  1.13  帶增益的關節 16/16
    6.0s  最大|τ|  34.30  最大|v|  3.29  帶增益的關節 16/16
    7.0s  最大|τ|  32.52  最大|v|  5.46  帶增益的關節 16/16
    8.0s  最大|τ|  16.28  最大|v|  0.74  帶增益的關節 16/16
    9.0s  最大|τ|  18.56  最大|v|  0.14  帶增益的關節 16/16
   10.0s  最大|τ|  18.28  最大|v|  0.59  帶增益的關節 16/16
   11.0s  最大|τ|  34.89  最大|v|  7.50  帶增益的關節 16/16
   12.0s  最大|τ|  21.04  最大|v|  1.18  帶增益的關節 16/16
   13.0s  最大|τ|  30.61  最大|v|  3.80  帶增益的關節 16/16
   14.0s  最大|τ|  40.90  最大|v|  3.88  帶增益的關節 16/16
   15.0s  最大|τ|  26.30  最大|v|  3.24  帶增益的關節 16/16
   16.0s  最大|τ|  18.38  最大|v|  1.03  帶增益的關節 16/16
   17.0s  最大|τ|  18.20  最大|v|  0.44  帶增益的關節 16/16
   18.0s  最大|τ|  19.68  最大|v|  0.24  帶增益的關節 16/16
   19.0s  最大|τ|   3.63  最大|v|  1.36  帶增益的關節 16/16
   20.0s  最大|τ|  10.61  最大|v|  0.00  帶增益的關節 16/16

  （Ctrl-C：提前結束，保留已錄到的資料）

錄到 4077 筆 / 20.38 秒 @ 200 Hz　joint_state 心跳 1000/s　（提前結束）

==============================================================================
① 原廠的增益：全程固定，還是有排程？
==============================================================================
關節                                   kp                 kd            前饋 effort
fl1_hip_roll            60.0 → 250.0 ★變     1.00 → 5.00 ★變               -0.000
fl2_hip_pitch          120.0 → 250.0 ★變     1.00 → 5.00 ★變               -0.000
fl3_knee_pitch         120.0 → 250.0 ★變     1.00 → 5.00 ★變               +0.000
fl4_foot                  0.0 → 20.0 ★變               0.10   -0.263 → +0.292 ★變
fr1_hip_roll            60.0 → 250.0 ★變     1.00 → 5.00 ★變               -0.000
fr2_hip_pitch          120.0 → 250.0 ★變     1.00 → 5.00 ★變               +0.000
fr3_knee_pitch         120.0 → 250.0 ★變     1.00 → 5.00 ★變               -0.000
fr4_foot                  0.0 → 20.0 ★變               0.10   -0.386 → +0.222 ★變
bl1_hip_roll            60.0 → 250.0 ★變     1.00 → 5.00 ★變               +0.000
bl2_hip_pitch          120.0 → 250.0 ★變     1.00 → 5.00 ★變               -0.000
bl3_knee_pitch         120.0 → 250.0 ★變     1.00 → 5.00 ★變               +0.000
bl4_foot                  0.0 → 20.0 ★變               0.10   -0.341 → +0.256 ★變
br1_hip_roll            60.0 → 250.0 ★變     1.00 → 5.00 ★變               +0.000
br2_hip_pitch          120.0 → 250.0 ★變     1.00 → 5.00 ★變               +0.000
br3_knee_pitch         120.0 → 250.0 ★變     1.00 → 5.00 ★變               -0.000
br4_foot                  0.0 → 20.0 ★變               0.10   -0.264 → +0.327 ★變

   ★ 16 個關節的增益在過程中**變過** → 原廠有增益排程，
     我們的單一 kp 複製不了它。要看時間序列才知道怎麼排。
   ✅ **腿關節的前饋 effort 全程為 0 → 原廠是純 PD。**
      承重時追蹤誤差之所以小，是因為 kp 高，不是因為有前饋。
   ℹ️ 輪子有前饋（4 顆），量級可對照實測輪摩擦 0.15~0.20 N·m

==============================================================================
② 力矩包絡（控制器座標系）—— **保護門檻要照這個訂，不是照靜態值**
==============================================================================
關節                   峰值|τ|      發生於      結束時τ      峰值/結束
fl1_hip_roll         43.36    3.11s     -1.45      30.0x
fl2_hip_pitch        18.01    2.03s     -1.09      16.5x
fl3_knee_pitch       31.56   11.57s     +9.52       3.3x
fr1_hip_roll         46.51   14.42s     +1.34      34.7x
fr2_hip_pitch        15.66    5.91s     -1.08      14.5x
fr3_knee_pitch       29.92    4.68s     +8.99       3.3x
bl1_hip_roll         49.27   15.34s     -0.88      56.0x
bl2_hip_pitch        19.13    4.68s     +0.71      26.9x
bl3_knee_pitch       34.45    4.68s    -10.52       3.3x
br1_hip_roll         44.38    5.56s     +1.67      26.5x
br2_hip_pitch        20.29   14.57s     +1.11      18.3x
br3_knee_pitch       35.17   14.58s     -8.84       4.0x

   全部腿關節的峰值 |τ| = **49.27 N·m**
   → 我們自己做同樣動作時，力矩保護至少要 74 N·m
   （目前 M5 的門檻是 ABAD 10 / HIP 8 / KNEE 7，是照**吊掛**訂的）

==============================================================================
③ 時間軸（每 0.5 秒一列）
==============================================================================
     t   機身pitch    最大|τ|              在哪顆    最大|v|     帶增益
  0.00     -2.07    10.73   bl3_knee_pitch     0.00     16
  0.50     -2.09    10.75   bl3_knee_pitch     0.00     16
  1.00     -2.10    10.73   bl3_knee_pitch     0.00     16
  1.50     -2.11    10.75   bl3_knee_pitch     0.00     16
  2.00     -2.12    10.73   bl3_knee_pitch     0.00     16
  2.50     -2.18    16.53   fl3_knee_pitch     0.98     16
  3.00     -2.77    25.83   fl3_knee_pitch     3.98     16
  3.50     -2.40    15.04   bl3_knee_pitch     3.25     16
  4.00     -1.90    28.02     fr1_hip_roll     5.92     16
  4.50     -2.03    32.73     fl1_hip_roll     3.25     16
  5.00     -2.10    31.16     fl1_hip_roll     0.71     16
  5.50     -1.85    32.95     fr1_hip_roll     5.24     16
  6.00     -1.63    34.10     fl1_hip_roll     2.81     16
  6.50     -2.07    21.84     fl1_hip_roll     6.50     16
  7.00     -1.94    33.53   bl3_knee_pitch     4.53     16
  7.50     -2.47    18.45   fl3_knee_pitch     1.52     16
  8.00     -2.34    16.60   br3_knee_pitch     0.84     16
  8.50     -2.36    17.20   bl3_knee_pitch     0.24     16
  9.00     -2.42    18.48   bl3_knee_pitch     0.23     16
  9.50     -2.44    18.31   bl3_knee_pitch     0.14     16
 10.00     -2.55    18.26   br3_knee_pitch     0.68     16
 10.50     -2.53    28.82     fr1_hip_roll     1.63     16
 11.00     -2.32    39.69     bl1_hip_roll     8.30     16
 11.50     -2.13    26.08   fr3_knee_pitch     6.77     16
 12.00     -2.39    18.14   br3_knee_pitch     1.65     16
 12.50     -1.37    23.81     fl1_hip_roll    10.69     16
 13.00     -2.69    32.25   br3_knee_pitch     2.93     16
 13.50     -1.32    22.05   br3_knee_pitch     1.89     16
 14.00     -1.21    39.29     fr1_hip_roll     4.58     16
 14.50     -1.66    27.73   fr3_knee_pitch     9.35     16
 15.00     -1.70    29.99     bl1_hip_roll     3.19     16
 15.50     -1.76    29.53   br3_knee_pitch     2.96     16
 16.00     -1.70    18.92   br3_knee_pitch     1.31     16
 16.50     -1.70    17.22   fr3_knee_pitch     0.14     16
 17.00     -1.73    18.11   fr3_knee_pitch     0.50     16
 17.50     -1.75    19.19   fr3_knee_pitch     0.16     16
 18.00     -1.87    19.72   fr3_knee_pitch     0.26     16
 18.50     -1.85    19.95   bl3_knee_pitch     0.35     16
 19.00     -2.09    20.91   bl3_knee_pitch     0.25     16
 19.50     -2.12    10.56   bl3_knee_pitch     0.04     16
 20.00     -2.15    10.51   bl3_knee_pitch     0.00     16

📊 時間序列已存到 /home/robot/m_logs/M6_20260908_110344.json（2980 KB）
📄 完整輸出已存到 /home/robot/m_logs/M6_20260908_110344.log
