M6 —— 承重狀態唯讀擷取（不寫入、不凍結、不需 sudo）

標籤 flat　全程錄製　30.0 秒 @ 200 Hz
備註：趴平不動
● 錄製中 —— 最長 30 秒。**現在可以動遙控器了。**
  （Ctrl-C 可提前結束並保留資料）

    0.0s  最大|τ|   0.06  最大|v|  0.00  帶增益的關節  0/16
    1.0s  最大|τ|   0.11  最大|v|  0.00  帶增益的關節  0/16
    2.0s  最大|τ|   0.07  最大|v|  0.00  帶增益的關節  0/16
    3.0s  最大|τ|   0.05  最大|v|  0.00  帶增益的關節  0/16
    4.0s  最大|τ|   0.11  最大|v|  0.00  帶增益的關節  0/16
    5.0s  最大|τ|   0.06  最大|v|  0.00  帶增益的關節  0/16
    6.0s  最大|τ|   0.08  最大|v|  0.00  帶增益的關節  0/16
    7.0s  最大|τ|   0.09  最大|v|  0.00  帶增益的關節  0/16
    8.0s  最大|τ|   0.09  最大|v|  0.00  帶增益的關節  0/16
    9.0s  最大|τ|   0.09  最大|v|  0.00  帶增益的關節  0/16
   10.0s  最大|τ|   0.05  最大|v|  0.00  帶增益的關節  0/16
   11.0s  最大|τ|   0.06  最大|v|  0.00  帶增益的關節  0/16
   12.0s  最大|τ|   0.10  最大|v|  0.00  帶增益的關節  0/16
   13.0s  最大|τ|   0.06  最大|v|  0.00  帶增益的關節  0/16
   14.0s  最大|τ|   0.10  最大|v|  0.00  帶增益的關節  0/16
   15.0s  最大|τ|   0.06  最大|v|  0.00  帶增益的關節  0/16
   16.0s  最大|τ|   0.09  最大|v|  0.00  帶增益的關節  0/16
   17.0s  最大|τ|   0.07  最大|v|  0.00  帶增益的關節  0/16
   18.0s  最大|τ|   0.09  最大|v|  0.00  帶增益的關節  0/16
   19.0s  最大|τ|   0.10  最大|v|  0.00  帶增益的關節  0/16
   20.0s  最大|τ|   0.07  最大|v|  0.00  帶增益的關節  0/16
   21.0s  最大|τ|   0.08  最大|v|  0.00  帶增益的關節  0/16
   22.0s  最大|τ|   0.05  最大|v|  0.00  帶增益的關節  0/16
   23.0s  最大|τ|   0.11  最大|v|  0.00  帶增益的關節  0/16
   24.0s  最大|τ|   0.08  最大|v|  0.00  帶增益的關節  0/16
   25.0s  最大|τ|   0.14  最大|v|  0.00  帶增益的關節  0/16
   26.1s  最大|τ|   0.06  最大|v|  0.00  帶增益的關節  0/16
   27.1s  最大|τ|   0.06  最大|v|  0.00  帶增益的關節  0/16
   28.1s  最大|τ|   0.06  最大|v|  0.00  帶增益的關節  0/16
   29.1s  最大|τ|   0.07  最大|v|  0.00  帶增益的關節  0/16

錄到 6000 筆 / 30.00 秒 @ 200 Hz　joint_state 心跳 1000/s

==============================================================================
① 原廠的增益：全程固定，還是有排程？
==============================================================================
關節                                   kp                 kd            前饋 effort
fl1_hip_roll                        0.0               0.00               -0.000
fl2_hip_pitch                       0.0               0.00               -0.000
fl3_knee_pitch                      0.0               0.00               +0.000
fl4_foot                            0.0               0.00               -0.000
fr1_hip_roll                        0.0               0.00               -0.000
fr2_hip_pitch                       0.0               0.00               +0.000
fr3_knee_pitch                      0.0               0.00               -0.000
fr4_foot                            0.0               0.00               +0.000
bl1_hip_roll                        0.0               0.00               +0.000
bl2_hip_pitch                       0.0               0.00               -0.000
bl3_knee_pitch                      0.0               0.00               +0.000
bl4_foot                            0.0               0.00               -0.000
br1_hip_roll                        0.0               0.00               +0.000
br2_hip_pitch                       0.0               0.00               +0.000
br3_knee_pitch                      0.0               0.00               -0.000
br4_foot                            0.0               0.00               +0.000

   ✅ 增益全程固定 → 沒有排程，單一 kp/kd 就能複製。
   ✅ **腿關節的前饋 effort 全程為 0 → 原廠是純 PD。**
      承重時追蹤誤差之所以小，是因為 kp 高，不是因為有前饋。

==============================================================================
② 力矩包絡（控制器座標系）—— **保護門檻要照這個訂，不是照靜態值**
==============================================================================
關節                   峰值|τ|      發生於      結束時τ      峰值/結束
fl1_hip_roll          0.11    9.92s     +0.02       5.8x
fl2_hip_pitch         0.16   20.70s     +0.01      14.5x
fl3_knee_pitch        0.11   24.09s     -0.02       5.1x
fr1_hip_roll          0.20   19.51s     -0.01      26.0x
fr2_hip_pitch         0.20   17.93s     -0.00     133.7x
fr3_knee_pitch        0.10   16.07s     +0.01       7.1x
bl1_hip_roll          0.14   14.53s     -0.04       3.3x
bl2_hip_pitch         0.19   28.35s     -0.04       5.2x
bl3_knee_pitch        0.17    6.11s     +0.00     206.7x
br1_hip_roll          0.13   15.92s     +0.00      39.4x
br2_hip_pitch         0.12    1.30s     +0.01      11.8x
br3_knee_pitch        0.27   27.41s     +0.01      27.5x

   全部腿關節的峰值 |τ| = **0.27 N·m**
   → 我們自己做同樣動作時，力矩保護至少要 0 N·m
   （目前 M5 的門檻是 ABAD 10 / HIP 8 / KNEE 7，是照**吊掛**訂的）

==============================================================================
③ 時間軸（每 0.5 秒一列）
==============================================================================
     t   機身pitch    最大|τ|              在哪顆    最大|v|     帶增益
  0.00     -0.20     0.06     fl1_hip_roll     0.00      0
  0.50     -0.20     0.09   bl3_knee_pitch     0.00      0
  1.00     -0.20     0.11     bl1_hip_roll     0.00      0
  1.50     -0.20     0.10   br3_knee_pitch     0.00      0
  2.00     -0.21     0.06    fl2_hip_pitch     0.00      0
  2.50     -0.20     0.13     bl1_hip_roll     0.00      0
  3.00     -0.20     0.09    fl2_hip_pitch     0.01      0
  3.50     -0.20     0.09    fl2_hip_pitch     0.00      0
  4.00     -0.20     0.06     br1_hip_roll     0.00      0
  4.50     -0.20     0.06   fl3_knee_pitch     0.00      0
  5.00     -0.20     0.07   br3_knee_pitch     0.01      0
  5.50     -0.20     0.08     bl1_hip_roll     0.00      0
  6.00     -0.20     0.09     bl1_hip_roll     0.00      0
  6.50     -0.20     0.04     fr1_hip_roll     0.00      0
  7.00     -0.20     0.06    fr2_hip_pitch     0.00      0
  7.50     -0.20     0.09    fr2_hip_pitch     0.00      0
  8.00     -0.20     0.06    fl2_hip_pitch     0.00      0
  8.50     -0.21     0.08     bl1_hip_roll     0.00      0
  9.00     -0.21     0.08     fr1_hip_roll     0.00      0
  9.50     -0.21     0.06     bl1_hip_roll     0.00      0
 10.00     -0.20     0.07   fl3_knee_pitch     0.00      0
 10.50     -0.20     0.05     fr1_hip_roll     0.00      0
 11.00     -0.21     0.05     fr1_hip_roll     0.00      0
 11.50     -0.21     0.06     bl1_hip_roll     0.00      0
 12.00     -0.21     0.10     bl1_hip_roll     0.00      0
 12.50     -0.21     0.09    fr2_hip_pitch     0.00      0
 13.00     -0.21     0.07   br3_knee_pitch     0.00      0
 13.50     -0.21     0.06    fr2_hip_pitch     0.00      0
 14.00     -0.21     0.08   br3_knee_pitch     0.00      0
 14.50     -0.21     0.06   br3_knee_pitch     0.00      0
 15.00     -0.20     0.05   fl3_knee_pitch     0.00      0
 15.50     -0.21     0.13     bl1_hip_roll     0.00      0
 16.00     -0.21     0.09     bl1_hip_roll     0.00      0
 16.50     -0.21     0.09   bl3_knee_pitch     0.00      0
 17.00     -0.21     0.06     br1_hip_roll     0.00      0
 17.50     -0.20     0.09   br3_knee_pitch     0.00      0
 18.00     -0.21     0.04     bl1_hip_roll     0.00      0
 18.50     -0.21     0.09     bl1_hip_roll     0.00      0
 19.00     -0.20     0.08    bl2_hip_pitch     0.00      0
 19.50     -0.21     0.05   fl3_knee_pitch     0.00      0
 20.00     -0.21     0.07    bl2_hip_pitch     0.00      0
 20.50     -0.21     0.06     bl1_hip_roll     0.00      0
 21.00     -0.21     0.09     bl1_hip_roll     0.00      0
 21.50     -0.21     0.05    fr2_hip_pitch     0.00      0
 22.00     -0.20     0.09     bl1_hip_roll     0.00      0
 22.50     -0.21     0.09     bl1_hip_roll     0.00      0
 23.00     -0.21     0.08     fr1_hip_roll     0.00      0
 23.50     -0.21     0.08     fr1_hip_roll     0.00      0
 24.00     -0.21     0.06    br2_hip_pitch     0.00      0
 24.50     -0.21     0.08     bl1_hip_roll     0.00      0
 25.00     -0.21     0.10     bl1_hip_roll     0.00      0
 25.50     -0.20     0.08    fl2_hip_pitch     0.00      0
 26.00     -0.20     0.05   br3_knee_pitch     0.00      0
 26.50     -0.21     0.05     bl1_hip_roll     0.00      0
 27.00     -0.21     0.06     bl1_hip_roll     0.00      0
 27.50     -0.21     0.06   fr3_knee_pitch     0.00      0
 28.00     -0.20     0.05    br2_hip_pitch     0.00      0
 28.50     -0.20     0.08    fl2_hip_pitch     0.00      0
 29.00     -0.21     0.07    bl2_hip_pitch     0.01      0
 29.50     -0.20     0.05    fr2_hip_pitch     0.00      0

📊 時間序列已存到 /home/robot/m_logs/M6_20260908_105741.json（1599 KB）
📄 完整輸出已存到 /home/robot/m_logs/M6_20260908_105741.log
