M9 —— 步態（★★★ 承重、連續、動態觸地）　模式：播放 walk_kp120_first.json

⚠️⚠️ 確認：狗趴在地上、16 顆洩力、**吊帶掛在 292 mm 以下且鬆弛**、
      **地面淨空且留出走動空間**、第二個終端機備著 estop。

✅ 結構檢查通過
✅ 16 顆全部洩力中
✅ mc_ctrl PID=2401 狀態=S
✅ 機身姿態 roll -2.1° pitch -3.1°
✅ 前後膝反號（後腿往前彎，原廠預設）

軌跡檔：前進　duty 0.8 ω 1.4 d_step 0.1 x_off -0.04 g_c 0.08 z_sag 0.0000

總時長 22.0 秒 = 站起來 8.5 + 步態 7.0 + 坐回去 6.5
✅ 在承重上限 60 秒之內

步態最大命令速度 9.23 rad/s（br3_knee_pitch）　上限 14.0
✅ 在上限內（⚠️ 保護門檻 --vmax 16.0 必須高於這個，否則會誤中止）
✅ 步態全程在機構限位內

增益：腿 kp 120.0 kd 1.0　輪 **kp 0** kd 0.5（純阻尼，全程不鎖）
保護：力矩 ABAD 50 / HIP 50 / KNEE 70、硬上限 120
      誤差 0.6 rad、速度 16.0 rad/s、傾角 ±20°、迴圈間隔 250 ms

✅ 已凍結 mc_ctrl（T）

     t           階段     kp     最大|誤差|    最大|τ|               關節   roll  pitch      輪速
  0.00      RAMP_UP      0     0.0000     0.05     fr1_hip_roll   -2.1   -3.1    0.00
  0.25      RAMP_UP     31     0.0000     0.05     bl1_hip_roll   -2.1   -3.1    0.00
  0.51      RAMP_UP     63     0.0000     0.09     bl1_hip_roll   -2.1   -3.1    0.00
  0.76      RAMP_UP     95     0.0000     0.14    bl2_hip_pitch   -2.1   -3.1    0.00
  1.01      RAMP_UP    126     0.0000     0.09    bl2_hip_pitch   -2.1   -3.1    0.00
  1.26      RAMP_UP    158     0.0000     0.12     bl1_hip_roll   -2.1   -3.1    0.00
  1.52      RAMP_UP    189     0.0000     0.09    fl2_hip_pitch   -2.1   -3.1    0.00
  1.77      RAMP_UP    221     0.0000     0.10     bl1_hip_roll   -2.1   -3.1    0.00
  2.02    GO_crouch    250     0.0002     0.19     bl1_hip_roll   -2.1   -3.1    0.00
  2.27    GO_crouch    250     0.0343     8.07     bl1_hip_roll   -2.1   -3.0    0.01
  2.53    GO_crouch    250     0.1067    26.10   fr3_knee_pitch   -1.4   -2.7    0.76
  2.78    GO_crouch    250     0.1002    22.20   fl3_knee_pitch   -0.7   -2.3    1.44
  3.03    GO_crouch    250     0.1123    24.98     br1_hip_roll   +0.1   -1.9    1.46
  3.28    GO_crouch    250     0.1011    23.98   br3_knee_pitch   +0.6   -1.5    0.93
  3.54  HOLD_crouch    250     0.0927    23.03   br3_knee_pitch   +0.8   -1.4    0.29
  3.79  HOLD_crouch    250     0.0923    22.98   br3_knee_pitch   +0.8   -1.4    0.04
  4.05  HOLD_crouch    250     0.0923    22.96   br3_knee_pitch   +0.8   -1.3    0.00
  4.30  HOLD_crouch    250     0.0923    22.90   br3_knee_pitch   +0.8   -1.3    0.00
  4.56  HOLD_crouch    250     0.0919    22.84   br3_knee_pitch   +0.8   -1.3    0.17
  4.81  HOLD_crouch    250     0.0919    22.82   br3_knee_pitch   +0.9   -1.4    0.00
  5.07     GO_stand    250     0.0960    23.70   br3_knee_pitch   +0.9   -1.4    0.01
  5.32     GO_stand    250     0.1125    23.70   br3_knee_pitch   +0.9   -1.4    0.32
  5.58     GO_stand    250     0.1176    24.00   br3_knee_pitch   +0.8   -1.4    0.34
  5.83     GO_stand    250     0.1134    22.47   fl3_knee_pitch   +0.7   -1.4    0.21
  6.08     GO_stand    250     0.0987    18.97   br3_knee_pitch   +0.8   -1.5    0.23
  6.33     GO_stand    250     0.0804    17.16   br3_knee_pitch   +0.8   -1.6    0.08
  6.58   HOLD_stand    245     0.0676    16.50   br3_knee_pitch   +0.8   -1.5    0.04
  6.83   HOLD_stand    229     0.0680    15.46   br3_knee_pitch   +0.8   -1.5    0.00
  7.09   HOLD_stand    212     0.0680    14.37   br3_knee_pitch   +0.8   -1.5    0.04
  7.34   HOLD_stand    196     0.0680    13.34   br3_knee_pitch   +0.8   -1.5    0.04
  7.59   HOLD_stand    179     0.0691    12.32   br3_knee_pitch   +0.8   -1.5    0.06
  7.84   HOLD_stand    163     0.0749    12.14   br3_knee_pitch   +0.7   -1.6    0.12
  8.09   HOLD_stand    147     0.0810    11.86   br3_knee_pitch   +0.7   -1.6    0.09
  8.35   HOLD_stand    130     0.0973    12.65   fl3_knee_pitch   +0.5   -1.5    0.37
  8.60         GAIT    120     0.0986    11.83   fl3_knee_pitch   +0.5   -1.7    0.08
  8.85         GAIT    120     0.1167    13.89   fl3_knee_pitch   +0.7   -1.6    0.98
  9.10         GAIT    120     0.1487    17.46   br3_knee_pitch   +1.2   -2.0    1.74
  9.35         GAIT    120     0.2473    26.52   bl3_knee_pitch   -1.8   -3.6    5.00
  9.60         GAIT    120     0.1870    21.32    fr2_hip_pitch   +1.7   -1.6    5.63
  9.86         GAIT    120     0.2741    32.45   fr3_knee_pitch   +1.6   +1.9    1.98
 10.11         GAIT    120     0.3636    39.90   bl3_knee_pitch   -3.6   -3.2    2.75
 10.36         GAIT    120     0.2910    26.57    br2_hip_pitch   +0.4   -3.4    1.74
 10.61         GAIT    120     0.2918    27.88   fr3_knee_pitch   -1.8   +0.9    1.26
 10.87         GAIT    120     0.2131    26.10   fl3_knee_pitch   -0.3   -0.8    2.83
 11.12         GAIT    120     0.3007    29.48   br3_knee_pitch   +6.0   -5.3    3.91
 11.37         GAIT    120     0.1571    18.75   br3_knee_pitch   +1.6   -0.7    3.59
 11.63         GAIT    120     0.2742    32.69   fl3_knee_pitch   +1.0   +1.1    2.89
 11.88         GAIT    120     0.3714    41.57   br3_knee_pitch   +4.9   -3.5    4.37
 12.13         GAIT    120     0.2892    27.40    bl2_hip_pitch   -0.9   -2.6    7.21
 12.38         GAIT    120     0.3207    29.97    fr2_hip_pitch   +1.6   +2.6    2.20
 12.64         GAIT    120     0.2765    32.05   fr3_knee_pitch   +3.9   -1.1    0.69
 12.89         GAIT    120     0.2172    26.11   br3_knee_pitch   -1.1   -2.9    5.45
 13.14         GAIT    120     0.2206    22.73   fr3_knee_pitch   +2.2   +1.0    5.55
 13.39         GAIT    120     0.2424    28.83   fr3_knee_pitch   +2.9   +0.3    2.23
 13.64         GAIT    120     0.4132    35.92   bl3_knee_pitch   -2.0   -3.3    2.56
 13.90         GAIT    120     0.2280    23.61    br2_hip_pitch   +2.3   -1.4   10.64
 14.15         GAIT    120     0.2789    29.12   fr3_knee_pitch   +1.3   +1.9    1.98
 14.40         GAIT    120     0.2743    36.81   bl3_knee_pitch   -0.6   -1.9    1.53
 14.66         GAIT    120     0.2082    21.52   bl3_knee_pitch   +4.3   -3.1    4.46
 14.91         GAIT    120     0.1867    21.12   fr3_knee_pitch   +3.0   +0.9    2.69
 15.16         GAIT    120     0.1788    20.96   bl3_knee_pitch   -0.7   -0.9    0.86
 15.42         GAIT    120     0.1336    15.82   br3_knee_pitch   +1.8   -1.3    0.87
 15.67  BACK_crouch    149     0.1051    15.79   br3_knee_pitch   +2.0   -1.2    0.15
 15.93  BACK_crouch    194     0.0693    15.12   fl3_knee_pitch   +1.4   -0.8    0.95
 16.18  BACK_crouch    237     0.0552    15.06   fr3_knee_pitch   +1.5   -0.6    0.63
 16.43  BACK_crouch    250     0.0413    14.28   fr3_knee_pitch   +1.4   -0.6    0.08
 16.68  BACK_crouch    250     0.0386    13.52   bl3_knee_pitch   +0.8   -0.8    0.42
 16.93  BACK_crouch    250     0.0346     9.68   bl3_knee_pitch   +0.2   -1.4    0.30
 17.19 HOLDB_crouch    250     0.0335     8.46   bl3_knee_pitch   +0.3   -1.5    0.42
 17.44 HOLDB_crouch    250     0.0343     8.69   bl3_knee_pitch   +0.3   -1.5    0.36
 17.69 HOLDB_crouch    250     0.0354     8.87   bl3_knee_pitch   +0.2   -1.5    0.14
 17.94 HOLDB_crouch    250     0.0385     9.86   bl3_knee_pitch   +0.1   -1.6    0.27
 18.19 HOLDB_crouch    250     0.0400    10.16   bl3_knee_pitch   -0.0   -1.6    0.00
 18.45 HOLDB_crouch    250     0.0404    10.09   bl3_knee_pitch   -0.0   -1.6    0.00
 18.70     BACK_LIE    250     0.0279     6.80   bl3_knee_pitch   -0.3   -1.7    0.27
 18.96     BACK_LIE    250     0.0343     6.72     br1_hip_roll   -2.5   -3.4    1.21
 19.21     BACK_LIE    250     0.0376     7.22     br1_hip_roll   -5.2   -7.5    0.86
 19.46     BACK_LIE    250     0.0368     7.13     br1_hip_roll   -7.6  -12.3    0.55
 19.72     BACK_LIE    250     0.0328     7.27     fr1_hip_roll   -9.7  -16.5    0.33
 19.98     BACK_LIE    250     0.0272     6.71     br1_hip_roll  -10.4  -18.9    0.46
 20.23    RAMP_DOWN    221     0.0275     6.21     br1_hip_roll  -10.3  -19.0    0.38
 20.48    RAMP_DOWN    190     0.0278     5.37     br1_hip_roll  -10.1  -19.2    0.39
 20.74    RAMP_DOWN    158     0.0282     4.53     br1_hip_roll  -10.1  -19.3    0.35
 20.99    RAMP_DOWN    127     0.0290     3.72     br1_hip_roll  -10.4  -19.1    0.29
 21.24    RAMP_DOWN     95     0.0301     2.89     br1_hip_roll  -10.7  -18.9    0.12
 21.49    RAMP_DOWN     64     0.0320     2.28     fr1_hip_roll  -11.1  -18.7    0.40
 21.75    RAMP_DOWN     32     0.0927     3.40     br1_hip_roll  -11.5  -18.6    0.16
 22.00    RAMP_DOWN      1     0.2216     1.72     br1_hip_roll  -11.8  -18.7    0.85

============================================================================
✅ 序列完整跑完

關節                     峰值τ      門檻      用掉      ★超標筆數    (未濾)      剔除跳點
fl1_hip_roll        -23.47      50     47%          0       0         0
fl2_hip_pitch       -37.30      50     75%          0       0         0
fl3_knee_pitch      +41.82      70     60%          0       0         0
fr1_hip_roll        +23.42      50     47%          0       0         0
fr2_hip_pitch       -34.94      50     70%          0       0         0
fr3_knee_pitch      +38.36      70     55%          0       0         0
bl1_hip_roll        -27.05      50     54%          0       0         0
bl2_hip_pitch       -28.95      50     58%          0       0         0
bl3_knee_pitch      -60.47      70     86%          0       0         0
br1_hip_roll        +26.72      50     53%          0       0         0
br2_hip_pitch       -30.04      50     60%          0       0         0
br3_knee_pitch      -60.98      70     87%          0       0         0

迴圈：4400 次 / 22.00s = 200 Hz（目標 200）　最長單次間隔 22 ms @ t=19.98s

輪               淨轉動 rad     ≈ 滾動 mm
fl4_foot        -1.6560        -159
fr4_foot         1.4870         143
bl4_foot        -1.6819        -162
br4_foot         2.8721         276
  ⚠️ 這是總量，**包含懸空空轉** —— 模擬顯示空轉可佔八成。
     要判讀必須拆成觸地/懸空，事後用 `w` 欄的 position 做。

============================================================================
★ 現在腿還在承重。[Enter] 依原路徑坐回趴姿；[Ctrl-C] 立刻放手（會塌）

   > 
   （Ctrl-C：放手）

📊 /home/robot/m_logs/M9_20260902_170254.json

⏸ mc_ctrl 仍在凍結中（PID 2401）。確認狗安全後：
      sudo kill -CONT 2401

📄 /home/robot/m_logs/M9_20260902_170254.log
