------------------------------------------------------------
### 自動判讀：四個報告項目各拿到什麼
------------------------------------------------------------
-- 1.3　CPU / GPU / Memory --
  ❌ rk_idle.json 沒有內容（RK3588（運控板））
  ❌ rk_walk.json 沒有內容（RK3588（運控板））
  ❌ nx_idle.json 沒有內容（Orin NX（應用板））
  ❌ nx_walk.json 沒有內容（Orin NX（應用板））
  GPU/NPU 負載節點：
    (未取到)

-- 7.1　感測器種類與數量 --
  感測 topic 筆數：21
    /front_camera/image_compressed|sensor_msgs/msg/CompressedImage|未取到|1
    /front_lidar/imu|sensor_msgs/msg/Imu|206.519|1
    /front_lidar|sensor_msgs/msg/PointCloud2|9.907|1
    /gnss/data|robots_dog_msgs/msg/Nmea|無發布者|0
    /gps/rtk|sensor_msgs/msg/NavSatFix|無發布者|0
    /imu_driver/imu_central|sensor_msgs/msg/Imu|199.114|1
    /laser_scan|sensor_msgs/msg/LaserScan|10.000|1
    /rear_camera/image_compressed|sensor_msgs/msg/CompressedImage|未取到|1
    /rear_lidar/imu|sensor_msgs/msg/Imu|175.016|1
    /rear_lidar|sensor_msgs/msg/PointCloud2|9.917|1
    /rtk_pvh|robots_dog_msgs/msg/UniRtkPvh|未取到|1
    /uni_rtk_pvh|robots_dog_msgs/msg/UniRtkPvh|無發布者|0
    /uss_driver/uss_left/range|sensor_msgs/msg/Range|9.945|1
    /uss_driver/uss_right/range|sensor_msgs/msg/Range|9.953|1
    /uwb_point|geometry_msgs/msg/PointStamped|無發布者|0
    /uwb|uwb_driver/msg/Uwb|未取到|1
    /battery_controller/battery_all|sensor_msgs/msg/BatteryState|1.000|1
    /front_camera/image_compressed|sensor_msgs/msg/CompressedImage|9.912|1
    /imu_shm_publisher/imu_central|sensor_msgs/msg/Imu|203.317|1
    /joint_shm_controller/joint_sensor|robot_common_interface/msg/JointSensor|1.000|1
    /rear_camera/image_compressed|sensor_msgs/msg/CompressedImage|9.994|1

-- 7.2　Camera --
  @@CAMDEV /dev/video0
  @@CAMDEV /dev/video1
  @@CAMDEV /dev/video10
  @@CAMDEV /dev/video11
  @@CAMDEV /dev/video12
  @@CAMDEV /dev/video13
  @@CAMDEV /dev/video14
  @@CAMDEV /dev/video15
  @@CAMDEV /dev/video16
  @@CAMDEV /dev/video17
  @@CAMDEV /dev/video18
  @@CAMDEV /dev/video19
  @@CAMDEV /dev/video2
  @@CAMDEV /dev/video20
  @@CAMDEV /dev/video21
  @@CAMDEV /dev/video22
  @@CAMDEV /dev/video23
  @@CAMDEV /dev/video24
  @@CAMDEV /dev/video25
  @@CAMDEV /dev/video26
  @@CAMDEV /dev/video27
  @@CAMDEV /dev/video28
  @@CAMDEV /dev/video29
  @@CAMDEV /dev/video3
  @@CAMDEV /dev/video30
  @@CAMDEV /dev/video31
  @@CAMDEV /dev/video32
  @@CAMDEV /dev/video33
  @@CAMDEV /dev/video34
  @@CAMDEV /dev/video35
  @@CAMDEV /dev/video36
  @@CAMDEV /dev/video37
  @@CAMDEV /dev/video38
  @@CAMDEV /dev/video39
  @@CAMDEV /dev/video4
  @@CAMDEV /dev/video5
  @@CAMDEV /dev/video6
  @@CAMDEV /dev/video7
  @@CAMDEV /dev/video8
  @@CAMDEV /dev/video9
  @@CAMDEV /dev/video-dec0
  @@CAMDEV /dev/video-enc0
  ✅ RTSP front 有量到（rtsp_front.json）
  ✅ RTSP back 有量到（rtsp_back.json）

-- 7.4　LiDAR 等其他感測器 --
  光達設定檔關鍵欄位筆數：123
    @@LIDARCFG /opt/robot/perception/install/perception/config/perception/detection/camera_imx415.yaml:24:imu_pitch_angle: 42
    @@LIDARCFG /opt/robot/perception/install/perception/config/perception/detection/camera_usb.yaml:26:imu_pitch_angle: 42 # 
    @@LIDARCFG /opt/robot/perception/install/perception/config/perception/detection/camera.yaml:24:imu_pitch_angle: 42
    @@LIDARCFG /opt/robot/perception/install/perception/config/perception/detection/track_config.yaml:1:frame_rate: 10
    @@LIDARCFG /opt/robot/perception/install/perception/config/perception/detection/track_config.yaml:9:global_reid_frame_rate: 2
    @@LIDARCFG /opt/robot/perception/install/perception/config/perception/obstacle_detection/fusion_lidar_cam_odom_app.yaml:6:generate_point_from_seg_max_distance: 20.0
    @@LIDARCFG /opt/robot/perception/install/perception/config/perception/obstacle_detection/fusion_lidar_cam_odom_app.yaml:7:generate_point_from_seg_min_distance: 8.0
    @@LIDARCFG /opt/robot/perception/install/perception/config/perception/obstacle_detection/fusion_lidar_cam_odom_app.yaml:12:soft_threshold_end_height: 0.35
    @@LIDARCFG /opt/robot/perception/install/perception/config/perception/obstacle_detection/fusion_lidar_cam_odom_app.yaml:13:soft_threshold_start_height: 0.15
    @@LIDARCFG /opt/robot/perception/install/perception/config/perception/obstacle_detection/fusion_lidar_cam_odom_app.yaml:14:obstacle_point_min_height: -0.5
    @@LIDARCFG /opt/robot/perception/install/perception/config/perception/segmentation/lidar_range_seg_config.yaml:57:  resolution: 0.1    # 分辨率（米/像素）
    @@LIDARCFG /opt/robot/robot_arc/install/apriltag_localization/config/apriltag_localization_pc_config_middle_dog.yaml:21:    # detection of quads can be done on a lower-resolution image,
    @@LIDARCFG /opt/robot/robot_arc/install/apriltag_localization/config/apriltag_localization_pc_config_middle_dog.yaml:24:    # still done at full resolution. .
    @@LIDARCFG /opt/robot/robot_arc/install/apriltag_localization/config/apriltag_localization_pc_config.yaml:21:    # detection of quads can be done on a lower-resolution image,
    @@LIDARCFG /opt/robot/robot_arc/install/apriltag_localization/config/apriltag_localization_pc_config.yaml:24:    # still done at full resolution. .
    @@LIDARCFG /opt/robot/robot-driver/install/imu_driver/share/imu_driver/config/imu_params.yaml:12:    frame_id: "imu_link"
    @@LIDARCFG /opt/robot/robot-driver/install/rslidar_sdk/share/rslidar_sdk/config/config.yaml:3:                                        # 1: packet message comes from online Lidar
    @@LIDARCFG /opt/robot/robot-driver/install/rslidar_sdk/share/rslidar_sdk/config/config.yaml:7:  send_point_cloud_ros: true            # true: Send point cloud through ROS or ROS2
    @@LIDARCFG /opt/robot/robot-driver/install/rslidar_sdk/share/rslidar_sdk/config/config.yaml:10:      lidar_type: RSAIRY             #  LiDAR type - RS16, RS32, RSBP, RSAIRY, RSHELIOS, RSHELIOS_16P, RS128, RS80, RS48, RSP128, RSP80, RSP48, 
    @@LIDARCFG /opt/robot/robot-driver/install/rslidar_sdk/share/rslidar_sdk/config/config.yaml:13:      msop_port: 6699              #  Msop port of lidar

⚠️ ROS2 topic list 是空的不代表沒有 topic —— 先看 log 裡的 DOMAIN_ID 與 RMW 兩行。
⚠️ 感測 topic 多半是 best_effort，用預設 QoS 訂閱會收不到；腳本已自動退一步重試。
