M6 —— 承重狀態唯讀擷取（不寫入、不凍結、不需 sudo）

標籤 ref_arc_right　全程錄製　12.0 秒 @ 500 Hz
● 錄製中 —— 最長 12 秒。**現在可以動遙控器了。**
  （Ctrl-C 可提前結束並保留資料）

    0.0s  最大|τ|  10.21  最大|v|  0.04  帶增益的關節 16/16
    1.0s  最大|τ|  10.14  最大|v|  0.00  帶增益的關節 16/16
    2.0s  最大|τ|  18.98  最大|v|  5.72  帶增益的關節 16/16
    3.0s  最大|τ|  19.23  最大|v|  8.84  帶增益的關節 16/16
    4.0s  最大|τ|  28.02  最大|v|  7.84  帶增益的關節 16/16
    5.0s  最大|τ|  26.65  最大|v|  9.38  帶增益的關節 16/16
    6.0s  最大|τ|  19.90  最大|v|  5.73  帶增益的關節 16/16
    7.0s  最大|τ|  19.11  最大|v|  1.62  帶增益的關節 16/16
    8.0s  最大|τ|  21.71  最大|v|  0.10  帶增益的關節 16/16
    9.0s  最大|τ|  20.19  最大|v|  0.06  帶增益的關節 16/16
   10.0s  最大|τ|  20.72  最大|v|  0.03  帶增益的關節 16/16
   11.0s  最大|τ|  10.29  最大|v|  0.00  帶增益的關節 16/16

錄到 6000 筆 / 12.00 秒 @ 500 Hz　joint_state 心跳 1000/s

==============================================================================
① 原廠的增益：全程固定，還是有排程？
==============================================================================
關節                                   kp                 kd            前饋 effort
fl1_hip_roll            60.0 → 250.0 ★變     1.00 → 5.00 ★變               -0.000
fl2_hip_pitch          120.0 → 250.0 ★變     1.00 → 5.00 ★變               -0.000
fl3_knee_pitch         120.0 → 250.0 ★變     1.00 → 5.00 ★變               +0.000
fl4_foot                  0.0 → 20.0 ★變               0.10   -0.345 → +0.123 ★變
fr1_hip_roll            60.0 → 250.0 ★變     1.00 → 5.00 ★變               -0.000
fr2_hip_pitch          120.0 → 250.0 ★變     1.00 → 5.00 ★變               +0.000
fr3_knee_pitch         120.0 → 250.0 ★變     1.00 → 5.00 ★變               -0.000
fr4_foot                  0.0 → 20.0 ★變               0.10   -0.218 → +0.319 ★變
bl1_hip_roll            60.0 → 250.0 ★變     1.00 → 5.00 ★變               +0.000
bl2_hip_pitch          120.0 → 250.0 ★變     1.00 → 5.00 ★變               -0.000
bl3_knee_pitch         120.0 → 250.0 ★變     1.00 → 5.00 ★變               +0.000
bl4_foot                  0.0 → 20.0 ★變               0.10   -0.213 → +0.346 ★變
br1_hip_roll            60.0 → 250.0 ★變     1.00 → 5.00 ★變               +0.000
br2_hip_pitch          120.0 → 250.0 ★變     1.00 → 5.00 ★變               +0.000
br3_knee_pitch         120.0 → 250.0 ★變     1.00 → 5.00 ★變               -0.000
br4_foot                  0.0 → 20.0 ★變               0.10   -0.352 → +0.128 ★變

   ★ 16 個關節的增益在過程中**變過** → 原廠有增益排程，
     我們的單一 kp 複製不了它。要看時間序列才知道怎麼排。
   ✅ **腿關節的前饋 effort 全程為 0 → 原廠是純 PD。**
      承重時追蹤誤差之所以小，是因為 kp 高，不是因為有前饋。
   ℹ️ 輪子有前饋（4 顆），量級可對照實測輪摩擦 0.15~0.20 N·m

==============================================================================
② 力矩包絡（控制器座標系）—— **保護門檻要照這個訂，不是照靜態值**
==============================================================================
關節                   峰值|τ|      發生於      結束時τ      峰值/結束
fl1_hip_roll         30.88    3.23s     -0.23     133.1x
fl2_hip_pitch        18.55    3.51s     +0.01    1742.5x
fl3_knee_pitch       32.17    4.90s     +9.74       3.3x
fr1_hip_roll         31.35    5.13s     +0.04     724.2x
fr2_hip_pitch        22.00    5.66s     -0.53      41.9x
fr3_knee_pitch       29.33    5.66s     +9.27       3.2x
bl1_hip_roll         30.87    3.31s     +0.51      60.0x
bl2_hip_pitch        25.57    6.93s     +0.38      66.8x
bl3_knee_pitch       26.83    3.33s    -10.27       2.6x
br1_hip_roll         22.26    5.00s     +0.80      27.9x
br2_hip_pitch        26.30    6.93s     +0.71      36.8x
br3_knee_pitch       27.66    3.12s     -9.76       2.8x

   全部腿關節的峰值 |τ| = **32.17 N·m**
   → 我們自己做同樣動作時，力矩保護至少要 48 N·m
   （目前 M5 的門檻是 ABAD 10 / HIP 8 / KNEE 7，是照**吊掛**訂的）

==============================================================================
③ 時間軸（每 0.5 秒一列）
==============================================================================
     t   機身pitch    最大|τ|              在哪顆    最大|v|     帶增益
  0.00     -1.57    10.21   bl3_knee_pitch     0.04     16
  0.50     -1.54    10.09   bl3_knee_pitch     0.13     16
  1.00     -1.52    10.13   bl3_knee_pitch     0.00     16
  1.50     -2.03    18.05   fl3_knee_pitch     3.47     16
  2.00     -2.47    19.03   fl3_knee_pitch     5.74     16
  2.50     -2.95    19.20   fr3_knee_pitch     7.73     16
  3.00     -2.80    19.19   fr3_knee_pitch     8.83     16
  3.50     -2.08    24.33   fl3_knee_pitch     7.23     16
  4.00     -2.26    26.86   fl3_knee_pitch     7.21     16
  4.50     -1.94    28.71   fl3_knee_pitch     8.31     16
  5.00     -2.05    26.95     fl1_hip_roll     9.91     16
  5.50     -1.68    21.20   br3_knee_pitch     6.56     16
  6.00     -1.86    20.09   fr3_knee_pitch     5.89     16
  6.50     -2.36    20.39   fr3_knee_pitch     8.12     16
  7.00     -1.29    19.30   bl3_knee_pitch     1.58     16
  7.50     -1.09    20.53   bl3_knee_pitch     0.03     16
  8.00     -1.23    21.80   bl3_knee_pitch     0.17     16
  8.50     -1.39    21.78   fr3_knee_pitch     0.29     16
  9.00     -1.66    20.14   fr3_knee_pitch     0.09     16
  9.50     -1.82    20.51   fr3_knee_pitch     0.08     16
 10.00     -1.93    20.84   fr3_knee_pitch     0.03     16
 10.50     -2.04    10.32   bl3_knee_pitch     0.03     16
 11.00     -2.09    10.26   bl3_knee_pitch     0.02     16
 11.50     -2.13    10.28   bl3_knee_pitch     0.04     16

📊 時間序列已存到 /home/robot/m_logs/M6_20260909_161711.json（4395 KB）
📄 完整輸出已存到 /home/robot/m_logs/M6_20260909_161711.log
