M6 —— 承重狀態唯讀擷取（不寫入、不凍結、不需 sudo）

標籤 ref_startstop　全程錄製　15.0 秒 @ 500 Hz
● 錄製中 —— 最長 15 秒。**現在可以動遙控器了。**
  （Ctrl-C 可提前結束並保留資料）

    0.0s  最大|τ|  10.17  最大|v|  0.00  帶增益的關節 16/16
    1.0s  最大|τ|  10.17  最大|v|  0.00  帶增益的關節 16/16
    2.0s  最大|τ|  10.15  最大|v|  0.00  帶增益的關節 16/16
    3.0s  最大|τ|  15.97  最大|v|  9.78  帶增益的關節 16/16
    4.0s  最大|τ|  18.94  最大|v|  0.24  帶增益的關節 16/16
    5.0s  最大|τ|  18.80  最大|v|  6.88  帶增益的關節 16/16
    6.0s  最大|τ|  17.46  最大|v|  0.12  帶增益的關節 16/16
    7.0s  最大|τ|  19.67  最大|v|  5.44  帶增益的關節 16/16
    8.0s  最大|τ|  18.09  最大|v|  0.16  帶增益的關節 16/16
    9.0s  最大|τ|  14.52  最大|v|  2.26  帶增益的關節 16/16
   10.0s  最大|τ|  20.93  最大|v|  0.09  帶增益的關節 16/16
   11.0s  最大|τ|  19.09  最大|v|  0.19  帶增益的關節 16/16
   12.0s  最大|τ|  10.32  最大|v|  0.24  帶增益的關節 16/16
   13.0s  最大|τ|  10.26  最大|v|  0.03  帶增益的關節 16/16
   14.0s  最大|τ|  10.21  最大|v|  0.00  帶增益的關節 16/16

錄到 7500 筆 / 15.00 秒 @ 500 Hz　joint_state 心跳 1000/s

==============================================================================
① 原廠的增益：全程固定，還是有排程？
==============================================================================
關節                                   kp                 kd            前饋 effort
fl1_hip_roll            60.0 → 250.0 ★變     1.00 → 5.00 ★變               -0.000
fl2_hip_pitch          120.0 → 250.0 ★變     1.00 → 5.00 ★變               -0.000
fl3_knee_pitch         120.0 → 250.0 ★變     1.00 → 5.00 ★變               +0.000
fl4_foot                  0.0 → 20.0 ★變               0.10   -0.544 → +0.303 ★變
fr1_hip_roll            60.0 → 250.0 ★變     1.00 → 5.00 ★變               -0.000
fr2_hip_pitch          120.0 → 250.0 ★變     1.00 → 5.00 ★變               +0.000
fr3_knee_pitch         120.0 → 250.0 ★變     1.00 → 5.00 ★變               -0.000
fr4_foot                  0.0 → 20.0 ★變               0.10   -0.346 → +0.528 ★變
bl1_hip_roll            60.0 → 250.0 ★變     1.00 → 5.00 ★變               +0.000
bl2_hip_pitch          120.0 → 250.0 ★變     1.00 → 5.00 ★變               -0.000
bl3_knee_pitch         120.0 → 250.0 ★變     1.00 → 5.00 ★變               +0.000
bl4_foot                  0.0 → 20.0 ★變               0.10   -0.309 → +0.496 ★變
br1_hip_roll            60.0 → 250.0 ★變     1.00 → 5.00 ★變               +0.000
br2_hip_pitch          120.0 → 250.0 ★變     1.00 → 5.00 ★變               +0.000
br3_knee_pitch         120.0 → 250.0 ★變     1.00 → 5.00 ★變               -0.000
br4_foot                  0.0 → 20.0 ★變               0.10   -0.514 → +0.279 ★變

   ★ 16 個關節的增益在過程中**變過** → 原廠有增益排程，
     我們的單一 kp 複製不了它。要看時間序列才知道怎麼排。
   ✅ **腿關節的前饋 effort 全程為 0 → 原廠是純 PD。**
      承重時追蹤誤差之所以小，是因為 kp 高，不是因為有前饋。
   ℹ️ 輪子有前饋（4 顆），量級可對照實測輪摩擦 0.15~0.20 N·m

==============================================================================
② 力矩包絡（控制器座標系）—— **保護門檻要照這個訂，不是照靜態值**
==============================================================================
關節                   峰值|τ|      發生於      結束時τ      峰值/結束
fl1_hip_roll         14.35    2.89s     -0.39      36.3x
fl2_hip_pitch        24.06    8.35s     -0.67      35.8x
fl3_knee_pitch       23.81    2.63s    +10.13       2.4x
fr1_hip_roll         12.50    2.97s     +0.57      22.0x
fr2_hip_pitch        22.32    4.69s     -0.67      33.2x
fr3_knee_pitch       23.73    2.63s     +9.36       2.5x
bl1_hip_roll          9.51    8.71s     -0.59      16.2x
bl2_hip_pitch        25.16    3.64s     +0.96      26.3x
bl3_knee_pitch       25.09    4.40s    -10.23       2.5x
br1_hip_roll         10.45    3.50s     +0.32      33.0x
br2_hip_pitch        27.02    3.62s     +0.54      49.7x
br3_knee_pitch       22.05   10.34s     -9.06       2.4x

   全部腿關節的峰值 |τ| = **27.02 N·m**
   → 我們自己做同樣動作時，力矩保護至少要 41 N·m
   （目前 M5 的門檻是 ABAD 10 / HIP 8 / KNEE 7，是照**吊掛**訂的）

==============================================================================
③ 時間軸（每 0.5 秒一列）
==============================================================================
     t   機身pitch    最大|τ|              在哪顆    最大|v|     帶增益
  0.00     -1.98    10.17   bl3_knee_pitch     0.00     16
  0.50     -1.98    10.10   bl3_knee_pitch     0.00     16
  1.00     -1.98    10.17   bl3_knee_pitch     0.00     16
  1.50     -1.98    10.12   bl3_knee_pitch     0.00     16
  2.00     -1.98    10.15   bl3_knee_pitch     0.00     16
  2.50     -1.98    10.23   bl3_knee_pitch     0.00     16
  3.00     -3.75    15.96   fr3_knee_pitch    10.03     16
  3.50     -2.85    14.82   br3_knee_pitch     7.34     16
  4.00     -1.26    18.91   bl3_knee_pitch     0.40     16
  4.50     -1.32    23.87   bl3_knee_pitch     0.90     16
  5.00     -2.44    18.99   fr3_knee_pitch     7.00     16
  5.50     -1.24    14.44   fr3_knee_pitch     2.45     16
  6.00     -1.76    17.49   br3_knee_pitch     0.12     16
  6.50     -2.08    18.13    fr2_hip_pitch     0.95     16
  7.00     -2.57    20.00   bl3_knee_pitch     5.38     16
  7.50     -1.64    18.00   fl3_knee_pitch     0.77     16
  8.00     -1.82    18.11   bl3_knee_pitch     0.17     16
  8.50     -3.22    17.40   fl3_knee_pitch     8.78     16
  9.00     -1.29    14.73   br3_knee_pitch     2.90     16
  9.50     -1.81    19.00   br3_knee_pitch     0.06     16
 10.00     -1.91    20.88   br3_knee_pitch     0.11     16
 10.50     -1.92    21.59   br3_knee_pitch     0.35     16
 11.00     -1.73    19.14   fr3_knee_pitch     0.29     16
 11.50     -1.81    19.38   fl3_knee_pitch     0.35     16
 12.00     -1.96    10.43   bl3_knee_pitch     0.34     16
 12.50     -1.94    10.40   bl3_knee_pitch     0.08     16
 13.00     -1.97    10.21   bl3_knee_pitch     0.00     16
 13.50     -1.98    10.22   bl3_knee_pitch     0.00     16
 14.00     -2.00    10.29   bl3_knee_pitch     0.00     16
 14.50     -2.02    10.20   bl3_knee_pitch     0.00     16

📊 時間序列已存到 /home/robot/m_logs/M6_20260909_161817.json（5490 KB）
📄 完整輸出已存到 /home/robot/m_logs/M6_20260909_161817.log
