M6 —— 承重狀態唯讀擷取（不寫入、不凍結、不需 sudo）

標籤 ref_idle　全程錄製　12.0 秒 @ 500 Hz
● 錄製中 —— 最長 12 秒。**現在可以動遙控器了。**
  （Ctrl-C 可提前結束並保留資料）

    0.0s  最大|τ|  10.37  最大|v|  0.00  帶增益的關節 16/16
    1.0s  最大|τ|  10.43  最大|v|  0.00  帶增益的關節 16/16
    2.0s  最大|τ|  10.48  最大|v|  0.00  帶增益的關節 16/16
    3.0s  最大|τ|  10.38  最大|v|  0.00  帶增益的關節 16/16
    4.0s  最大|τ|  10.36  最大|v|  0.00  帶增益的關節 16/16
    5.0s  最大|τ|  10.37  最大|v|  0.00  帶增益的關節 16/16
    6.0s  最大|τ|  10.37  最大|v|  0.00  帶增益的關節 16/16
    7.0s  最大|τ|  10.46  最大|v|  0.00  帶增益的關節 16/16
    8.0s  最大|τ|  10.37  最大|v|  0.00  帶增益的關節 16/16
    9.0s  最大|τ|  10.43  最大|v|  0.00  帶增益的關節 16/16
   10.0s  最大|τ|  10.39  最大|v|  0.00  帶增益的關節 16/16
   11.0s  最大|τ|  10.36  最大|v|  0.00  帶增益的關節 16/16

錄到 6000 筆 / 12.00 秒 @ 500 Hz　joint_state 心跳 1000/s

==============================================================================
① 原廠的增益：全程固定，還是有排程？
==============================================================================
關節                                   kp                 kd            前饋 effort
fl1_hip_roll                      250.0               5.00               -0.000
fl2_hip_pitch                     250.0               5.00               -0.000
fl3_knee_pitch                    250.0               5.00               +0.000
fl4_foot                           20.0               0.10               -0.000
fr1_hip_roll                      250.0               5.00               -0.000
fr2_hip_pitch                     250.0               5.00               +0.000
fr3_knee_pitch                    250.0               5.00               -0.000
fr4_foot                           20.0               0.10               +0.000
bl1_hip_roll                      250.0               5.00               +0.000
bl2_hip_pitch                     250.0               5.00               -0.000
bl3_knee_pitch                    250.0               5.00               +0.000
bl4_foot                           20.0               0.10               -0.000
br1_hip_roll                      250.0               5.00               +0.000
br2_hip_pitch                     250.0               5.00               +0.000
br3_knee_pitch                    250.0               5.00               -0.000
br4_foot                           20.0               0.10               +0.000

   ✅ 增益全程固定 → 沒有排程，單一 kp/kd 就能複製。
   ✅ **腿關節的前饋 effort 全程為 0 → 原廠是純 PD。**
      承重時追蹤誤差之所以小，是因為 kp 高，不是因為有前饋。

==============================================================================
② 力矩包絡（控制器座標系）—— **保護門檻要照這個訂，不是照靜態值**
==============================================================================
關節                   峰值|τ|      發生於      結束時τ      峰值/結束
fl1_hip_roll          1.16    1.26s     -1.02       1.1x
fl2_hip_pitch         1.51    9.64s     -1.38       1.1x
fl3_knee_pitch       10.17    0.47s    +10.07       1.0x
fr1_hip_roll          0.61    0.47s     +0.47       1.3x
fr2_hip_pitch         1.47    2.68s     -1.35       1.1x
fr3_knee_pitch        9.59    4.14s     +9.50       1.0x
bl1_hip_roll          0.81    8.16s     -0.73       1.1x
bl2_hip_pitch         0.89    7.22s     +0.72       1.3x
bl3_knee_pitch       10.54   10.36s    -10.40       1.0x
br1_hip_roll          0.20    2.95s     +0.05       4.1x
br2_hip_pitch         0.42    6.04s     +0.24       1.8x
br3_knee_pitch       10.30   11.30s    -10.17       1.0x

   全部腿關節的峰值 |τ| = **10.54 N·m**
   → 我們自己做同樣動作時，力矩保護至少要 16 N·m
   （目前 M5 的門檻是 ABAD 10 / HIP 8 / KNEE 7，是照**吊掛**訂的）

==============================================================================
③ 時間軸（每 0.5 秒一列）
==============================================================================
     t   機身pitch    最大|τ|              在哪顆    最大|v|     帶增益
  0.00     -1.73    10.37   bl3_knee_pitch     0.00     16
  0.50     -1.72    10.41   bl3_knee_pitch     0.00     16
  1.00     -1.72    10.43   bl3_knee_pitch     0.00     16
  1.50     -1.73    10.43   bl3_knee_pitch     0.00     16
  2.00     -1.73    10.42   bl3_knee_pitch     0.00     16
  2.50     -1.73    10.45   bl3_knee_pitch     0.00     16
  3.00     -1.73    10.45   bl3_knee_pitch     0.00     16
  3.50     -1.73    10.39   bl3_knee_pitch     0.00     16
  4.00     -1.73    10.44   bl3_knee_pitch     0.00     16
  4.50     -1.73    10.40   bl3_knee_pitch     0.00     16
  5.00     -1.73    10.42   bl3_knee_pitch     0.00     16
  5.50     -1.73    10.45   bl3_knee_pitch     0.00     16
  6.00     -1.73    10.40   bl3_knee_pitch     0.00     16
  6.50     -1.73    10.29   bl3_knee_pitch     0.00     16
  7.00     -1.73    10.46   bl3_knee_pitch     0.00     16
  7.50     -1.73    10.40   bl3_knee_pitch     0.00     16
  8.00     -1.73    10.44   bl3_knee_pitch     0.00     16
  8.50     -1.73    10.35   bl3_knee_pitch     0.00     16
  9.00     -1.73    10.34   bl3_knee_pitch     0.00     16
  9.50     -1.73    10.36   bl3_knee_pitch     0.00     16
 10.00     -1.73    10.40   bl3_knee_pitch     0.00     16
 10.50     -1.73    10.43   bl3_knee_pitch     0.00     16
 11.00     -1.73    10.41   bl3_knee_pitch     0.00     16
 11.50     -1.73    10.34   bl3_knee_pitch     0.00     16

📊 時間序列已存到 /home/robot/m_logs/M6_20260909_160456.json（1621 KB）
📄 完整輸出已存到 /home/robot/m_logs/M6_20260909_160456.log
