M6 —— 承重狀態唯讀擷取（不寫入、不凍結、不需 sudo）

標籤 ref_lat_to_fwd　全程錄製　15.0 秒 @ 500 Hz
● 錄製中 —— 最長 15 秒。**現在可以動遙控器了。**
  （Ctrl-C 可提前結束並保留資料）

    0.0s  最大|τ|  10.23  最大|v|  0.00  帶增益的關節 16/16
    1.0s  最大|τ|  10.21  最大|v|  0.00  帶增益的關節 16/16
    2.0s  最大|τ|  36.29  最大|v|  3.26  帶增益的關節 16/16
    3.0s  最大|τ|  52.91  最大|v|  8.68  帶增益的關節 16/16
    4.0s  最大|τ|  48.59  最大|v|  6.11  帶增益的關節 16/16
    5.0s  最大|τ|  19.19  最大|v|  1.84  帶增益的關節 16/16
    6.0s  最大|τ|  17.01  最大|v|  5.60  帶增益的關節 16/16
    7.0s  最大|τ|  16.51  最大|v|  8.07  帶增益的關節 16/16
    8.0s  最大|τ|  21.10  最大|v|  0.81  帶增益的關節 16/16
    9.0s  最大|τ|  34.37  最大|v|  8.97  帶增益的關節 16/16
   10.0s  最大|τ|  33.48  最大|v|  3.62  帶增益的關節 16/16
   11.0s  最大|τ|  39.44  最大|v|  2.69  帶增益的關節 16/16
   12.0s  最大|τ|  17.95  最大|v|  0.10  帶增益的關節 16/16
   13.0s  最大|τ|  15.29  最大|v|  0.08  帶增益的關節 16/16
   14.0s  最大|τ|  15.60  最大|v|  0.06  帶增益的關節 16/16

錄到 7500 筆 / 15.00 秒 @ 500 Hz　joint_state 心跳 1000/s

==============================================================================
① 原廠的增益：全程固定，還是有排程？
==============================================================================
關節                                   kp                 kd            前饋 effort
fl1_hip_roll            60.0 → 250.0 ★變     1.00 → 5.00 ★變               -0.000
fl2_hip_pitch          120.0 → 250.0 ★變     1.00 → 5.00 ★變               -0.000
fl3_knee_pitch         120.0 → 250.0 ★變     1.00 → 5.00 ★變               +0.000
fl4_foot                  0.0 → 20.0 ★變               0.10   -0.333 → +0.214 ★變
fr1_hip_roll            60.0 → 250.0 ★變     1.00 → 5.00 ★變               -0.000
fr2_hip_pitch          120.0 → 250.0 ★變     1.00 → 5.00 ★變               +0.000
fr3_knee_pitch         120.0 → 250.0 ★變     1.00 → 5.00 ★變               -0.000
fr4_foot                  0.0 → 20.0 ★變               0.10   -0.388 → +0.386 ★變
bl1_hip_roll            60.0 → 250.0 ★變     1.00 → 5.00 ★變               +0.000
bl2_hip_pitch          120.0 → 250.0 ★變     1.00 → 5.00 ★變               -0.000
bl3_knee_pitch         120.0 → 250.0 ★變     1.00 → 5.00 ★變               +0.000
bl4_foot                  0.0 → 20.0 ★變               0.10   -0.144 → +0.417 ★變
br1_hip_roll            60.0 → 250.0 ★變     1.00 → 5.00 ★變               +0.000
br2_hip_pitch          120.0 → 250.0 ★變     1.00 → 5.00 ★變               +0.000
br3_knee_pitch         120.0 → 250.0 ★變     1.00 → 5.00 ★變               -0.000
br4_foot                  0.0 → 20.0 ★變               0.10   -0.436 → +0.354 ★變

   ★ 16 個關節的增益在過程中**變過** → 原廠有增益排程，
     我們的單一 kp 複製不了它。要看時間序列才知道怎麼排。
   ✅ **腿關節的前饋 effort 全程為 0 → 原廠是純 PD。**
      承重時追蹤誤差之所以小，是因為 kp 高，不是因為有前饋。
   ℹ️ 輪子有前饋（4 顆），量級可對照實測輪摩擦 0.15~0.20 N·m

==============================================================================
② 力矩包絡（控制器座標系）—— **保護門檻要照這個訂，不是照靜態值**
==============================================================================
關節                   峰值|τ|      發生於      結束時τ      峰值/結束
fl1_hip_roll         57.32    3.47s    -10.99       5.2x
fl2_hip_pitch        19.28    5.16s    +13.85       1.4x
fl3_knee_pitch       26.65    1.40s    +14.59       1.8x
fr1_hip_roll         45.48    8.63s     +7.90       5.8x
fr2_hip_pitch        15.27    5.18s    +14.20       1.1x
fr3_knee_pitch       26.22    4.33s    +16.02       1.6x
bl1_hip_roll         54.15    4.67s     -9.11       5.9x
bl2_hip_pitch        23.74    7.29s    -11.29       2.1x
bl3_knee_pitch       31.86    3.70s    -15.84       2.0x
br1_hip_roll         44.55    9.36s     +4.87       9.1x
br2_hip_pitch        24.56    7.53s    -11.21       2.2x
br3_knee_pitch       28.57    3.51s    -16.23       1.8x

   全部腿關節的峰值 |τ| = **57.32 N·m**
   → 我們自己做同樣動作時，力矩保護至少要 86 N·m
   （目前 M5 的門檻是 ABAD 10 / HIP 8 / KNEE 7，是照**吊掛**訂的）

==============================================================================
③ 時間軸（每 0.5 秒一列）
==============================================================================
     t   機身pitch    最大|τ|              在哪顆    最大|v|     帶增益
  0.00     -2.05    10.23   bl3_knee_pitch     0.00     16
  0.50     -2.05    10.32   bl3_knee_pitch     0.00     16
  1.00     -2.05    10.21   bl3_knee_pitch     0.00     16
  1.50     -2.24    18.73   fr3_knee_pitch     2.12     16
  2.00     +1.17    35.56     fl1_hip_roll     3.14     16
  2.50     +0.29    47.92     fl1_hip_roll     7.21     16
  3.00     -0.16    54.01     fl1_hip_roll     8.71     16
  3.50     -0.53    52.62     fl1_hip_roll     6.87     16
  4.00     -1.03    48.24     fl1_hip_roll     6.24     16
  4.50     -1.79    44.48     fl1_hip_roll     4.20     16
  5.00     -1.41    19.06     fl1_hip_roll     1.81     16
  5.50     -2.79    16.70   br3_knee_pitch     4.25     16
  6.00     -2.83    17.04   bl3_knee_pitch     5.75     16
  6.50     -2.78    16.93   bl3_knee_pitch     7.18     16
  7.00     -2.59    16.43   fl3_knee_pitch     8.31     16
  7.50     -1.34    20.23    bl2_hip_pitch     4.06     16
  8.00     -0.64    21.06   bl3_knee_pitch     0.83     16
  8.50     +0.66    36.36     br1_hip_roll     7.75     16
  9.00     -0.48    36.66     br1_hip_roll     8.44     16
  9.50     +0.76    28.28     fr1_hip_roll     3.29     16
 10.00     -0.17    31.00     fr1_hip_roll     3.12     16
 10.50     -0.02    40.17     fr1_hip_roll     5.79     16
 11.00     -1.09    39.13     fr1_hip_roll     2.85     16
 11.50     -1.54    26.26     fr1_hip_roll     1.40     16
 12.00     -1.14    18.45   fr3_knee_pitch     0.11     16
 12.50     -1.36    15.24   fr3_knee_pitch     0.50     16
 13.00     -1.45    15.30   fr3_knee_pitch     0.07     16
 13.50     -1.53    15.24   br3_knee_pitch     0.13     16
 14.00     -1.54    15.60   fr3_knee_pitch     0.05     16
 14.50     -1.56    16.09   br3_knee_pitch     0.04     16

📊 時間序列已存到 /home/robot/m_logs/M6_20260909_161908.json（5479 KB）
📄 完整輸出已存到 /home/robot/m_logs/M6_20260909_161908.log
