M6 —— 承重狀態唯讀擷取（不寫入、不凍結、不需 sudo）

標籤 ref_fwd_fast　全程錄製　12.0 秒 @ 500 Hz
● 錄製中 —— 最長 12 秒。**現在可以動遙控器了。**
  （Ctrl-C 可提前結束並保留資料）

    0.0s  最大|τ|  10.21  最大|v|  0.00  帶增益的關節 16/16
    1.0s  最大|τ|  10.20  最大|v|  0.00  帶增益的關節 16/16
    2.0s  最大|τ|  10.23  最大|v|  0.00  帶增益的關節 16/16
    3.0s  最大|τ|  15.63  最大|v|  9.50  帶增益的關節 16/16
    4.0s  最大|τ|  17.42  最大|v| 11.27  帶增益的關節 16/16
    5.0s  最大|τ|  17.68  最大|v| 10.87  帶增益的關節 16/16
    6.0s  最大|τ|  20.32  最大|v|  9.00  帶增益的關節 16/16
    7.0s  最大|τ|  22.15  最大|v|  0.63  帶增益的關節 16/16
    8.0s  最大|τ|  19.60  最大|v|  0.16  帶增益的關節 16/16
    9.0s  最大|τ|  19.05  最大|v|  0.27  帶增益的關節 16/16
   10.0s  最大|τ|  10.27  最大|v|  0.04  帶增益的關節 16/16
   11.0s  最大|τ|  10.24  最大|v|  0.00  帶增益的關節 16/16

錄到 6000 筆 / 12.00 秒 @ 500 Hz　joint_state 心跳 1000/s

==============================================================================
① 原廠的增益：全程固定，還是有排程？
==============================================================================
關節                                   kp                 kd            前饋 effort
fl1_hip_roll            60.0 → 250.0 ★變     1.00 → 5.00 ★變               -0.000
fl2_hip_pitch          120.0 → 250.0 ★變     1.00 → 5.00 ★變               -0.000
fl3_knee_pitch         120.0 → 250.0 ★變     1.00 → 5.00 ★變               +0.000
fl4_foot                  0.0 → 20.0 ★變               0.10   -0.370 → +0.139 ★變
fr1_hip_roll            60.0 → 250.0 ★變     1.00 → 5.00 ★變               -0.000
fr2_hip_pitch          120.0 → 250.0 ★變     1.00 → 5.00 ★變               +0.000
fr3_knee_pitch         120.0 → 250.0 ★變     1.00 → 5.00 ★變               -0.000
fr4_foot                  0.0 → 20.0 ★變               0.10   -0.115 → +0.372 ★變
bl1_hip_roll            60.0 → 250.0 ★變     1.00 → 5.00 ★變               +0.000
bl2_hip_pitch          120.0 → 250.0 ★變     1.00 → 5.00 ★變               -0.000
bl3_knee_pitch         120.0 → 250.0 ★變     1.00 → 5.00 ★變               +0.000
bl4_foot                  0.0 → 20.0 ★變               0.10   -0.129 → +0.363 ★變
br1_hip_roll            60.0 → 250.0 ★變     1.00 → 5.00 ★變               +0.000
br2_hip_pitch          120.0 → 250.0 ★變     1.00 → 5.00 ★變               +0.000
br3_knee_pitch         120.0 → 250.0 ★變     1.00 → 5.00 ★變               -0.000
br4_foot                  0.0 → 20.0 ★變               0.10   -0.431 → +0.152 ★變

   ★ 16 個關節的增益在過程中**變過** → 原廠有增益排程，
     我們的單一 kp 複製不了它。要看時間序列才知道怎麼排。
   ✅ **腿關節的前饋 effort 全程為 0 → 原廠是純 PD。**
      承重時追蹤誤差之所以小，是因為 kp 高，不是因為有前饋。
   ℹ️ 輪子有前饋（4 顆），量級可對照實測輪摩擦 0.15~0.20 N·m

==============================================================================
② 力矩包絡（控制器座標系）—— **保護門檻要照這個訂，不是照靜態值**
==============================================================================
關節                   峰值|τ|      發生於      結束時τ      峰值/結束
fl1_hip_roll         13.72    2.07s     -0.40      34.0x
fl2_hip_pitch        17.54    6.63s     -0.28      63.3x
fl3_knee_pitch       28.40    2.07s    +10.06       2.8x
fr1_hip_roll         13.93    2.53s     +0.42      33.1x
fr2_hip_pitch        16.20    6.59s     -0.37      44.1x
fr3_knee_pitch       21.01    2.07s     +8.63       2.4x
bl1_hip_roll         14.15    4.50s     -1.00      14.2x
bl2_hip_pitch        23.16    6.11s     +1.25      18.5x
bl3_knee_pitch       26.25    2.07s    -10.22       2.6x
br1_hip_roll         11.46    3.32s     +0.49      23.4x
br2_hip_pitch        23.14    6.11s     +0.32      72.1x
br3_knee_pitch       19.77    9.30s     -9.04       2.2x

   全部腿關節的峰值 |τ| = **28.40 N·m**
   → 我們自己做同樣動作時，力矩保護至少要 43 N·m
   （目前 M5 的門檻是 ABAD 10 / HIP 8 / KNEE 7，是照**吊掛**訂的）

==============================================================================
③ 時間軸（每 0.5 秒一列）
==============================================================================
     t   機身pitch    最大|τ|              在哪顆    最大|v|     帶增益
  0.00     -1.57    10.21   fl3_knee_pitch     0.00     16
  0.50     -1.57    10.21   fl3_knee_pitch     0.00     16
  1.00     -1.57    10.20   fl3_knee_pitch     0.00     16
  1.50     -1.57    10.31   fl3_knee_pitch     0.00     16
  2.00     -1.57    10.23   fl3_knee_pitch     0.00     16
  2.50     -2.82    16.72   fr3_knee_pitch     6.06     16
  3.00     -3.47    15.63   fl3_knee_pitch     9.50     16
  3.50     -3.55    15.94   br3_knee_pitch    10.63     16
  4.00     -3.18    17.65   bl3_knee_pitch    11.11     16
  4.50     -2.88    19.13   bl3_knee_pitch    10.44     16
  5.00     -2.78    17.51   bl3_knee_pitch    10.55     16
  5.50     -2.57    17.68   fr3_knee_pitch    10.30     16
  6.00     -1.76    20.76    bl2_hip_pitch     8.84     16
  6.50     +0.31    18.25   fl3_knee_pitch     2.27     16
  7.00     -0.32    22.10   bl3_knee_pitch     0.64     16
  7.50     -0.71    21.41   bl3_knee_pitch     0.08     16
  8.00     -1.01    19.64   bl3_knee_pitch     0.17     16
  8.50     -1.20    18.56   fr3_knee_pitch     0.08     16
  9.00     -1.38    19.16   fr3_knee_pitch     0.27     16
  9.50     -1.52    10.27   bl3_knee_pitch     0.04     16
 10.00     -1.61    10.26   bl3_knee_pitch     0.02     16
 10.50     -1.69    10.18   bl3_knee_pitch     0.03     16
 11.00     -1.74    10.23   bl3_knee_pitch     0.04     16
 11.50     -1.79    10.23   bl3_knee_pitch     0.00     16

📊 時間序列已存到 /home/robot/m_logs/M6_20260909_160911.json（4408 KB）
📄 完整輸出已存到 /home/robot/m_logs/M6_20260909_160911.log
