M6 —— 承重狀態唯讀擷取（不寫入、不凍結、不需 sudo）

標籤 ref_turn_to_fwd　全程錄製　15.0 秒 @ 500 Hz
● 錄製中 —— 最長 15 秒。**現在可以動遙控器了。**
  （Ctrl-C 可提前結束並保留資料）

    0.0s  最大|τ|   9.85  最大|v|  0.00  帶增益的關節 16/16
    1.0s  最大|τ|   9.85  最大|v|  0.00  帶增益的關節 16/16
    2.0s  最大|τ|  33.62  最大|v|  6.70  帶增益的關節 16/16
    3.0s  最大|τ|  18.63  最大|v|  6.25  帶增益的關節 16/16
    4.0s  最大|τ|  44.81  最大|v|  6.04  帶增益的關節 16/16
    5.0s  最大|τ|  33.64  最大|v|  3.31  帶增益的關節 16/16
    6.0s  最大|τ|  45.44  最大|v|  8.97  帶增益的關節 16/16
    7.0s  最大|τ|  23.23  最大|v|  4.24  帶增益的關節 16/16
    8.0s  最大|τ|  16.30  最大|v|  8.37  帶增益的關節 16/16
    9.0s  最大|τ|  16.75  最大|v|  8.63  帶增益的關節 16/16
   10.0s  最大|τ|  16.95  最大|v|  7.31  帶增益的關節 16/16
   11.0s  最大|τ|  20.41  最大|v|  0.03  帶增益的關節 16/16
   12.0s  最大|τ|  19.96  最大|v|  0.06  帶增益的關節 16/16
   13.0s  最大|τ|  19.53  最大|v|  0.06  帶增益的關節 16/16
   14.0s  最大|τ|  10.02  最大|v|  0.05  帶增益的關節 16/16

錄到 7500 筆 / 15.00 秒 @ 500 Hz　joint_state 心跳 1000/s

==============================================================================
① 原廠的增益：全程固定，還是有排程？
==============================================================================
關節                                   kp                 kd            前饋 effort
fl1_hip_roll            60.0 → 250.0 ★變     1.00 → 5.00 ★變               -0.000
fl2_hip_pitch          120.0 → 250.0 ★變     1.00 → 5.00 ★變               -0.000
fl3_knee_pitch         120.0 → 250.0 ★變     1.00 → 5.00 ★變               +0.000
fl4_foot                  0.0 → 20.0 ★變               0.10   -0.401 → +0.297 ★變
fr1_hip_roll            60.0 → 250.0 ★變     1.00 → 5.00 ★變               -0.000
fr2_hip_pitch          120.0 → 250.0 ★變     1.00 → 5.00 ★變               +0.000
fr3_knee_pitch         120.0 → 250.0 ★變     1.00 → 5.00 ★變               -0.000
fr4_foot                  0.0 → 20.0 ★變               0.10   -0.172 → +0.373 ★變
bl1_hip_roll            60.0 → 250.0 ★變     1.00 → 5.00 ★變               +0.000
bl2_hip_pitch          120.0 → 250.0 ★變     1.00 → 5.00 ★變               -0.000
bl3_knee_pitch         120.0 → 250.0 ★變     1.00 → 5.00 ★變               +0.000
bl4_foot                  0.0 → 20.0 ★變               0.10   -0.142 → +0.344 ★變
br1_hip_roll            60.0 → 250.0 ★變     1.00 → 5.00 ★變               +0.000
br2_hip_pitch          120.0 → 250.0 ★變     1.00 → 5.00 ★變               +0.000
br3_knee_pitch         120.0 → 250.0 ★變     1.00 → 5.00 ★變               -0.000
br4_foot                  0.0 → 20.0 ★變               0.10   -0.372 → +0.248 ★變

   ★ 16 個關節的增益在過程中**變過** → 原廠有增益排程，
     我們的單一 kp 複製不了它。要看時間序列才知道怎麼排。
   ✅ **腿關節的前饋 effort 全程為 0 → 原廠是純 PD。**
      承重時追蹤誤差之所以小，是因為 kp 高，不是因為有前饋。
   ℹ️ 輪子有前饋（4 顆），量級可對照實測輪摩擦 0.15~0.20 N·m

==============================================================================
② 力矩包絡（控制器座標系）—— **保護門檻要照這個訂，不是照靜態值**
==============================================================================
關節                   峰值|τ|      發生於      結束時τ      峰值/結束
fl1_hip_roll         54.80    5.20s     -0.96      57.0x
fl2_hip_pitch        19.28    7.38s     -0.57      34.0x
fl3_knee_pitch       23.34    7.08s     +9.77       2.4x
fr1_hip_roll         38.21    1.98s     +0.16     243.2x
fr2_hip_pitch        20.04    1.35s     -0.21      93.4x
fr3_knee_pitch       28.78    4.98s     +9.00       3.2x
bl1_hip_roll         28.34    2.01s     -1.24      22.8x
bl2_hip_pitch        23.48   10.29s     +1.08      21.7x
bl3_knee_pitch       36.05    4.58s     -9.89       3.6x
br1_hip_roll         53.13    5.18s     +0.06     833.9x
br2_hip_pitch        25.08   10.29s     +2.19      11.4x
br3_knee_pitch       26.25    1.35s    -10.04       2.6x

   全部腿關節的峰值 |τ| = **54.80 N·m**
   → 我們自己做同樣動作時，力矩保護至少要 82 N·m
   （目前 M5 的門檻是 ABAD 10 / HIP 8 / KNEE 7，是照**吊掛**訂的）

==============================================================================
③ 時間軸（每 0.5 秒一列）
==============================================================================
     t   機身pitch    最大|τ|              在哪顆    最大|v|     帶增益
  0.00     -2.44     9.85   fr3_knee_pitch     0.00     16
  0.50     -2.44     9.93   fr3_knee_pitch     0.00     16
  1.00     -2.44     9.85   fr3_knee_pitch     0.00     16
  1.50     -2.37    25.18     br1_hip_roll     1.94     16
  2.00     -1.88    33.62     fr1_hip_roll     6.70     16
  2.50     -1.55    44.46     fl1_hip_roll     6.80     16
  3.00     -1.85    18.63   bl3_knee_pitch     6.25     16
  3.50     -0.71    26.20   bl3_knee_pitch     3.93     16
  4.00     -0.89    44.17     fl1_hip_roll     5.98     16
  4.50     -1.36    19.21   fl3_knee_pitch     6.98     16
  5.00     -1.48    34.18   bl3_knee_pitch     3.41     16
  5.50     -0.80    22.93   bl3_knee_pitch     3.65     16
  6.00     -1.49    48.11     fl1_hip_roll     8.60     16
  6.50     -2.01    28.64   bl3_knee_pitch     5.31     16
  7.00     -1.18    23.73   bl3_knee_pitch     4.71     16
  7.50     -2.40    19.33   bl3_knee_pitch     6.80     16
  8.00     -3.36    16.81   bl3_knee_pitch     8.32     16
  8.50     -3.02    14.71   fl3_knee_pitch     8.78     16
  9.00     -2.67    16.33   fl3_knee_pitch     8.46     16
  9.50     -2.42    17.35   br3_knee_pitch     8.33     16
 10.00     -2.03    17.10   fr3_knee_pitch     7.51     16
 10.50     -0.46    17.06   bl3_knee_pitch     0.28     16
 11.00     -0.84    20.44   bl3_knee_pitch     0.03     16
 11.50     -1.23    21.77   bl3_knee_pitch     0.32     16
 12.00     -1.41    19.94   bl3_knee_pitch     0.06     16
 12.50     -1.63    19.74   bl3_knee_pitch     0.18     16
 13.00     -1.72    19.52   fl3_knee_pitch     0.06     16
 13.50     -1.81    11.20   fr3_knee_pitch     1.21     16
 14.00     -1.90    10.06   br3_knee_pitch     0.05     16
 14.50     -1.95    10.10   br3_knee_pitch     0.03     16

📊 時間序列已存到 /home/robot/m_logs/M6_20260909_162019.json（5465 KB）
📄 完整輸出已存到 /home/robot/m_logs/M6_20260909_162019.log
