M6 —— 承重狀態唯讀擷取（不寫入、不凍結、不需 sudo）

標籤 ref_turn_to_fwd　全程錄製　15.0 秒 @ 500 Hz
● 錄製中 —— 最長 15 秒。**現在可以動遙控器了。**
  （Ctrl-C 可提前結束並保留資料）

    0.0s  最大|τ|   9.58  最大|v|  0.00  帶增益的關節 16/16
    1.0s  最大|τ|   9.60  最大|v|  0.00  帶增益的關節 16/16
    2.0s  最大|τ|  49.31  最大|v|  8.37  帶增益的關節 16/16
    3.0s  最大|τ|  27.63  最大|v|  1.74  帶增益的關節 16/16
    4.0s  最大|τ|  18.57  最大|v|  1.12  帶增益的關節 16/16
    5.0s  最大|τ|  15.77  最大|v|  0.31  帶增益的關節 16/16

  （Ctrl-C：提前結束，保留已錄到的資料）

錄到 2599 筆 / 5.20 秒 @ 500 Hz　joint_state 心跳 1000/s　（提前結束）

==============================================================================
① 原廠的增益：全程固定，還是有排程？
==============================================================================
關節                                   kp                 kd            前饋 effort
fl1_hip_roll            60.0 → 250.0 ★變     1.00 → 5.00 ★變               -0.000
fl2_hip_pitch          120.0 → 250.0 ★變     1.00 → 5.00 ★變               -0.000
fl3_knee_pitch         120.0 → 250.0 ★變     1.00 → 5.00 ★變               +0.000
fl4_foot                  0.0 → 20.0 ★變               0.10   -0.220 → +0.128 ★變
fr1_hip_roll            60.0 → 250.0 ★變     1.00 → 5.00 ★變               -0.000
fr2_hip_pitch          120.0 → 250.0 ★變     1.00 → 5.00 ★變               +0.000
fr3_knee_pitch         120.0 → 250.0 ★變     1.00 → 5.00 ★變               -0.000
fr4_foot                  0.0 → 20.0 ★變               0.10   -0.270 → +0.288 ★變
bl1_hip_roll            60.0 → 250.0 ★變     1.00 → 5.00 ★變               +0.000
bl2_hip_pitch          120.0 → 250.0 ★變     1.00 → 5.00 ★變               -0.000
bl3_knee_pitch         120.0 → 250.0 ★變     1.00 → 5.00 ★變               +0.000
bl4_foot                  0.0 → 20.0 ★變               0.10   -0.172 → +0.190 ★變
br1_hip_roll            60.0 → 250.0 ★變     1.00 → 5.00 ★變               +0.000
br2_hip_pitch          120.0 → 250.0 ★變     1.00 → 5.00 ★變               +0.000
br3_knee_pitch         120.0 → 250.0 ★變     1.00 → 5.00 ★變               -0.000
br4_foot                  0.0 → 20.0 ★變               0.10   -0.187 → +0.439 ★變

   ★ 16 個關節的增益在過程中**變過** → 原廠有增益排程，
     我們的單一 kp 複製不了它。要看時間序列才知道怎麼排。
   ✅ **腿關節的前饋 effort 全程為 0 → 原廠是純 PD。**
      承重時追蹤誤差之所以小，是因為 kp 高，不是因為有前饋。
   ℹ️ 輪子有前饋（4 顆），量級可對照實測輪摩擦 0.15~0.20 N·m

==============================================================================
② 力矩包絡（控制器座標系）—— **保護門檻要照這個訂，不是照靜態值**
==============================================================================
關節                   峰值|τ|      發生於      結束時τ      峰值/結束
fl1_hip_roll         51.55    1.99s     -6.97       7.4x
fl2_hip_pitch        12.72    1.33s    +12.08       1.1x
fl3_knee_pitch       28.13    1.96s    +13.99       2.0x
fr1_hip_roll         41.95    3.30s     +3.81      11.0x
fr2_hip_pitch        15.84    1.83s    +13.42       1.2x
fr3_knee_pitch       24.75    1.33s    +14.84       1.7x
bl1_hip_roll         47.73    1.81s    -10.79       4.4x
bl2_hip_pitch        14.89    2.54s    -11.29       1.3x
bl3_knee_pitch       27.38    3.32s    -15.82       1.7x
br1_hip_roll         41.79    3.13s     +5.87       7.1x
br2_hip_pitch        14.24    2.48s    -10.72       1.3x
br3_knee_pitch       30.35    3.12s    -13.84       2.2x

   全部腿關節的峰值 |τ| = **51.55 N·m**
   → 我們自己做同樣動作時，力矩保護至少要 77 N·m
   （目前 M5 的門檻是 ABAD 10 / HIP 8 / KNEE 7，是照**吊掛**訂的）

==============================================================================
③ 時間軸（每 0.5 秒一列）
==============================================================================
     t   機身pitch    最大|τ|              在哪顆    最大|v|     帶增益
  0.00     -1.09     9.58   fl3_knee_pitch     0.00     16
  0.50     -1.09     9.56   fl3_knee_pitch     0.00     16
  1.00     -1.09     9.60   fl3_knee_pitch     0.00     16
  1.50     -1.03    27.99     fl1_hip_roll     1.92     16
  2.00     +1.13    49.31     fl1_hip_roll     8.37     16
  2.50     -1.12    17.56   fl3_knee_pitch     2.17     16
  3.00     -2.60    27.95     fr1_hip_roll     1.60     16
  3.50     -1.72    18.61   fr3_knee_pitch     1.48     16
  4.00     -2.37    18.49   fr3_knee_pitch     1.10     16
  4.50     -2.39    16.33   fr3_knee_pitch     0.29     16
  5.00     -2.51    15.77   bl3_knee_pitch     0.30     16

📊 時間序列已存到 /home/robot/m_logs/M6_20260909_162009.json（1901 KB）
📄 完整輸出已存到 /home/robot/m_logs/M6_20260909_162009.log
