M6 —— 承重狀態唯讀擷取（不寫入、不凍結、不需 sudo）

標籤 ref_fwd_mid　全程錄製　12.0 秒 @ 500 Hz
● 錄製中 —— 最長 12 秒。**現在可以動遙控器了。**
  （Ctrl-C 可提前結束並保留資料）

    0.0s  最大|τ|  19.53  最大|v|  0.50  帶增益的關節 16/16
    1.0s  最大|τ|  10.07  最大|v|  0.08  帶增益的關節 16/16
    2.0s  最大|τ|  10.09  最大|v|  0.01  帶增益的關節 16/16
    3.0s  最大|τ|  10.07  最大|v|  0.00  帶增益的關節 16/16
    4.0s  最大|τ|  17.15  最大|v|  3.26  帶增益的關節 16/16
    5.0s  最大|τ|  16.21  最大|v|  4.86  帶增益的關節 16/16
    6.0s  最大|τ|  18.83  最大|v|  5.46  帶增益的關節 16/16
    7.0s  最大|τ|  19.21  最大|v|  5.67  帶增益的關節 16/16
    8.0s  最大|τ|  17.43  最大|v|  6.49  帶增益的關節 16/16
    9.0s  最大|τ|  17.86  最大|v|  6.06  帶增益的關節 16/16
   10.0s  最大|τ|  18.89  最大|v|  6.22  帶增益的關節 16/16
   11.0s  最大|τ|  16.93  最大|v|  0.30  帶增益的關節 16/16

錄到 6000 筆 / 12.00 秒 @ 500 Hz　joint_state 心跳 1000/s

==============================================================================
① 原廠的增益：全程固定，還是有排程？
==============================================================================
關節                                   kp                 kd            前饋 effort
fl1_hip_roll            60.0 → 250.0 ★變     1.00 → 5.00 ★變               -0.000
fl2_hip_pitch          120.0 → 250.0 ★變     1.00 → 5.00 ★變               -0.000
fl3_knee_pitch         120.0 → 250.0 ★變     1.00 → 5.00 ★變               +0.000
fl4_foot                  0.0 → 20.0 ★變               0.10   -0.286 → +0.108 ★變
fr1_hip_roll            60.0 → 250.0 ★變     1.00 → 5.00 ★變               -0.000
fr2_hip_pitch          120.0 → 250.0 ★變     1.00 → 5.00 ★變               +0.000
fr3_knee_pitch         120.0 → 250.0 ★變     1.00 → 5.00 ★變               -0.000
fr4_foot                  0.0 → 20.0 ★變               0.10   -0.099 → +0.280 ★變
bl1_hip_roll            60.0 → 250.0 ★變     1.00 → 5.00 ★變               +0.000
bl2_hip_pitch          120.0 → 250.0 ★變     1.00 → 5.00 ★變               -0.000
bl3_knee_pitch         120.0 → 250.0 ★變     1.00 → 5.00 ★變               +0.000
bl4_foot                  0.0 → 20.0 ★變               0.10   -0.118 → +0.328 ★變
br1_hip_roll            60.0 → 250.0 ★變     1.00 → 5.00 ★變               +0.000
br2_hip_pitch          120.0 → 250.0 ★變     1.00 → 5.00 ★變               +0.000
br3_knee_pitch         120.0 → 250.0 ★變     1.00 → 5.00 ★變               -0.000
br4_foot                  0.0 → 20.0 ★變               0.10   -0.296 → +0.079 ★變

   ★ 16 個關節的增益在過程中**變過** → 原廠有增益排程，
     我們的單一 kp 複製不了它。要看時間序列才知道怎麼排。
   ✅ **腿關節的前饋 effort 全程為 0 → 原廠是純 PD。**
      承重時追蹤誤差之所以小，是因為 kp 高，不是因為有前饋。
   ℹ️ 輪子有前饋（4 顆），量級可對照實測輪摩擦 0.15~0.20 N·m

==============================================================================
② 力矩包絡（控制器座標系）—— **保護門檻要照這個訂，不是照靜態值**
==============================================================================
關節                   峰值|τ|      發生於      結束時τ      峰值/結束
fl1_hip_roll         15.16    3.41s     -1.53       9.9x
fl2_hip_pitch        16.99    3.41s    +14.67       1.2x
fl3_knee_pitch       28.27    3.42s    +15.93       1.8x
fr1_hip_roll         14.21    3.42s     +2.64       5.4x
fr2_hip_pitch        16.60   11.73s    +15.98       1.0x
fr3_knee_pitch       21.14    3.41s    +17.35       1.2x
bl1_hip_roll         13.53   10.29s     -3.69       3.7x
bl2_hip_pitch        20.40   10.64s     -9.84       2.1x
bl3_knee_pitch       26.24    3.42s    -17.08       1.5x
br1_hip_roll         11.86    8.22s     +4.74       2.5x
br2_hip_pitch        19.46   10.70s    -10.95       1.8x
br3_knee_pitch       21.24   12.00s    -19.37       1.1x

   全部腿關節的峰值 |τ| = **28.27 N·m**
   → 我們自己做同樣動作時，力矩保護至少要 42 N·m
   （目前 M5 的門檻是 ABAD 10 / HIP 8 / KNEE 7，是照**吊掛**訂的）

==============================================================================
③ 時間軸（每 0.5 秒一列）
==============================================================================
     t   機身pitch    最大|τ|              在哪顆    最大|v|     帶增益
  0.00     -1.73    19.53   br3_knee_pitch     0.50     16
  0.50     -1.71    10.15   bl3_knee_pitch     0.06     16
  1.00     -1.69    10.07   bl3_knee_pitch     0.08     16
  1.50     -1.66    10.09   bl3_knee_pitch     0.00     16
  2.00     -1.64    10.09   bl3_knee_pitch     0.01     16
  2.50     -1.63    10.17   bl3_knee_pitch     0.00     16
  3.00     -1.62    10.07   bl3_knee_pitch     0.00     16
  3.50     -1.91    18.79   fl3_knee_pitch     3.50     16
  4.00     -2.22    17.34   fr3_knee_pitch     3.20     16
  4.50     -2.39    15.98   br3_knee_pitch     5.25     16
  5.00     -2.17    16.19   fl3_knee_pitch     4.85     16
  5.50     -1.89    18.27   fl3_knee_pitch     5.29     16
  6.00     -2.20    18.80   fl3_knee_pitch     5.41     16
  6.50     -2.33    18.66   bl3_knee_pitch     5.61     16
  7.00     -2.40    19.23   bl3_knee_pitch     5.62     16
  7.50     -2.24    17.89   br3_knee_pitch     5.94     16
  8.00     -2.07    17.33   br3_knee_pitch     6.26     16
  8.50     -2.14    17.86   br3_knee_pitch     5.87     16
  9.00     -2.31    17.75   fl3_knee_pitch     6.46     16
  9.50     -1.99    18.52   fl3_knee_pitch     6.38     16
 10.00     -1.84    18.65   fl3_knee_pitch     6.00     16
 10.50     -2.08    19.74   bl3_knee_pitch     5.63     16
 11.00     -0.82    17.03   bl3_knee_pitch     0.31     16
 11.50     -1.22    18.29   br3_knee_pitch     0.04     16

📊 時間序列已存到 /home/robot/m_logs/M6_20260909_160825.json（4398 KB）
📄 完整輸出已存到 /home/robot/m_logs/M6_20260909_160825.log
