M6 —— 承重狀態唯讀擷取（不寫入、不凍結、不需 sudo）

標籤 ref_fwd_slow　全程錄製　12.0 秒 @ 500 Hz
● 錄製中 —— 最長 12 秒。**現在可以動遙控器了。**
  （Ctrl-C 可提前結束並保留資料）

    0.0s  最大|τ|   9.86  最大|v|  0.04  帶增益的關節 16/16
    1.0s  最大|τ|   9.83  最大|v|  0.00  帶增益的關節 16/16
    2.0s  最大|τ|   9.76  最大|v|  0.00  帶增益的關節 16/16
    3.0s  最大|τ|   9.86  最大|v|  0.00  帶增益的關節 16/16
    4.0s  最大|τ|  18.90  最大|v|  1.74  帶增益的關節 16/16
    5.0s  最大|τ|  16.75  最大|v|  2.20  帶增益的關節 16/16
    6.0s  最大|τ|  17.20  最大|v|  2.16  帶增益的關節 16/16
    7.0s  最大|τ|  18.16  最大|v|  2.04  帶增益的關節 16/16
    8.0s  最大|τ|  18.06  最大|v|  1.99  帶增益的關節 16/16
    9.0s  最大|τ|  17.50  最大|v|  2.09  帶增益的關節 16/16
   10.0s  最大|τ|  18.45  最大|v|  2.10  帶增益的關節 16/16
   11.0s  最大|τ|  15.76  最大|v|  2.14  帶增益的關節 16/16

錄到 6000 筆 / 12.00 秒 @ 500 Hz　joint_state 心跳 1000/s

==============================================================================
① 原廠的增益：全程固定，還是有排程？
==============================================================================
關節                                   kp                 kd            前饋 effort
fl1_hip_roll            60.0 → 250.0 ★變     1.00 → 5.00 ★變               -0.000
fl2_hip_pitch          120.0 → 250.0 ★變     1.00 → 5.00 ★變               -0.000
fl3_knee_pitch         120.0 → 250.0 ★變     1.00 → 5.00 ★變               +0.000
fl4_foot                  0.0 → 20.0 ★變               0.10   -0.238 → -0.000 ★變
fr1_hip_roll            60.0 → 250.0 ★變     1.00 → 5.00 ★變               -0.000
fr2_hip_pitch          120.0 → 250.0 ★變     1.00 → 5.00 ★變               +0.000
fr3_knee_pitch         120.0 → 250.0 ★變     1.00 → 5.00 ★變               -0.000
fr4_foot                  0.0 → 20.0 ★變               0.10   +0.000 → +0.254 ★變
bl1_hip_roll            60.0 → 250.0 ★變     1.00 → 5.00 ★變               +0.000
bl2_hip_pitch          120.0 → 250.0 ★變     1.00 → 5.00 ★變               -0.000
bl3_knee_pitch         120.0 → 250.0 ★變     1.00 → 5.00 ★變               +0.000
bl4_foot                  0.0 → 20.0 ★變               0.10   -0.022 → +0.125 ★變
br1_hip_roll            60.0 → 250.0 ★變     1.00 → 5.00 ★變               +0.000
br2_hip_pitch          120.0 → 250.0 ★變     1.00 → 5.00 ★變               +0.000
br3_knee_pitch         120.0 → 250.0 ★變     1.00 → 5.00 ★變               -0.000
br4_foot                  0.0 → 20.0 ★變               0.10   -0.115 → +0.055 ★變

   ★ 16 個關節的增益在過程中**變過** → 原廠有增益排程，
     我們的單一 kp 複製不了它。要看時間序列才知道怎麼排。
   ✅ **腿關節的前饋 effort 全程為 0 → 原廠是純 PD。**
      承重時追蹤誤差之所以小，是因為 kp 高，不是因為有前饋。
   ℹ️ 輪子有前饋（4 顆），量級可對照實測輪摩擦 0.15~0.20 N·m

==============================================================================
② 力矩包絡（控制器座標系）—— **保護門檻要照這個訂，不是照靜態值**
==============================================================================
關節                   峰值|τ|      發生於      結束時τ      峰值/結束
fl1_hip_roll          8.52    4.01s     -1.42       6.0x
fl2_hip_pitch        13.52    6.49s    +12.45       1.1x
fl3_knee_pitch       19.88    3.92s    +15.43       1.3x
fr1_hip_roll         11.14    3.39s     +4.74       2.3x
fr2_hip_pitch        17.30    3.19s    +13.91       1.2x
fr3_knee_pitch       26.29    3.19s    +15.31       1.7x
bl1_hip_roll         12.66    9.74s     -7.03       1.8x
bl2_hip_pitch        13.69    5.39s    -11.46       1.2x
bl3_knee_pitch       19.20    4.41s    -14.77       1.3x
br1_hip_roll         16.20    3.19s     +8.78       1.8x
br2_hip_pitch        13.64    5.32s    -11.48       1.2x
br3_knee_pitch       27.84    3.19s    -16.35       1.7x

   全部腿關節的峰值 |τ| = **27.84 N·m**
   → 我們自己做同樣動作時，力矩保護至少要 42 N·m
   （目前 M5 的門檻是 ABAD 10 / HIP 8 / KNEE 7，是照**吊掛**訂的）

==============================================================================
③ 時間軸（每 0.5 秒一列）
==============================================================================
     t   機身pitch    最大|τ|              在哪顆    最大|v|     帶增益
  0.00     -2.02     9.86   fl3_knee_pitch     0.04     16
  0.50     -2.03     9.87   fl3_knee_pitch     0.01     16
  1.00     -2.02     9.83   fl3_knee_pitch     0.00     16
  1.50     -2.02     9.84   fl3_knee_pitch     0.01     16
  2.00     -2.03     9.76   fl3_knee_pitch     0.00     16
  2.50     -2.03     9.90   fl3_knee_pitch     0.00     16
  3.00     -2.03     9.86   fl3_knee_pitch     0.00     16
  3.50     -2.18    18.59   fl3_knee_pitch     1.61     16
  4.00     -2.18    18.81   bl3_knee_pitch     1.82     16
  4.50     -2.38    18.65   bl3_knee_pitch     1.76     16
  5.00     -2.30    16.90   bl3_knee_pitch     2.22     16
  5.50     -2.18    16.07   fl3_knee_pitch     2.09     16
  6.00     -2.39    17.35   br3_knee_pitch     2.06     16
  6.50     -2.24    18.84   br3_knee_pitch     1.92     16
  7.00     -2.25    18.31   br3_knee_pitch     2.20     16
  7.50     -2.28    18.30   br3_knee_pitch     2.19     16
  8.00     -2.29    18.12   fl3_knee_pitch     1.94     16
  8.50     -2.39    18.22   fl3_knee_pitch     2.00     16
  9.00     -2.53    17.46   fl3_knee_pitch     2.06     16
  9.50     -2.54    18.15   bl3_knee_pitch     1.98     16
 10.00     -2.47    18.55   bl3_knee_pitch     2.11     16
 10.50     -2.52    17.31   bl3_knee_pitch     2.10     16
 11.00     -2.42    15.95   bl3_knee_pitch     2.09     16
 11.50     -2.39    15.60   br3_knee_pitch     1.94     16

📊 時間序列已存到 /home/robot/m_logs/M6_20260909_160740.json（4395 KB）
📄 完整輸出已存到 /home/robot/m_logs/M6_20260909_160740.log
