M6 —— 承重狀態唯讀擷取（不寫入、不凍結、不需 sudo）

標籤 ref_arc_left　全程錄製　12.0 秒 @ 500 Hz
● 錄製中 —— 最長 12 秒。**現在可以動遙控器了。**
  （Ctrl-C 可提前結束並保留資料）

    0.0s  最大|τ|  10.29  最大|v|  0.09  帶增益的關節 16/16
    1.0s  最大|τ|  10.28  最大|v|  0.00  帶增益的關節 16/16
    2.0s  最大|τ|  10.28  最大|v|  0.00  帶增益的關節 16/16
    3.0s  最大|τ|  14.91  最大|v|  9.91  帶增益的關節 16/16
    4.0s  最大|τ|  21.07  最大|v| 16.00  帶增益的關節 16/16
    5.0s  最大|τ|  32.74  最大|v| 11.66  帶增益的關節 16/16
    6.0s  最大|τ|  16.73  最大|v|  6.95  帶增益的關節 16/16
    7.0s  最大|τ|  20.73  最大|v|  0.23  帶增益的關節 16/16
    8.0s  最大|τ|  19.85  最大|v|  0.55  帶增益的關節 16/16
    9.0s  最大|τ|   4.10  最大|v|  0.72  帶增益的關節 16/16
   10.0s  最大|τ|  10.48  最大|v|  0.03  帶增益的關節 16/16
   11.0s  最大|τ|  10.50  最大|v|  0.00  帶增益的關節 16/16

錄到 6000 筆 / 12.00 秒 @ 500 Hz　joint_state 心跳 1000/s

==============================================================================
① 原廠的增益：全程固定，還是有排程？
==============================================================================
關節                                   kp                 kd            前饋 effort
fl1_hip_roll            60.0 → 250.0 ★變     1.00 → 5.00 ★變               -0.000
fl2_hip_pitch          120.0 → 250.0 ★變     1.00 → 5.00 ★變               -0.000
fl3_knee_pitch         120.0 → 250.0 ★變     1.00 → 5.00 ★變               +0.000
fl4_foot                  0.0 → 20.0 ★變               0.10   -0.365 → +0.211 ★變
fr1_hip_roll            60.0 → 250.0 ★變     1.00 → 5.00 ★變               -0.000
fr2_hip_pitch          120.0 → 250.0 ★變     1.00 → 5.00 ★變               +0.000
fr3_knee_pitch         120.0 → 250.0 ★變     1.00 → 5.00 ★變               -0.000
fr4_foot                  0.0 → 20.0 ★變               0.10   -0.248 → +0.367 ★變
bl1_hip_roll            60.0 → 250.0 ★變     1.00 → 5.00 ★變               +0.000
bl2_hip_pitch          120.0 → 250.0 ★變     1.00 → 5.00 ★變               -0.000
bl3_knee_pitch         120.0 → 250.0 ★變     1.00 → 5.00 ★變               +0.000
bl4_foot                  0.0 → 20.0 ★變               0.10   -0.230 → +0.458 ★變
br1_hip_roll            60.0 → 250.0 ★變     1.00 → 5.00 ★變               +0.000
br2_hip_pitch          120.0 → 250.0 ★變     1.00 → 5.00 ★變               +0.000
br3_knee_pitch         120.0 → 250.0 ★變     1.00 → 5.00 ★變               -0.000
br4_foot                  0.0 → 20.0 ★變               0.10   -0.451 → +0.310 ★變

   ★ 16 個關節的增益在過程中**變過** → 原廠有增益排程，
     我們的單一 kp 複製不了它。要看時間序列才知道怎麼排。
   ✅ **腿關節的前饋 effort 全程為 0 → 原廠是純 PD。**
      承重時追蹤誤差之所以小，是因為 kp 高，不是因為有前饋。
   ℹ️ 輪子有前饋（4 顆），量級可對照實測輪摩擦 0.15~0.20 N·m

==============================================================================
② 力矩包絡（控制器座標系）—— **保護門檻要照這個訂，不是照靜態值**
==============================================================================
關節                   峰值|τ|      發生於      結束時τ      峰值/結束
fl1_hip_roll         50.89    5.25s     -1.60      31.9x
fl2_hip_pitch        18.48    3.93s     -0.39      47.2x
fl3_knee_pitch       27.28    3.93s     +9.68       2.8x
fr1_hip_roll         28.34    5.62s     +0.76      37.3x
fr2_hip_pitch        19.42    2.06s     -0.66      29.6x
fr3_knee_pitch       36.00    4.12s     +9.23       3.9x
bl1_hip_roll         31.50    4.23s     -0.06     549.2x
bl2_hip_pitch        25.31    5.81s     +0.79      32.1x
bl3_knee_pitch       29.66    5.00s    -10.49       2.8x
br1_hip_roll         38.37    5.26s     +1.01      37.8x
br2_hip_pitch        23.51    5.82s     +0.61      38.5x
br3_knee_pitch       27.22    4.43s     -8.99       3.0x

   全部腿關節的峰值 |τ| = **50.89 N·m**
   → 我們自己做同樣動作時，力矩保護至少要 76 N·m
   （目前 M5 的門檻是 ABAD 10 / HIP 8 / KNEE 7，是照**吊掛**訂的）

==============================================================================
③ 時間軸（每 0.5 秒一列）
==============================================================================
     t   機身pitch    最大|τ|              在哪顆    最大|v|     帶增益
  0.00     -1.80    10.29   bl3_knee_pitch     0.09     16
  0.50     -1.83    10.31   bl3_knee_pitch     0.00     16
  1.00     -1.83    10.28   bl3_knee_pitch     0.00     16
  1.50     -1.82    10.30   bl3_knee_pitch     0.00     16
  2.00     -1.82    10.28   bl3_knee_pitch     0.00     16
  2.50     -3.34    16.79   fr3_knee_pitch     6.98     16
  3.00     -3.78    14.87   bl3_knee_pitch     9.70     16
  3.50     -3.53    15.82   bl3_knee_pitch    10.26     16
  4.00     -3.61    21.01   fl3_knee_pitch    16.00     16
  4.50     -2.17    30.57   fr3_knee_pitch    10.97     16
  5.00     -2.75    32.92   fr3_knee_pitch    12.56     16
  5.50     -2.70    29.29   fr3_knee_pitch     9.55     16
  6.00     -1.23    16.57   bl3_knee_pitch     6.82     16
  6.50     -0.62    18.42   bl3_knee_pitch     0.20     16
  7.00     -0.77    20.62   bl3_knee_pitch     0.19     16
  7.50     -0.86    21.31   bl3_knee_pitch     0.30     16
  8.00     -1.01    19.92   bl3_knee_pitch     0.57     16
  8.50     -1.10    19.65   fr3_knee_pitch     0.03     16
  9.00     -1.29    19.08   fr3_knee_pitch     0.39     16
  9.50     -1.34    10.59   bl3_knee_pitch     0.03     16
 10.00     -1.38    10.50   bl3_knee_pitch     0.00     16
 10.50     -1.42    10.51   bl3_knee_pitch     0.00     16
 11.00     -1.44    10.51   bl3_knee_pitch     0.00     16
 11.50     -1.47    10.51   bl3_knee_pitch     0.00     16

📊 時間序列已存到 /home/robot/m_logs/M6_20260909_161544.json（4390 KB）
📄 完整輸出已存到 /home/robot/m_logs/M6_20260909_161544.log
