M6 —— 承重狀態唯讀擷取（不寫入、不凍結、不需 sudo）

標籤 ref_arc_left　全程錄製　12.0 秒 @ 500 Hz
● 錄製中 —— 最長 12 秒。**現在可以動遙控器了。**
  （Ctrl-C 可提前結束並保留資料）

    0.0s  最大|τ|  17.78  最大|v|  0.70  帶增益的關節 16/16
    1.0s  最大|τ|  17.74  最大|v|  0.50  帶增益的關節 16/16
    2.0s  最大|τ|  10.01  最大|v|  0.02  帶增益的關節 16/16
    3.0s  最大|τ|   9.89  最大|v|  0.00  帶增益的關節 16/16
    4.0s  最大|τ|  21.12  最大|v|  3.09  帶增益的關節 16/16
    5.0s  最大|τ|  21.72  最大|v|  5.26  帶增益的關節 16/16
    6.0s  最大|τ|  21.95  最大|v|  3.55  帶增益的關節 16/16
    7.0s  最大|τ|  21.27  最大|v|  4.91  帶增益的關節 16/16
    8.0s  最大|τ|  20.81  最大|v|  5.42  帶增益的關節 16/16
    9.0s  最大|τ|  25.38  最大|v| 12.50  帶增益的關節 16/16
   10.0s  最大|τ|  16.89  最大|v|  0.67  帶增益的關節 16/16
   11.0s  最大|τ|  19.29  最大|v|  0.08  帶增益的關節 16/16

錄到 6000 筆 / 12.00 秒 @ 500 Hz　joint_state 心跳 1000/s

==============================================================================
① 原廠的增益：全程固定，還是有排程？
==============================================================================
關節                                   kp                 kd            前饋 effort
fl1_hip_roll            60.0 → 250.0 ★變     1.00 → 5.00 ★變               -0.000
fl2_hip_pitch          120.0 → 250.0 ★變     1.00 → 5.00 ★變               -0.000
fl3_knee_pitch         120.0 → 250.0 ★變     1.00 → 5.00 ★變               +0.000
fl4_foot                  0.0 → 20.0 ★變               0.10   -0.314 → +0.074 ★變
fr1_hip_roll            60.0 → 250.0 ★變     1.00 → 5.00 ★變               -0.000
fr2_hip_pitch          120.0 → 250.0 ★變     1.00 → 5.00 ★變               +0.000
fr3_knee_pitch         120.0 → 250.0 ★變     1.00 → 5.00 ★變               -0.000
fr4_foot                  0.0 → 20.0 ★變               0.10   -0.036 → +0.372 ★變
bl1_hip_roll            60.0 → 250.0 ★變     1.00 → 5.00 ★變               +0.000
bl2_hip_pitch          120.0 → 250.0 ★變     1.00 → 5.00 ★變               -0.000
bl3_knee_pitch         120.0 → 250.0 ★變     1.00 → 5.00 ★變               +0.000
bl4_foot                  0.0 → 20.0 ★變               0.10   -0.112 → +0.275 ★變
br1_hip_roll            60.0 → 250.0 ★變     1.00 → 5.00 ★變               +0.000
br2_hip_pitch          120.0 → 250.0 ★變     1.00 → 5.00 ★變               +0.000
br3_knee_pitch         120.0 → 250.0 ★變     1.00 → 5.00 ★變               -0.000
br4_foot                  0.0 → 20.0 ★變               0.10   -0.263 → +0.245 ★變

   ★ 16 個關節的增益在過程中**變過** → 原廠有增益排程，
     我們的單一 kp 複製不了它。要看時間序列才知道怎麼排。
   ✅ **腿關節的前饋 effort 全程為 0 → 原廠是純 PD。**
      承重時追蹤誤差之所以小，是因為 kp 高，不是因為有前饋。
   ℹ️ 輪子有前饋（4 顆），量級可對照實測輪摩擦 0.15~0.20 N·m

==============================================================================
② 力矩包絡（控制器座標系）—— **保護門檻要照這個訂，不是照靜態值**
==============================================================================
關節                   峰值|τ|      發生於      結束時τ      峰值/結束
fl1_hip_roll         40.00    8.94s    -10.24       3.9x
fl2_hip_pitch        16.89    8.85s     +8.81       1.9x
fl3_knee_pitch       35.99    8.83s    +17.34       2.1x
fr1_hip_roll         38.02    5.29s     +9.24       4.1x
fr2_hip_pitch        19.70    8.96s    +15.03       1.3x
fr3_knee_pitch       33.36    8.97s    +18.90       1.8x
bl1_hip_roll         26.91    5.28s     -9.49       2.8x
bl2_hip_pitch        20.10    9.73s     -7.86       2.6x
bl3_knee_pitch       30.81    5.19s    -16.16       1.9x
br1_hip_roll         31.36    5.39s     +7.84       4.0x
br2_hip_pitch        17.23    9.73s     -7.31       2.4x
br3_knee_pitch       26.82    8.84s    -18.79       1.4x

   全部腿關節的峰值 |τ| = **40.00 N·m**
   → 我們自己做同樣動作時，力矩保護至少要 60 N·m
   （目前 M5 的門檻是 ABAD 10 / HIP 8 / KNEE 7，是照**吊掛**訂的）

==============================================================================
③ 時間軸（每 0.5 秒一列）
==============================================================================
     t   機身pitch    最大|τ|              在哪顆    最大|v|     帶增益
  0.00     -1.34    17.78   fl3_knee_pitch     0.70     16
  0.50     -1.42    18.20   fl3_knee_pitch     0.44     16
  1.00     -1.34    17.74   fl3_knee_pitch     0.50     16
  1.50     -1.16    10.12   br3_knee_pitch     0.06     16
  2.00     -1.19    10.00   br3_knee_pitch     0.03     16
  2.50     -1.18     9.89   br3_knee_pitch     0.04     16
  3.00     -1.17     9.88   br3_knee_pitch     0.00     16
  3.50     -1.85    20.52     fl1_hip_roll     3.31     16
  4.00     -1.67    21.28     fl1_hip_roll     3.13     16
  4.50     -2.02    19.80   fl3_knee_pitch     4.75     16
  5.00     -2.04    21.74   fl3_knee_pitch     5.51     16
  5.50     -1.73    22.68   fl3_knee_pitch     9.53     16
  6.00     -2.40    19.90   bl3_knee_pitch     3.52     16
  6.50     -2.25    19.46   fr3_knee_pitch     3.49     16
  7.00     -2.70    21.38   fl3_knee_pitch     4.98     16
  7.50     -2.79    19.78   fl3_knee_pitch     5.01     16
  8.00     -2.41    21.23   fl3_knee_pitch     5.38     16
  8.50     -2.04    17.06   fl3_knee_pitch     5.77     16
  9.00     -1.93    27.13   fr3_knee_pitch    13.46     16
  9.50     -2.17    17.34   br3_knee_pitch     4.35     16
 10.00     -1.22    17.01   br3_knee_pitch     0.57     16
 10.50     -1.53    17.87   br3_knee_pitch     0.01     16
 11.00     -1.69    19.28   br3_knee_pitch     0.09     16
 11.50     -1.80    19.71   br3_knee_pitch     0.44     16

📊 時間序列已存到 /home/robot/m_logs/M6_20260909_161503.json（4374 KB）
📄 完整輸出已存到 /home/robot/m_logs/M6_20260909_161503.log
