M6 —— 承重狀態唯讀擷取（不寫入、不凍結、不需 sudo）

標籤 ref_arc_right　全程錄製　12.0 秒 @ 500 Hz
● 錄製中 —— 最長 12 秒。**現在可以動遙控器了。**
  （Ctrl-C 可提前結束並保留資料）

    0.0s  最大|τ|  10.17  最大|v|  0.03  帶增益的關節 16/16
    1.0s  最大|τ|   9.76  最大|v|  0.09  帶增益的關節 16/16
    2.0s  最大|τ|   9.77  最大|v|  0.00  帶增益的關節 16/16
    3.0s  最大|τ|  14.30  最大|v|  5.37  帶增益的關節 16/16
    4.0s  最大|τ|  27.87  最大|v| 13.26  帶增益的關節 16/16
    5.0s  最大|τ|  15.98  最大|v|  7.42  帶增益的關節 16/16
    6.0s  最大|τ|  18.55  最大|v|  7.06  帶增益的關節 16/16
    7.0s  最大|τ|  19.33  最大|v|  7.14  帶增益的關節 16/16
    8.0s  最大|τ|  22.46  最大|v|  0.68  帶增益的關節 16/16
    9.0s  最大|τ|  20.28  最大|v|  0.43  帶增益的關節 16/16
   10.0s  最大|τ|  20.16  最大|v|  0.50  帶增益的關節 16/16
   11.0s  最大|τ|  10.79  最大|v|  0.06  帶增益的關節 16/16

錄到 6000 筆 / 12.00 秒 @ 500 Hz　joint_state 心跳 1000/s

==============================================================================
① 原廠的增益：全程固定，還是有排程？
==============================================================================
關節                                   kp                 kd            前饋 effort
fl1_hip_roll            60.0 → 250.0 ★變     1.00 → 5.00 ★變               -0.000
fl2_hip_pitch          120.0 → 250.0 ★變     1.00 → 5.00 ★變               -0.000
fl3_knee_pitch         120.0 → 250.0 ★變     1.00 → 5.00 ★變               +0.000
fl4_foot                  0.0 → 20.0 ★變               0.10   -0.369 → +0.230 ★變
fr1_hip_roll            60.0 → 250.0 ★變     1.00 → 5.00 ★變               -0.000
fr2_hip_pitch          120.0 → 250.0 ★變     1.00 → 5.00 ★變               +0.000
fr3_knee_pitch         120.0 → 250.0 ★變     1.00 → 5.00 ★變               -0.000
fr4_foot                  0.0 → 20.0 ★變               0.10   -0.389 → +0.298 ★變
bl1_hip_roll            60.0 → 250.0 ★變     1.00 → 5.00 ★變               +0.000
bl2_hip_pitch          120.0 → 250.0 ★變     1.00 → 5.00 ★變               -0.000
bl3_knee_pitch         120.0 → 250.0 ★變     1.00 → 5.00 ★變               +0.000
bl4_foot                  0.0 → 20.0 ★變               0.10   -0.293 → +0.489 ★變
br1_hip_roll            60.0 → 250.0 ★變     1.00 → 5.00 ★變               +0.000
br2_hip_pitch          120.0 → 250.0 ★變     1.00 → 5.00 ★變               +0.000
br3_knee_pitch         120.0 → 250.0 ★變     1.00 → 5.00 ★變               -0.000
br4_foot                  0.0 → 20.0 ★變               0.10   -0.501 → +0.243 ★變

   ★ 16 個關節的增益在過程中**變過** → 原廠有增益排程，
     我們的單一 kp 複製不了它。要看時間序列才知道怎麼排。
   ✅ **腿關節的前饋 effort 全程為 0 → 原廠是純 PD。**
      承重時追蹤誤差之所以小，是因為 kp 高，不是因為有前饋。
   ℹ️ 輪子有前饋（4 顆），量級可對照實測輪摩擦 0.15~0.20 N·m

==============================================================================
② 力矩包絡（控制器座標系）—— **保護門檻要照這個訂，不是照靜態值**
==============================================================================
關節                   峰值|τ|      發生於      結束時τ      峰值/結束
fl1_hip_roll         28.18    3.87s     -1.04      27.1x
fl2_hip_pitch        20.61    4.15s     -0.15     137.2x
fl3_knee_pitch       35.14    4.16s     +9.81       3.6x
fr1_hip_roll         42.44    4.40s     +0.05     832.0x
fr2_hip_pitch        19.37    6.93s     -0.27      72.3x
fr3_knee_pitch       26.99    2.19s     +9.32       2.9x
bl1_hip_roll         35.39    3.95s     -0.25     141.0x
bl2_hip_pitch        26.04    7.17s     +0.31      85.1x
bl3_knee_pitch       25.41    3.97s    -10.48       2.4x
br1_hip_roll         25.08    3.86s     +0.53      47.4x
br2_hip_pitch        22.64    7.14s     +0.51      44.7x
br3_knee_pitch       28.02    3.75s     -9.17       3.1x

   全部腿關節的峰值 |τ| = **42.44 N·m**
   → 我們自己做同樣動作時，力矩保護至少要 64 N·m
   （目前 M5 的門檻是 ABAD 10 / HIP 8 / KNEE 7，是照**吊掛**訂的）

==============================================================================
③ 時間軸（每 0.5 秒一列）
==============================================================================
     t   機身pitch    最大|τ|              在哪顆    最大|v|     帶增益
  0.00     -1.07    10.17   fl3_knee_pitch     0.03     16
  0.50     -1.07     9.89   fl3_knee_pitch     0.15     16
  1.00     -1.08     9.76   br3_knee_pitch     0.09     16
  1.50     -1.08     9.77   br3_knee_pitch     0.00     16
  2.00     -1.08     9.77   br3_knee_pitch     0.00     16
  2.50     -1.98    17.86     fr1_hip_roll     3.98     16
  3.00     -2.44    14.14     fl1_hip_roll     5.23     16
  3.50     -2.52    25.49     fr1_hip_roll     7.50     16
  4.00     -2.42    30.01     fr1_hip_roll    13.26     16
  4.50     -2.76    20.77   bl3_knee_pitch    13.92     16
  5.00     -2.60    16.41   br3_knee_pitch     8.17     16
  5.50     -2.12    18.83   fr3_knee_pitch     6.53     16
  6.00     -2.34    18.48   fr3_knee_pitch     7.20     16
  6.50     -2.20    17.65   fr3_knee_pitch     7.44     16
  7.00     -2.32    20.06   fr3_knee_pitch     7.23     16
  7.50     -0.62    19.67    br2_hip_pitch     6.55     16
  8.00     -1.60    22.45   bl3_knee_pitch     0.62     16
  8.50     -1.37    21.20   bl3_knee_pitch     0.53     16
  9.00     -1.56    20.34   bl3_knee_pitch     0.50     16
  9.50     -1.63    20.77   fr3_knee_pitch     0.21     16
 10.00     -1.81    20.24   fr3_knee_pitch     0.40     16
 10.50     -1.97    18.48   fr3_knee_pitch     0.06     16
 11.00     -2.04    10.79   bl3_knee_pitch     0.03     16
 11.50     -2.11    10.56   bl3_knee_pitch     0.01     16

📊 時間序列已存到 /home/robot/m_logs/M6_20260909_161644.json（4393 KB）
📄 完整輸出已存到 /home/robot/m_logs/M6_20260909_161644.log
