M6 —— 承重狀態唯讀擷取（不寫入、不凍結、不需 sudo）

標籤 ref_right　全程錄製　12.0 秒 @ 500 Hz
● 錄製中 —— 最長 12 秒。**現在可以動遙控器了。**
  （Ctrl-C 可提前結束並保留資料）

    0.0s  最大|τ|  10.69  最大|v|  0.00  帶增益的關節 16/16
    1.0s  最大|τ|  10.70  最大|v|  0.00  帶增益的關節 16/16
    2.0s  最大|τ|  10.68  最大|v|  0.00  帶增益的關節 16/16
    3.0s  最大|τ|  20.87  最大|v|  1.39  帶增益的關節 16/16
    4.0s  最大|τ|  29.78  最大|v|  1.73  帶增益的關節 16/16
    5.0s  最大|τ|  39.28  最大|v|  4.82  帶增益的關節 16/16
    6.0s  最大|τ|  36.44  最大|v|  8.66  帶增益的關節 16/16
    7.0s  最大|τ|  36.85  最大|v|  3.42  帶增益的關節 16/16
    8.0s  最大|τ|  44.20  最大|v|  5.44  帶增益的關節 16/16
    9.0s  最大|τ|  35.62  最大|v|  3.89  帶增益的關節 16/16
   10.0s  最大|τ|  22.24  最大|v|  1.39  帶增益的關節 16/16
   11.0s  最大|τ|  44.37  最大|v|  3.70  帶增益的關節 16/16

錄到 6000 筆 / 12.00 秒 @ 500 Hz　joint_state 心跳 1000/s

==============================================================================
① 原廠的增益：全程固定，還是有排程？
==============================================================================
關節                                   kp                 kd            前饋 effort
fl1_hip_roll            60.0 → 250.0 ★變     1.00 → 5.00 ★變               -0.000
fl2_hip_pitch          120.0 → 250.0 ★變     1.00 → 5.00 ★變               -0.000
fl3_knee_pitch         120.0 → 250.0 ★變     1.00 → 5.00 ★變               +0.000
fl4_foot                  0.0 → 20.0 ★變               0.10   -0.233 → +0.165 ★變
fr1_hip_roll            60.0 → 250.0 ★變     1.00 → 5.00 ★變               -0.000
fr2_hip_pitch          120.0 → 250.0 ★變     1.00 → 5.00 ★變               +0.000
fr3_knee_pitch         120.0 → 250.0 ★變     1.00 → 5.00 ★變               -0.000
fr4_foot                  0.0 → 20.0 ★變               0.10   -0.111 → +0.234 ★變
bl1_hip_roll            60.0 → 250.0 ★變     1.00 → 5.00 ★變               +0.000
bl2_hip_pitch          120.0 → 250.0 ★變     1.00 → 5.00 ★變               -0.000
bl3_knee_pitch         120.0 → 250.0 ★變     1.00 → 5.00 ★變               +0.000
bl4_foot                  0.0 → 20.0 ★變               0.10   -0.176 → +0.158 ★變
br1_hip_roll            60.0 → 250.0 ★變     1.00 → 5.00 ★變               +0.000
br2_hip_pitch          120.0 → 250.0 ★變     1.00 → 5.00 ★變               +0.000
br3_knee_pitch         120.0 → 250.0 ★變     1.00 → 5.00 ★變               -0.000
br4_foot                  0.0 → 20.0 ★變               0.10   -0.160 → +0.061 ★變

   ★ 16 個關節的增益在過程中**變過** → 原廠有增益排程，
     我們的單一 kp 複製不了它。要看時間序列才知道怎麼排。
   ✅ **腿關節的前饋 effort 全程為 0 → 原廠是純 PD。**
      承重時追蹤誤差之所以小，是因為 kp 高，不是因為有前饋。
   ℹ️ 輪子有前饋（4 顆），量級可對照實測輪摩擦 0.15~0.20 N·m

==============================================================================
② 力矩包絡（控制器座標系）—— **保護門檻要照這個訂，不是照靜態值**
==============================================================================
關節                   峰值|τ|      發生於      結束時τ      峰值/結束
fl1_hip_roll         29.65    5.56s     -9.81       3.0x
fl2_hip_pitch        13.18   11.99s    +10.41       1.3x
fl3_knee_pitch       23.65    4.99s    +13.22       1.8x
fr1_hip_roll         48.29    5.64s     +6.95       6.9x
fr2_hip_pitch        16.49    2.91s    +12.37       1.3x
fr3_knee_pitch       25.38    4.75s    +13.51       1.9x
bl1_hip_roll         27.46   11.35s    -12.03       2.3x
bl2_hip_pitch        11.66    3.79s     -9.08       1.3x
bl3_knee_pitch       26.32    5.66s    -12.49       2.1x
br1_hip_roll         45.27    4.09s    +10.26       4.4x
br2_hip_pitch        12.33    2.91s     -9.07       1.4x
br3_knee_pitch       32.63    2.91s    -14.20       2.3x

   全部腿關節的峰值 |τ| = **48.29 N·m**
   → 我們自己做同樣動作時，力矩保護至少要 72 N·m
   （目前 M5 的門檻是 ABAD 10 / HIP 8 / KNEE 7，是照**吊掛**訂的）

==============================================================================
③ 時間軸（每 0.5 秒一列）
==============================================================================
     t   機身pitch    最大|τ|              在哪顆    最大|v|     帶增益
  0.00     -1.84    10.69   fl3_knee_pitch     0.00     16
  0.50     -1.84    10.66   fl3_knee_pitch     0.01     16
  1.00     -1.83    10.70   fl3_knee_pitch     0.00     16
  1.50     -1.83    10.67   fl3_knee_pitch     0.00     16
  2.00     -1.83    10.68   fl3_knee_pitch     0.00     16
  2.50     -1.83    10.71   fl3_knee_pitch     0.00     16
  3.00     -1.55    20.91   br3_knee_pitch     1.18     16
  3.50     -0.98    30.55     br1_hip_roll     3.90     16
  4.00     -2.53    26.80     br1_hip_roll     1.64     16
  4.50     -1.39    36.39     br1_hip_roll     1.52     16
  5.00     -1.44    38.54     br1_hip_roll     4.68     16
  5.50     -0.61    40.05     br1_hip_roll     4.84     16
  6.00     -0.47    38.41     br1_hip_roll     8.32     16
  6.50     +0.33    28.84     fl1_hip_roll     2.36     16
  7.00     +0.31    32.65     fr1_hip_roll     2.85     16
  7.50     -0.31    38.19     fr1_hip_roll     4.05     16
  8.00     -0.48    44.05     fr1_hip_roll     4.78     16
  8.50     -0.83    42.81     fr1_hip_roll     4.02     16
  9.00     -1.43    37.63     fr1_hip_roll     3.82     16
  9.50     -1.95    27.49     fr1_hip_roll     4.23     16
 10.00     -2.36    21.26     br1_hip_roll     1.21     16
 10.50     -2.34    35.04     br1_hip_roll     1.92     16
 11.00     -1.99    43.27     br1_hip_roll     3.50     16
 11.50     -2.20    17.01   br3_knee_pitch     1.71     16

📊 時間序列已存到 /home/robot/m_logs/M6_20260909_161223.json（4392 KB）
📄 完整輸出已存到 /home/robot/m_logs/M6_20260909_161223.log
