M6 —— 承重狀態唯讀擷取（不寫入、不凍結、不需 sudo）

標籤 ref_left　全程錄製　12.0 秒 @ 500 Hz
● 錄製中 —— 最長 12 秒。**現在可以動遙控器了。**
  （Ctrl-C 可提前結束並保留資料）

    0.0s  最大|τ|   9.92  最大|v|  0.04  帶增益的關節 16/16
    1.0s  最大|τ|   9.79  最大|v|  0.03  帶增益的關節 16/16
    2.0s  最大|τ|  24.24  最大|v|  3.55  帶增益的關節 16/16
    3.0s  最大|τ|  46.54  最大|v|  4.92  帶增益的關節 16/16
    4.0s  最大|τ|  35.37  最大|v|  3.72  帶增益的關節 16/16
    5.0s  最大|τ|  18.98  最大|v|  1.36  帶增益的關節 16/16
    6.0s  最大|τ|  42.15  最大|v|  4.21  帶增益的關節 16/16
    7.0s  最大|τ|  43.45  最大|v|  3.72  帶增益的關節 16/16
    8.0s  最大|τ|  38.73  最大|v|  6.31  帶增益的關節 16/16
    9.0s  最大|τ|  28.48  最大|v| 10.42  帶增益的關節 16/16
   10.0s  最大|τ|  15.00  最大|v|  0.76  帶增益的關節 16/16
   11.0s  最大|τ|  16.59  最大|v|  0.03  帶增益的關節 16/16

錄到 6000 筆 / 12.00 秒 @ 500 Hz　joint_state 心跳 1000/s

==============================================================================
① 原廠的增益：全程固定，還是有排程？
==============================================================================
關節                                   kp                 kd            前饋 effort
fl1_hip_roll            60.0 → 250.0 ★變     1.00 → 5.00 ★變               -0.000
fl2_hip_pitch          120.0 → 250.0 ★變     1.00 → 5.00 ★變               -0.000
fl3_knee_pitch         120.0 → 250.0 ★變     1.00 → 5.00 ★變               +0.000
fl4_foot                  0.0 → 20.0 ★變               0.10   -0.212 → +0.105 ★變
fr1_hip_roll            60.0 → 250.0 ★變     1.00 → 5.00 ★變               -0.000
fr2_hip_pitch          120.0 → 250.0 ★變     1.00 → 5.00 ★變               +0.000
fr3_knee_pitch         120.0 → 250.0 ★變     1.00 → 5.00 ★變               -0.000
fr4_foot                  0.0 → 20.0 ★變               0.10   -0.192 → +0.262 ★變
bl1_hip_roll            60.0 → 250.0 ★變     1.00 → 5.00 ★變               +0.000
bl2_hip_pitch          120.0 → 250.0 ★變     1.00 → 5.00 ★變               -0.000
bl3_knee_pitch         120.0 → 250.0 ★變     1.00 → 5.00 ★變               +0.000
bl4_foot                  0.0 → 20.0 ★變               0.10   -0.166 → +0.167 ★變
br1_hip_roll            60.0 → 250.0 ★變     1.00 → 5.00 ★變               +0.000
br2_hip_pitch          120.0 → 250.0 ★變     1.00 → 5.00 ★變               +0.000
br3_knee_pitch         120.0 → 250.0 ★變     1.00 → 5.00 ★變               -0.000
br4_foot                  0.0 → 20.0 ★變               0.10   -0.163 → +0.253 ★變

   ★ 16 個關節的增益在過程中**變過** → 原廠有增益排程，
     我們的單一 kp 複製不了它。要看時間序列才知道怎麼排。
   ✅ **腿關節的前饋 effort 全程為 0 → 原廠是純 PD。**
      承重時追蹤誤差之所以小，是因為 kp 高，不是因為有前饋。
   ℹ️ 輪子有前饋（4 顆），量級可對照實測輪摩擦 0.15~0.20 N·m

==============================================================================
② 力矩包絡（控制器座標系）—— **保護門檻要照這個訂，不是照靜態值**
==============================================================================
關節                   峰值|τ|      發生於      結束時τ      峰值/結束
fl1_hip_roll         49.57    2.99s    -12.13       4.1x
fl2_hip_pitch        15.73    1.98s    +13.83       1.1x
fl3_knee_pitch       24.86    3.93s    +17.61       1.4x
fr1_hip_roll         32.90    9.47s    +14.05       2.3x
fr2_hip_pitch        17.06    1.98s    +13.17       1.3x
fr3_knee_pitch       26.29    1.98s    +15.86       1.7x
bl1_hip_roll         47.42    2.80s     +0.59      80.0x
bl2_hip_pitch        14.86    9.71s    -13.01       1.1x
bl3_knee_pitch       25.07    3.74s    -16.40       1.5x
br1_hip_roll         27.50    3.12s     +3.23       8.5x
br2_hip_pitch        14.05    9.61s    -11.99       1.2x
br3_knee_pitch       27.52    8.63s    -17.55       1.6x

   全部腿關節的峰值 |τ| = **49.57 N·m**
   → 我們自己做同樣動作時，力矩保護至少要 74 N·m
   （目前 M5 的門檻是 ABAD 10 / HIP 8 / KNEE 7，是照**吊掛**訂的）

==============================================================================
③ 時間軸（每 0.5 秒一列）
==============================================================================
     t   機身pitch    最大|τ|              在哪顆    最大|v|     帶增益
  0.00     -2.01     9.92   br3_knee_pitch     0.04     16
  0.50     -1.97     9.73   bl3_knee_pitch     0.00     16
  1.00     -1.97     9.79   bl3_knee_pitch     0.03     16
  1.50     -1.97     9.74   bl3_knee_pitch     0.00     16
  2.00     -1.94    24.42   br3_knee_pitch     3.43     16
  2.50     -1.39    21.47     bl1_hip_roll     1.14     16
  3.00     +0.78    46.07     fl1_hip_roll     4.98     16
  3.50     -1.10    35.51     fl1_hip_roll     2.33     16
  4.00     -0.77    35.42     fl1_hip_roll     3.77     16
  4.50     -2.08    35.79     fl1_hip_roll     3.94     16
  5.00     -2.40    20.75     br1_hip_roll     1.42     16
  5.50     -2.95    31.13     bl1_hip_roll     1.82     16
  6.00     -2.45    42.78     bl1_hip_roll     3.47     16
  6.50     -1.99    44.55     bl1_hip_roll     3.60     16
  7.00     -1.37    45.02     bl1_hip_roll     4.16     16
  7.50     -1.04    41.15     bl1_hip_roll     5.18     16
  8.00     -0.85    41.03     bl1_hip_roll     5.77     16
  8.50     -0.49    38.28     bl1_hip_roll     7.10     16
  9.00     -0.10    28.70     fr1_hip_roll     9.61     16
  9.50     -0.06    26.27     fr1_hip_roll     3.07     16
 10.00     -0.79    15.13   br3_knee_pitch     0.68     16
 10.50     -0.37    16.28   fl3_knee_pitch     0.18     16
 11.00     -0.36    16.59   br3_knee_pitch     0.03     16
 11.50     -0.35    17.34   fl3_knee_pitch     0.12     16

📊 時間序列已存到 /home/robot/m_logs/M6_20260909_161123.json（4388 KB）
📄 完整輸出已存到 /home/robot/m_logs/M6_20260909_161123.log
