M6 —— 承重狀態唯讀擷取（不寫入、不凍結、不需 sudo）

標籤 ref_turn_left　全程錄製　12.0 秒 @ 500 Hz
● 錄製中 —— 最長 12 秒。**現在可以動遙控器了。**
  （Ctrl-C 可提前結束並保留資料）

    0.0s  最大|τ|  10.17  最大|v|  0.04  帶增益的關節 16/16
    1.0s  最大|τ|   9.90  最大|v|  0.04  帶增益的關節 16/16
    2.0s  最大|τ|  25.93  最大|v|  3.08  帶增益的關節 16/16
    3.0s  最大|τ|  26.00  最大|v|  5.23  帶增益的關節 16/16
    4.0s  最大|τ|  32.23  最大|v|  6.22  帶增益的關節 16/16
    5.0s  最大|τ|  28.59  最大|v|  4.92  帶增益的關節 16/16
    6.0s  最大|τ|  26.33  最大|v|  6.84  帶增益的關節 16/16
    7.0s  最大|τ|  44.30  最大|v|  6.24  帶增益的關節 16/16
    8.0s  最大|τ|  33.37  最大|v|  3.64  帶增益的關節 16/16
    9.0s  最大|τ|  53.79  最大|v| 10.41  帶增益的關節 16/16
   10.0s  最大|τ|  30.92  最大|v|  3.45  帶增益的關節 16/16
   11.0s  最大|τ|  32.54  最大|v|  9.03  帶增益的關節 16/16

錄到 6000 筆 / 12.00 秒 @ 500 Hz　joint_state 心跳 1000/s

==============================================================================
① 原廠的增益：全程固定，還是有排程？
==============================================================================
關節                                   kp                 kd            前饋 effort
fl1_hip_roll            60.0 → 250.0 ★變     1.00 → 5.00 ★變               -0.000
fl2_hip_pitch          120.0 → 250.0 ★變     1.00 → 5.00 ★變               -0.000
fl3_knee_pitch         120.0 → 250.0 ★變     1.00 → 5.00 ★變               +0.000
fl4_foot                  0.0 → 20.0 ★變               0.10   -0.108 → +0.345 ★變
fr1_hip_roll            60.0 → 250.0 ★變     1.00 → 5.00 ★變               -0.000
fr2_hip_pitch          120.0 → 250.0 ★變     1.00 → 5.00 ★變               +0.000
fr3_knee_pitch         120.0 → 250.0 ★變     1.00 → 5.00 ★變               -0.000
fr4_foot                  0.0 → 20.0 ★變               0.10   -0.112 → +0.245 ★變
bl1_hip_roll            60.0 → 250.0 ★變     1.00 → 5.00 ★變               +0.000
bl2_hip_pitch          120.0 → 250.0 ★變     1.00 → 5.00 ★變               -0.000
bl3_knee_pitch         120.0 → 250.0 ★變     1.00 → 5.00 ★變               +0.000
bl4_foot                  0.0 → 20.0 ★變               0.10   -0.167 → +0.251 ★變
br1_hip_roll            60.0 → 250.0 ★變     1.00 → 5.00 ★變               +0.000
br2_hip_pitch          120.0 → 250.0 ★變     1.00 → 5.00 ★變               +0.000
br3_knee_pitch         120.0 → 250.0 ★變     1.00 → 5.00 ★變               -0.000
br4_foot                  0.0 → 20.0 ★變               0.10   -0.198 → +0.234 ★變

   ★ 16 個關節的增益在過程中**變過** → 原廠有增益排程，
     我們的單一 kp 複製不了它。要看時間序列才知道怎麼排。
   ✅ **腿關節的前饋 effort 全程為 0 → 原廠是純 PD。**
      承重時追蹤誤差之所以小，是因為 kp 高，不是因為有前饋。
   ℹ️ 輪子有前饋（4 顆），量級可對照實測輪摩擦 0.15~0.20 N·m

==============================================================================
② 力矩包絡（控制器座標系）—— **保護門檻要照這個訂，不是照靜態值**
==============================================================================
關節                   峰值|τ|      發生於      結束時τ      峰值/結束
fl1_hip_roll         60.12    9.38s     -8.14       7.4x
fl2_hip_pitch        16.34    2.72s     +5.60       2.9x
fl3_knee_pitch       22.75    3.23s     +9.78       2.3x
fr1_hip_roll         38.12    2.65s     +7.63       5.0x
fr2_hip_pitch        16.24    1.97s     +5.11       3.2x
fr3_knee_pitch       29.89    5.26s    +13.82       2.2x
bl1_hip_roll         27.77    2.68s     -8.56       3.2x
bl2_hip_pitch        20.47    7.58s     -8.22       2.5x
bl3_knee_pitch       37.94    6.82s    -17.72       2.1x
br1_hip_roll         58.65    7.03s     +8.89       6.6x
br2_hip_pitch        23.56    8.98s     -1.76      13.4x
br3_knee_pitch       25.38    1.97s     -7.93       3.2x

   全部腿關節的峰值 |τ| = **60.12 N·m**
   → 我們自己做同樣動作時，力矩保護至少要 90 N·m
   （目前 M5 的門檻是 ABAD 10 / HIP 8 / KNEE 7，是照**吊掛**訂的）

==============================================================================
③ 時間軸（每 0.5 秒一列）
==============================================================================
     t   機身pitch    最大|τ|              在哪顆    最大|v|     帶增益
  0.00     -1.30    10.17   fr3_knee_pitch     0.04     16
  0.50     -1.30     9.96   fr3_knee_pitch     0.17     16
  1.00     -1.27     9.90   fr3_knee_pitch     0.04     16
  1.50     -1.29     9.57   bl3_knee_pitch     0.04     16
  2.00     -1.32    25.92     fl1_hip_roll     2.99     16
  2.50     -2.08    14.29   bl3_knee_pitch     3.74     16
  3.00     -0.90    26.46   bl3_knee_pitch     5.28     16
  3.50     -1.52    38.11     br1_hip_roll     6.29     16
  4.00     -1.85    32.10     fl1_hip_roll     6.99     16
  4.50     -1.73    34.85   bl3_knee_pitch     3.93     16
  5.00     -0.06    28.15     fr1_hip_roll     5.06     16
  5.50     -1.12    50.88     fl1_hip_roll    13.00     16
  6.00     -1.47    23.91   bl3_knee_pitch     7.51     16
  6.50     +0.13    27.56   bl3_knee_pitch     3.56     16
  7.00     +0.11    41.87     fl1_hip_roll     7.29     16
  7.50     -1.19    31.91     fl1_hip_roll     8.25     16
  8.00     -1.01    34.80   bl3_knee_pitch     4.08     16
  8.50     -0.21    28.94     fr1_hip_roll     4.44     16
  9.00     -1.24    57.07     fl1_hip_roll    10.25     16
  9.50     -1.63    17.47   fl3_knee_pitch     9.85     16
 10.00     -0.64    31.40   bl3_knee_pitch     3.60     16
 10.50     +0.51    28.95     fl1_hip_roll     4.32     16
 11.00     -0.71    36.62     fl1_hip_roll     9.62     16
 11.50     -1.05    33.91   bl3_knee_pitch     3.38     16

📊 時間序列已存到 /home/robot/m_logs/M6_20260909_161316.json（4361 KB）
📄 完整輸出已存到 /home/robot/m_logs/M6_20260909_161316.log
