M6 —— 承重狀態唯讀擷取（不寫入、不凍結、不需 sudo）

標籤 ref_fwd_back　全程錄製　12.0 秒 @ 500 Hz
● 錄製中 —— 最長 12 秒。**現在可以動遙控器了。**
  （Ctrl-C 可提前結束並保留資料）

    0.0s  最大|τ|  10.21  最大|v|  0.00  帶增益的關節 16/16
    1.0s  最大|τ|  10.32  最大|v|  0.00  帶增益的關節 16/16
    2.0s  最大|τ|  10.22  最大|v|  0.00  帶增益的關節 16/16
    3.0s  最大|τ|  17.25  最大|v|  0.94  帶增益的關節 16/16
    4.0s  最大|τ|  15.78  最大|v|  2.52  帶增益的關節 16/16
    5.0s  最大|τ|  16.59  最大|v|  3.27  帶增益的關節 16/16
    6.0s  最大|τ|  18.46  最大|v|  3.81  帶增益的關節 16/16
    7.0s  最大|τ|  18.01  最大|v|  3.50  帶增益的關節 16/16
    8.0s  最大|τ|  18.19  最大|v|  3.88  帶增益的關節 16/16
    9.0s  最大|τ|  18.78  最大|v|  3.74  帶增益的關節 16/16
   10.0s  最大|τ|  17.01  最大|v|  4.69  帶增益的關節 16/16
   11.0s  最大|τ|  17.09  最大|v|  4.63  帶增益的關節 16/16

錄到 6000 筆 / 12.00 秒 @ 500 Hz　joint_state 心跳 1000/s

==============================================================================
① 原廠的增益：全程固定，還是有排程？
==============================================================================
關節                                   kp                 kd            前饋 effort
fl1_hip_roll            60.0 → 250.0 ★變     1.00 → 5.00 ★變               -0.000
fl2_hip_pitch          120.0 → 250.0 ★變     1.00 → 5.00 ★變               -0.000
fl3_knee_pitch         120.0 → 250.0 ★變     1.00 → 5.00 ★變               +0.000
fl4_foot                  0.0 → 20.0 ★變               0.10   -0.129 → +0.014 ★變
fr1_hip_roll            60.0 → 250.0 ★變     1.00 → 5.00 ★變               -0.000
fr2_hip_pitch          120.0 → 250.0 ★變     1.00 → 5.00 ★變               +0.000
fr3_knee_pitch         120.0 → 250.0 ★變     1.00 → 5.00 ★變               -0.000
fr4_foot                  0.0 → 20.0 ★變               0.10   -0.015 → +0.123 ★變
bl1_hip_roll            60.0 → 250.0 ★變     1.00 → 5.00 ★變               +0.000
bl2_hip_pitch          120.0 → 250.0 ★變     1.00 → 5.00 ★變               -0.000
bl3_knee_pitch         120.0 → 250.0 ★變     1.00 → 5.00 ★變               +0.000
bl4_foot                  0.0 → 20.0 ★變               0.10   -0.000 → +0.273 ★變
br1_hip_roll            60.0 → 250.0 ★變     1.00 → 5.00 ★變               +0.000
br2_hip_pitch          120.0 → 250.0 ★變     1.00 → 5.00 ★變               +0.000
br3_knee_pitch         120.0 → 250.0 ★變     1.00 → 5.00 ★變               -0.000
br4_foot                  0.0 → 20.0 ★變               0.10   -0.271 → +0.000 ★變

   ★ 16 個關節的增益在過程中**變過** → 原廠有增益排程，
     我們的單一 kp 複製不了它。要看時間序列才知道怎麼排。
   ✅ **腿關節的前饋 effort 全程為 0 → 原廠是純 PD。**
      承重時追蹤誤差之所以小，是因為 kp 高，不是因為有前饋。
   ℹ️ 輪子有前饋（4 顆），量級可對照實測輪摩擦 0.15~0.20 N·m

==============================================================================
② 力矩包絡（控制器座標系）—— **保護門檻要照這個訂，不是照靜態值**
==============================================================================
關節                   峰值|τ|      發生於      結束時τ      峰值/結束
fl1_hip_roll          7.50    8.39s     -6.06       1.2x
fl2_hip_pitch        15.17    4.45s     +9.72       1.6x
fl3_knee_pitch       20.21    2.51s    +17.07       1.2x
fr1_hip_roll          9.79    2.70s     +8.20       1.2x
fr2_hip_pitch        17.70    2.51s    +10.35       1.7x
fr3_knee_pitch       24.29    2.51s    +16.06       1.5x
bl1_hip_roll          9.99    8.44s     -4.50       2.2x
bl2_hip_pitch        14.87    4.28s    -10.41       1.4x
bl3_knee_pitch       19.82    2.51s    -14.34       1.4x
br1_hip_roll         11.58    6.60s     +7.82       1.5x
br2_hip_pitch        14.26    7.04s    -12.89       1.1x
br3_knee_pitch       24.72    2.51s    -17.82       1.4x

   全部腿關節的峰值 |τ| = **24.72 N·m**
   → 我們自己做同樣動作時，力矩保護至少要 37 N·m
   （目前 M5 的門檻是 ABAD 10 / HIP 8 / KNEE 7，是照**吊掛**訂的）

==============================================================================
③ 時間軸（每 0.5 秒一列）
==============================================================================
     t   機身pitch    最大|τ|              在哪顆    最大|v|     帶增益
  0.00     -1.95    10.21   bl3_knee_pitch     0.00     16
  0.50     -1.95    10.18   bl3_knee_pitch     0.00     16
  1.00     -1.95    10.32   bl3_knee_pitch     0.00     16
  1.50     -1.95    10.23   bl3_knee_pitch     0.00     16
  2.00     -1.95    10.22   bl3_knee_pitch     0.00     16
  2.50     -1.95    22.80   br3_knee_pitch     0.61     16
  3.00     -1.61    17.29   fl3_knee_pitch     0.95     16
  3.50     -1.64    17.00   fl3_knee_pitch     2.56     16
  4.00     -1.68    15.75   bl3_knee_pitch     2.64     16
  4.50     -1.70    15.96   fl3_knee_pitch     2.65     16
  5.00     -1.57    16.53   br3_knee_pitch     3.24     16
  5.50     -1.63    17.58   br3_knee_pitch     3.52     16
  6.00     -1.73    18.56   br3_knee_pitch     3.85     16
  6.50     -1.88    18.98   br3_knee_pitch     3.79     16
  7.00     -1.76    17.90   br3_knee_pitch     3.39     16
  7.50     -1.55    17.56   fl3_knee_pitch     3.90     16
  8.00     -1.52    18.33   fl3_knee_pitch     3.91     16
  8.50     -1.59    18.23   bl3_knee_pitch     3.95     16
  9.00     -1.55    18.71   bl3_knee_pitch     3.71     16
  9.50     -1.60    17.72   bl3_knee_pitch     4.50     16
 10.00     -1.54    17.16   bl3_knee_pitch     4.76     16
 10.50     -1.40    16.16   fr3_knee_pitch     4.34     16
 11.00     -1.30    17.29   fr3_knee_pitch     4.79     16
 11.50     -1.13    17.48   br3_knee_pitch     4.39     16

📊 時間序列已存到 /home/robot/m_logs/M6_20260909_161002.json（4389 KB）
📄 完整輸出已存到 /home/robot/m_logs/M6_20260909_161002.log
