M6 —— 承重狀態唯讀擷取（不寫入、不凍結、不需 sudo）

標籤 ref_right　全程錄製　12.0 秒 @ 500 Hz
● 錄製中 —— 最長 12 秒。**現在可以動遙控器了。**
  （Ctrl-C 可提前結束並保留資料）

    0.0s  最大|τ|  10.04  最大|v|  0.00  帶增益的關節 16/16
    1.0s  最大|τ|  10.10  最大|v|  0.00  帶增益的關節 16/16
    2.0s  最大|τ|  10.11  最大|v|  0.00  帶增益的關節 16/16
    3.0s  最大|τ|  23.36  最大|v|  0.85  帶增益的關節 16/16
    4.0s  最大|τ|  41.04  最大|v|  8.33  帶增益的關節 16/16
    5.0s  最大|τ|  29.91  最大|v| 11.35  帶增益的關節 16/16
    6.0s  最大|τ|  37.45  最大|v|  4.61  帶增益的關節 16/16
    7.0s  最大|τ|  16.26  最大|v|  2.07  帶增益的關節 16/16
    8.0s  最大|τ|  15.27  最大|v|  0.23  帶增益的關節 16/16
    9.0s  最大|τ|  15.88  最大|v|  0.00  帶增益的關節 16/16
   10.0s  最大|τ|  10.56  最大|v|  0.26  帶增益的關節 16/16
   11.0s  最大|τ|  10.21  最大|v|  0.01  帶增益的關節 16/16

錄到 6000 筆 / 12.00 秒 @ 500 Hz　joint_state 心跳 1000/s

==============================================================================
① 原廠的增益：全程固定，還是有排程？
==============================================================================
關節                                   kp                 kd            前饋 effort
fl1_hip_roll            60.0 → 250.0 ★變     1.00 → 5.00 ★變               -0.000
fl2_hip_pitch          120.0 → 250.0 ★變     1.00 → 5.00 ★變               -0.000
fl3_knee_pitch         120.0 → 250.0 ★變     1.00 → 5.00 ★變               +0.000
fl4_foot                  0.0 → 20.0 ★變               0.10   -0.280 → +0.309 ★變
fr1_hip_roll            60.0 → 250.0 ★變     1.00 → 5.00 ★變               -0.000
fr2_hip_pitch          120.0 → 250.0 ★變     1.00 → 5.00 ★變               +0.000
fr3_knee_pitch         120.0 → 250.0 ★變     1.00 → 5.00 ★變               -0.000
fr4_foot                  0.0 → 20.0 ★變               0.10   -0.113 → +0.288 ★變
bl1_hip_roll            60.0 → 250.0 ★變     1.00 → 5.00 ★變               +0.000
bl2_hip_pitch          120.0 → 250.0 ★變     1.00 → 5.00 ★變               -0.000
bl3_knee_pitch         120.0 → 250.0 ★變     1.00 → 5.00 ★變               +0.000
bl4_foot                  0.0 → 20.0 ★變               0.10   -0.279 → +0.162 ★變
br1_hip_roll            60.0 → 250.0 ★變     1.00 → 5.00 ★變               +0.000
br2_hip_pitch          120.0 → 250.0 ★變     1.00 → 5.00 ★變               +0.000
br3_knee_pitch         120.0 → 250.0 ★變     1.00 → 5.00 ★變               -0.000
br4_foot                  0.0 → 20.0 ★變               0.10   -0.204 → +0.139 ★變

   ★ 16 個關節的增益在過程中**變過** → 原廠有增益排程，
     我們的單一 kp 複製不了它。要看時間序列才知道怎麼排。
   ✅ **腿關節的前饋 effort 全程為 0 → 原廠是純 PD。**
      承重時追蹤誤差之所以小，是因為 kp 高，不是因為有前饋。
   ℹ️ 輪子有前饋（4 顆），量級可對照實測輪摩擦 0.15~0.20 N·m

==============================================================================
② 力矩包絡（控制器座標系）—— **保護門檻要照這個訂，不是照靜態值**
==============================================================================
關節                   峰值|τ|      發生於      結束時τ      峰值/結束
fl1_hip_roll         38.96    3.56s     -1.21      32.3x
fl2_hip_pitch        17.40    3.47s     -1.53      11.4x
fl3_knee_pitch       29.06    2.24s     +9.98       2.9x
fr1_hip_roll         51.12    3.63s     +1.60      32.0x
fr2_hip_pitch        12.87    2.24s     -3.37       3.8x
fr3_knee_pitch       26.64    3.59s     +8.66       3.1x
bl1_hip_roll         30.17    6.65s     -1.23      24.6x
bl2_hip_pitch        13.31    5.05s     +3.39       3.9x
bl3_knee_pitch       30.66    3.61s     -9.44       3.2x
br1_hip_roll         48.69    5.80s     +0.69      70.7x
br2_hip_pitch        13.44    3.63s     +2.08       6.5x
br3_knee_pitch       33.72    3.45s     -7.96       4.2x

   全部腿關節的峰值 |τ| = **51.12 N·m**
   → 我們自己做同樣動作時，力矩保護至少要 77 N·m
   （目前 M5 的門檻是 ABAD 10 / HIP 8 / KNEE 7，是照**吊掛**訂的）

==============================================================================
③ 時間軸（每 0.5 秒一列）
==============================================================================
     t   機身pitch    最大|τ|              在哪顆    最大|v|     帶增益
  0.00     -0.20    10.04   bl3_knee_pitch     0.00     16
  0.50     -0.20    10.07   bl3_knee_pitch     0.00     16
  1.00     -0.20    10.10   bl3_knee_pitch     0.00     16
  1.50     -0.20    10.03   bl3_knee_pitch     0.00     16
  2.00     -0.20    10.11   bl3_knee_pitch     0.00     16
  2.50     -0.30    27.03     fr1_hip_roll     1.67     16
  3.00     -0.63    23.40     fr1_hip_roll     0.84     16
  3.50     +0.57    35.93     br1_hip_roll     4.83     16
  4.00     -0.20    41.04     br1_hip_roll     8.30     16
  4.50     -0.00    30.80     fl1_hip_roll     8.15     16
  5.00     +0.33    29.71     fl1_hip_roll    10.54     16
  5.50     +0.57    27.99     fl1_hip_roll    12.04     16
  6.00     +0.77    38.89     fr1_hip_roll     4.88     16
  6.50     +0.44    47.07     fr1_hip_roll     5.22     16
  7.00     -1.45    16.20   fr3_knee_pitch     1.90     16
  7.50     -1.53    15.59   bl3_knee_pitch     0.62     16
  8.00     -1.27    15.21   fl3_knee_pitch     0.21     16
  8.50     -1.18    15.55   fl3_knee_pitch     0.01     16
  9.00     -1.17    15.86   fl3_knee_pitch     0.03     16
  9.50     -1.16    16.59   fl3_knee_pitch     0.03     16
 10.00     -1.11    10.51   fl3_knee_pitch     0.30     16
 10.50     -1.12    10.31   fl3_knee_pitch     0.10     16
 11.00     -1.11    10.17   fl3_knee_pitch     0.03     16
 11.50     -1.10    10.03   fl3_knee_pitch     0.01     16

📊 時間序列已存到 /home/robot/m_logs/M6_20260909_161150.json（4391 KB）
📄 完整輸出已存到 /home/robot/m_logs/M6_20260909_161150.log
