M6 —— 承重狀態唯讀擷取（不寫入、不凍結、不需 sudo）

標籤 ref_turn_right　全程錄製　12.0 秒 @ 500 Hz
● 錄製中 —— 最長 12 秒。**現在可以動遙控器了。**
  （Ctrl-C 可提前結束並保留資料）

    0.0s  最大|τ|   9.57  最大|v|  0.00  帶增益的關節 16/16
    1.0s  最大|τ|   9.54  最大|v|  0.00  帶增益的關節 16/16
    2.0s  最大|τ|   9.57  最大|v|  0.01  帶增益的關節 16/16
    3.0s  最大|τ|  26.72  最大|v|  3.59  帶增益的關節 16/16
    4.0s  最大|τ|  27.29  最大|v|  5.62  帶增益的關節 16/16
    5.0s  最大|τ|  27.35  最大|v|  4.58  帶增益的關節 16/16
    6.0s  最大|τ|  19.61  最大|v|  7.35  帶增益的關節 16/16
    7.0s  最大|τ|  25.96  最大|v|  5.36  帶增益的關節 16/16
    8.0s  最大|τ|  17.15  最大|v| 10.33  帶增益的關節 16/16
    9.0s  最大|τ|  30.02  最大|v|  3.70  帶增益的關節 16/16
   10.0s  最大|τ|  31.06  最大|v|  3.53  帶增益的關節 16/16
   11.0s  最大|τ|  39.86  最大|v|  4.68  帶增益的關節 16/16

錄到 6000 筆 / 12.00 秒 @ 500 Hz　joint_state 心跳 1000/s

==============================================================================
① 原廠的增益：全程固定，還是有排程？
==============================================================================
關節                                   kp                 kd            前饋 effort
fl1_hip_roll            60.0 → 250.0 ★變     1.00 → 5.00 ★變               -0.000
fl2_hip_pitch          120.0 → 250.0 ★變     1.00 → 5.00 ★變               -0.000
fl3_knee_pitch         120.0 → 250.0 ★變     1.00 → 5.00 ★變               +0.000
fl4_foot                  0.0 → 20.0 ★變               0.10   -0.232 → +0.066 ★變
fr1_hip_roll            60.0 → 250.0 ★變     1.00 → 5.00 ★變               -0.000
fr2_hip_pitch          120.0 → 250.0 ★變     1.00 → 5.00 ★變               +0.000
fr3_knee_pitch         120.0 → 250.0 ★變     1.00 → 5.00 ★變               -0.000
fr4_foot                  0.0 → 20.0 ★變               0.10   -0.342 → +0.149 ★變
bl1_hip_roll            60.0 → 250.0 ★變     1.00 → 5.00 ★變               +0.000
bl2_hip_pitch          120.0 → 250.0 ★變     1.00 → 5.00 ★變               -0.000
bl3_knee_pitch         120.0 → 250.0 ★變     1.00 → 5.00 ★變               +0.000
bl4_foot                  0.0 → 20.0 ★變               0.10   -0.340 → +0.201 ★變
br1_hip_roll            60.0 → 250.0 ★變     1.00 → 5.00 ★變               +0.000
br2_hip_pitch          120.0 → 250.0 ★變     1.00 → 5.00 ★變               +0.000
br3_knee_pitch         120.0 → 250.0 ★變     1.00 → 5.00 ★變               -0.000
br4_foot                  0.0 → 20.0 ★變               0.10   -0.289 → +0.157 ★變

   ★ 16 個關節的增益在過程中**變過** → 原廠有增益排程，
     我們的單一 kp 複製不了它。要看時間序列才知道怎麼排。
   ✅ **腿關節的前饋 effort 全程為 0 → 原廠是純 PD。**
      承重時追蹤誤差之所以小，是因為 kp 高，不是因為有前饋。
   ℹ️ 輪子有前饋（4 顆），量級可對照實測輪摩擦 0.15~0.20 N·m

==============================================================================
② 力矩包絡（控制器座標系）—— **保護門檻要照這個訂，不是照靜態值**
==============================================================================
關節                   峰值|τ|      發生於      結束時τ      峰值/結束
fl1_hip_roll         32.54    4.21s     -7.15       4.6x
fl2_hip_pitch        16.49    3.67s     +5.25       3.1x
fl3_knee_pitch       32.96    3.44s     +9.01       3.7x
fr1_hip_roll         60.48    5.50s    +19.78       3.1x
fr2_hip_pitch        16.69    2.50s     +3.59       4.6x
fr3_knee_pitch       29.22    3.35s    +12.07       2.4x
bl1_hip_roll         57.14    7.87s    -19.13       3.0x
bl2_hip_pitch        21.70    7.86s     -0.66      33.1x
bl3_knee_pitch       25.66    3.35s    -10.46       2.5x
br1_hip_roll         30.69    4.25s     +6.16       5.0x
br2_hip_pitch        21.07    3.45s     -6.97       3.0x
br3_knee_pitch       36.53    6.46s    -11.40       3.2x

   全部腿關節的峰值 |τ| = **60.48 N·m**
   → 我們自己做同樣動作時，力矩保護至少要 91 N·m
   （目前 M5 的門檻是 ABAD 10 / HIP 8 / KNEE 7，是照**吊掛**訂的）

==============================================================================
③ 時間軸（每 0.5 秒一列）
==============================================================================
     t   機身pitch    最大|τ|              在哪顆    最大|v|     帶增益
  0.00     -1.87     9.57   bl3_knee_pitch     0.00     16
  0.50     -1.87     9.52   bl3_knee_pitch     0.00     16
  1.00     -1.87     9.54   bl3_knee_pitch     0.00     16
  1.50     -1.87     9.56   bl3_knee_pitch     0.00     16
  2.00     -1.87     9.57   bl3_knee_pitch     0.01     16
  2.50     -1.88    24.59   fr3_knee_pitch     0.94     16
  3.00     -2.02    26.72     fr1_hip_roll     3.59     16
  3.50     -1.98    29.11   br3_knee_pitch    10.58     16
  4.00     -2.76    28.07     bl1_hip_roll     5.73     16
  4.50     -2.00    32.49   br3_knee_pitch     3.61     16
  5.00     -1.12    27.29     fl1_hip_roll     4.69     16
  5.50     -1.18    60.48     fr1_hip_roll     9.98     16
  6.00     -1.56    20.16     bl1_hip_roll     6.83     16
  6.50     -0.82    32.28   br3_knee_pitch     3.77     16
  7.00     +0.34    27.32     fl1_hip_roll     8.87     16
  7.50     -0.87    55.84     fr1_hip_roll    10.60     16
  8.00     -1.31    14.33   fr3_knee_pitch     9.21     16
  8.50     -0.74    30.19   br3_knee_pitch     4.13     16
  9.00     -1.00    25.60     bl1_hip_roll     3.16     16
  9.50     -1.45    42.86     bl1_hip_roll     7.87     16
 10.00     -1.79    27.10   br3_knee_pitch     5.84     16
 10.50     -1.25    27.90   br3_knee_pitch     3.73     16
 11.00     -0.63    35.09     fr1_hip_roll     4.55     16
 11.50     -0.71    38.25     fr1_hip_roll     9.26     16

📊 時間序列已存到 /home/robot/m_logs/M6_20260909_161342.json（4412 KB）
📄 完整輸出已存到 /home/robot/m_logs/M6_20260909_161342.log
