M0 —— D1 Max 寫入前唯讀前提檢查
時間 2026-09-03 15:55:12   使用者 robot   uid=1000

============================================================
1. 結構檢查
============================================================
   joint_cmd    大小 1048576  權限 644  uid=0 gid=0
   joint_cmd    ✅ 16 顆關節名稱與順序正確
   joint_state  大小 1048576  權限 644  uid=0 gid=0
   joint_state  ✅ 16 顆關節名稱與順序正確

============================================================
2. 更新頻率（觀察到的變化次數／秒，為下限）
============================================================
   joint_cmd    2 秒內變化  2596 次 → ≥  1298.0 Hz   活的
   joint_state  2 秒內變化 35400 次 → ≥ 17700.0 Hz   活的

   參考：controller_manager update_rate = 1000 Hz；
        joint_shm_controller.joint_cmd_timeout = 500 ms
        → 我們接管後必須以「遠快於 2 Hz」的頻率持續寫，否則會觸發逾時。

============================================================
3. 目前的 joint_cmd（確認馬達是不是洩力）
============================================================
   關節                   p_des      kp      kd   tau_ff |       實測角      實測速      力矩     溫度
   fl1_hip_roll       -0.5230    0.00    0.00   -0.000 |   -0.7837  -0.0010   0.015   27.0
   fl2_hip_pitch       2.4430    0.00    0.00   -0.000 |    1.5639  -0.0010  -0.021   30.0
   fl3_knee_pitch      2.8030    0.00    0.00    0.000 |    0.0292  -0.0010  -0.046   31.0
   fl4_foot            0.0000    0.00    0.00   -0.000 |   -1.1389  -0.0023  -0.004   26.0
   fr1_hip_roll        0.5230    0.00    0.00   -0.000 |    1.1751  -0.0010   0.027   27.0
   fr2_hip_pitch      -2.4430    0.00    0.00    0.000 |   -1.5921  -0.0010  -0.027   31.0
   fr3_knee_pitch     -2.8030    0.00    0.00   -0.000 |   -0.0631  -0.0010  -0.009   31.0
   fr4_foot            0.0000    0.00    0.00    0.000 |   -1.4036  -0.0023   0.004   27.0
   bl1_hip_roll        0.5230    0.00    0.00    0.000 |    0.3580  -0.0010  -0.058   26.0
   bl2_hip_pitch      -2.4430    0.00    0.00   -0.000 |   -1.5524  -0.0010   0.052   30.0
   bl3_knee_pitch     -2.8030    0.00    0.00    0.000 |   -0.4026  -0.0010  -0.009   31.0
   bl4_foot            0.0000    0.00    0.00   -0.000 |   -0.2432  -0.0023   0.002   27.0
   br1_hip_roll       -0.5230    0.00    0.00    0.000 |   -0.1757  -0.0010  -0.027   27.0
   br2_hip_pitch       2.4430    0.00    0.00    0.000 |    1.2179  -0.0010  -0.021   31.0
   br3_knee_pitch      2.8030    0.00    0.00   -0.000 |    0.0883  -0.0010   0.009   31.0
   br4_foot            0.0000    0.00    0.00    0.000 |   -3.0936  -0.0023  -0.008   28.0

   ✅ 16 顆全部 kp=kd=tau_ff=0 → 馬達洩力中，凍結 mc_ctrl 不會有動作

============================================================
4. 權限與 mc_ctrl
============================================================
   mc_ctrl PID = 2428
   狀態 = S  （R/S=執行中, T=已凍結）
   ✅ sudo 免密碼可用

============================================================
結論
============================================================
   全部 ✅ 才進 M1_zero_write.py。任何一項 ❌ 先停下來回報。
   M0 全程唯讀，沒有對狗做任何改動。

📄 完整輸出已存到 /home/robot/m_logs/M0_20260903_155512.log
