M0 —— D1 Max 寫入前唯讀前提檢查
時間 2026-08-27 10:18:11   使用者 robot   uid=1000

============================================================
1. 結構檢查
============================================================
   joint_cmd    大小 1048576  權限 644  uid=0 gid=0
   joint_cmd    ✅ 16 顆關節名稱與順序正確
   joint_state  大小 1048576  權限 644  uid=0 gid=0
   joint_state  ✅ 16 顆關節名稱與順序正確

============================================================
2. 更新頻率（觀察到的變化次數／秒，為下限）
============================================================
   joint_cmd    2 秒內變化  2646 次 → ≥  1323.0 Hz   活的
   joint_state  2 秒內變化 36180 次 → ≥ 18090.0 Hz   活的

   參考：controller_manager update_rate = 1000 Hz；
        joint_shm_controller.joint_cmd_timeout = 500 ms
        → 我們接管後必須以「遠快於 2 Hz」的頻率持續寫，否則會觸發逾時。

============================================================
3. 目前的 joint_cmd（確認馬達是不是洩力）
============================================================
   關節                   p_des      kp      kd   tau_ff |       實測角      實測速      力矩     溫度
   fl1_hip_roll       -0.5230    0.00    0.00   -0.000 |   -0.4549  -0.0010  -0.101   25.0
   fl2_hip_pitch       2.4430    0.00    0.00   -0.000 |    1.6302  -0.0010  -0.027   25.0
   fl3_knee_pitch      2.8030    0.00    0.00    0.000 |    0.2787  -0.0010  -0.009   25.0
   fl4_foot            0.0000    0.00    0.00   -0.000 |    1.3800  -0.0023  -0.005   25.0
   fr1_hip_roll        0.5230    0.00    0.00   -0.000 |    0.5304  -0.0010  -0.034   25.0
   fr2_hip_pitch      -2.4430    0.00    0.00    0.000 |   -1.6352  -0.0010   0.003   25.0
   fr3_knee_pitch     -2.8030    0.00    0.00   -0.000 |   -0.2913  -0.0010  -0.052   25.0
   fr4_foot            0.0000    0.00    0.00    0.000 |   -1.0107  -0.0023  -0.008   25.0
   bl1_hip_roll        0.5230    0.00    0.00    0.000 |    0.4427  -0.0010   0.052   25.0
   bl2_hip_pitch      -2.4430    0.00    0.00   -0.000 |   -1.5787  -0.0010   0.015   25.0
   bl3_knee_pitch     -2.8030    0.00    0.00    0.000 |   -0.2024  -0.0010   0.021   25.0
   bl4_foot            0.0000    0.00    0.00   -0.000 |    0.0570  -0.0023  -0.002   25.0
   br1_hip_roll       -0.5230    0.00    0.00    0.000 |   -0.5152  -0.0010   0.003   25.0
   br2_hip_pitch       2.4430    0.00    0.00    0.000 |    1.5997  -0.0010   0.015   25.0
   br3_knee_pitch      2.8030    0.00    0.00   -0.000 |    0.2222  -0.0010   0.015   25.0
   br4_foot            0.0000    0.00    0.00    0.000 |    1.1450  -0.0023  -0.001   25.0

   ✅ 16 顆全部 kp=kd=tau_ff=0 → 馬達洩力中，凍結 mc_ctrl 不會有動作

============================================================
4. 權限與 mc_ctrl
============================================================
   mc_ctrl PID = 2425
   狀態 = S  （R/S=執行中, T=已凍結）
   ✅ sudo 免密碼可用

============================================================
結論
============================================================
   全部 ✅ 才進 M1_zero_write.py。任何一項 ❌ 先停下來回報。
   M0 全程唯讀，沒有對狗做任何改動。

📄 完整輸出已存到 /home/robot/m_logs/M0_20260827_101811.log
