M1 —— 零出力寫入測試
✅ 結構檢查通過（16 顆關節名稱與順序正確）
✅ mc_ctrl PID=2428 狀態=S
✅ 已 SIGSTOP 凍結 mc_ctrl，狀態=T（T=已凍結）

以 200 Hz 寫入零增益指令 3.0 秒 （p_des = 實測角度、v=0、tau_ff=0、kp=0、kd=0）…

共寫入 600 輪

關節                  原本 p_des       我們寫的       現在讀回    kp    kd |     最大|速度|     最大|力矩|
fl1_hip_roll         -0.5230    -1.1465     0.0000   0.0   0.0 |     0.0010     0.0153
fl2_hip_pitch         2.4430     1.3640     0.0000   0.0   0.0 |     0.0030     0.0031
fl3_knee_pitch        2.8030     0.0666     0.0000   0.0   0.0 |     0.0010     0.0153
fl4_foot              0.0000    -2.9704     0.0000   0.0   0.0 |     0.0023     0.0023
fr1_hip_roll          0.5230     1.0676     0.0000   0.0   0.0 |     0.0010     0.0031
fr2_hip_pitch        -2.4430    -1.2896     0.0000   0.0   0.0 |     0.0010     0.0275
fr3_knee_pitch       -2.8030    -0.0193     0.0000   0.0   0.0 |     0.0010     0.0031
fr4_foot              0.0000     1.2957     0.0000   0.0   0.0 |     0.0023     0.0038
bl1_hip_roll          0.5230     1.0370     0.0000   0.0   0.0 |     0.0010     0.0275
bl2_hip_pitch        -2.4430    -1.2747     0.0000   0.0   0.0 |     0.0010     0.0092
bl3_knee_pitch       -2.8030    -0.0013     0.0000   0.0   0.0 |     0.0010     0.0763
bl4_foot              0.0000    -1.0107     0.0000   0.0   0.0 |     0.0023     0.0099
br1_hip_roll         -0.5230    -1.0641     0.0000   0.0   0.0 |     0.0010     0.0336
br2_hip_pitch         2.4430     1.2934     0.0000   0.0   0.0 |     0.0010     0.0397
br3_knee_pitch        2.8030     0.0269     0.0000   0.0   0.0 |     0.0010     0.0824
br4_foot              0.0000    -1.9877     0.0000   0.0   0.0 |     0.0023     0.0038

寫入後讀回相符：0/16
全機最大速度 0.0030 rad/s、最大力矩 0.0824 N·m

⚠️ 有欄位沒寫進去或被別人蓋掉 —— 檢查 mc_ctrl 是否真的凍住了。

（要確認 controller 有把我們的值讀走，請在另一台電腦同時跑：
  ros2 topic echo /joint_shm_controller/joint_cmd_echo --once ）
✅ 已 SIGCONT 解凍 mc_ctrl，狀態=S

📄 完整輸出已存到 /home/robot/m_logs/M1_20260825_145845.log
