M2 —— 單顆輪馬達驅動
   目標關節 fl4_foot（index 3）
   v_des=-0.3 rad/s  kd=1.5  tau_ff=0.0 N·m  kp=0（不做位置控制）
   保護：|v|>3.0 rad/s 或 |tau|>5.0 N·m 或 2.0s 逾時 → 立刻歸零

   ⚠️ 確認狗肚子已墊高、四輪完全離地，且手邊有急停。

✅ 結構檢查通過
✅ 16 顆全部洩力中
✅ mc_ctrl PID=2429 狀態=S
✅ 已凍結 mc_ctrl（狀態=T）

起始角度 0.4545 rad
每輪 payload 寫完後同步心跳時戳（缺心跳會被 controller 判定過期而清零）

  t(s)      累積轉角      速度欄位        力矩
  0.00    0.0000   -0.0023   -0.0053
  0.20   -0.0355   -0.0618   -0.4067
  0.40   -0.0404   -0.0298   -0.4036
  0.61   -0.0591   -0.3227    0.0114
  0.81   -0.1110   -0.0847   -0.2998
  1.02   -0.1255   -0.0984   -0.3182
  1.22   -0.1736   -0.1900   -0.2037
  1.42   -0.2052   -0.1717   -0.2068
  1.62   -0.2541   -0.0847   -0.3365
  1.82   -0.2705   -0.1259   -0.2693
✅ 已 SIGCONT 解凍 mc_ctrl，狀態=S

========================================================
心跳時戳 3576148 → 3578148（+2000 / 2.000s = 約 1000/s，實機應接近 1000/s）
平均角速度（由角度差分）-0.1583 rad/s　追蹤率 53%（目標 -0.3）
穩態摩擦力矩推估 τ_f = kd·(v_des − v) = -0.2125 N·m
最大速度 0.5058 rad/s（velocity 欄位，僅供參考）   最大力矩 0.4448 N·m
角度變化 -0.3166 rad（-18.14°）

★★★ 輪子轉了 —— D1 Max 的底層單顆馬達控制實機驗證成功。

📄 完整輸出已存到 /home/robot/m_logs/M2_20260826_114149.log
