M2 —— 單顆輪馬達驅動
   目標關節 fl4_foot（index 3）
   v_des=0.3 rad/s  kd=1.5  tau_ff=0.0 N·m  kp=0（不做位置控制）
   保護：|v|>3.0 rad/s 或 |tau|>5.0 N·m 或 2.0s 逾時 → 立刻歸零

   ⚠️ 確認狗肚子已墊高、四輪完全離地，且手邊有急停。

✅ 結構檢查通過
✅ 16 顆全部洩力中
✅ mc_ctrl PID=2429 狀態=S
✅ 已凍結 mc_ctrl（狀態=T）

起始角度 0.1581 rad
每輪 payload 寫完後同步心跳時戳（缺心跳會被 controller 判定過期而清零）

  t(s)      累積轉角      速度欄位        力矩
  0.00    0.0000   -0.0023    0.0069
  0.20    0.0290    0.3319   -0.0526
  0.40    0.0622    0.0023    0.4082
  0.61    0.0740    0.1534    0.1991
  0.81    0.1194    0.2357    0.0435
  1.01    0.1480    0.0481    0.3639
  1.21    0.1564    0.1671    0.2144
  1.42    0.2071    0.1396    0.2312
  1.63    0.2358    0.0938    0.2724
  1.83    0.2808    0.0893    0.3517
✅ 已 SIGCONT 解凍 mc_ctrl，狀態=S

========================================================
心跳時戳 3554992 → 3556992（+2000 / 2.000s = 約 1000/s，實機應接近 1000/s）
平均角速度（由角度差分）0.1499 rad/s　追蹤率 50%（目標 0.3）
穩態摩擦力矩推估 τ_f = kd·(v_des − v) = 0.2251 N·m
最大速度 0.3914 rad/s（velocity 欄位，僅供參考）   最大力矩 0.4387 N·m
角度變化 +0.2998 rad（+17.18°）

★★★ 輪子轉了 —— D1 Max 的底層單顆馬達控制實機驗證成功。

📄 完整輸出已存到 /home/robot/m_logs/M2_20260826_114128.log
