M3 —— 多顆輪馬達巡迴（錄影用）
   順序　　右前輪(fr4_foot) → 左後輪(bl4_foot) → 右後輪(br4_foot)
   每顆　　4.0 秒　倒數 3 秒　間隔 2.0 秒　→ 預估總凍結 25.0 秒
   參數　　v_des=0.3 rad/s  kd=1.5  tau_ff=0.0  kp=0
   保護　　|v|>3.0 rad/s、|tau|>5.0 N·m、總凍結 >90s

   ⚠️ 狗肚子墊高、四輪完全離地、急停在手邊。

✅ 結構檢查通過
✅ 16 顆全部洩力中
✅ mc_ctrl PID=2428 狀態=S
✅ 已凍結 mc_ctrl（狀態=T）

────────────────────────────────────────────────────────
  [1/3]  右前輪　fr4_foot
────────────────────────────────────────────────────────
     3…
     2…
     1…
     t=  0.0s  角度   2.0541  力矩 -0.0069
     t=  1.0s  角度   2.2654  力矩  0.2144
     t=  2.0s  角度   2.4825  力矩  0.1518
     t=  3.0s  角度   2.6991  力矩  0.1045
     → 轉了 +0.8610 rad（+49.33°）　平均 0.2152 rad/s

────────────────────────────────────────────────────────
  [2/3]  左後輪　bl4_foot
────────────────────────────────────────────────────────
     3…
     2…
     1…
     t=  0.0s  角度   0.2371  力矩 -0.0038
     t=  1.0s  角度   0.4229  力矩  0.2556
     t=  2.0s  角度   0.5972  力矩  0.2709
     t=  3.0s  角度   0.7948  力矩  0.0648
     → 轉了 +0.7206 rad（+41.29°）　平均 0.1801 rad/s

────────────────────────────────────────────────────────
  [3/3]  右後輪　br4_foot
────────────────────────────────────────────────────────
     3…
     2…
     1…
     t=  0.0s  角度   0.2707  力矩  0.0069
     t=  1.0s  角度   0.4511  力矩  0.0343
     t=  2.0s  角度   0.6514  力矩  0.1579
     t=  3.0s  角度   0.8589  力矩  0.2113
     → 轉了 +0.8000 rad（+45.83°）　平均 0.2000 rad/s

✅ 已 SIGCONT 解凍 mc_ctrl，狀態=S

========================================================================
總凍結時間 26.0 秒

輪子              秒         角度變化        平均速度       平均力矩       最大力矩       摩擦推估
右前輪           4.0   +0.8610 rad      0.2152     0.1237     0.4616     0.1271
左後輪           4.0   +0.7206 rad      0.1801     0.1743     0.5226     0.1798
右後輪           4.0   +0.8000 rad      0.2000     0.1530     0.3899     0.1500

轉起來的：3/3
★★★ 全部驅動成功。

摩擦推估 0.127 ~ 0.180 N·m（平均 0.152）→ 可拿去填 MJCF 的 frictionloss

📄 完整輸出已存到 /home/robot/m_logs/M3_20260825_154206.log
