M4 —— 姿勢擷取與座標換算驗證（唯讀）

擷取姿勢「stand_knee_back」—— 2.0 秒 @ 50 Hz
備註：膝關節切換後，後腿往後彎
⚠️ 這段期間請不要碰狗，也不要動遙控器。

已存 /home/robot/m_logs/pose_stand_knee_back.json（99 筆取樣）

關節                     實測馬達角       標準差
fl1_hip_roll         -0.5613   0.00000
fl2_hip_pitch         1.8984   0.00000
fl3_knee_pitch        1.6222   0.00000
fl4_foot             -2.4683   0.00000
fr1_hip_roll          0.5636   0.00000
fr2_hip_pitch        -1.8957   0.00000
fr3_knee_pitch       -1.6337   0.00000
fr4_foot             -2.7873   0.00000
bl1_hip_roll          0.5797   0.00000
bl2_hip_pitch        -3.0303   0.00000
bl3_knee_pitch       -4.0541   0.00000
bl4_foot              1.3094   0.00000
br1_hip_roll         -0.5808   0.00000
br2_hip_pitch         3.0257   0.00000
br3_knee_pitch        4.0347   0.00000
br4_foot             -0.5854   0.00000

最大標準差 0.00000 rad　✅ 夠穩，資料可信

IMU 加速度 +0.2883 -0.0557 +9.8556　|a| = 9.8599 m/s²
  以 xyzw 解：roll   +0.26°　pitch   -3.12°
  以 wxyz 解：roll  -14.80°　pitch   +3.12°
  → 狗站在平地上時，正確的那個解 roll/pitch 應該都接近 0

======================================================================
換算式比對：把實測馬達角反推成控制器角，看哪一種對得上文件姿勢
======================================================================

換算式                          候選姿勢                               RMS 殘差(rad)
V1  馬達 = sign×控制 + off       stand（僅模擬版有）｜後腿往後彎                      0.0417  ★
V1  馬達 = sign×控制 + off       rl_default（實機檔有）｜後腿往後彎                  0.2192
V1  馬達 = sign×控制 + off       liedown（僅模擬版有）｜後腿往後彎                    0.8408
V1  馬達 = sign×控制 + off       stand（僅模擬版有）｜後腿往前彎(預設)                  1.1085
V1  馬達 = sign×控制 + off       rl_default（實機檔有）｜後腿往前彎(預設)              1.2655
V1  馬達 = sign×控制 + off       liedown（僅模擬版有）｜後腿往前彎(預設)                1.7998
V4  馬達 = 控制 + sign×off       liedown（僅模擬版有）｜後腿往前彎(預設)                2.4311
V4  馬達 = 控制 + sign×off       rl_default（實機檔有）｜後腿往前彎(預設)              2.6379

最接近：V1  馬達 = sign×控制 + off　＋　stand（僅模擬版有）｜後腿往後彎　RMS 0.0417 rad（2.39°）
★ 換算式與姿勢對上了。逐項對照：

關節                      反推控制器角       文件值         差
fl1_hip_roll            0.0383      0.00   +0.0383
fr1_hip_roll           -0.0406      0.00   -0.0406
bl1_hip_roll            0.0567      0.00   +0.0567
br1_hip_roll           -0.0578      0.00   -0.0578

fl2_hip_pitch           0.5446      0.60   -0.0554
fr2_hip_pitch           0.5473      0.60   -0.0527
bl2_hip_pitch           0.5873      0.60   -0.0127
br2_hip_pitch           0.5827      0.60   -0.0173

fl3_knee_pitch         -1.1808     -1.20   +0.0192
fr3_knee_pitch         -1.1693     -1.20   +0.0307
bl3_knee_pitch         -1.2511     -1.20   -0.0511
br3_knee_pitch         -1.2317     -1.20   -0.0317


📄 完整輸出已存到 /home/robot/m_logs/M4_20260825_162643.log
