M4 —— 姿勢擷取與座標換算驗證（唯讀）

擷取姿勢「lie_knee_front」—— 2.0 秒 @ 50 Hz
備註：趴下鍵
⚠️ 這段期間請不要碰狗，也不要動遙控器。

已存 /home/robot/m_logs/pose_lie_knee_front.json（98 筆取樣）

關節                     實測馬達角       標準差
fl1_hip_roll         -0.9779   0.00000
fl2_hip_pitch         1.2472   0.00000
fl3_knee_pitch        0.0032   0.00000
fl4_foot              1.6337   0.00000
fr1_hip_roll          1.0142   0.00000
fr2_hip_pitch        -1.2625   0.00000
fr3_knee_pitch       -0.0017   0.00000
fr4_foot             -0.9611   0.00000
bl1_hip_roll          1.0485   0.00000
bl2_hip_pitch        -1.2869   0.00000
bl3_knee_pitch       -0.0166   0.00000
bl4_foot             -2.5015   0.00000
br1_hip_roll         -1.0683   0.00000
br2_hip_pitch         1.2972   0.00000
br3_knee_pitch        0.0006   0.00000
br4_foot              2.9837   0.00000

最大標準差 0.00000 rad　✅ 夠穩，資料可信

IMU 加速度 +0.2399 +0.1491 +9.8730　|a| = 9.8771 m/s²
  以 xyzw 解：roll   +1.41°　pitch   -2.79°
  以 wxyz 解：roll  -21.41°　pitch   +2.79°
  → 狗站在平地上時，正確的那個解 roll/pitch 應該都接近 0

======================================================================
換算式比對：把實測馬達角反推成控制器角，看哪一種對得上文件姿勢
======================================================================

換算式                          候選姿勢                               RMS 殘差(rad)
V1  馬達 = sign×控制 + off       liedown（僅模擬版有）｜後腿往前彎(預設)                0.3945
V1  馬達 = sign×控制 + off       rl_default（實機檔有）｜後腿往前彎(預設)              0.8318
V1  馬達 = sign×控制 + off       stand（僅模擬版有）｜後腿往前彎(預設)                  1.0218
V4  馬達 = 控制 + sign×off       liedown（僅模擬版有）｜後腿往前彎(預設)                1.1766
V4  馬達 = 控制 + sign×off       rl_default（實機檔有）｜後腿往前彎(預設)              1.5582
V4  馬達 = 控制 + sign×off       stand（僅模擬版有）｜後腿往前彎(預設)                  1.7174
V1  馬達 = sign×控制 + off       stand（僅模擬版有）｜後腿往後彎                      1.9339
V1  馬達 = sign×控制 + off       rl_default（實機檔有）｜後腿往後彎                  2.0249

最接近：V1  馬達 = sign×控制 + off　＋　liedown（僅模擬版有）｜後腿往前彎(預設)　RMS 0.3945 rad（22.60°）
⚠️ 沒有任何組合對得上（RMS 都太大）。
   可能是：遙控器的站姿不是文件裡任何一組、或換算式根本不是這四種。
   → 請再擷取第二個姿勢，用 --analyze 直接解 sign/offset，不要靠假說。

關節                      反推控制器角       文件值         差
fl1_hip_roll            0.4549      0.00   +0.4549
fr1_hip_roll           -0.4912      0.00   -0.4912
bl1_hip_roll            0.5255      0.00   +0.5255
br1_hip_roll           -0.5453      0.00   -0.5453

fl2_hip_pitch           1.1958      1.40   -0.2042
fr2_hip_pitch           1.1805      1.40   -0.2195
bl2_hip_pitch          -1.1561     -1.40   +0.2439
br2_hip_pitch          -1.1458     -1.40   +0.2542

fl3_knee_pitch         -2.7998     -2.40   -0.3998
fr3_knee_pitch         -2.8013     -2.40   -0.4013
bl3_knee_pitch          2.7864      2.40   +0.3864
br3_knee_pitch          2.8024      2.40   +0.4024


📄 完整輸出已存到 /home/robot/m_logs/M4_20260825_162804.log
