M4 —— 姿勢擷取與座標換算驗證（唯讀）

擷取姿勢「hang_v2」—— 2.0 秒 @ 50 Hz
備註：腳伸直後，機身略歪
⚠️ 這段期間請不要碰狗，也不要動遙控器。

已存 /home/robot/m_logs/pose_hang_v2.json（99 筆取樣）

關節                     實測馬達角       標準差
fl1_hip_roll         -0.1471   0.00000
fl2_hip_pitch         2.4115   0.00000
fl3_knee_pitch        2.6511   0.00000
fl4_foot              0.1223   0.00000
fr1_hip_roll          0.3901   0.00000
fr2_hip_pitch        -2.4374   0.00000
fr3_knee_pitch       -2.7274   0.00000
fr4_foot              0.9478   0.00000
bl1_hip_roll          0.1749   0.00000
bl2_hip_pitch        -2.1777   0.00000
bl3_knee_pitch       -2.3497   0.00000
bl4_foot              0.5705   0.00000
br1_hip_roll         -0.3500   0.00000
br2_hip_pitch         2.4794   0.00000
br3_knee_pitch        2.7670   0.00000
br4_foot             -0.1219   0.00000

最大標準差 0.00000 rad　✅ 夠穩，資料可信

IMU 加速度 +0.2271 +1.1318 +9.8462　|a| = 9.9137 m/s²
  以 xyzw 解：roll   +7.10°　pitch   -2.65°
  以 wxyz 解：roll +137.53°　pitch   +2.65°
  → 狗站在平地上時，正確的那個解 roll/pitch 應該都接近 0

======================================================================
換算式比對：把實測馬達角反推成控制器角，看哪一種對得上文件姿勢
======================================================================

換算式                          候選姿勢                               RMS 殘差(rad)
V1  馬達 = sign×控制 + off       stand（僅模擬版有）｜後腿往前彎(預設)                  0.6940
V1  馬達 = sign×控制 + off       stand（僅模擬版有）｜後腿往後彎                      0.8503
V1  馬達 = sign×控制 + off       rl_default（實機檔有）｜後腿往前彎(預設)              0.8945
V1  馬達 = sign×控制 + off       rl_default（實機檔有）｜後腿往後彎                  1.0516
V1  馬達 = sign×控制 + off       liedown（僅模擬版有）｜後腿往前彎(預設)                1.5087
V1  馬達 = sign×控制 + off       liedown（僅模擬版有）｜後腿往後彎                    1.6656
V4  馬達 = 控制 + sign×off       liedown（僅模擬版有）｜後腿往前彎(預設)                2.1687
V4  馬達 = 控制 + sign×off       rl_default（實機檔有）｜後腿往前彎(預設)              2.4070

最接近：V1  馬達 = sign×控制 + off　＋　stand（僅模擬版有）｜後腿往前彎(預設)　RMS 0.6940 rad（39.76°）
⚠️ 沒有任何組合對得上（RMS 都太大）。
   可能是：遙控器的站姿不是文件裡任何一組、或換算式根本不是這四種。
   → 請再擷取第二個姿勢，用 --analyze 直接解 sign/offset，不要靠假說。

關節                      反推控制器角       文件值         差
fl1_hip_roll           -0.3759      0.00   -0.3759
fr1_hip_roll            0.1329      0.00   +0.1329
bl1_hip_roll           -0.3481      0.00   -0.3481
br1_hip_roll            0.1730      0.00   +0.1730

fl2_hip_pitch           0.0315      0.60   -0.5685
fr2_hip_pitch           0.0056      0.60   -0.5944
bl2_hip_pitch          -0.2653     -0.60   +0.3347
br2_hip_pitch           0.0364     -0.60   +0.6364

fl3_knee_pitch         -0.1519     -1.20   +1.0481
fr3_knee_pitch         -0.0756     -1.20   +1.1244
bl3_knee_pitch          0.4533      1.20   -0.7467
br3_knee_pitch          0.0360      1.20   -1.1640


📄 完整輸出已存到 /home/robot/m_logs/M4_20260826_111022.log
