M5 —— 腿關節驅動與姿勢控制

⚠️⚠️ 這支會驅動腿關節。確認：狗已吊掛、機身懸空、四腿自由不觸地、手邊有急停。

✅ 已載入預演對照表 /home/robot/hang_torque_ref.json
✅ 結構檢查通過（16 個關節名與順序相符）
✅ 16 顆全部洩力中
✅ mc_ctrl PID=2429 狀態=S

目標：stand　控制關節 3 個　kp=40.0 kd=1.5　移動 4.0s　維持 3.0s
力矩保護：預演建議值（3/3 個關節取到，其餘退回 25.0）　fl1_hip_roll=10　fl2_hip_pitch=8　fl3_knee_pitch=7

關節                     起始(控制器)       目標(控制器)        Δ      目標(馬達)                 限位      預演τ
fl1_hip_roll           -0.3759        0.0000  +0.3759     -0.5230    [-0.523,+0.697]     6.09
fl2_hip_pitch           0.0315        0.6000  +0.5685      1.8430    [-2.442,+2.791]     2.56
fl3_knee_pitch         -0.1519       -1.2000  -1.0481      1.6030    [-2.791,+2.791]    -2.90

✅ 起點與目標都在機構限位內（含餘裕）
   起始角 vs 預演自然下垂：最大差 fl3_knee_pitch -0.1526 rad　✅ 相符
   預測最大下垂 fl1_hip_roll +0.1522 rad（+8.7°）　= 預演τ / kp(40.0)

✅ 已凍結 mc_ctrl（狀態=T）
每輪 payload 寫完後同步心跳；第一幀就帶指令，中間沒有空窗

  t(s)        階段     kp     最大|誤差|    最大|τ|               關節
  0.00   RAMP_UP   0.00     0.0000    0.040   fl3_knee_pitch
  0.25   RAMP_UP   5.00     0.0000    0.034   fl3_knee_pitch
  0.51   RAMP_UP  10.11     0.0000    0.046   fl3_knee_pitch
  0.76   RAMP_UP  15.20     0.0000    0.064    fl2_hip_pitch
  1.01   RAMP_UP  20.21     0.0000    0.070    fl2_hip_pitch
  1.27   RAMP_UP  25.30     0.0000    0.089    fl2_hip_pitch
  1.52   RAMP_UP  30.30     0.0000    0.058     fl1_hip_roll
  1.77   RAMP_UP  35.30     0.0000    0.070    fl2_hip_pitch
  2.02      MOVE  40.00     0.0001    0.027     fl1_hip_roll
  2.28      MOVE  40.00     0.0118    0.510   fl3_knee_pitch
  2.53      MOVE  40.00     0.0416    1.633   fl3_knee_pitch
  2.78      MOVE  40.00     0.0587    1.968   fl3_knee_pitch
  3.03      MOVE  40.00     0.0617    2.231     fl1_hip_roll
  3.29      MOVE  40.00     0.0852    3.445     fl1_hip_roll
  3.54      MOVE  40.00     0.0907    3.214     fl1_hip_roll
  3.79      MOVE  40.00     0.0904    3.549     fl1_hip_roll
  4.04      MOVE  40.00     0.1042    4.105     fl1_hip_roll
  4.29      MOVE  40.00     0.1091    4.166     fl1_hip_roll
  4.54      MOVE  40.00     0.1192    4.752     fl1_hip_roll
  4.80      MOVE  40.00     0.1235    4.868     fl1_hip_roll
  5.05      MOVE  40.00     0.1336    5.240     fl1_hip_roll
  5.30      MOVE  40.00     0.1308    5.203     fl1_hip_roll
  5.55      MOVE  40.00     0.1404    5.600     fl1_hip_roll
  5.81      MOVE  40.00     0.1437    5.740     fl1_hip_roll
  6.06      HOLD  40.00     0.1299    5.161     fl1_hip_roll
  6.31      HOLD  40.00     0.1295    5.216     fl1_hip_roll
  6.56      HOLD  40.00     0.1295    5.216     fl1_hip_roll
  6.81      HOLD  40.00     0.1295    5.179     fl1_hip_roll
  7.07      HOLD  40.00     0.1295    5.136     fl1_hip_roll
  7.32      HOLD  40.00     0.1295    5.270     fl1_hip_roll
  7.57      HOLD  40.00     0.1295    5.191     fl1_hip_roll
  7.82      HOLD  40.00     0.1295    5.222     fl1_hip_roll
  8.08      HOLD  40.00     0.1295    5.228     fl1_hip_roll
  8.33      HOLD  40.00     0.1295    5.130     fl1_hip_roll
  8.58      HOLD  40.00     0.1295    5.191     fl1_hip_roll
  8.83      HOLD  40.00     0.1295    5.228     fl1_hip_roll
  9.09    RETURN  40.00     0.1291    5.173     fl1_hip_roll
  9.34    RETURN  40.00     0.1230    4.916     fl1_hip_roll
  9.59    RETURN  40.00     0.1097    4.422     fl1_hip_roll
  9.84    RETURN  40.00     0.0901    3.659     fl1_hip_roll
 10.10    RETURN  40.00     0.0657    2.676     fl1_hip_roll
 10.35    RETURN  40.00     0.0409    1.761     fl1_hip_roll
 10.60    RETURN  40.00     0.0346    1.877     fl1_hip_roll
 10.85    RETURN  40.00     0.0361    1.553     fl1_hip_roll
 11.10    RETURN  40.00     0.0245    1.151     fl1_hip_roll
 11.36    RETURN  40.00     0.0259    0.937     fl1_hip_roll
 11.61    RETURN  40.00     0.0302    0.784     fl1_hip_roll
 11.87    RETURN  40.00     0.0294    0.949    fl2_hip_pitch
 12.12    RETURN  40.00     0.0309    0.888    fl2_hip_pitch
 12.37    RETURN  40.00     0.0311    1.022    fl2_hip_pitch
 12.62    RETURN  40.00     0.0340    1.181    fl2_hip_pitch
 12.87    RETURN  40.00     0.0386    1.498    fl2_hip_pitch
 13.12 RAMP_DOWN  37.60     0.0401    1.523    fl2_hip_pitch
 13.38 RAMP_DOWN  32.50     0.0401    1.303    fl2_hip_pitch
 13.63 RAMP_DOWN  27.50     0.0404    1.071    fl2_hip_pitch
 13.88 RAMP_DOWN  22.50     0.0404    0.913    fl2_hip_pitch
 14.13 RAMP_DOWN  17.40     0.0404    0.735    fl2_hip_pitch
 14.38 RAMP_DOWN  12.39     0.0412    0.449   fl3_knee_pitch
 14.64 RAMP_DOWN   7.30     0.0412    0.351    fl2_hip_pitch
 14.89 RAMP_DOWN   2.30     0.0412    0.113    fl2_hip_pitch

==========================================================================
✅ 序列完整跑完

心跳 1882992 → 1897993（+15001 / 15.00s = 1000/s，實機應接近 1000/s）

==========================================================================
HOLD 期間統計（★ 主要證據：低 kp 下的下垂量 = 重力力矩 / kp）
==========================================================================
（角度、力矩全部已換算到**控制器座標系**，與 MJCF 同框，可以直接互比）
關節                     目標       實測        誤差      實測τ     kp×誤差      預演τ         判讀
fl1_hip_roll       0.0000  -0.1295   -0.1295   +5.179    +5.181   +6.087        ✅相符
fl2_hip_pitch      0.6000   0.5392   -0.0608   +2.445    +2.430   +2.563        ✅相符
fl3_knee_pitch    -1.2000  -1.1133   +0.0867   -3.501    -3.470   -2.897        ✅相符

★ 3 個關節的保持力矩與 MJCF 預演相符 —— 換算式、腿序、增益符號都通過交叉驗證。

==========================================================================
關節                     峰值誤差       峰值τ       峰值v      溫度
fl1_hip_roll        -0.1475    +5.936    -0.293    25.0
fl2_hip_pitch       -0.0723    +2.890    -0.384    25.0
fl3_knee_pitch      +0.1100    -4.294    +0.515    25.0

📊 機器可讀結果已存到 /home/robot/m_logs/M5_20260826_111336.json

==========================================================================
背景保持中：零增益保持（持續重寫指令與心跳）

零增益保持結束：0.0 秒內送出 1 幀（1849/s，目標 200/s）

✅ 已 SIGCONT 解凍 mc_ctrl，狀態=S

📄 完整輸出已存到 /home/robot/m_logs/M5_20260826_111336.log
