M5 —— 腿關節驅動與姿勢控制

⚠️⚠️ 這支會驅動腿關節。確認：狗已吊掛、機身懸空、四腿自由不觸地、手邊有急停。

✅ 已載入預演對照表 /home/robot/hang_torque_ref.json
✅ 結構檢查通過（16 個關節名與順序相符）
✅ 16 顆全部洩力中
✅ mc_ctrl PID=2429 狀態=S

目標：stand　控制關節 12 個　kp=40.0 kd=1.5　移動 4.0s　維持 3.0s
力矩保護：預演建議值（12/12 個關節取到，其餘退回 25.0）　fl1_hip_roll=10　fl2_hip_pitch=8　fl3_knee_pitch=7…

關節                     起始(控制器)       目標(控制器)        Δ      目標(馬達)                 限位      預演τ
fl1_hip_roll           -0.3645        0.0000  +0.3645     -0.5230    [-0.523,+0.697]     6.09
fl2_hip_pitch           0.0964        0.6000  +0.5036      1.8430    [-2.442,+2.791]     2.56
fl3_knee_pitch         -0.1992       -1.2000  -1.0008      1.6030    [-2.791,+2.791]    -2.90
fr1_hip_roll            0.1276        0.0000  -0.1276      0.5230    [-0.697,+0.523]    -6.09
fr2_hip_pitch           0.0326        0.6000  +0.5674     -1.8430    [-2.442,+2.791]     2.56
fr3_knee_pitch         -0.1016       -1.2000  -1.0984     -1.6030    [-2.791,+2.791]    -2.90
bl1_hip_roll           -0.3481        0.0000  +0.3481      0.5230    [-0.523,+0.697]     6.09
bl2_hip_pitch          -0.2653       -0.6000  -0.3347     -1.8430    [-2.791,+2.442]    -2.57
bl3_knee_pitch          0.4533        1.2000  +0.7467     -1.6030    [-2.791,+2.791]     2.90
br1_hip_roll            0.1730        0.0000  -0.1730     -0.5230    [-0.697,+0.523]    -6.08
br2_hip_pitch           0.0364       -0.6000  -0.6364      1.8430    [-2.791,+2.442]    -2.56
br3_knee_pitch          0.0360        1.2000  +1.1640      1.6030    [-2.791,+2.791]     2.90

✅ 起點與目標都在機構限位內（含餘裕）
   起始角 vs 預演自然下垂：最大差 bl3_knee_pitch +0.4525 rad　⚠️ 偏大，狗可能不是自由下垂（吊帶纏到腿？腳踩到東西？）
   預測最大下垂 fl1_hip_roll +0.1522 rad（+8.7°）　= 預演τ / kp(40.0)

✅ 已凍結 mc_ctrl（狀態=T）
每輪 payload 寫完後同步心跳；第一幀就帶指令，中間沒有空窗

  t(s)        階段     kp     最大|誤差|    最大|τ|               關節
  0.00   RAMP_UP   0.00     0.0000    0.058     fl1_hip_roll
  0.25   RAMP_UP   5.00     0.0000    0.064    fl2_hip_pitch
  0.50   RAMP_UP  10.00     0.0000    0.064     fr1_hip_roll
  0.75   RAMP_UP  15.01     0.0000    0.089     fr1_hip_roll
  1.01   RAMP_UP  20.10     0.0000    0.082     fr1_hip_roll
  1.26   RAMP_UP  25.20     0.0000    0.052    fl2_hip_pitch
  1.52   RAMP_UP  30.30     0.0000    0.070    fl2_hip_pitch
  1.77   RAMP_UP  35.40     0.0000    0.119     fl1_hip_roll
  2.02      MOVE  40.00     0.0001    0.125   fl3_knee_pitch
  2.28      MOVE  40.00     0.0131    0.516   br3_knee_pitch
  2.53      MOVE  40.00     0.0473    1.859   br3_knee_pitch
  2.78      MOVE  40.00     0.0835    2.713   fr3_knee_pitch
  3.03      MOVE  40.00     0.0764    2.322   bl3_knee_pitch
  3.28      MOVE  40.00     0.0812    3.189     fl1_hip_roll
  3.54      MOVE  40.00     0.1085    4.251     bl1_hip_roll
  3.79      MOVE  40.00     0.1059    3.928     bl1_hip_roll
  4.04      MOVE  40.00     0.1032    3.977     bl1_hip_roll
  4.29      MOVE  40.00     0.1191    4.514     bl1_hip_roll
  4.54      MOVE  40.00     0.1226    4.654     bl1_hip_roll
  4.80      MOVE  40.00     0.1312    5.142     bl1_hip_roll
  5.05      MOVE  40.00     0.1353    5.270     fl1_hip_roll
  5.31      MOVE  40.00     0.1328    5.167     bl1_hip_roll
  5.56      MOVE  40.00     0.1391    5.478     bl1_hip_roll
  5.81      MOVE  40.00     0.1393    5.545     fl1_hip_roll
  6.07      HOLD  40.00     0.1410    5.637     fl1_hip_roll
  6.32      HOLD  40.00     0.1410    5.612     fl1_hip_roll
  6.58      HOLD  40.00     0.1410    5.624     fl1_hip_roll
  6.83      HOLD  40.00     0.1410    5.679     fl1_hip_roll
  7.09      HOLD  40.00     0.1410    5.631     fl1_hip_roll
  7.34      HOLD  40.00     0.1410    5.667     fl1_hip_roll
  7.59      HOLD  40.00     0.1410    5.643     fl1_hip_roll
  7.84      HOLD  40.00     0.1410    5.704     fl1_hip_roll
  8.10      HOLD  40.00     0.1410    5.679     fl1_hip_roll
  8.35      HOLD  40.00     0.1410    5.649     fl1_hip_roll
  8.60      HOLD  40.00     0.1410    5.698     fl1_hip_roll
  8.86      HOLD  40.00     0.1410    5.600     fl1_hip_roll
  9.12    RETURN  40.00     0.1402    5.710     fl1_hip_roll
  9.37    RETURN  40.00     0.1333    5.319     fl1_hip_roll
  9.62    RETURN  40.00     0.1198    4.813     fl1_hip_roll
  9.87    RETURN  40.00     0.1110    4.434     fr1_hip_roll
 10.13    RETURN  40.00     0.1020    4.092     fr1_hip_roll
 10.38    RETURN  40.00     0.0920    3.677     fr1_hip_roll
 10.63    RETURN  40.00     0.0806    3.360     fr1_hip_roll
 10.88    RETURN  40.00     0.0683    2.646     fr1_hip_roll
 11.13    RETURN  40.00     0.0561    2.255     fr1_hip_roll
 11.39    RETURN  40.00     0.0437    1.736     fr1_hip_roll
 11.64    RETURN  40.00     0.0405    1.346     fr1_hip_roll
 11.89    RETURN  40.00     0.0414    1.352    fr2_hip_pitch
 12.14    RETURN  40.00     0.0416    1.108    fr2_hip_pitch
 12.40    RETURN  40.00     0.0517    2.054   fr3_knee_pitch
 12.65    RETURN  40.00     0.0390    1.212   br3_knee_pitch
 12.90    RETURN  40.00     0.0509    1.852   br3_knee_pitch
 13.15 RAMP_DOWN  37.00     0.0324    1.212   br3_knee_pitch
 13.40 RAMP_DOWN  32.00     0.0324    1.028   br3_knee_pitch
 13.65 RAMP_DOWN  27.00     0.0324    0.906   br3_knee_pitch
 13.91 RAMP_DOWN  21.90     0.0324    0.742   fl3_knee_pitch
 14.16 RAMP_DOWN  16.80     0.0328    0.516   br3_knee_pitch
 14.42 RAMP_DOWN  11.70     0.0328    0.394   fl3_knee_pitch
 14.67 RAMP_DOWN   6.60     0.0328    0.284   br3_knee_pitch
 14.93 RAMP_DOWN   1.50     0.0332    0.070    fl2_hip_pitch

==========================================================================
✅ 序列完整跑完

心跳 1956009 → 1971009（+15000 / 15.00s = 1000/s，實機應接近 1000/s）

==========================================================================
HOLD 期間統計（★ 主要證據：低 kp 下的下垂量 = 重力力矩 / kp）
==========================================================================
（角度、力矩全部已換算到**控制器座標系**，與 MJCF 同框，可以直接互比）
關節                     目標       實測        誤差      實測τ     kp×誤差      預演τ         判讀
fl1_hip_roll       0.0000  -0.1410   -0.1410   +5.668    +5.638   +6.087        ✅相符
fl2_hip_pitch      0.6000   0.5396   -0.0604   +2.412    +2.415   +2.563        ✅相符
fl3_knee_pitch    -1.2000  -1.1125   +0.0875   -3.528    -3.500   -2.897        ✅相符
fr1_hip_roll       0.0000   0.1249   +0.1249   -4.962    -4.997   -6.087        ✅相符
fr2_hip_pitch      0.6000   0.5476   -0.0524   +2.077    +2.094   +2.565        ✅相符
fr3_knee_pitch    -1.2000  -1.0961   +0.1039   -4.106    -4.156   -2.897        ✅相符
bl1_hip_roll       0.0000  -0.1371   -0.1371   +5.426    +5.486   +6.087        ✅相符
bl2_hip_pitch     -0.6000  -0.5339   +0.0661   -2.640    -2.644   -2.565        ✅相符
bl3_knee_pitch     1.2000   1.1182   -0.0818   +3.244    +3.271   +2.897        ✅相符
br1_hip_roll       0.0000   0.1135   +0.1135   -4.572    -4.539   -6.085        ✅相符
br2_hip_pitch     -0.6000  -0.5225   +0.0775   -3.126    -3.102   -2.558        ✅相符
br3_knee_pitch     1.2000   1.1129   -0.0871   +3.491    +3.485   +2.897        ✅相符

★ 12 個關節的保持力矩與 MJCF 預演相符 —— 換算式、腿序、增益符號都通過交叉驗證。

==========================================================================
關節                     峰值誤差       峰值τ       峰值v      溫度
fl1_hip_roll        -0.1410    +5.808    +0.289    25.0
fl2_hip_pitch       -0.0715    +2.872    -0.344    25.0
fl3_knee_pitch      +0.1078    -4.215    +0.479    25.0
fr1_hip_roll        +0.1249    -5.069    -0.043    25.0
fr2_hip_pitch       -0.0774    +3.055    -0.380    25.0
fr3_knee_pitch      +0.1082    -4.184    +0.586    25.0
bl1_hip_roll        -0.1421    +5.649    +0.310    25.0
bl2_hip_pitch       +0.0909    -3.592    +0.338    25.0
bl3_knee_pitch      -0.1096    +4.294    -0.461    25.0
br1_hip_roll        +0.1135    -4.727    -0.291    25.0
br2_hip_pitch       +0.0920    -3.708    +0.402    24.0
br3_knee_pitch      -0.1048    +3.958    -0.578    25.0

📊 機器可讀結果已存到 /home/robot/m_logs/M5_20260826_111449.json

==========================================================================
背景保持中：零增益保持（持續重寫指令與心跳）

零增益保持結束：0.0 秒內送出 8 幀（92978/s，目標 200/s）

✅ 已 SIGCONT 解凍 mc_ctrl，狀態=S

📄 完整輸出已存到 /home/robot/m_logs/M5_20260826_111449.log
