M5 —— 腿關節驅動與姿勢控制

⚠️⚠️ 這支會驅動腿關節。確認：狗已吊掛、機身懸空、四腿自由不觸地、手邊有急停。

✅ 已載入預演對照表 /home/robot/hang_torque_ref.json
✅ 結構檢查通過（16 個關節名與順序相符）
✅ 16 顆全部洩力中
✅ mc_ctrl PID=2428 狀態=S

目標：delta+0.15　控制關節 1 個　kp=15.0 kd=1.0　移動 4.0s　維持 3.0s
力矩保護：預演建議值（1/1 個關節取到，其餘退回 25.0）　fl1_hip_roll=10

關節                     起始(控制器)       目標(控制器)        Δ      目標(馬達)                 限位      預演τ
fl1_hip_roll           -0.3119       -0.1619  +0.1500     -0.3611    [-0.523,+0.697] —

✅ 起點與目標都在機構限位內（含餘裕）
   起始角 vs 預演自然下垂：最大差 fl1_hip_roll -0.0375 rad　✅ 相符
   預測位移 = (kp·Δ − τ₀)/(kp + k)　k=局部重力剛度、τ₀=下垂處的純重力力矩：
     fl1_hip_roll     預期實走 +0.0130 rad（指令 +0.1500，比例 +0.09）  ⚠️ 太小，接近感測雜訊 → 調大 kp 或加大 Δ

✅ 已凍結 mc_ctrl（狀態=T）
每輪 payload 寫完後同步心跳；第一幀就帶指令，中間沒有空窗

  t(s)        階段     kp     最大|誤差|    最大|τ|               關節
  0.00   RAMP_UP   0.00     0.0000    0.058     fl1_hip_roll
  0.25   RAMP_UP   1.88     0.0000    0.040     fl1_hip_roll
  0.51   RAMP_UP   3.79     0.0000    0.070     fl1_hip_roll
  0.76   RAMP_UP   5.66     0.0000    0.015     fl1_hip_roll
  1.01   RAMP_UP   7.58     0.0000    0.076     fl1_hip_roll
  1.26   RAMP_UP   9.45     0.0000    0.070     fl1_hip_roll
  1.52   RAMP_UP  11.36     0.0000    0.015     fl1_hip_roll
  1.77   RAMP_UP  13.24     0.0000    0.027     fl1_hip_roll
  2.02      MOVE  15.00     0.0000    0.070     fl1_hip_roll
  2.28      MOVE  15.00     0.0017    0.076     fl1_hip_roll
  2.53      MOVE  15.00     0.0063    0.082     fl1_hip_roll
  2.78      MOVE  15.00     0.0136    0.204     fl1_hip_roll
  3.03      MOVE  15.00     0.0232    0.412     fl1_hip_roll
  3.29      MOVE  15.00     0.0351    0.583     fl1_hip_roll
  3.54      MOVE  15.00     0.0482    0.723     fl1_hip_roll
  3.79      MOVE  15.00     0.0627    0.986     fl1_hip_roll
  4.05      MOVE  15.00     0.0777    1.254     fl1_hip_roll
  4.30      MOVE  15.00     0.0921    1.389     fl1_hip_roll
  4.55      MOVE  15.00     0.1060    1.584     fl1_hip_roll
  4.81      MOVE  15.00     0.1182    1.834     fl1_hip_roll
  5.06      MOVE  15.00     0.1288    1.901     fl1_hip_roll
  5.31      MOVE  15.00     0.1377    2.066     fl1_hip_roll
  5.57      MOVE  15.00     0.1442    2.176     fl1_hip_roll
  5.82      MOVE  15.00     0.1473    2.274     fl1_hip_roll
  6.08      HOLD  15.00     0.1481    2.310     fl1_hip_roll
  6.33      HOLD  15.00     0.1481    2.298     fl1_hip_roll
  6.58      HOLD  15.00     0.1481    2.267     fl1_hip_roll
  6.83      HOLD  15.00     0.1481    2.298     fl1_hip_roll
  7.08      HOLD  15.00     0.1481    2.280     fl1_hip_roll
  7.34      HOLD  15.00     0.1481    2.292     fl1_hip_roll
  7.59      HOLD  15.00     0.1477    2.267     fl1_hip_roll
  7.84      HOLD  15.00     0.1477    2.280     fl1_hip_roll
  8.09      HOLD  15.00     0.1477    2.255     fl1_hip_roll
  8.34      HOLD  15.00     0.1477    2.280     fl1_hip_roll
  8.60      HOLD  15.00     0.1477    2.219     fl1_hip_roll
  8.85      HOLD  15.00     0.1477    2.280     fl1_hip_roll
  9.11    RETURN  15.00     0.1475    2.213     fl1_hip_roll
  9.36    RETURN  15.00     0.1448    2.176     fl1_hip_roll
  9.61    RETURN  15.00     0.1393    2.139     fl1_hip_roll
  9.86    RETURN  15.00     0.1312    1.962     fl1_hip_roll
 10.12    RETURN  15.00     0.1207    1.785     fl1_hip_roll
 10.37    RETURN  15.00     0.1083    1.724     fl1_hip_roll
 10.62    RETURN  15.00     0.0948    1.437     fl1_hip_roll
 10.87    RETURN  15.00     0.0807    1.187     fl1_hip_roll
 11.13    RETURN  15.00     0.0657    1.016     fl1_hip_roll
 11.38    RETURN  15.00     0.0510    0.858     fl1_hip_roll
 11.64    RETURN  15.00     0.0376    0.565     fl1_hip_roll
 11.89    RETURN  15.00     0.0258    0.418     fl1_hip_roll
 12.14    RETURN  15.00     0.0153    0.259     fl1_hip_roll
 12.39    RETURN  15.00     0.0073    0.150     fl1_hip_roll
 12.65    RETURN  15.00     0.0018    0.076     fl1_hip_roll
 12.90    RETURN  15.00     0.0009    0.021     fl1_hip_roll
 13.15 RAMP_DOWN  13.87     0.0011    0.015     fl1_hip_roll
 13.41 RAMP_DOWN  11.96     0.0011    0.027     fl1_hip_roll
 13.66 RAMP_DOWN  10.09     0.0011    0.003     fl1_hip_roll
 13.91 RAMP_DOWN   8.17     0.0011    0.021     fl1_hip_roll
 14.16 RAMP_DOWN   6.30     0.0011    0.064     fl1_hip_roll
 14.42 RAMP_DOWN   4.39     0.0011    0.009     fl1_hip_roll
 14.67 RAMP_DOWN   2.46     0.0011    0.003     fl1_hip_roll
 14.93 RAMP_DOWN   0.56     0.0011    0.076     fl1_hip_roll

==========================================================================
✅ 序列完整跑完

心跳 2481139 → 2496139（+15000 / 15.00s = 1000/s，實機應接近 1000/s）

==========================================================================
HOLD 期間統計（★ 主要證據：低 kp 下的下垂量 = 重力力矩 / kp）
==========================================================================
（角度、力矩全部已換算到**控制器座標系**，與 MJCF 同框，可以直接互比）

★ 微動測試驗的是**方向**，不是大小。
  自然下垂姿勢依定義就是「零力矩平衡點」，那裡的重力力矩 ≈ 0，
  所以下垂量沒有訊號 —— 大小的對照要等 S2 以後（命令一個遠離平衡的姿勢）。
  這裡看兩件事：① 有沒有往對的方向走 ② 走了指令量的幾成。
  ② 的預期值是 kp/(kp+k)，k 是該關節在下垂點附近的重力剛度（見預演表）。

關節                     目標       實測        誤差      實測τ     kp×誤差      預演τ         判讀
fl1_hip_roll      -0.1619  -0.3098   -0.1479   +2.276    +2.218 —          —

關節                     指令Δ       實走Δ       比例      預測實走           判讀
fl1_hip_roll       +0.1500   +0.0021     0.01   +0.0130     ✅方向符,量偏差

ℹ️ 誤差大但力矩小：fl1_hip_roll
   → 這是**增益不足**，低 kp 階段的預期行為，不是故障。

==========================================================================
關節                     峰值誤差       峰值τ       峰值v      溫度    異常筆
fl1_hip_roll        -0.1489    +2.414    +0.118    26.0      0

==========================================================================
靜摩擦掙脫門檻（由 MOVE 期間力矩爬升時「開始動」的時刻判定）
==========================================================================
判準：|q − q起始| 第一次超過 0.0050 rad（≈ 5× 感測雜訊）

fl1_hip_roll：★ **全程沒動**。整段最大力矩 2.414 N·m
   → 掙脫門檻 **> 2.414 N·m**（仍是下界，要加大 --delta 再試）

📊 機器可讀結果已存到 /home/robot/m_logs/M5_20260826_140417.json

==========================================================================
背景保持中：零增益保持（持續重寫指令與心跳）

零增益保持結束：0.0 秒內送出 10 幀（3120/s，目標 200/s）

✅ 已 SIGCONT 解凍 mc_ctrl，狀態=S

📄 完整輸出已存到 /home/robot/m_logs/M5_20260826_140417.log
