M5 —— 腿關節驅動與姿勢控制

⚠️⚠️ 這支會驅動腿關節。確認：狗已吊掛、機身懸空、四腿自由不觸地、手邊有急停。

✅ 已載入預演對照表 /home/robot/hang_torque_ref.json
✅ 結構檢查通過（16 個關節名與順序相符）
✅ 16 顆全部洩力中
✅ mc_ctrl PID=2428 狀態=S

目標：delta+0.2　控制關節 1 個　kp=15.0 kd=1.0　移動 4.0s　維持 3.0s
力矩保護：預演建議值（1/1 個關節取到，其餘退回 25.0）　fl2_hip_pitch=8

關節                     起始(控制器)       目標(控制器)        Δ      目標(馬達)                 限位      預演τ
fl2_hip_pitch           0.1208        0.3208  +0.2000      2.1222    [-2.442,+2.791] —

✅ 起點與目標都在機構限位內（含餘裕）
   起始角 vs 預演自然下垂：最大差 fl2_hip_pitch +0.1199 rad　✅ 相符
   預測位移 = (kp·Δ − τ₀)/(kp + k)　k=局部重力剛度、τ₀=下垂處的純重力力矩：
     fl2_hip_pitch    預期實走 +0.1021 rad（指令 +0.2000，比例 +0.51）

✅ 已凍結 mc_ctrl（狀態=T）
每輪 payload 寫完後同步心跳；第一幀就帶指令，中間沒有空窗

  t(s)        階段     kp     最大|誤差|    最大|τ|               關節
  0.00   RAMP_UP   0.00     0.0000    0.003    fl2_hip_pitch
  0.25   RAMP_UP   1.88     0.0000    0.003    fl2_hip_pitch
  0.51   RAMP_UP   3.79     0.0000    0.015    fl2_hip_pitch
  0.76   RAMP_UP   5.71     0.0000    0.034    fl2_hip_pitch
  1.02   RAMP_UP   7.61     0.0000    0.052    fl2_hip_pitch
  1.27   RAMP_UP   9.49     0.0000    0.009    fl2_hip_pitch
  1.52   RAMP_UP  11.40     0.0000    0.015    fl2_hip_pitch
  1.77   RAMP_UP  13.28     0.0000    0.009    fl2_hip_pitch
  2.03      MOVE  15.00     0.0000    0.095    fl2_hip_pitch
  2.28      MOVE  15.00     0.0023    0.052    fl2_hip_pitch
  2.53      MOVE  15.00     0.0072    0.119    fl2_hip_pitch
  2.78      MOVE  15.00     0.0170    0.278    fl2_hip_pitch
  3.04      MOVE  15.00     0.0297    0.418    fl2_hip_pitch
  3.29      MOVE  15.00     0.0448    0.650    fl2_hip_pitch
  3.54      MOVE  15.00     0.0628    0.931    fl2_hip_pitch
  3.79      MOVE  15.00     0.0809    1.218    fl2_hip_pitch
  4.05      MOVE  15.00     0.1005    1.541    fl2_hip_pitch
  4.30      MOVE  15.00     0.1184    1.694    fl2_hip_pitch
  4.55      MOVE  15.00     0.1293    1.913    fl2_hip_pitch
  4.80      MOVE  15.00     0.1063    1.480    fl2_hip_pitch
  5.06      MOVE  15.00     0.1001    1.541    fl2_hip_pitch
  5.31      MOVE  15.00     0.1120    1.633    fl2_hip_pitch
  5.56      MOVE  15.00     0.1205    1.840    fl2_hip_pitch
  5.82      MOVE  15.00     0.1253    1.877    fl2_hip_pitch
  6.07      HOLD  15.00     0.1264    1.913    fl2_hip_pitch
  6.32      HOLD  15.00     0.1264    1.962    fl2_hip_pitch
  6.58      HOLD  15.00     0.1264    1.956    fl2_hip_pitch
  6.83      HOLD  15.00     0.1264    1.895    fl2_hip_pitch
  7.08      HOLD  15.00     0.1264    1.968    fl2_hip_pitch
  7.34      HOLD  15.00     0.1264    1.895    fl2_hip_pitch
  7.59      HOLD  15.00     0.1264    1.932    fl2_hip_pitch
  7.85      HOLD  15.00     0.1264    1.975    fl2_hip_pitch
  8.10      HOLD  15.00     0.1264    1.938    fl2_hip_pitch
  8.35      HOLD  15.00     0.1264    1.877    fl2_hip_pitch
  8.60      HOLD  15.00     0.1264    1.926    fl2_hip_pitch
  8.86      HOLD  15.00     0.1264    1.865    fl2_hip_pitch
  9.11    RETURN  15.00     0.1260    1.926    fl2_hip_pitch
  9.36    RETURN  15.00     0.1224    1.889    fl2_hip_pitch
  9.61    RETURN  15.00     0.1151    1.816    fl2_hip_pitch
  9.87    RETURN  15.00     0.1042    1.633    fl2_hip_pitch
 10.12    RETURN  15.00     0.0908    1.315    fl2_hip_pitch
 10.37    RETURN  15.00     0.0750    1.096    fl2_hip_pitch
 10.62    RETURN  15.00     0.0569    0.870    fl2_hip_pitch
 10.87    RETURN  15.00     0.0377    0.577    fl2_hip_pitch
 11.13    RETURN  15.00     0.0181    0.290    fl2_hip_pitch
 11.38    RETURN  15.00     0.0008    0.021    fl2_hip_pitch
 11.63    RETURN  15.00     0.0192    0.339    fl2_hip_pitch
 11.88    RETURN  15.00     0.0343    0.491    fl2_hip_pitch
 12.14    RETURN  15.00     0.0465    0.717    fl2_hip_pitch
 12.39    RETURN  15.00     0.0542    0.821    fl2_hip_pitch
 12.64    RETURN  15.00     0.0407    0.388    fl2_hip_pitch
 12.90    RETURN  15.00     0.0321    0.443    fl2_hip_pitch
 13.15 RAMP_DOWN  13.87     0.0324    0.388    fl2_hip_pitch
 13.41 RAMP_DOWN  11.96     0.0324    0.400    fl2_hip_pitch
 13.66 RAMP_DOWN  10.05     0.0324    0.357    fl2_hip_pitch
 13.91 RAMP_DOWN   8.17     0.0324    0.198    fl2_hip_pitch
 14.17 RAMP_DOWN   6.26     0.0324    0.223    fl2_hip_pitch
 14.42 RAMP_DOWN   4.39     0.0324    0.150    fl2_hip_pitch
 14.68 RAMP_DOWN   2.43     0.0324    0.021    fl2_hip_pitch
 14.93 RAMP_DOWN   0.52     0.0328    0.003    fl2_hip_pitch

==========================================================================
✅ 序列完整跑完

心跳 1799755 → 1814755（+15000 / 15.00s = 1000/s，實機應接近 1000/s）

==========================================================================
HOLD 期間統計（★ 主要證據：低 kp 下的下垂量 = 重力力矩 / kp）
==========================================================================
（角度、力矩全部已換算到**控制器座標系**，與 MJCF 同框，可以直接互比）

★ 微動測試驗的是**方向**，不是大小。
  自然下垂姿勢依定義就是「零力矩平衡點」，那裡的重力力矩 ≈ 0，
  所以下垂量沒有訊號 —— 大小的對照要等 S2 以後（命令一個遠離平衡的姿勢）。
  這裡看兩件事：① 有沒有往對的方向走 ② 走了指令量的幾成。
  ② 的預期值是 kp/(kp+k)，k 是該關節在下垂點附近的重力剛度（見預演表）。

關節                     目標       實測        誤差      實測τ     kp×誤差      預演τ         判讀
fl2_hip_pitch      0.3208   0.1944   -0.1264   +1.912    +1.896 —          —

關節                     指令Δ       實走Δ       比例      預測實走           判讀
fl2_hip_pitch      +0.2000   +0.0736     0.37   +0.1021      ✅方向與量都符

==========================================================================
關節                     峰值誤差       峰值τ       峰值v      溫度    異常筆
fl2_hip_pitch       -0.1306    +2.029    +0.217    26.0      0

==========================================================================
靜摩擦掙脫門檻（由 MOVE 期間力矩爬升時「開始動」的時刻判定）
==========================================================================
判準：|q − q起始| 第一次超過 0.0050 rad（≈ 5× 感測雜訊）

fl2_hip_pitch：★ 在 t=4.395s（MOVE）開始動
   前一筆力矩 1.859、開始動那筆 1.822 N·m
   → **掙脫門檻夾在 1.859 ~ 1.822 N·m 之間**
     （取樣週期 5 ms，想更準就把 --move 拉長）

📊 機器可讀結果已存到 /home/robot/m_logs/M5_20260826_135255.json

==========================================================================
背景保持中：零增益保持（持續重寫指令與心跳）

零增益保持結束：0.0 秒內送出 17 幀（191099/s，目標 200/s）

✅ 已 SIGCONT 解凍 mc_ctrl，狀態=S

📄 完整輸出已存到 /home/robot/m_logs/M5_20260826_135255.log
