M5 —— 腿關節驅動與姿勢控制

⚠️⚠️ 這支會驅動腿關節。確認：狗已吊掛、機身懸空、四腿自由不觸地、手邊有急停。

✅ 已載入預演對照表 /home/robot/hang_torque_ref.json
✅ 結構檢查通過（16 個關節名與順序相符）
✅ 16 顆全部洩力中
✅ mc_ctrl PID=2428 狀態=S

目標：delta-0.15　控制關節 1 個　kp=15.0 kd=1.0　移動 4.0s　維持 3.0s
力矩保護：預演建議值（1/1 個關節取到，其餘退回 25.0）　fl1_hip_roll=10

關節                     起始(控制器)       目標(控制器)        Δ      目標(馬達)                 限位      預演τ
fl1_hip_roll           -0.3107       -0.4607  -0.1500     -0.0623    [-0.523,+0.697] —

✅ 起點與目標都在機構限位內（含餘裕）
   起始角 vs 預演自然下垂：最大差 fl1_hip_roll -0.0364 rad　✅ 相符
   預測位移 = (kp·Δ − τ₀)/(kp + k)　k=局部重力剛度、τ₀=下垂處的純重力力矩：
     fl1_hip_roll     預期實走 -0.1327 rad（指令 -0.1500，比例 +0.88）

✅ 已凍結 mc_ctrl（狀態=T）
每輪 payload 寫完後同步心跳；第一幀就帶指令，中間沒有空窗

  t(s)        階段     kp     最大|誤差|    最大|τ|               關節
  0.00   RAMP_UP   0.00     0.0000    0.034     fl1_hip_roll
  0.25   RAMP_UP   1.88     0.0000    0.027     fl1_hip_roll
  0.51   RAMP_UP   3.79     0.0000    0.009     fl1_hip_roll
  0.76   RAMP_UP   5.70     0.0000    0.021     fl1_hip_roll
  1.01   RAMP_UP   7.58     0.0000    0.009     fl1_hip_roll
  1.26   RAMP_UP   9.45     0.0000    0.040     fl1_hip_roll
  1.52   RAMP_UP  11.36     0.0000    0.009     fl1_hip_roll
  1.77   RAMP_UP  13.28     0.0000    0.095     fl1_hip_roll
  2.02      MOVE  15.00     0.0000    0.027     fl1_hip_roll
  2.28      MOVE  15.00     0.0017    0.009     fl1_hip_roll
  2.53      MOVE  15.00     0.0063    0.040     fl1_hip_roll
  2.78      MOVE  15.00     0.0136    0.156     fl1_hip_roll
  3.03      MOVE  15.00     0.0225    0.302     fl1_hip_roll
  3.29      MOVE  15.00     0.0290    0.418     fl1_hip_roll
  3.54      MOVE  15.00     0.0416    0.589     fl1_hip_roll
  3.79      MOVE  15.00     0.0551    0.711     fl1_hip_roll
  4.05      MOVE  15.00     0.0433    0.626     fl1_hip_roll
  4.30      MOVE  15.00     0.0579    0.851     fl1_hip_roll
  4.55      MOVE  15.00     0.0721    1.053     fl1_hip_roll
  4.80      MOVE  15.00     0.0848    1.230     fl1_hip_roll
  5.06      MOVE  15.00     0.0959    1.431     fl1_hip_roll
  5.31      MOVE  15.00     0.1048    1.523     fl1_hip_roll
  5.56      MOVE  15.00     0.1109    1.614     fl1_hip_roll
  5.81      MOVE  15.00     0.1145    1.712     fl1_hip_roll
  6.07      HOLD  15.00     0.1153    1.706     fl1_hip_roll
  6.32      HOLD  15.00     0.1153    1.724     fl1_hip_roll
  6.58      HOLD  15.00     0.1153    1.724     fl1_hip_roll
  6.83      HOLD  15.00     0.1153    1.779     fl1_hip_roll
  7.08      HOLD  15.00     0.1153    1.724     fl1_hip_roll
  7.34      HOLD  15.00     0.1153    1.736     fl1_hip_roll
  7.59      HOLD  15.00     0.1153    1.749     fl1_hip_roll
  7.84      HOLD  15.00     0.1153    1.730     fl1_hip_roll
  8.10      HOLD  15.00     0.1153    1.682     fl1_hip_roll
  8.35      HOLD  15.00     0.1153    1.706     fl1_hip_roll
  8.61      HOLD  15.00     0.1153    1.724     fl1_hip_roll
  8.86      HOLD  15.00     0.1153    1.718     fl1_hip_roll
  9.11    RETURN  15.00     0.1150    1.688     fl1_hip_roll
  9.37    RETURN  15.00     0.1122    1.688     fl1_hip_roll
  9.62    RETURN  15.00     0.1067    1.590     fl1_hip_roll
  9.87    RETURN  15.00     0.0984    1.431     fl1_hip_roll
 10.13    RETURN  15.00     0.0879    1.340     fl1_hip_roll
 10.38    RETURN  15.00     0.0756    1.138     fl1_hip_roll
 10.63    RETURN  15.00     0.0618    0.937     fl1_hip_roll
 10.89    RETURN  15.00     0.0474    0.687     fl1_hip_roll
 11.14    RETURN  15.00     0.0327    0.491     fl1_hip_roll
 11.39    RETURN  15.00     0.0180    0.229     fl1_hip_roll
 11.65    RETURN  15.00     0.0050    0.131     fl1_hip_roll
 11.90    RETURN  15.00     0.0071    0.095     fl1_hip_roll
 12.15    RETURN  15.00     0.0171    0.266     fl1_hip_roll
 12.40    RETURN  15.00     0.0250    0.412     fl1_hip_roll
 12.65    RETURN  15.00     0.0304    0.461     fl1_hip_roll
 12.90    RETURN  15.00     0.0330    0.552     fl1_hip_roll
 13.16 RAMP_DOWN  13.84     0.0332    0.522     fl1_hip_roll
 13.41 RAMP_DOWN  11.96     0.0332    0.461     fl1_hip_roll
 13.66 RAMP_DOWN  10.05     0.0332    0.436     fl1_hip_roll
 13.91 RAMP_DOWN   8.17     0.0332    0.241     fl1_hip_roll
 14.16 RAMP_DOWN   6.30     0.0332    0.204     fl1_hip_roll
 14.42 RAMP_DOWN   4.39     0.0332    0.156     fl1_hip_roll
 14.67 RAMP_DOWN   2.51     0.0332    0.119     fl1_hip_roll
 14.92 RAMP_DOWN   0.60     0.0332    0.064     fl1_hip_roll

==========================================================================
✅ 序列完整跑完

心跳 2523597 → 2538597（+15000 / 15.00s = 1000/s，實機應接近 1000/s）

==========================================================================
HOLD 期間統計（★ 主要證據：低 kp 下的下垂量 = 重力力矩 / kp）
==========================================================================
（角度、力矩全部已換算到**控制器座標系**，與 MJCF 同框，可以直接互比）

★ 微動測試驗的是**方向**，不是大小。
  自然下垂姿勢依定義就是「零力矩平衡點」，那裡的重力力矩 ≈ 0，
  所以下垂量沒有訊號 —— 大小的對照要等 S2 以後（命令一個遠離平衡的姿勢）。
  這裡看兩件事：① 有沒有往對的方向走 ② 走了指令量的幾成。
  ② 的預期值是 kp/(kp+k)，k 是該關節在下垂點附近的重力剛度（見預演表）。

關節                     目標       實測        誤差      實測τ     kp×誤差      預演τ         判讀
fl1_hip_roll      -0.4607  -0.3454   +0.1153   -1.720    -1.729 —          —

關節                     指令Δ       實走Δ       比例      預測實走           判讀
fl1_hip_roll       -0.1500   -0.0347     0.23   -0.1327     ✅方向符,量偏差

==========================================================================
關節                     峰值誤差       峰值τ       峰值v      溫度    異常筆
fl1_hip_roll        +0.1153    -1.785    -0.306    26.0      0

==========================================================================
靜摩擦掙脫門檻（由 MOVE 期間力矩爬升時「開始動」的時刻判定）
==========================================================================
判準：|q − q起始| 第一次超過 0.0050 rad（≈ 5× 感測雜訊）

fl1_hip_roll：★ 在 t=3.145s（MOVE）開始動
   前一筆力矩 0.235、開始動那筆 0.345 N·m
   → **掙脫門檻夾在 0.235 ~ 0.345 N·m 之間**
     （取樣週期 5 ms，想更準就把 --move 拉長）

📊 機器可讀結果已存到 /home/robot/m_logs/M5_20260826_140459.json

==========================================================================
背景保持中：零增益保持（持續重寫指令與心跳）

零增益保持結束：0.0 秒內送出 13 幀（128820/s，目標 200/s）

✅ 已 SIGCONT 解凍 mc_ctrl，狀態=S

📄 完整輸出已存到 /home/robot/m_logs/M5_20260826_140459.log
