M5 —— 腿關節驅動與姿勢控制

⚠️⚠️ 這支會驅動腿關節。確認：狗已吊掛、機身懸空、四腿自由不觸地、手邊有急停。

✅ 已載入預演對照表 /home/robot/hang_torque_ref.json
✅ 結構檢查通過（16 個關節名與順序相符）
✅ 16 顆全部洩力中
✅ mc_ctrl PID=2428 狀態=S

目標：delta-0.2　控制關節 1 個　kp=15.0 kd=1.0　移動 4.0s　維持 3.0s
力矩保護：預演建議值（1/1 個關節取到，其餘退回 25.0）　fl2_hip_pitch=8

關節                     起始(控制器)       目標(控制器)        Δ      目標(馬達)                 限位      預演τ
fl2_hip_pitch           0.1536       -0.0464  -0.2000      2.4894    [-2.442,+2.791] —

✅ 起點與目標都在機構限位內（含餘裕）
   起始角 vs 預演自然下垂：最大差 fl2_hip_pitch +0.1527 rad　✅ 相符
   預測位移 = (kp·Δ − τ₀)/(kp + k)　k=局部重力剛度、τ₀=下垂處的純重力力矩：
     fl2_hip_pitch    預期實走 -0.1031 rad（指令 -0.2000，比例 +0.52）

✅ 已凍結 mc_ctrl（狀態=T）
每輪 payload 寫完後同步心跳；第一幀就帶指令，中間沒有空窗

  t(s)        階段     kp     最大|誤差|    最大|τ|               關節
  0.00   RAMP_UP   0.00     0.0000    0.064    fl2_hip_pitch
  0.25   RAMP_UP   1.88     0.0000    0.058    fl2_hip_pitch
  0.50   RAMP_UP   3.75     0.0000    0.009    fl2_hip_pitch
  0.75   RAMP_UP   5.63     0.0000    0.034    fl2_hip_pitch
  1.01   RAMP_UP   7.54     0.0000    0.076    fl2_hip_pitch
  1.26   RAMP_UP   9.45     0.0000    0.003    fl2_hip_pitch
  1.52   RAMP_UP  11.36     0.0000    0.034    fl2_hip_pitch
  1.77   RAMP_UP  13.24     0.0000    0.015    fl2_hip_pitch
  2.02      MOVE  15.00     0.0000    0.003    fl2_hip_pitch
  2.27      MOVE  15.00     0.0022    0.058    fl2_hip_pitch
  2.52      MOVE  15.00     0.0082    0.076    fl2_hip_pitch
  2.78      MOVE  15.00     0.0180    0.223    fl2_hip_pitch
  3.03      MOVE  15.00     0.0306    0.443    fl2_hip_pitch
  3.28      MOVE  15.00     0.0460    0.674    fl2_hip_pitch
  3.54      MOVE  15.00     0.0639    0.931    fl2_hip_pitch
  3.79      MOVE  15.00     0.0821    1.187    fl2_hip_pitch
  4.05      MOVE  15.00     0.0887    1.218    fl2_hip_pitch
  4.30      MOVE  15.00     0.0703    0.919    fl2_hip_pitch
  4.55      MOVE  15.00     0.0740    1.083    fl2_hip_pitch
  4.80      MOVE  15.00     0.0913    1.315    fl2_hip_pitch
  5.05      MOVE  15.00     0.1059    1.578    fl2_hip_pitch
  5.31      MOVE  15.00     0.1176    1.743    fl2_hip_pitch
  5.56      MOVE  15.00     0.1255    1.798    fl2_hip_pitch
  5.82      MOVE  15.00     0.1261    1.749    fl2_hip_pitch
  6.07      HOLD  15.00     0.1004    1.492    fl2_hip_pitch
  6.32      HOLD  15.00     0.0959    1.425    fl2_hip_pitch
  6.57      HOLD  15.00     0.0959    1.462    fl2_hip_pitch
  6.83      HOLD  15.00     0.0959    1.444    fl2_hip_pitch
  7.08      HOLD  15.00     0.0959    1.456    fl2_hip_pitch
  7.33      HOLD  15.00     0.0959    1.395    fl2_hip_pitch
  7.58      HOLD  15.00     0.0959    1.444    fl2_hip_pitch
  7.84      HOLD  15.00     0.0959    1.450    fl2_hip_pitch
  8.09      HOLD  15.00     0.0959    1.389    fl2_hip_pitch
  8.34      HOLD  15.00     0.0959    1.376    fl2_hip_pitch
  8.59      HOLD  15.00     0.0959    1.480    fl2_hip_pitch
  8.85      HOLD  15.00     0.0959    1.419    fl2_hip_pitch
  9.10    RETURN  15.00     0.0956    1.456    fl2_hip_pitch
  9.35    RETURN  15.00     0.0922    1.340    fl2_hip_pitch
  9.60    RETURN  15.00     0.0849    1.242    fl2_hip_pitch
  9.86    RETURN  15.00     0.0741    1.102    fl2_hip_pitch
 10.11    RETURN  15.00     0.0606    0.894    fl2_hip_pitch
 10.36    RETURN  15.00     0.0448    0.705    fl2_hip_pitch
 10.62    RETURN  15.00     0.0287    0.467    fl2_hip_pitch
 10.87    RETURN  15.00     0.0091    0.113    fl2_hip_pitch
 11.12    RETURN  15.00     0.0094    0.198    fl2_hip_pitch
 11.38    RETURN  15.00     0.0278    0.351    fl2_hip_pitch
 11.63    RETURN  15.00     0.0455    0.693    fl2_hip_pitch
 11.88    RETURN  15.00     0.0618    0.937    fl2_hip_pitch
 12.14    RETURN  15.00     0.0751    1.138    fl2_hip_pitch
 12.39    RETURN  15.00     0.0790    0.986    fl2_hip_pitch
 12.64    RETURN  15.00     0.0479    0.742    fl2_hip_pitch
 12.89    RETURN  15.00     0.0401    0.681    fl2_hip_pitch
 13.15 RAMP_DOWN  13.91     0.0404    0.613    fl2_hip_pitch
 13.40 RAMP_DOWN  12.04     0.0404    0.467    fl2_hip_pitch
 13.65 RAMP_DOWN  10.12     0.0404    0.406    fl2_hip_pitch
 13.90 RAMP_DOWN   8.25     0.0408    0.394    fl2_hip_pitch
 14.16 RAMP_DOWN   6.34     0.0408    0.369    fl2_hip_pitch
 14.41 RAMP_DOWN   4.46     0.0408    0.198    fl2_hip_pitch
 14.66 RAMP_DOWN   2.59     0.0408    0.089    fl2_hip_pitch
 14.91 RAMP_DOWN   0.71     0.0408    0.021    fl2_hip_pitch

==========================================================================
✅ 序列完整跑完

心跳 1835136 → 1850136（+15000 / 15.00s = 1000/s，實機應接近 1000/s）

==========================================================================
HOLD 期間統計（★ 主要證據：低 kp 下的下垂量 = 重力力矩 / kp）
==========================================================================
（角度、力矩全部已換算到**控制器座標系**，與 MJCF 同框，可以直接互比）

★ 微動測試驗的是**方向**，不是大小。
  自然下垂姿勢依定義就是「零力矩平衡點」，那裡的重力力矩 ≈ 0，
  所以下垂量沒有訊號 —— 大小的對照要等 S2 以後（命令一個遠離平衡的姿勢）。
  這裡看兩件事：① 有沒有往對的方向走 ② 走了指令量的幾成。
  ② 的預期值是 kp/(kp+k)，k 是該關節在下垂點附近的重力剛度（見預演表）。

關節                     目標       實測        誤差      實測τ     kp×誤差      預演τ         判讀
fl2_hip_pitch     -0.0464   0.0497   +0.0961   -1.425    -1.441 —          —

關節                     指令Δ       實走Δ       比例      預測實走           判讀
fl2_hip_pitch      -0.2000   -0.1039     0.52   -0.1031      ✅方向與量都符

==========================================================================
關節                     峰值誤差       峰值τ       峰值v      溫度    異常筆
fl2_hip_pitch       +0.1281    -1.950    +0.340    26.0      0

==========================================================================
靜摩擦掙脫門檻（由 MOVE 期間力矩爬升時「開始動」的時刻判定）
==========================================================================
判準：|q − q起始| 第一次超過 0.0050 rad（≈ 5× 感測雜訊）

fl2_hip_pitch：★ 在 t=3.965s（MOVE）開始動
   前一筆力矩 1.157、開始動那筆 1.254 N·m
   → **掙脫門檻夾在 1.157 ~ 1.254 N·m 之間**
     （取樣週期 5 ms，想更準就把 --move 拉長）

📊 機器可讀結果已存到 /home/robot/m_logs/M5_20260826_135331.json

==========================================================================
背景保持中：零增益保持（持續重寫指令與心跳）

零增益保持結束：0.0 秒內送出 15 幀（181726/s，目標 200/s）

✅ 已 SIGCONT 解凍 mc_ctrl，狀態=S

📄 完整輸出已存到 /home/robot/m_logs/M5_20260826_135331.log
