M5 —— 腿關節驅動與姿勢控制

⚠️⚠️ 這支會驅動腿關節。確認：狗已吊掛、機身懸空、四腿自由不觸地、手邊有急停。

✅ 已載入預演對照表 /home/robot/hang_torque_ref.json
✅ 結構檢查通過（16 個關節名與順序相符）
✅ 16 顆全部洩力中
✅ mc_ctrl PID=2429 狀態=S

目標：stand　控制關節 12 個　kp=40.0 kd=1.5　移動 4.0s　維持 3.0s
力矩保護：預演建議值（12/12 個關節取到，其餘退回 25.0）　fl1_hip_roll=10　fl2_hip_pitch=8　fl3_knee_pitch=7…

關節                     起始(控制器)       目標(控制器)        Δ      目標(馬達)                 限位      預演τ
fl1_hip_roll           -0.3790        0.0000  +0.3790     -0.5230    [-0.523,+0.697]     6.09
fl2_hip_pitch           0.1101        0.6000  +0.4899      1.8430    [-2.442,+2.791]     2.56
fl3_knee_pitch         -0.2248       -1.2000  -0.9752      1.6030    [-2.791,+2.791]    -2.90
fr1_hip_roll            0.1276        0.0000  -0.1276      0.5230    [-0.697,+0.523]    -6.09
fr2_hip_pitch           0.0368        0.6000  +0.5632     -1.8430    [-2.442,+2.791]     2.56
fr3_knee_pitch         -0.1889       -1.2000  -1.0111     -1.6030    [-2.791,+2.791]    -2.90
bl1_hip_roll           -0.3744        0.0000  +0.3744      0.5230    [-0.523,+0.697]     6.09
bl2_hip_pitch          -0.0380       -0.6000  -0.5620     -1.8430    [-2.791,+2.442]    -2.57
bl3_knee_pitch          0.1710        1.2000  +1.0290     -1.6030    [-2.791,+2.791]     2.90
br1_hip_roll            0.1287        0.0000  -0.1287     -0.5230    [-0.697,+0.523]    -6.08
br2_hip_pitch           0.0055       -0.6000  -0.6055      1.8430    [-2.791,+2.442]    -2.56
br3_knee_pitch          0.1165        1.2000  +1.0835      1.6030    [-2.791,+2.791]     2.90

✅ 起點與目標都在機構限位內（含餘裕）
   起始角 vs 預演自然下垂：最大差 fl3_knee_pitch -0.2254 rad　✅ 相符
   預測最大下垂 fl1_hip_roll +0.1522 rad（+8.7°）　= 預演τ / kp(40.0)

✅ 已凍結 mc_ctrl（狀態=T）
每輪 payload 寫完後同步心跳；第一幀就帶指令，中間沒有空窗

  t(s)        階段     kp     最大|誤差|    最大|τ|               關節
  0.00   RAMP_UP   0.00     0.0000    0.082     bl1_hip_roll
  0.25   RAMP_UP   5.00     0.0000    0.052    fl2_hip_pitch
  0.51   RAMP_UP  10.10     0.0000    0.089   br3_knee_pitch
  0.76   RAMP_UP  15.20     0.0000    0.082     br1_hip_roll
  1.02   RAMP_UP  20.31     0.0000    0.107   fr3_knee_pitch
  1.27   RAMP_UP  25.40     0.0000    0.076    fr2_hip_pitch
  1.52   RAMP_UP  30.40     0.0000    0.076   fl3_knee_pitch
  1.77   RAMP_UP  35.40     0.0000    0.046    fl2_hip_pitch
  2.03      MOVE  40.00     0.0001    0.082     br1_hip_roll
  2.28      MOVE  40.00     0.0127    0.528   br3_knee_pitch
  2.53      MOVE  40.00     0.0448    1.663   br3_knee_pitch
  2.79      MOVE  40.00     0.0856    3.348   fr3_knee_pitch
  3.04      MOVE  40.00     0.0802    2.750   fr3_knee_pitch
  3.29      MOVE  40.00     0.0852    3.439     fl1_hip_roll
  3.54      MOVE  40.00     0.1085    4.172     bl1_hip_roll
  3.80      MOVE  40.00     0.0966    3.580     fl1_hip_roll
  4.05      MOVE  40.00     0.1057    4.202     bl1_hip_roll
  4.31      MOVE  40.00     0.1168    4.373     bl1_hip_roll
  4.56      MOVE  40.00     0.1206    4.709     bl1_hip_roll
  4.82      MOVE  40.00     0.1293    5.142     bl1_hip_roll
  5.07      MOVE  40.00     0.1331    5.277     bl1_hip_roll
  5.32      MOVE  40.00     0.1351    5.301     bl1_hip_roll
  5.57      MOVE  40.00     0.1406    5.600     fl1_hip_roll
  5.83      MOVE  40.00     0.1369    5.423     fl1_hip_roll
  6.08      HOLD  40.00     0.1371    5.435     bl1_hip_roll
  6.33      HOLD  40.00     0.1371    5.435     bl1_hip_roll
  6.58      HOLD  40.00     0.1371    5.454     bl1_hip_roll
  6.84      HOLD  40.00     0.1371    5.447     bl1_hip_roll
  7.09      HOLD  40.00     0.1371    5.490     bl1_hip_roll
  7.35      HOLD  40.00     0.1371    5.527     fl1_hip_roll
  7.60      HOLD  40.00     0.1371    5.478     bl1_hip_roll
  7.85      HOLD  40.00     0.1371    5.441     bl1_hip_roll
  8.10      HOLD  40.00     0.1371    5.447     bl1_hip_roll
  8.35      HOLD  40.00     0.1371    5.454     bl1_hip_roll
  8.60      HOLD  40.00     0.1371    5.411     bl1_hip_roll
  8.86      HOLD  40.00     0.1371    5.380     bl1_hip_roll
  9.11    RETURN  40.00     0.1364    5.405     bl1_hip_roll
  9.37    RETURN  40.00     0.1295    5.185     bl1_hip_roll
  9.62    RETURN  40.00     0.1180    4.752     br1_hip_roll
  9.87    RETURN  40.00     0.1110    4.544     br1_hip_roll
 10.12    RETURN  40.00     0.1022    4.111     br1_hip_roll
 10.38    RETURN  40.00     0.0920    3.714     br1_hip_roll
 10.63    RETURN  40.00     0.0808    3.256     br1_hip_roll
 10.88    RETURN  40.00     0.0685    2.750     br1_hip_roll
 11.13    RETURN  40.00     0.0561    2.274     fr1_hip_roll
 11.39    RETURN  40.00     0.0437    1.718     fr1_hip_roll
 11.64    RETURN  40.00     0.0349    1.315     br1_hip_roll
 11.89    RETURN  40.00     0.0349    1.138    fr2_hip_pitch
 12.14    RETURN  40.00     0.0366    1.291    fr2_hip_pitch
 12.39    RETURN  40.00     0.0354    1.370   fr3_knee_pitch
 12.64    RETURN  40.00     0.0419    1.700    fr2_hip_pitch
 12.89    RETURN  40.00     0.0420    1.529    fr2_hip_pitch
 13.15 RAMP_DOWN  37.10     0.0324    1.175   bl3_knee_pitch
 13.40 RAMP_DOWN  32.10     0.0328    1.077   bl3_knee_pitch
 13.65 RAMP_DOWN  27.00     0.0328    0.900   bl3_knee_pitch
 13.90 RAMP_DOWN  22.00     0.0328    0.705   br3_knee_pitch
 14.16 RAMP_DOWN  16.90     0.0328    0.577   br3_knee_pitch
 14.41 RAMP_DOWN  11.80     0.0328    0.375   br3_knee_pitch
 14.66 RAMP_DOWN   6.80     0.0328    0.314   bl3_knee_pitch
 14.91 RAMP_DOWN   1.80     0.0332    0.101   bl3_knee_pitch

==========================================================================
✅ 序列完整跑完

心跳 3020032 → 3035032（+15000 / 15.00s = 1000/s，實機應接近 1000/s）

==========================================================================
HOLD 期間統計（★ 主要證據：低 kp 下的下垂量 = 重力力矩 / kp）
==========================================================================
（角度、力矩全部已換算到**控制器座標系**，與 MJCF 同框，可以直接互比）
關節                     目標       實測        誤差      實測τ     kp×誤差      預演τ         判讀
fl1_hip_roll       0.0000  -0.1329   -0.1329   +5.317    +5.316   +6.087        ✅相符
fl2_hip_pitch      0.6000   0.5492   -0.0508   +2.103    +2.033   +2.563        ✅相符
fl3_knee_pitch    -1.2000  -1.1133   +0.0867   -3.488    -3.470   -2.897        ✅相符
fr1_hip_roll       0.0000   0.1253   +0.1253   -5.004    -5.012   -6.087        ✅相符
fr2_hip_pitch      0.6000   0.5427   -0.0573   +2.251    +2.293   +2.565        ✅相符
fr3_knee_pitch    -1.2000  -1.0972   +0.1028   -4.057    -4.111   -2.897        ✅相符
bl1_hip_roll       0.0000  -0.1371   -0.1371   +5.421    +5.486   +6.087        ✅相符
bl2_hip_pitch     -0.6000  -0.5232   +0.0768   -3.082    -3.071   -2.565        ✅相符
bl3_knee_pitch     1.2000   1.1056   -0.0944   +3.757    +3.775   +2.897        ✅相符
br1_hip_roll       0.0000   0.1249   +0.1249   -5.001    -4.997   -6.085        ✅相符
br2_hip_pitch     -0.6000  -0.5156   +0.0844   -3.396    -3.376   -2.558        ✅相符
br3_knee_pitch     1.2000   1.1049   -0.0951   +3.820    +3.806   +2.897        ✅相符

★ 12 個關節的保持力矩與 MJCF 預演相符 —— 換算式、腿序、增益符號都通過交叉驗證。

==========================================================================
關節                     峰值誤差       峰值τ       峰值v      溫度
fl1_hip_roll        -0.1417    +5.722    -0.291    25.0
fl2_hip_pitch       -0.0680    +2.676    +0.336    25.0
fl3_knee_pitch      +0.1116    -4.355    -0.535    25.0
fr1_hip_roll        +0.1253    -5.087    +0.041    25.0
fr2_hip_pitch       -0.0735    +2.884    -0.435    25.0
fr3_knee_pitch      +0.1179    -4.489    +0.675    25.0
bl1_hip_roll        -0.1406    +5.655    +0.285    25.0
bl2_hip_pitch       +0.0810    -3.201    +0.328    25.0
bl3_knee_pitch      -0.1021    +3.952    -0.503    25.0
br1_hip_roll        +0.1249    -5.136    +0.049    25.0
br2_hip_pitch       +0.0944    -3.812    +0.358    25.0
br3_knee_pitch      -0.0995    +3.952    -0.535    25.0

📊 機器可讀結果已存到 /home/robot/m_logs/M5_20260826_113233.json

==========================================================================
背景保持中：零增益保持（持續重寫指令與心跳）

零增益保持結束：0.0 秒內送出 9 幀（163265/s，目標 200/s）

✅ 已 SIGCONT 解凍 mc_ctrl，狀態=S

📄 完整輸出已存到 /home/robot/m_logs/M5_20260826_113233.log
