M5 —— 腿關節驅動與姿勢控制

⚠️⚠️ 這支會驅動腿關節。確認：狗已吊掛、機身懸空、四腿自由不觸地、手邊有急停。

✅ 已載入預演對照表 /home/robot/hang_torque_ref.json
✅ 結構檢查通過（16 個關節名與順序相符）
✅ 16 顆全部洩力中
✅ mc_ctrl PID=2428 狀態=S

目標：crouch　控制關節 12 個　kp=40.0 kd=1.5　移動 4.0s　維持 3.0s
力矩保護：預演建議值（12/12 個關節取到，其餘退回 25.0）　fl1_hip_roll=10　fl2_hip_pitch=8　fl3_knee_pitch=7…

關節                     起始(控制器)       目標(控制器)        Δ      目標(馬達)                 限位      預演τ
fl1_hip_roll           -0.3042        0.0000  +0.3042     -0.5230    [-0.523,+0.697]     6.09
fl2_hip_pitch           0.0525        1.4000  +1.3475      1.0430    [-2.442,+2.791]     5.21
fl3_knee_pitch         -0.0852       -2.4000  -2.3148      0.4030    [-2.791,+2.791]    -4.32
fr1_hip_roll            0.1741        0.0000  -0.1741      0.5230    [-0.697,+0.523]    -6.09
fr2_hip_pitch           0.0578        1.4000  +1.3422     -1.0430    [-2.442,+2.791]     5.21
fr3_knee_pitch         -0.1226       -2.4000  -2.2774     -0.4030    [-2.791,+2.791]    -4.32
bl1_hip_roll           -0.3107        0.0000  +0.3107      0.5230    [-0.523,+0.697]     6.09
bl2_hip_pitch          -0.0578       -1.4000  -1.3422     -1.0430    [-2.791,+2.442]    -5.21
bl3_knee_pitch          0.0436        2.4000  +2.3564     -0.4030    [-2.791,+2.791]     4.32
br1_hip_roll            0.1955        0.0000  -0.1955     -0.5230    [-0.697,+0.523]    -6.08
br2_hip_pitch          -0.0014       -1.4000  -1.3986      1.0430    [-2.791,+2.442]    -5.20
br3_knee_pitch         -0.0712        2.4000  +2.4712      0.4030    [-2.791,+2.791]     4.32

✅ 起點與目標都在機構限位內（含餘裕）
   起始角 vs 預演自然下垂：最大差 fr3_knee_pitch -0.1218 rad　✅ 相符
   預測最大下垂 fl1_hip_roll +0.1522 rad（+8.7°）　= 預演τ / kp(40.0)

✅ 已凍結 mc_ctrl（狀態=T）
每輪 payload 寫完後同步心跳；第一幀就帶指令，中間沒有空窗

  t(s)        階段     kp     最大|誤差|    最大|τ|               關節
  0.00   RAMP_UP   0.00     0.0000    0.058   br3_knee_pitch
  0.25   RAMP_UP   5.00     0.0000    0.052     fr1_hip_roll
  0.50   RAMP_UP  10.00     0.0000    0.101    br2_hip_pitch
  0.75   RAMP_UP  15.00     0.0000    0.082    bl2_hip_pitch
  1.01   RAMP_UP  20.10     0.0000    0.064     bl1_hip_roll
  1.26   RAMP_UP  25.11     0.0000    0.107     br1_hip_roll
  1.51   RAMP_UP  30.20     0.0000    0.089     br1_hip_roll
  1.76   RAMP_UP  35.20     0.0000    0.119     br1_hip_roll
  2.02      MOVE  40.00     0.0001    0.076     bl1_hip_roll
  2.27      MOVE  40.00     0.0269    0.986   br3_knee_pitch
  2.52      MOVE  40.00     0.0849    2.945   fr3_knee_pitch
  2.78      MOVE  40.00     0.0909    3.336    br2_hip_pitch
  3.03      MOVE  40.00     0.0976    3.183   fr3_knee_pitch
  3.29      MOVE  40.00     0.1132    3.531   fr3_knee_pitch
  3.54      MOVE  40.00     0.1244    3.775     fl1_hip_roll
  3.79      MOVE  40.00     0.1396    4.135     bl1_hip_roll
  4.04      MOVE  40.00     0.1461    4.697   fr3_knee_pitch
  4.30      MOVE  40.00     0.1559    5.270    br2_hip_pitch
  4.55      MOVE  40.00     0.1579    5.405   fr3_knee_pitch
  4.80      MOVE  40.00     0.1613    5.539     bl1_hip_roll
  5.05      MOVE  40.00     0.1569    5.631    br2_hip_pitch
  5.30      MOVE  40.00     0.1565    5.771     bl1_hip_roll
  5.56      MOVE  40.00     0.1521    5.917    br2_hip_pitch
  5.81      MOVE  40.00     0.1449    5.801     fl1_hip_roll
  6.06      HOLD  40.00     0.1447    5.881    br2_hip_pitch
  6.31      HOLD  40.00     0.1405    5.624    br2_hip_pitch
  6.56      HOLD  40.00     0.1405    5.618    br2_hip_pitch
  6.82      HOLD  40.00     0.1405    5.643    br2_hip_pitch
  7.07      HOLD  40.00     0.1405    5.698    br2_hip_pitch
  7.32      HOLD  40.00     0.1405    5.673    br2_hip_pitch
  7.58      HOLD  40.00     0.1405    5.624    br2_hip_pitch
  7.83      HOLD  40.00     0.1405    5.637    br2_hip_pitch
  8.08      HOLD  40.00     0.1405    5.600    br2_hip_pitch
  8.34      HOLD  40.00     0.1401    5.667    br2_hip_pitch
  8.59      HOLD  40.00     0.1401    5.624    br2_hip_pitch
  8.85      HOLD  40.00     0.1401    5.661    br2_hip_pitch
  9.10    RETURN  40.00     0.1382    5.576    br2_hip_pitch
  9.35    RETURN  40.00     0.1321    5.179     bl1_hip_roll
  9.61    RETURN  40.00     0.1221    4.892     fr1_hip_roll
  9.86    RETURN  40.00     0.1133    4.508     fr1_hip_roll
 10.11    RETURN  40.00     0.1015    3.995     fr1_hip_roll
 10.36    RETURN  40.00     0.0874    3.531     fr1_hip_roll
 10.62    RETURN  40.00     0.0718    2.890     fr1_hip_roll
 10.87    RETURN  40.00     0.0551    2.152     fl1_hip_roll
 11.12    RETURN  40.00     0.0531    1.798    bl2_hip_pitch
 11.37    RETURN  40.00     0.0618    1.773    bl2_hip_pitch
 11.62    RETURN  40.00     0.0623    1.370    bl2_hip_pitch
 11.87    RETURN  40.00     0.0641    1.511   bl3_knee_pitch
 12.12    RETURN  40.00     0.0662    1.321   fr3_knee_pitch
 12.38    RETURN  40.00     0.0651    1.627   br3_knee_pitch
 12.63    RETURN  40.00     0.0588    1.657   br3_knee_pitch
 12.88    RETURN  40.00     0.0517    1.682   br3_knee_pitch
 13.13 RAMP_DOWN  37.40     0.0519    1.913   br3_knee_pitch
 13.39 RAMP_DOWN  32.30     0.0519    1.743   br3_knee_pitch
 13.64 RAMP_DOWN  27.30     0.0519    1.413   br3_knee_pitch
 13.89 RAMP_DOWN  22.20     0.0523    1.114   br3_knee_pitch
 14.14 RAMP_DOWN  17.20     0.0526    0.913   br3_knee_pitch
 14.39 RAMP_DOWN  12.20     0.0530    0.644   br3_knee_pitch
 14.64 RAMP_DOWN   7.20     0.0530    0.381   br3_knee_pitch
 14.89 RAMP_DOWN   2.20     0.0534    0.162   br3_knee_pitch

==========================================================================
✅ 序列完整跑完

心跳 643443 → 658443（+15000 / 15.00s = 1000/s，實機應接近 1000/s）

==========================================================================
HOLD 期間統計（★ 主要證據：低 kp 下的下垂量 = 重力力矩 / kp）
==========================================================================
（角度、力矩全部已換算到**控制器座標系**，與 MJCF 同框，可以直接互比）
關節                     目標       實測        誤差      實測τ     kp×誤差      預演τ         判讀
fl1_hip_roll       0.0000  -0.1366   -0.1366   +5.468    +5.463   +6.087        ✅相符
fl2_hip_pitch      1.4000   1.2771   -0.1229   +4.944    +4.915   +5.213        ✅相符
fl3_knee_pitch    -2.4000  -2.2752   +0.1248   -5.022    -4.991   -4.317        ✅相符
fr1_hip_roll       0.0000   0.1318   +0.1318   -5.271    -5.272   -6.087        ✅相符
fr2_hip_pitch      1.4000   1.2816   -0.1184   +4.700    +4.737   +5.214        ✅相符
fr3_knee_pitch    -2.4000  -2.2711   +0.1289   -5.147    -5.156   -4.317        ✅相符
bl1_hip_roll       0.0000  -0.1380   -0.1380   +5.498    +5.520   +6.087        ✅相符
bl2_hip_pitch     -1.4000  -1.2610   +0.1390   -5.532    -5.560   -5.214        ✅相符
bl3_knee_pitch     2.4000   2.2808   -0.1192   +4.716    +4.768   +4.317        ✅相符
br1_hip_roll       0.0000   0.1261   +0.1261   -5.060    -5.043   -6.085        ✅相符
br2_hip_pitch     -1.4000  -1.2593   +0.1407   -5.659    -5.626   -5.205        ✅相符
br3_knee_pitch     2.4000   2.2798   -0.1202   +4.845    +4.808   +4.317        ✅相符

★ 12 個關節的保持力矩與 MJCF 預演相符 —— 換算式、腿序、增益符號都通過交叉驗證。

==========================================================================
關節                     峰值誤差       峰值τ       峰值v      溫度
fl1_hip_roll        -0.1471    +5.991    -0.251    26.0
fl2_hip_pitch       -0.1321    +5.203    -0.562    26.0
fl3_knee_pitch      +0.1483    -5.191    +0.955    25.0
fr1_hip_roll        +0.1339    -5.362    -0.354    26.0
fr2_hip_pitch       -0.1366    +5.374    -0.596    26.0
fr3_knee_pitch      +0.1636    -5.881    +0.967    25.0
bl1_hip_roll        -0.1525    +6.162    -0.253    26.0
bl2_hip_pitch       +0.1528    -5.771    +0.600    26.0
bl3_knee_pitch      -0.1536    +5.319    +0.975    25.0
br1_hip_roll        +0.1272    -5.331    -0.289    27.0
br2_hip_pitch       +0.1612    -6.168    -0.612    26.0
br3_knee_pitch      -0.1530    +5.307    +1.007    25.0

📊 機器可讀結果已存到 /home/robot/m_logs/M5_20260826_133339.json

==========================================================================
背景保持中：零增益保持（持續重寫指令與心跳）

零增益保持結束：0.0 秒內送出 10 幀（123775/s，目標 200/s）

✅ 已 SIGCONT 解凍 mc_ctrl，狀態=S

📄 完整輸出已存到 /home/robot/m_logs/M5_20260826_133339.log
