M5 —— 腿關節驅動與姿勢控制

⚠️⚠️ 這支會驅動腿關節。確認：狗已吊掛、機身懸空、四腿自由不觸地、手邊有急停。

✅ 已載入預演對照表 /home/robot/hang_torque_ref.json
✅ 結構檢查通過（16 個關節名與順序相符）
✅ 16 顆全部洩力中
✅ mc_ctrl PID=2429 狀態=S

目標：delta+0.05　控制關節 1 個　kp=15.0 kd=1.0　移動 4.0s　維持 3.0s
力矩保護：預演建議值（1/1 個關節取到，其餘退回 25.0）　fl2_hip_pitch=8

關節                     起始(控制器)       目標(控制器)        Δ      目標(馬達)                 限位      預演τ
fl2_hip_pitch           0.0315        0.0815  +0.0500      2.3615    [-2.442,+2.791] —

✅ 起點與目標都在機構限位內（含餘裕）
   起始角 vs 預演自然下垂：最大差 fl2_hip_pitch +0.0307 rad　✅ 相符
   預測位移 = (kp·Δ − τ₀)/(kp + k)　k=局部重力剛度、τ₀=下垂處的純重力力矩：
     fl2_hip_pitch    預期實走 +0.0252 rad（指令 +0.0500，比例 +0.50）

✅ 已凍結 mc_ctrl（狀態=T）
每輪 payload 寫完後同步心跳；第一幀就帶指令，中間沒有空窗

  t(s)        階段     kp     最大|誤差|    最大|τ|               關節
  0.00   RAMP_UP   0.00     0.0000    0.070    fl2_hip_pitch
  0.25   RAMP_UP   1.88     0.0000    0.058    fl2_hip_pitch
  0.51   RAMP_UP   3.79     0.0000    0.040    fl2_hip_pitch
  0.76   RAMP_UP   5.70     0.0000    0.070    fl2_hip_pitch
  1.02   RAMP_UP   7.61     0.0000    0.009    fl2_hip_pitch
  1.27   RAMP_UP   9.49     0.0000    0.058    fl2_hip_pitch
  1.52   RAMP_UP  11.40     0.0000    0.027    fl2_hip_pitch
  1.77   RAMP_UP  13.28     0.0000    0.040    fl2_hip_pitch
  2.03      MOVE  15.00     0.0000    0.064    fl2_hip_pitch
  2.28      MOVE  15.00     0.0006    0.046    fl2_hip_pitch
  2.53      MOVE  15.00     0.0021    0.027    fl2_hip_pitch
  2.78      MOVE  15.00     0.0045    0.021    fl2_hip_pitch
  3.04      MOVE  15.00     0.0078    0.015    fl2_hip_pitch
  3.29      MOVE  15.00     0.0114    0.253    fl2_hip_pitch
  3.54      MOVE  15.00     0.0158    0.241    fl2_hip_pitch
  3.80      MOVE  15.00     0.0206    0.266    fl2_hip_pitch
  4.05      MOVE  15.00     0.0255    0.406    fl2_hip_pitch
  4.30      MOVE  15.00     0.0305    0.369    fl2_hip_pitch
  4.56      MOVE  15.00     0.0348    0.479    fl2_hip_pitch
  4.81      MOVE  15.00     0.0390    0.644    fl2_hip_pitch
  5.06      MOVE  15.00     0.0427    0.693    fl2_hip_pitch
  5.31      MOVE  15.00     0.0457    0.687    fl2_hip_pitch
  5.56      MOVE  15.00     0.0478    0.705    fl2_hip_pitch
  5.82      MOVE  15.00     0.0490    0.754    fl2_hip_pitch
  6.07      HOLD  15.00     0.0492    0.766    fl2_hip_pitch
  6.33      HOLD  15.00     0.0492    0.760    fl2_hip_pitch
  6.58      HOLD  15.00     0.0492    0.754    fl2_hip_pitch
  6.83      HOLD  15.00     0.0492    0.778    fl2_hip_pitch
  7.08      HOLD  15.00     0.0492    0.803    fl2_hip_pitch
  7.34      HOLD  15.00     0.0492    0.742    fl2_hip_pitch
  7.59      HOLD  15.00     0.0492    0.705    fl2_hip_pitch
  7.84      HOLD  15.00     0.0492    0.766    fl2_hip_pitch
  8.10      HOLD  15.00     0.0492    0.748    fl2_hip_pitch
  8.35      HOLD  15.00     0.0492    0.735    fl2_hip_pitch
  8.60      HOLD  15.00     0.0492    0.778    fl2_hip_pitch
  8.86      HOLD  15.00     0.0492    0.729    fl2_hip_pitch
  9.11    RETURN  15.00     0.0492    0.766    fl2_hip_pitch
  9.36    RETURN  15.00     0.0482    0.723    fl2_hip_pitch
  9.62    RETURN  15.00     0.0464    0.699    fl2_hip_pitch
  9.87    RETURN  15.00     0.0436    0.693    fl2_hip_pitch
 10.13    RETURN  15.00     0.0401    0.638    fl2_hip_pitch
 10.38    RETURN  15.00     0.0359    0.583    fl2_hip_pitch
 10.63    RETURN  15.00     0.0314    0.467    fl2_hip_pitch
 10.88    RETURN  15.00     0.0266    0.375    fl2_hip_pitch
 11.14    RETURN  15.00     0.0216    0.363    fl2_hip_pitch
 11.39    RETURN  15.00     0.0167    0.272    fl2_hip_pitch
 11.64    RETURN  15.00     0.0122    0.211    fl2_hip_pitch
 11.89    RETURN  15.00     0.0085    0.143    fl2_hip_pitch
 12.15    RETURN  15.00     0.0050    0.052    fl2_hip_pitch
 12.40    RETURN  15.00     0.0023    0.064    fl2_hip_pitch
 12.66    RETURN  15.00     0.0005    0.015    fl2_hip_pitch
 12.91    RETURN  15.00     0.0003    0.015    fl2_hip_pitch
 13.16 RAMP_DOWN  13.80     0.0004    0.009    fl2_hip_pitch
 13.41 RAMP_DOWN  11.92     0.0004    0.064    fl2_hip_pitch
 13.66 RAMP_DOWN  10.05     0.0004    0.009    fl2_hip_pitch
 13.92 RAMP_DOWN   8.14     0.0004    0.034    fl2_hip_pitch
 14.17 RAMP_DOWN   6.22     0.0004    0.009    fl2_hip_pitch
 14.43 RAMP_DOWN   4.31     0.0004    0.021    fl2_hip_pitch
 14.68 RAMP_DOWN   2.44     0.0004    0.015    fl2_hip_pitch
 14.93 RAMP_DOWN   0.56     0.0004    0.040    fl2_hip_pitch

==========================================================================
✅ 序列完整跑完

心跳 1744619 → 1759619（+15000 / 15.00s = 1000/s，實機應接近 1000/s）

==========================================================================
HOLD 期間統計（★ 主要證據：低 kp 下的下垂量 = 重力力矩 / kp）
==========================================================================
（角度、力矩全部已換算到**控制器座標系**，與 MJCF 同框，可以直接互比）

★ 微動測試驗的是**方向**，不是大小。
  自然下垂姿勢依定義就是「零力矩平衡點」，那裡的重力力矩 ≈ 0，
  所以下垂量沒有訊號 —— 大小的對照要等 S2 以後（命令一個遠離平衡的姿勢）。
  這裡看兩件事：① 有沒有往對的方向走 ② 走了指令量的幾成。
  ② 的預期值是 kp/(kp+k)，k 是該關節在下垂點附近的重力剛度（見預演表）。

關節                     目標       實測        誤差      實測τ     kp×誤差      預演τ         判讀
fl2_hip_pitch      0.0815   0.0323   -0.0492   +0.756    +0.739 —          —

關節                     指令Δ       實走Δ       比例      預測實走           判讀
fl2_hip_pitch      +0.0500   +0.0008     0.02   +0.0252     ✅方向符,量偏差

==========================================================================
關節                     峰值誤差       峰值τ       峰值v      溫度
fl2_hip_pitch       -0.0492    +0.858    +0.009    25.0

📊 機器可讀結果已存到 /home/robot/m_logs/M5_20260826_111117.json

==========================================================================
背景保持中：零增益保持（持續重寫指令與心跳）

零增益保持結束：0.0 秒內送出 1 幀（7619/s，目標 200/s）

✅ 已 SIGCONT 解凍 mc_ctrl，狀態=S

📄 完整輸出已存到 /home/robot/m_logs/M5_20260826_111117.log
