M5 —— 腿關節驅動與姿勢控制

⚠️⚠️ 這支會驅動腿關節。確認：狗已吊掛、機身懸空、四腿自由不觸地、手邊有急停。

✅ 已載入預演對照表 /home/robot/hang_torque_ref.json
✅ 結構檢查通過（16 個關節名與順序相符）
✅ 16 顆全部洩力中
✅ mc_ctrl PID=2429 狀態=S

目標：stand　控制關節 6 個　kp=40.0 kd=1.5　移動 4.0s　維持 3.0s
力矩保護：預演建議值（6/6 個關節取到，其餘退回 25.0）　fl1_hip_roll=10　fl2_hip_pitch=8　fl3_knee_pitch=7…

關節                     起始(控制器)       目標(控制器)        Δ      目標(馬達)                 限位      預演τ
fl1_hip_roll           -0.3721        0.0000  +0.3721     -0.5230    [-0.523,+0.697]     6.09
fl2_hip_pitch           0.0735        0.6000  +0.5265      1.8430    [-2.442,+2.791]     2.56
fl3_knee_pitch         -0.1855       -1.2000  -1.0145      1.6030    [-2.791,+2.791]    -2.90
fr1_hip_roll            0.1337        0.0000  -0.1337      0.5230    [-0.697,+0.523]    -6.09
fr2_hip_pitch           0.0056        0.6000  +0.5944     -1.8430    [-2.442,+2.791]     2.56
fr3_knee_pitch         -0.0756       -1.2000  -1.1244     -1.6030    [-2.791,+2.791]    -2.90

✅ 起點與目標都在機構限位內（含餘裕）
   起始角 vs 預演自然下垂：最大差 fl3_knee_pitch -0.1861 rad　✅ 相符
   預測最大下垂 fl1_hip_roll +0.1522 rad（+8.7°）　= 預演τ / kp(40.0)

✅ 已凍結 mc_ctrl（狀態=T）
每輪 payload 寫完後同步心跳；第一幀就帶指令，中間沒有空窗

  t(s)        階段     kp     最大|誤差|    最大|τ|               關節
  0.00   RAMP_UP   0.00     0.0000    0.058   fr3_knee_pitch
  0.25   RAMP_UP   5.00     0.0000    0.046     fr1_hip_roll
  0.51   RAMP_UP  10.10     0.0000    0.040   fl3_knee_pitch
  0.76   RAMP_UP  15.10     0.0000    0.052   fl3_knee_pitch
  1.01   RAMP_UP  20.20     0.0000    0.058   fr3_knee_pitch
  1.27   RAMP_UP  25.30     0.0000    0.070     fr1_hip_roll
  1.52   RAMP_UP  30.40     0.0000    0.082     fr1_hip_roll
  1.77   RAMP_UP  35.40     0.0000    0.089    fl2_hip_pitch
  2.03      MOVE  40.00     0.0001    0.131     fr1_hip_roll
  2.28      MOVE  40.00     0.0131    0.497   fr3_knee_pitch
  2.53      MOVE  40.00     0.0457    1.846   fr3_knee_pitch
  2.79      MOVE  40.00     0.0925    2.792   fr3_knee_pitch
  3.04      MOVE  40.00     0.0724    2.329   fr3_knee_pitch
  3.29      MOVE  40.00     0.0832    3.238     fl1_hip_roll
  3.54      MOVE  40.00     0.0891    3.232     fl1_hip_roll
  3.79      MOVE  40.00     0.0918    3.616     fl1_hip_roll
  4.05      MOVE  40.00     0.1019    3.818     fl1_hip_roll
  4.30      MOVE  40.00     0.1090    4.178     fl1_hip_roll
  4.55      MOVE  40.00     0.1186    4.495     fl1_hip_roll
  4.81      MOVE  40.00     0.1228    4.868     fl1_hip_roll
  5.06      MOVE  40.00     0.1356    5.331     fl1_hip_roll
  5.31      MOVE  40.00     0.1284    5.106     fl1_hip_roll
  5.56      MOVE  40.00     0.1353    5.429     fl1_hip_roll
  5.81      MOVE  40.00     0.1381    5.429     fl1_hip_roll
  6.07      HOLD  40.00     0.1322    5.289     fl1_hip_roll
  6.32      HOLD  40.00     0.1322    5.319     fl1_hip_roll
  6.57      HOLD  40.00     0.1322    5.313     fl1_hip_roll
  6.83      HOLD  40.00     0.1322    5.313     fl1_hip_roll
  7.08      HOLD  40.00     0.1322    5.362     fl1_hip_roll
  7.33      HOLD  40.00     0.1322    5.313     fl1_hip_roll
  7.58      HOLD  40.00     0.1322    5.295     fl1_hip_roll
  7.84      HOLD  40.00     0.1322    5.344     fl1_hip_roll
  8.09      HOLD  40.00     0.1322    5.270     fl1_hip_roll
  8.34      HOLD  40.00     0.1322    5.301     fl1_hip_roll
  8.59      HOLD  40.00     0.1322    5.307     fl1_hip_roll
  8.84      HOLD  40.00     0.1322    5.289     fl1_hip_roll
  9.10    RETURN  40.00     0.1317    5.331     fl1_hip_roll
  9.35    RETURN  40.00     0.1254    5.136     fl1_hip_roll
  9.60    RETURN  40.00     0.1181    4.685     fr1_hip_roll
  9.85    RETURN  40.00     0.1110    4.446     fr1_hip_roll
 10.10    RETURN  40.00     0.1019    4.056     fr1_hip_roll
 10.36    RETURN  40.00     0.0913    3.732     fr1_hip_roll
 10.61    RETURN  40.00     0.0796    3.232     fr1_hip_roll
 10.86    RETURN  40.00     0.0666    2.676     fr1_hip_roll
 11.12    RETURN  40.00     0.0536    2.152     fr1_hip_roll
 11.37    RETURN  40.00     0.0407    1.639     fr1_hip_roll
 11.62    RETURN  40.00     0.0351    1.163   fr3_knee_pitch
 11.87    RETURN  40.00     0.0373    1.126    fr2_hip_pitch
 12.13    RETURN  40.00     0.0410    1.285    fr2_hip_pitch
 12.38    RETURN  40.00     0.0573    1.736   fr3_knee_pitch
 12.63    RETURN  40.00     0.0409    1.492    fr2_hip_pitch
 12.88    RETURN  40.00     0.0547    2.139   fr3_knee_pitch
 13.14 RAMP_DOWN  37.30     0.0252    0.998   fr3_knee_pitch
 13.39 RAMP_DOWN  32.20     0.0252    0.821   fr3_knee_pitch
 13.64 RAMP_DOWN  27.20     0.0252    0.687    fr2_hip_pitch
 13.89 RAMP_DOWN  22.20     0.0252    0.595   fr3_knee_pitch
 14.14 RAMP_DOWN  17.20     0.0256    0.485    fr2_hip_pitch
 14.40 RAMP_DOWN  12.10     0.0256    0.320   fr3_knee_pitch
 14.65 RAMP_DOWN   7.10     0.0256    0.198   fr3_knee_pitch
 14.90 RAMP_DOWN   2.00     0.0259    0.095    fr2_hip_pitch

==========================================================================
✅ 序列完整跑完

心跳 1912844 → 1927844（+15000 / 15.00s = 1000/s，實機應接近 1000/s）

==========================================================================
HOLD 期間統計（★ 主要證據：低 kp 下的下垂量 = 重力力矩 / kp）
==========================================================================
（角度、力矩全部已換算到**控制器座標系**，與 MJCF 同框，可以直接互比）
關節                     目標       實測        誤差      實測τ     kp×誤差      預演τ         判讀
fl1_hip_roll       0.0000  -0.1322   -0.1322   +5.334    +5.287   +6.087        ✅相符
fl2_hip_pitch      0.6000   0.5499   -0.0501   +2.029    +2.003   +2.563        ✅相符
fl3_knee_pitch    -1.2000  -1.1014   +0.0986   -3.954    -3.943   -2.897        ✅相符
fr1_hip_roll       0.0000   0.1253   +0.1253   -5.007    -5.012   -6.087        ✅相符
fr2_hip_pitch      0.6000   0.5427   -0.0573   +2.247    +2.293   +2.565        ✅相符
fr3_knee_pitch    -1.2000  -1.0961   +0.1039   -4.117    -4.156   -2.897        ✅相符

★ 6 個關節的保持力矩與 MJCF 預演相符 —— 換算式、腿序、增益符號都通過交叉驗證。

==========================================================================
關節                     峰值誤差       峰值τ       峰值v      溫度
fl1_hip_roll        -0.1412    +5.704    -0.293    25.0
fl2_hip_pitch       -0.0676    +2.652    -0.358    25.0
fl3_knee_pitch      +0.1086    -4.294    +0.485    25.0
fr1_hip_roll        +0.1253    -5.106    -0.124    25.0
fr2_hip_pitch       -0.0639    +2.530    -0.416    25.0
fr3_knee_pitch      +0.1101    -4.337    -0.590    25.0

📊 機器可讀結果已存到 /home/robot/m_logs/M5_20260826_111405.json

==========================================================================
背景保持中：零增益保持（持續重寫指令與心跳）

零增益保持結束：0.0 秒內送出 2 幀（20716/s，目標 200/s）

✅ 已 SIGCONT 解凍 mc_ctrl，狀態=S

📄 完整輸出已存到 /home/robot/m_logs/M5_20260826_111405.log
