M5 —— 腿關節驅動與姿勢控制

⚠️⚠️ 這支會驅動腿關節。確認：狗已吊掛、機身懸空、四腿自由不觸地、手邊有急停。

✅ 已載入預演對照表 /home/robot/hang_torque_ref.json
✅ 結構檢查通過（16 個關節名與順序相符）
✅ 16 顆全部洩力中
✅ mc_ctrl PID=2428 狀態=S

目標：delta-0.2　控制關節 1 個　kp=15.0 kd=1.0　移動 4.0s　維持 3.0s
力矩保護：預演建議值（1/1 個關節取到，其餘退回 25.0）　fl3_knee_pitch=7

關節                     起始(控制器)       目標(控制器)        Δ      目標(馬達)                 限位      預演τ
fl3_knee_pitch         -0.0764       -0.2764  -0.2000      2.5266    [-2.791,+2.791] —

✅ 起點與目標都在機構限位內（含餘裕）
   起始角 vs 預演自然下垂：最大差 fl3_knee_pitch -0.0770 rad　✅ 相符
   預測位移 = (kp·Δ − τ₀)/(kp + k)　k=局部重力剛度、τ₀=下垂處的純重力力矩：
     fl3_knee_pitch   預期實走 -0.1508 rad（指令 -0.2000，比例 +0.75）

✅ 已凍結 mc_ctrl（狀態=T）
每輪 payload 寫完後同步心跳；第一幀就帶指令，中間沒有空窗

  t(s)        階段     kp     最大|誤差|    最大|τ|               關節
  0.00   RAMP_UP   0.00     0.0000    0.082   fl3_knee_pitch
  0.25   RAMP_UP   1.88     0.0000    0.034   fl3_knee_pitch
  0.50   RAMP_UP   3.75     0.0000    0.064   fl3_knee_pitch
  0.76   RAMP_UP   5.66     0.0000    0.046   fl3_knee_pitch
  1.01   RAMP_UP   7.54     0.0000    0.058   fl3_knee_pitch
  1.26   RAMP_UP   9.45     0.0000    0.058   fl3_knee_pitch
  1.51   RAMP_UP  11.33     0.0000    0.003   fl3_knee_pitch
  1.77   RAMP_UP  13.24     0.0000    0.027   fl3_knee_pitch
  2.02      MOVE  15.00     0.0000    0.034   fl3_knee_pitch
  2.27      MOVE  15.00     0.0022    0.034   fl3_knee_pitch
  2.52      MOVE  15.00     0.0082    0.186   fl3_knee_pitch
  2.78      MOVE  15.00     0.0180    0.241   fl3_knee_pitch
  3.03      MOVE  15.00     0.0303    0.461   fl3_knee_pitch
  3.28      MOVE  15.00     0.0453    0.662   fl3_knee_pitch
  3.53      MOVE  15.00     0.0628    1.053   fl3_knee_pitch
  3.78      MOVE  15.00     0.0809    1.236   fl3_knee_pitch
  4.03      MOVE  15.00     0.1005    1.523   fl3_knee_pitch
  4.28      MOVE  15.00     0.1192    1.810   fl3_knee_pitch
  4.54      MOVE  15.00     0.1156    1.743   fl3_knee_pitch
  4.79      MOVE  15.00     0.1219    1.785   fl3_knee_pitch
  5.05      MOVE  15.00     0.1365    1.987   fl3_knee_pitch
  5.30      MOVE  15.00     0.1294    1.602   fl3_knee_pitch
  5.55      MOVE  15.00     0.1019    1.529   fl3_knee_pitch
  5.80      MOVE  15.00     0.1068    1.627   fl3_knee_pitch
  6.06      HOLD  15.00     0.1081    1.627   fl3_knee_pitch
  6.31      HOLD  15.00     0.1081    1.627   fl3_knee_pitch
  6.56      HOLD  15.00     0.1081    1.572   fl3_knee_pitch
  6.81      HOLD  15.00     0.1081    1.572   fl3_knee_pitch
  7.06      HOLD  15.00     0.1081    1.590   fl3_knee_pitch
  7.32      HOLD  15.00     0.1081    1.639   fl3_knee_pitch
  7.57      HOLD  15.00     0.1081    1.633   fl3_knee_pitch
  7.82      HOLD  15.00     0.1081    1.584   fl3_knee_pitch
  8.08      HOLD  15.00     0.1081    1.682   fl3_knee_pitch
  8.33      HOLD  15.00     0.1081    1.602   fl3_knee_pitch
  8.58      HOLD  15.00     0.1081    1.590   fl3_knee_pitch
  8.84      HOLD  15.00     0.1081    1.627   fl3_knee_pitch
  9.09    RETURN  15.00     0.1078    1.602   fl3_knee_pitch
  9.34    RETURN  15.00     0.1045    1.608   fl3_knee_pitch
  9.60    RETURN  15.00     0.0973    1.407   fl3_knee_pitch
  9.85    RETURN  15.00     0.0868    1.364   fl3_knee_pitch
 10.10    RETURN  15.00     0.0730    1.120   fl3_knee_pitch
 10.36    RETURN  15.00     0.0573    0.888   fl3_knee_pitch
 10.61    RETURN  15.00     0.0393    0.558   fl3_knee_pitch
 10.86    RETURN  15.00     0.0198    0.308   fl3_knee_pitch
 11.11    RETURN  15.00     0.0006    0.040   fl3_knee_pitch
 11.37    RETURN  15.00     0.0183    0.211   fl3_knee_pitch
 11.62    RETURN  15.00     0.0365    0.510   fl3_knee_pitch
 11.87    RETURN  15.00     0.0521    0.742   fl3_knee_pitch
 12.12    RETURN  15.00     0.0663    0.943   fl3_knee_pitch
 12.37    RETURN  15.00     0.0773    1.059   fl3_knee_pitch
 12.63    RETURN  15.00     0.0846    1.297   fl3_knee_pitch
 12.88    RETURN  15.00     0.0884    1.364   fl3_knee_pitch
 13.13 RAMP_DOWN  13.99     0.0889    1.242   fl3_knee_pitch
 13.39 RAMP_DOWN  12.11     0.0889    1.047   fl3_knee_pitch
 13.64 RAMP_DOWN  10.24     0.0889    0.882   fl3_knee_pitch
 13.89 RAMP_DOWN   8.32     0.0889    0.729   fl3_knee_pitch
 14.15 RAMP_DOWN   6.41     0.0893    0.571   fl3_knee_pitch
 14.40 RAMP_DOWN   4.50     0.0893    0.400   fl3_knee_pitch
 14.65 RAMP_DOWN   2.62     0.0893    0.235   fl3_knee_pitch
 14.91 RAMP_DOWN   0.71     0.0893    0.009   fl3_knee_pitch

==========================================================================
✅ 序列完整跑完

心跳 2399358 → 2414358（+15000 / 15.00s = 1000/s，實機應接近 1000/s）

==========================================================================
HOLD 期間統計（★ 主要證據：低 kp 下的下垂量 = 重力力矩 / kp）
==========================================================================
（角度、力矩全部已換算到**控制器座標系**，與 MJCF 同框，可以直接互比）

★ 微動測試驗的是**方向**，不是大小。
  自然下垂姿勢依定義就是「零力矩平衡點」，那裡的重力力矩 ≈ 0，
  所以下垂量沒有訊號 —— 大小的對照要等 S2 以後（命令一個遠離平衡的姿勢）。
  這裡看兩件事：① 有沒有往對的方向走 ② 走了指令量的幾成。
  ② 的預期值是 kp/(kp+k)，k 是該關節在下垂點附近的重力剛度（見預演表）。

關節                     目標       實測        誤差      實測τ     kp×誤差      預演τ         判讀
fl3_knee_pitch    -0.2764  -0.1683   +0.1081   -1.622    -1.621 —          —

關節                     指令Δ       實走Δ       比例      預測實走           判讀
fl3_knee_pitch     -0.2000   -0.0919     0.46   -0.1508     ✅方向符,量偏差

==========================================================================
關節                     峰值誤差       峰值τ       峰值v      溫度    異常筆
fl3_knee_pitch      +0.1434    -2.200    -0.344    25.0      0

==========================================================================
靜摩擦掙脫門檻（由 MOVE 期間力矩爬升時「開始動」的時刻判定）
==========================================================================
判準：|q − q起始| 第一次超過 0.0050 rad（≈ 5× 感測雜訊）

fl3_knee_pitch：★ 在 t=4.350s（MOVE）開始動
   前一筆力矩 1.584、開始動那筆 1.584 N·m
   → **掙脫門檻夾在 1.584 ~ 1.584 N·m 之間**
     （取樣週期 5 ms，想更準就把 --move 拉長）

📊 機器可讀結果已存到 /home/robot/m_logs/M5_20260826_140255.json

==========================================================================
背景保持中：零增益保持（持續重寫指令與心跳）

零增益保持結束：0.0 秒內送出 16 幀（132186/s，目標 200/s）

✅ 已 SIGCONT 解凍 mc_ctrl，狀態=S

📄 完整輸出已存到 /home/robot/m_logs/M5_20260826_140255.log
