M5 —— 腿關節驅動與姿勢控制

⚠️⚠️ 這支會驅動腿關節。確認：狗已吊掛、機身懸空、四腿自由不觸地、手邊有急停。

✅ 已載入預演對照表 /home/robot/hang_torque_ref.json
✅ 結構檢查通過（16 個關節名與順序相符）
✅ 16 顆全部洩力中
✅ mc_ctrl PID=2429 狀態=S

目標：delta+0.05　控制關節 1 個　kp=30.0 kd=1.0　移動 4.0s　維持 3.0s
力矩保護：預演建議值（1/1 個關節取到，其餘退回 25.0）　fl2_hip_pitch=8

關節                     起始(控制器)       目標(控制器)        Δ      目標(馬達)                 限位      預演τ
fl2_hip_pitch           0.0899        0.1399  +0.0500      2.3031    [-2.442,+2.791] —

✅ 起點與目標都在機構限位內（含餘裕）
   起始角 vs 預演自然下垂：最大差 fl2_hip_pitch +0.0890 rad　✅ 相符
   預測位移 = (kp·Δ − τ₀)/(kp + k)　k=局部重力剛度、τ₀=下垂處的純重力力矩：
     fl2_hip_pitch    預期實走 +0.0336 rad（指令 +0.0500，比例 +0.67）

✅ 已凍結 mc_ctrl（狀態=T）
每輪 payload 寫完後同步心跳；第一幀就帶指令，中間沒有空窗

  t(s)        階段     kp     最大|誤差|    最大|τ|               關節
  0.00   RAMP_UP   0.00     0.0000    0.003    fl2_hip_pitch
  0.25   RAMP_UP   3.75     0.0000    0.003    fl2_hip_pitch
  0.51   RAMP_UP   7.58     0.0000    0.027    fl2_hip_pitch
  0.76   RAMP_UP  11.40     0.0000    0.021    fl2_hip_pitch
  1.01   RAMP_UP  15.15     0.0000    0.027    fl2_hip_pitch
  1.26   RAMP_UP  18.90     0.0000    0.070    fl2_hip_pitch
  1.52   RAMP_UP  22.73     0.0000    0.058    fl2_hip_pitch
  1.77   RAMP_UP  26.55     0.0000    0.076    fl2_hip_pitch
  2.03      MOVE  30.00     0.0000    0.089    fl2_hip_pitch
  2.28      MOVE  30.00     0.0006    0.015    fl2_hip_pitch
  2.53      MOVE  30.00     0.0021    0.003    fl2_hip_pitch
  2.78      MOVE  30.00     0.0045    0.137    fl2_hip_pitch
  3.03      MOVE  30.00     0.0077    0.253    fl2_hip_pitch
  3.28      MOVE  30.00     0.0116    0.351    fl2_hip_pitch
  3.54      MOVE  30.00     0.0161    0.491    fl2_hip_pitch
  3.79      MOVE  30.00     0.0209    0.717    fl2_hip_pitch
  4.05      MOVE  30.00     0.0259    0.766    fl2_hip_pitch
  4.30      MOVE  30.00     0.0307    0.833    fl2_hip_pitch
  4.55      MOVE  30.00     0.0347    1.053    fl2_hip_pitch
  4.81      MOVE  30.00     0.0218    0.504    fl2_hip_pitch
  5.06      MOVE  30.00     0.0187    0.540    fl2_hip_pitch
  5.32      MOVE  30.00     0.0217    0.693    fl2_hip_pitch
  5.57      MOVE  30.00     0.0238    0.729    fl2_hip_pitch
  5.82      MOVE  30.00     0.0246    0.797    fl2_hip_pitch
  6.07      HOLD  30.00     0.0248    0.827    fl2_hip_pitch
  6.33      HOLD  30.00     0.0248    0.827    fl2_hip_pitch
  6.58      HOLD  30.00     0.0248    0.760    fl2_hip_pitch
  6.83      HOLD  30.00     0.0248    0.839    fl2_hip_pitch
  7.09      HOLD  30.00     0.0248    0.803    fl2_hip_pitch
  7.34      HOLD  30.00     0.0248    0.790    fl2_hip_pitch
  7.59      HOLD  30.00     0.0248    0.797    fl2_hip_pitch
  7.84      HOLD  30.00     0.0248    0.772    fl2_hip_pitch
  8.10      HOLD  30.00     0.0248    0.754    fl2_hip_pitch
  8.35      HOLD  30.00     0.0248    0.735    fl2_hip_pitch
  8.60      HOLD  30.00     0.0248    0.790    fl2_hip_pitch
  8.86      HOLD  30.00     0.0248    0.748    fl2_hip_pitch
  9.11    RETURN  30.00     0.0247    0.742    fl2_hip_pitch
  9.36    RETURN  30.00     0.0238    0.766    fl2_hip_pitch
  9.61    RETURN  30.00     0.0220    0.632    fl2_hip_pitch
  9.87    RETURN  30.00     0.0197    0.565    fl2_hip_pitch
 10.12    RETURN  30.00     0.0161    0.522    fl2_hip_pitch
 10.38    RETURN  30.00     0.0120    0.357    fl2_hip_pitch
 10.63    RETURN  30.00     0.0075    0.253    fl2_hip_pitch
 10.88    RETURN  30.00     0.0029    0.143    fl2_hip_pitch
 11.13    RETURN  30.00     0.0008    0.003    fl2_hip_pitch
 11.39    RETURN  30.00     0.0057    0.223    fl2_hip_pitch
 11.64    RETURN  30.00     0.0102    0.333    fl2_hip_pitch
 11.89    RETURN  30.00     0.0140    0.369    fl2_hip_pitch
 12.14    RETURN  30.00     0.0174    0.381    fl2_hip_pitch
 12.39    RETURN  30.00     0.0201    0.650    fl2_hip_pitch
 12.65    RETURN  30.00     0.0219    0.613    fl2_hip_pitch
 12.90    RETURN  30.00     0.0228    0.650    fl2_hip_pitch
 13.15 RAMP_DOWN  27.75     0.0229    0.681    fl2_hip_pitch
 13.40 RAMP_DOWN  24.00     0.0229    0.595    fl2_hip_pitch
 13.66 RAMP_DOWN  20.17     0.0229    0.394    fl2_hip_pitch
 13.91 RAMP_DOWN  16.42     0.0229    0.351    fl2_hip_pitch
 14.16 RAMP_DOWN  12.60     0.0229    0.320    fl2_hip_pitch
 14.42 RAMP_DOWN   8.77     0.0229    0.168    fl2_hip_pitch
 14.67 RAMP_DOWN   4.95     0.0229    0.119    fl2_hip_pitch
 14.92 RAMP_DOWN   1.20     0.0229    0.058    fl2_hip_pitch

==========================================================================
✅ 序列完整跑完

心跳 640699 → 655699（+15000 / 15.00s = 1000/s，實機應接近 1000/s）

==========================================================================
HOLD 期間統計（★ 主要證據：低 kp 下的下垂量 = 重力力矩 / kp）
==========================================================================
（角度、力矩全部已換算到**控制器座標系**，與 MJCF 同框，可以直接互比）

★ 微動測試驗的是**方向**，不是大小。
  自然下垂姿勢依定義就是「零力矩平衡點」，那裡的重力力矩 ≈ 0，
  所以下垂量沒有訊號 —— 大小的對照要等 S2 以後（命令一個遠離平衡的姿勢）。
  這裡看兩件事：① 有沒有往對的方向走 ② 走了指令量的幾成。
  ② 的預期值是 kp/(kp+k)，k 是該關節在下垂點附近的重力剛度（見預演表）。

關節                     目標       實測        誤差      實測τ     kp×誤差      預演τ         判讀
fl2_hip_pitch      0.1399   0.1150   -0.0248   +0.787    +0.745 —          —

關節                     指令Δ       實走Δ       比例      預測實走           判讀
fl2_hip_pitch      +0.0500   +0.0252     0.50   +0.0336      ✅方向與量都符

==========================================================================
關節                     峰值誤差       峰值τ       峰值v      溫度
fl2_hip_pitch       -0.0348    +1.102    +0.174    25.0

📊 機器可讀結果已存到 /home/robot/m_logs/M5_20260826_105253.json

==========================================================================
背景保持中：零增益保持（持續重寫指令與心跳）

零增益保持結束：0.0 秒內送出 1 幀（10390/s，目標 200/s）

✅ 已 SIGCONT 解凍 mc_ctrl，狀態=S

📄 完整輸出已存到 /home/robot/m_logs/M5_20260826_105253.log
