M5 —— 腿關節驅動與姿勢控制

⚠️⚠️ 這支會驅動腿關節。確認：狗已吊掛、機身懸空、四腿自由不觸地、手邊有急停。

✅ 已載入預演對照表 /home/robot/hang_torque_ref.json
✅ 結構檢查通過（16 個關節名與順序相符）
✅ 16 顆全部洩力中
✅ mc_ctrl PID=2428 狀態=S

目標：delta-0.15　控制關節 1 個　kp=25.0 kd=1.0　移動 4.0s　維持 3.0s
力矩保護：預演建議值（1/1 個關節取到，其餘退回 25.0）　fl1_hip_roll=10

關節                     起始(控制器)       目標(控制器)        Δ      目標(馬達)                 限位      預演τ
fl1_hip_roll           -0.3107       -0.4607  -0.1500     -0.0623    [-0.523,+0.697] —

✅ 起點與目標都在機構限位內（含餘裕）
   起始角 vs 預演自然下垂：最大差 fl1_hip_roll -0.0364 rad　✅ 相符
   預測位移 = (kp·Δ − τ₀)/(kp + k)　k=局部重力剛度、τ₀=下垂處的純重力力矩：
     fl1_hip_roll     預期實走 -0.1369 rad（指令 -0.1500，比例 +0.91）  ⚠️ 太接近 1，鑑別力低 → 調小 kp

✅ 已凍結 mc_ctrl（狀態=T）
每輪 payload 寫完後同步心跳；第一幀就帶指令，中間沒有空窗

  t(s)        階段     kp     最大|誤差|    最大|τ|               關節
  0.00   RAMP_UP   0.00     0.0000    0.040     fl1_hip_roll
  0.25   RAMP_UP   3.13     0.0000    0.064     fl1_hip_roll
  0.51   RAMP_UP   6.31     0.0000    0.027     fl1_hip_roll
  0.76   RAMP_UP   9.44     0.0000    0.052     fl1_hip_roll
  1.01   RAMP_UP  12.63     0.0000    0.027     fl1_hip_roll
  1.26   RAMP_UP  15.75     0.0000    0.015     fl1_hip_roll
  1.52   RAMP_UP  18.94     0.0000    0.027     fl1_hip_roll
  1.77   RAMP_UP  22.13     0.0000    0.046     fl1_hip_roll
  2.02      MOVE  25.00     0.0000    0.027     fl1_hip_roll
  2.28      MOVE  25.00     0.0017    0.003     fl1_hip_roll
  2.53      MOVE  25.00     0.0063    0.131     fl1_hip_roll
  2.78      MOVE  25.00     0.0125    0.235     fl1_hip_roll
  3.04      MOVE  25.00     0.0051    0.107     fl1_hip_roll
  3.29      MOVE  25.00     0.0075    0.223     fl1_hip_roll
  3.54      MOVE  25.00     0.0206    0.485     fl1_hip_roll
  3.80      MOVE  25.00     0.0309    0.662     fl1_hip_roll
  4.05      MOVE  25.00     0.0201    0.571     fl1_hip_roll
  4.30      MOVE  25.00     0.0246    0.571     fl1_hip_roll
  4.55      MOVE  25.00     0.0381    0.925     fl1_hip_roll
  4.81      MOVE  25.00     0.0396    1.041     fl1_hip_roll
  5.06      MOVE  25.00     0.0429    1.004     fl1_hip_roll
  5.31      MOVE  25.00     0.0519    1.303     fl1_hip_roll
  5.56      MOVE  25.00     0.0544    1.321     fl1_hip_roll
  5.82      MOVE  25.00     0.0519    1.254     fl1_hip_roll
  6.07      HOLD  25.00     0.0527    1.242     fl1_hip_roll
  6.32      HOLD  25.00     0.0527    1.279     fl1_hip_roll
  6.58      HOLD  25.00     0.0527    1.254     fl1_hip_roll
  6.83      HOLD  25.00     0.0527    1.273     fl1_hip_roll
  7.08      HOLD  25.00     0.0527    1.267     fl1_hip_roll
  7.33      HOLD  25.00     0.0527    1.315     fl1_hip_roll
  7.59      HOLD  25.00     0.0527    1.328     fl1_hip_roll
  7.84      HOLD  25.00     0.0527    1.279     fl1_hip_roll
  8.09      HOLD  25.00     0.0527    1.285     fl1_hip_roll
  8.34      HOLD  25.00     0.0527    1.297     fl1_hip_roll
  8.60      HOLD  25.00     0.0527    1.291     fl1_hip_roll
  8.85      HOLD  25.00     0.0527    1.285     fl1_hip_roll
  9.10    RETURN  25.00     0.0525    1.285     fl1_hip_roll
  9.35    RETURN  25.00     0.0499    1.230     fl1_hip_roll
  9.61    RETURN  25.00     0.0444    1.096     fl1_hip_roll
  9.86    RETURN  25.00     0.0364    0.919     fl1_hip_roll
 10.11    RETURN  25.00     0.0260    0.638     fl1_hip_roll
 10.37    RETURN  25.00     0.0140    0.375     fl1_hip_roll
 10.62    RETURN  25.00     0.0001    0.095     fl1_hip_roll
 10.88    RETURN  25.00     0.0145    0.381     fl1_hip_roll
 11.13    RETURN  25.00     0.0277    0.613     fl1_hip_roll
 11.38    RETURN  25.00     0.0417    1.053     fl1_hip_roll
 11.63    RETURN  25.00     0.0537    1.340     fl1_hip_roll
 11.89    RETURN  25.00     0.0657    1.657     fl1_hip_roll
 12.14    RETURN  25.00     0.0762    1.987     fl1_hip_roll
 12.40    RETURN  25.00     0.0836    2.115     fl1_hip_roll
 12.65    RETURN  25.00     0.0890    2.237     fl1_hip_roll
 12.90    RETURN  25.00     0.0917    2.304     fl1_hip_roll
 13.15 RAMP_DOWN  23.12     0.0919    2.170     fl1_hip_roll
 13.41 RAMP_DOWN  19.94     0.0919    1.852     fl1_hip_roll
 13.66 RAMP_DOWN  16.81     0.0919    1.584     fl1_hip_roll
 13.91 RAMP_DOWN  13.62     0.0919    1.260     fl1_hip_roll
 14.17 RAMP_DOWN  10.43     0.0919    0.949     fl1_hip_roll
 14.42 RAMP_DOWN   7.25     0.0919    0.674     fl1_hip_roll
 14.67 RAMP_DOWN   4.12     0.0923    0.400     fl1_hip_roll
 14.93 RAMP_DOWN   0.94     0.0927    0.082     fl1_hip_roll

==========================================================================
✅ 序列完整跑完

心跳 5988540 → 6003541（+15001 / 15.00s = 1000/s，實機應接近 1000/s）

==========================================================================
HOLD 期間統計（★ 主要證據：低 kp 下的下垂量 = 重力力矩 / kp）
==========================================================================
（角度、力矩全部已換算到**控制器座標系**，與 MJCF 同框，可以直接互比）

★ 微動測試驗的是**方向**，不是大小。
  自然下垂姿勢依定義就是「零力矩平衡點」，那裡的重力力矩 ≈ 0，
  所以下垂量沒有訊號 —— 大小的對照要等 S2 以後（命令一個遠離平衡的姿勢）。
  這裡看兩件事：① 有沒有往對的方向走 ② 走了指令量的幾成。
  ② 的預期值是 kp/(kp+k)，k 是該關節在下垂點附近的重力剛度（見預演表）。

關節                     目標       實測        誤差      實測τ     kp×誤差      預演τ         判讀
fl1_hip_roll      -0.4607  -0.4080   +0.0527   -1.281    -1.318 —          —

關節                     指令Δ       實走Δ       比例      預測實走           判讀
fl1_hip_roll       -0.1500   -0.0973     0.65   -0.1369      ✅方向與量都符

==========================================================================
關節                     峰值誤差       峰值τ       峰值v      溫度    異常筆
fl1_hip_roll        -0.0927    +2.335    -0.235    26.0      0

==========================================================================
靜摩擦掙脫門檻（由 MOVE 期間力矩爬升時「開始動」的時刻判定）
==========================================================================
判準：|q − q起始| 第一次超過 0.0050 rad（≈ 5× 感測雜訊）

fl1_hip_roll：★ 在 t=2.850s（MOVE）開始動
   前一筆力矩 0.125、開始動那筆 0.253 N·m
   → **掙脫門檻夾在 0.125 ~ 0.253 N·m 之間**
     （取樣週期 5 ms，想更準就把 --move 拉長）

📊 機器可讀結果已存到 /home/robot/m_logs/M5_20260826_150244.json

==========================================================================
背景保持中：零增益保持（持續重寫指令與心跳）

零增益保持結束：0.0 秒內送出 15 幀（169731/s，目標 200/s）

✅ 已 SIGCONT 解凍 mc_ctrl，狀態=S

📄 完整輸出已存到 /home/robot/m_logs/M5_20260826_150244.log
