M5 —— 腿關節驅動與姿勢控制

⚠️⚠️ 這支會驅動腿關節。確認：狗已吊掛、機身懸空、四腿自由不觸地、手邊有急停。

✅ 已載入預演對照表 /home/robot/hang_torque_ref.json
✅ 結構檢查通過（16 個關節名與順序相符）
✅ 16 顆全部洩力中
✅ mc_ctrl PID=2428 狀態=S

目標：crouch　控制關節 12 個　kp=40.0 kd=1.5　移動 4.0s　維持 3.0s
力矩保護：預演建議值（12/12 個關節取到，其餘退回 25.0）　fl1_hip_roll=10　fl2_hip_pitch=8　fl3_knee_pitch=7…

關節                     起始(控制器)       目標(控制器)        Δ      目標(馬達)                 限位      預演τ
fl1_hip_roll           -0.2974        0.0000  +0.2974     -0.5230    [-0.523,+0.697]     6.09
fl2_hip_pitch           0.0197        1.4000  +1.3803      1.0430    [-2.442,+2.791]     5.21
fl3_knee_pitch         -0.0596       -2.4000  -2.3404      0.4030    [-2.791,+2.791]    -4.32
fr1_hip_roll            0.2066        0.0000  -0.2066      0.5230    [-0.697,+0.523]    -6.09
fr2_hip_pitch           0.0330        1.4000  +1.3670     -1.0430    [-2.442,+2.791]     5.21
fr3_knee_pitch         -0.0672       -2.4000  -2.3328     -0.4030    [-2.791,+2.791]    -4.32
bl1_hip_roll           -0.3004        0.0000  +0.3004      0.5230    [-0.523,+0.697]     6.09
bl2_hip_pitch          -0.0586       -1.4000  -1.3414     -1.0430    [-2.791,+2.442]    -5.21
bl3_knee_pitch         -0.0033        2.4000  +2.4033     -0.4030    [-2.791,+2.791]     4.32
br1_hip_roll            0.2066        0.0000  -0.2066     -0.5230    [-0.697,+0.523]    -6.08
br2_hip_pitch           0.0120       -1.4000  -1.4120      1.0430    [-2.791,+2.442]    -5.20
br3_knee_pitch         -0.1311        2.4000  +2.5311      0.4030    [-2.791,+2.791]     4.32

✅ 起點與目標都在機構限位內（含餘裕）
   起始角 vs 預演自然下垂：最大差 br3_knee_pitch -0.1305 rad　✅ 相符
   預測最大下垂 fl1_hip_roll +0.1522 rad（+8.7°）　= 預演τ / kp(40.0)

✅ 已凍結 mc_ctrl（狀態=T）
每輪 payload 寫完後同步心跳；第一幀就帶指令，中間沒有空窗

  t(s)        階段     kp     最大|誤差|    最大|τ|               關節
  0.00   RAMP_UP   0.00     0.0000    0.070    fl2_hip_pitch
  0.25   RAMP_UP   5.00     0.0000    0.095    fl2_hip_pitch
  0.50   RAMP_UP  10.00     0.0000    0.058   br3_knee_pitch
  0.76   RAMP_UP  15.10     0.0000    0.101     br1_hip_roll
  1.01   RAMP_UP  20.20     0.0000    0.064   br3_knee_pitch
  1.26   RAMP_UP  25.20     0.0000    0.046     fl1_hip_roll
  1.52   RAMP_UP  30.30     0.0000    0.070     fl1_hip_roll
  1.77   RAMP_UP  35.30     0.0000    0.150   br3_knee_pitch
  2.02      MOVE  40.00     0.0001    0.076     fl1_hip_roll
  2.27      MOVE  40.00     0.0276    1.089   br3_knee_pitch
  2.52      MOVE  40.00     0.0929    3.488   fr3_knee_pitch
  2.78      MOVE  40.00     0.0974    3.366    br2_hip_pitch
  3.03      MOVE  40.00     0.0983    2.786   fl3_knee_pitch
  3.28      MOVE  40.00     0.1115    3.696    br2_hip_pitch
  3.53      MOVE  40.00     0.1242    3.940   fr3_knee_pitch
  3.79      MOVE  40.00     0.1388    4.782     bl1_hip_roll
  4.04      MOVE  40.00     0.1472    4.508   fr3_knee_pitch
  4.29      MOVE  40.00     0.1576    5.429    br2_hip_pitch
  4.55      MOVE  40.00     0.1594    5.301     bl1_hip_roll
  4.80      MOVE  40.00     0.1611    5.362     bl1_hip_roll
  5.05      MOVE  40.00     0.1601    5.710    br2_hip_pitch
  5.30      MOVE  40.00     0.1571    5.771    br2_hip_pitch
  5.56      MOVE  40.00     0.1545    6.217     bl1_hip_roll
  5.81      MOVE  40.00     0.1450    5.893     fl1_hip_roll
  6.06      HOLD  40.00     0.1467    5.917    br2_hip_pitch
  6.32      HOLD  40.00     0.1467    5.875     fl1_hip_roll
  6.57      HOLD  40.00     0.1467    5.887     fl1_hip_roll
  6.82      HOLD  40.00     0.1467    5.893     fl1_hip_roll
  7.07      HOLD  40.00     0.1467    5.887    br2_hip_pitch
  7.33      HOLD  40.00     0.1467    5.905    br2_hip_pitch
  7.58      HOLD  40.00     0.1467    5.899    br2_hip_pitch
  7.83      HOLD  40.00     0.1467    5.887    br2_hip_pitch
  8.08      HOLD  40.00     0.1467    5.905     fl1_hip_roll
  8.34      HOLD  40.00     0.1463    5.893    br2_hip_pitch
  8.59      HOLD  40.00     0.1463    5.869     fl1_hip_roll
  8.84      HOLD  40.00     0.1463    5.924     fl1_hip_roll
  9.09    RETURN  40.00     0.1459    5.881     fl1_hip_roll
  9.35    RETURN  40.00     0.1409    5.612     fl1_hip_roll
  9.60    RETURN  40.00     0.1307    5.283     fl1_hip_roll
  9.85    RETURN  40.00     0.1147    4.654     fl1_hip_roll
 10.11    RETURN  40.00     0.0960    3.879     fr1_hip_roll
 10.36    RETURN  40.00     0.0798    3.116     fr1_hip_roll
 10.61    RETURN  40.00     0.0612    2.445     fr1_hip_roll
 10.86    RETURN  40.00     0.0487    1.950     bl1_hip_roll
 11.11    RETURN  40.00     0.0583    1.614     fl1_hip_roll
 11.36    RETURN  40.00     0.0657    1.602    bl2_hip_pitch
 11.62    RETURN  40.00     0.0681    1.376    bl2_hip_pitch
 11.87    RETURN  40.00     0.0699    1.437   br3_knee_pitch
 12.13    RETURN  40.00     0.0717    1.840   br3_knee_pitch
 12.38    RETURN  40.00     0.0711    1.804   br3_knee_pitch
 12.63    RETURN  40.00     0.0638    2.072   br3_knee_pitch
 12.88    RETURN  40.00     0.0566    1.956   fr3_knee_pitch
 13.13 RAMP_DOWN  37.40     0.0584    2.200   br3_knee_pitch
 13.39 RAMP_DOWN  32.30     0.0584    1.944   br3_knee_pitch
 13.64 RAMP_DOWN  27.20     0.0584    1.572   br3_knee_pitch
 13.89 RAMP_DOWN  22.20     0.0584    1.291   br3_knee_pitch
 14.15 RAMP_DOWN  17.10     0.0587    1.059   br3_knee_pitch
 14.40 RAMP_DOWN  12.00     0.0591    0.778   br3_knee_pitch
 14.65 RAMP_DOWN   7.00     0.0591    0.400   br3_knee_pitch
 14.90 RAMP_DOWN   2.00     0.0595    0.156   fr3_knee_pitch

==========================================================================
✅ 序列完整跑完

心跳 604462 → 619462（+15000 / 15.00s = 1000/s，實機應接近 1000/s）

==========================================================================
HOLD 期間統計（★ 主要證據：低 kp 下的下垂量 = 重力力矩 / kp）
==========================================================================
（角度、力矩全部已換算到**控制器座標系**，與 MJCF 同框，可以直接互比）
關節                     目標       實測        誤差      實測τ     kp×誤差      預演τ         判讀
fl1_hip_roll       0.0000  -0.1466   -0.1466   +5.886    +5.863   +6.087        ✅相符
fl2_hip_pitch      1.4000   1.2770   -0.1230   +4.935    +4.919   +5.213        ✅相符
fl3_knee_pitch    -2.4000  -2.2752   +0.1248   -5.024    -4.991   -4.317        ✅相符
fr1_hip_roll       0.0000   0.1318   +0.1318   -5.266    -5.272   -6.087        ✅相符
fr2_hip_pitch      1.4000   1.2820   -0.1180   +4.712    +4.721   +5.214        ✅相符
fr3_knee_pitch    -2.4000  -2.2584   +0.1416   -5.652    -5.662   -4.317        ✅相符
bl1_hip_roll       0.0000  -0.1379   -0.1379   +5.512    +5.516   +6.087        ✅相符
bl2_hip_pitch     -1.4000  -1.2610   +0.1390   -5.544    -5.560   -5.214        ✅相符
bl3_knee_pitch     2.4000   2.2768   -0.1232   +4.908    +4.926   +4.317        ✅相符
br1_hip_roll       0.0000   0.1257   +0.1257   -5.067    -5.028   -6.085        ✅相符
br2_hip_pitch     -1.4000  -1.2541   +0.1459   -5.873    -5.835   -5.205        ✅相符
br3_knee_pitch     2.4000   2.2798   -0.1202   +4.832    +4.808   +4.317        ✅相符

★ 12 個關節的保持力矩與 MJCF 預演相符 —— 換算式、腿序、增益符號都通過交叉驗證。

==========================================================================
關節                     峰值誤差       峰值τ       峰值v      溫度
fl1_hip_roll        -0.1467    +5.991    +0.239    26.0
fl2_hip_pitch       -0.1330    +5.045    +0.598    26.0
fl3_knee_pitch      +0.1525    -5.417    -0.991    25.0
fr1_hip_roll        +0.1406    -5.624    +0.376    26.0
fr2_hip_pitch       -0.1373    +5.325    -0.620    26.0
fr3_knee_pitch      +0.1625    -5.747    +1.007    25.0
bl1_hip_roll        -0.1559    +6.247    +0.279    26.0
bl2_hip_pitch       +0.1553    -5.911    -1.588    26.0
bl3_knee_pitch      -0.1556    +5.374    +1.338    25.0
br1_hip_roll        +0.1257    -5.167    +0.293    27.0
br2_hip_pitch       +0.1613    -6.265    +0.612    26.0
br3_knee_pitch      -0.1543    +5.411    +1.040    25.0

📊 機器可讀結果已存到 /home/robot/m_logs/M5_20260826_133300.json

==========================================================================
背景保持中：零增益保持（持續重寫指令與心跳）

零增益保持結束：0.0 秒內送出 9 幀（101839/s，目標 200/s）

✅ 已 SIGCONT 解凍 mc_ctrl，狀態=S

📄 完整輸出已存到 /home/robot/m_logs/M5_20260826_133300.log
