M5 —— 腿關節驅動與姿勢控制

⚠️⚠️ 這支會驅動腿關節。確認：狗已吊掛、機身懸空、四腿自由不觸地、手邊有急停。

✅ 已載入預演對照表 /home/robot/hang_torque_ref.json
✅ 結構檢查通過（16 個關節名與順序相符）
✅ 16 顆全部洩力中
✅ mc_ctrl PID=2428 狀態=S

目標：stand_knee_back　控制關節 12 個　kp=40.0 kd=1.5　移動 4.0s　維持 3.0s
力矩保護：預演建議值（12/12 個關節取到，其餘退回 25.0）　fl1_hip_roll=10　fl2_hip_pitch=8　fl3_knee_pitch=7…

關節                     起始(控制器)       目標(控制器)        Δ      目標(馬達)                 限位      預演τ
fl1_hip_roll           -0.3119        0.0000  +0.3119     -0.5230    [-0.523,+0.697]     6.09
fl2_hip_pitch           0.0956        0.6000  +0.5044      1.8430    [-2.442,+2.791]     2.56
fl3_knee_pitch         -0.1393       -1.2000  -1.0607      1.6030    [-2.791,+2.791]    -2.90
fr1_hip_roll            0.1616        0.0000  -0.1616      0.5230    [-0.697,+0.523]    -6.09
fr2_hip_pitch           0.1261        0.6000  +0.4739     -1.8430    [-2.442,+2.791]     2.56
fr3_knee_pitch         -0.2156       -1.2000  -0.9844     -1.6030    [-2.791,+2.791]    -2.90
bl1_hip_roll           -0.3279        0.0000  +0.3279      0.5230    [-0.523,+0.697]     6.09
bl2_hip_pitch          -0.0582        0.6000  +0.6582     -3.0430    [-2.791,+2.442]     2.56
bl3_knee_pitch          0.1241       -1.2000  -1.3241     -4.0030    [-2.791,+2.791]    -2.90
br1_hip_roll            0.1757        0.0000  -0.1757     -0.5230    [-0.697,+0.523]    -6.08
br2_hip_pitch          -0.0223        0.6000  +0.6223      3.0430    [-2.791,+2.442]     2.56
br3_knee_pitch          0.0291       -1.2000  -1.2291      4.0030    [-2.791,+2.791]    -2.90

✅ 起點與目標都在機構限位內（含餘裕）
   起始角 vs 預演自然下垂：最大差 fr3_knee_pitch -0.2149 rad　✅ 相符
   預測最大下垂 fl1_hip_roll +0.1522 rad（+8.7°）　= 預演τ / kp(40.0)

✅ 已凍結 mc_ctrl（狀態=T）
每輪 payload 寫完後同步心跳；第一幀就帶指令，中間沒有空窗

  t(s)        階段     kp     最大|誤差|    最大|τ|               關節
  0.00   RAMP_UP   0.00     0.0000    0.076     br1_hip_roll
  0.25   RAMP_UP   5.00     0.0000    0.089   bl3_knee_pitch
  0.50   RAMP_UP  10.00     0.0004    0.052     fl1_hip_roll
  0.75   RAMP_UP  15.00     0.0004    0.040   bl3_knee_pitch
  1.01   RAMP_UP  20.10     0.0004    0.070    fr2_hip_pitch
  1.26   RAMP_UP  25.24     0.0004    0.082   bl3_knee_pitch
  1.52   RAMP_UP  30.30     0.0004    0.082     bl1_hip_roll
  1.77   RAMP_UP  35.30     0.0004    0.107   br3_knee_pitch
  2.02      MOVE  40.00     0.0004    0.082    bl2_hip_pitch
  2.28      MOVE  40.00     0.0150    0.644   bl3_knee_pitch
  2.53      MOVE  40.00     0.0540    2.078   bl3_knee_pitch
  2.78      MOVE  40.00     0.0872    3.403   fr3_knee_pitch
  3.03      MOVE  40.00     0.0693    2.408   fr3_knee_pitch
  3.29      MOVE  40.00     0.0752    2.884     bl1_hip_roll
  3.54      MOVE  40.00     0.1027    4.038     bl1_hip_roll
  3.79      MOVE  40.00     0.1088    4.105     fl1_hip_roll
  4.05      MOVE  40.00     0.0992    3.763     fl1_hip_roll
  4.30      MOVE  40.00     0.1234    4.733     bl1_hip_roll
  4.55      MOVE  40.00     0.1180    4.385     bl1_hip_roll
  4.80      MOVE  40.00     0.1263    4.733     fl1_hip_roll
  5.05      MOVE  40.00     0.1279    4.868     bl1_hip_roll
  5.30      MOVE  40.00     0.1271    5.112     bl1_hip_roll
  5.56      MOVE  40.00     0.1373    5.411     fl1_hip_roll
  5.81      MOVE  40.00     0.1354    5.307     bl1_hip_roll
  6.07      HOLD  40.00     0.1356    5.393     bl1_hip_roll
  6.32      HOLD  40.00     0.1295    5.179     bl1_hip_roll
  6.58      HOLD  40.00     0.1295    5.161     bl1_hip_roll
  6.83      HOLD  40.00     0.1295    5.142     bl1_hip_roll
  7.08      HOLD  40.00     0.1295    5.136     bl1_hip_roll
  7.33      HOLD  40.00     0.1295    5.154     bl1_hip_roll
  7.59      HOLD  40.00     0.1295    5.130     bl1_hip_roll
  7.84      HOLD  40.00     0.1295    5.167     bl1_hip_roll
  8.09      HOLD  40.00     0.1295    5.142     bl1_hip_roll
  8.35      HOLD  40.00     0.1295    5.179     bl1_hip_roll
  8.60      HOLD  40.00     0.1295    5.228     bl1_hip_roll
  8.86      HOLD  40.00     0.1295    5.222     bl1_hip_roll
  9.11    RETURN  40.00     0.1289    5.161     bl1_hip_roll
  9.36    RETURN  40.00     0.1230    4.929     bl1_hip_roll
  9.62    RETURN  40.00     0.1168    4.666     fr1_hip_roll
  9.87    RETURN  40.00     0.1081    4.318     fr1_hip_roll
 10.12    RETURN  40.00     0.0968    3.793     fr1_hip_roll
 10.38    RETURN  40.00     0.0834    3.348     fr1_hip_roll
 10.63    RETURN  40.00     0.0691    2.799     fr1_hip_roll
 10.88    RETURN  40.00     0.0537    2.103     fr1_hip_roll
 11.13    RETURN  40.00     0.0378    1.486     fr1_hip_roll
 11.39    RETURN  40.00     0.0424    1.559    br2_hip_pitch
 11.64    RETURN  40.00     0.0456    1.590    br2_hip_pitch
 11.89    RETURN  40.00     0.0439    1.749    br2_hip_pitch
 12.15    RETURN  40.00     0.0515    1.920    br2_hip_pitch
 12.40    RETURN  40.00     0.0483    1.639    br2_hip_pitch
 12.65    RETURN  40.00     0.0479    1.871   fr3_knee_pitch
 12.90    RETURN  40.00     0.0501    2.036    br2_hip_pitch
 13.15 RAMP_DOWN  37.00     0.0507    1.920    br2_hip_pitch
 13.41 RAMP_DOWN  31.90     0.0511    1.633    br2_hip_pitch
 13.66 RAMP_DOWN  26.90     0.0511    1.334    br2_hip_pitch
 13.91 RAMP_DOWN  21.90     0.0515    1.144    br2_hip_pitch
 14.16 RAMP_DOWN  16.80     0.0515    0.888    br2_hip_pitch

==========================================================================
⛔ 中止：fr3_knee_pitch 力矩 -33.22 超過硬上限 21.0 N·m（單筆即中止）

★ 已切成純阻尼 kd=3.0，並由背景執行緒**持續維持**
  （只寫一次會在 500 ms 後被 controller 清成 0 —— 那等於腿失力）
★ mc_ctrl **仍在凍結中**，故意不自動解凍：
  它恢復後會繼續下指令去凍結前的姿勢，若腿已移遠就是一次突跳。

中止前最後 15 筆 —— fr3_knee_pitch（力矩上限 7.0；JSON 裡存了 40 筆）
     t(s)        階段       實測q       目標q        τ        v kp|e|+kd|v|
   14.120 RAMP_DOWN   -0.2488   -0.2156    0.656    0.001        0.59
   14.125 RAMP_DOWN   -0.2488   -0.2156    0.583    0.001        0.58
   14.130 RAMP_DOWN   -0.2488   -0.2156    0.540    0.001        0.58
   14.135 RAMP_DOWN   -0.2488   -0.2156    0.558   -0.001        0.58
   14.140 RAMP_DOWN   -0.2488   -0.2156    0.479    0.001        0.57
   14.146 RAMP_DOWN   -0.2488   -0.2156    0.516    0.001        0.57
   14.150 RAMP_DOWN   -0.2488   -0.2156    0.546    0.001        0.57
   14.155 RAMP_DOWN   -0.2488   -0.2156    0.626    0.001        0.56
   14.160 RAMP_DOWN   -0.2488   -0.2156    0.577    0.001        0.56
   14.165 RAMP_DOWN   -0.2488   -0.2156    0.589    0.003        0.56
   14.170 RAMP_DOWN   -0.2488   -0.2156    0.516   -0.005        0.56
   14.175 RAMP_DOWN   -0.2488   -0.2156    0.601    0.001        0.55
   14.180 RAMP_DOWN   -0.2488   -0.2156    0.577    0.001        0.55
   14.185 RAMP_DOWN   -0.2488   -0.2156    0.540    0.001        0.54
   14.190 RAMP_DOWN   -0.2488   -0.2156  -33.225   -0.009        0.55  ←超標

  ★ 怎麼讀最後一欄：`kp·|誤差| + kd·|速度|` 是**我們的 PD 律在那一刻所能產生的上限**。
    實測 τ 遠大於它 → 那個力矩**不是我們下的**
      → 外力撞擊、或 effort 欄位的單筆雜訊尖峰（先看誤差與速度正不正常）
    實測 τ 貼著它    → 是我們的控制器在推，代表真的推不動（機構受阻）

心跳 718288 → 732479（+14191 / 14.19s = 1000/s，實機應接近 1000/s）

==========================================================================
HOLD 期間統計（★ 主要證據：低 kp 下的下垂量 = 重力力矩 / kp）
==========================================================================
（角度、力矩全部已換算到**控制器座標系**，與 MJCF 同框，可以直接互比）
關節                     目標       實測        誤差      實測τ     kp×誤差      預演τ         判讀
fl1_hip_roll       0.0000  -0.1217   -0.1217   +4.884    +4.868   +6.087        ✅相符
fl2_hip_pitch      0.6000   0.5522   -0.0478   +1.967    +1.911   +2.563        ✅相符
fl3_knee_pitch    -1.2000  -1.1014   +0.0986   -3.953    -3.943   -2.897        ✅相符
fr1_hip_roll       0.0000   0.1261   +0.1261   -5.009    -5.043   -6.087        ✅相符
fr2_hip_pitch      0.6000   0.5564   -0.0436   +1.715    +1.743   +2.565        ✅相符
fr3_knee_pitch    -1.2000  -1.1037   +0.0963   -3.860    -3.851   -2.897        ✅相符
bl1_hip_roll       0.0000  -0.1300   -0.1300   +5.177    +5.200   +6.087        ✅相符
bl2_hip_pitch      0.6000   0.5525   -0.0475   +1.909    +1.899   +2.563        ✅相符
bl3_knee_pitch    -1.2000  -1.0997   +0.1003   -4.060    -4.013   -2.897        ✅相符
br1_hip_roll       0.0000   0.1135   +0.1135   -4.527    -4.539   -6.085        ✅相符
br2_hip_pitch      0.6000   0.5430   -0.0570   +2.259    +2.280   +2.560        ✅相符
br3_knee_pitch    -1.2000  -1.0993   +0.1007   -3.991    -4.028   -2.897        ✅相符

★ 12 個關節的保持力矩與 MJCF 預演相符 —— 換算式、腿序、增益符號都通過交叉驗證。

==========================================================================
關節                     峰值誤差       峰值τ       峰值v      溫度
fl1_hip_roll        -0.1414    +5.679    +0.295    26.0
fl2_hip_pitch       -0.0524    +2.090    -0.358    26.0
fl3_knee_pitch      +0.1056    -4.111    -0.535    25.0
fr1_hip_roll        +0.1261    -5.081    +0.285    26.0
fr2_hip_pitch       -0.0586    +2.322    -0.402    26.0
fr3_knee_pitch      +0.1207   -33.225    +0.767    25.0
bl1_hip_roll        -0.1371    +5.466    +0.320    26.0
bl2_hip_pitch       -0.0557    +2.292    +0.479    26.0
bl3_knee_pitch      +0.1105    -4.178    -0.626    25.0
br1_hip_roll        +0.1135    -4.672    -0.336    27.0
br2_hip_pitch       -0.0634    +2.542    -0.424    26.0
br3_knee_pitch      +0.1100    -4.111    +0.572    25.0

📊 機器可讀結果已存到 /home/robot/m_logs/M5_20260826_133454.json

==========================================================================
背景保持中：阻尼保持（持續重寫指令與心跳）

⏸ 現在腿是**被阻尼撐著**的。結束這個保持之後，腿會失力慢慢垂下。
   請先確認狗的狀態安全（吊帶有沒有纏到腿、有沒有人在下方）。

   確認完畢後按 Enter 結束阻尼保持 ⏎ 
阻尼保持結束：6.0 秒內送出 1143 幀（189/s，目標 200/s）

⏸ mc_ctrl 仍在凍結中（PID 2428）。要交還控制權時執行：
      sudo kill -CONT 2428
   （前置條件已保證 mc_ctrl 凍結前是洩力狀態，所以解凍本身不會出力）

📄 完整輸出已存到 /home/robot/m_logs/M5_20260826_133454.log
