M5 —— 腿關節驅動與姿勢控制

⚠️⚠️ 這支會驅動腿關節。確認：狗已吊掛、機身懸空、四腿自由不觸地、手邊有急停。

✅ 已載入預演對照表 /home/robot/hang_torque_ref.json
✅ 結構檢查通過（16 個關節名與順序相符）
✅ 16 顆全部洩力中
✅ mc_ctrl PID=2428 狀態=S

目標：home　控制關節 12 個　kp=40.0 kd=1.5　移動 4.0s　維持 3.0s
力矩保護：預演建議值（12/12 個關節取到，其餘退回 25.0）　fl1_hip_roll=10　fl2_hip_pitch=8　fl3_knee_pitch=7…

關節                     起始(控制器)       目標(控制器)        Δ      目標(馬達)                 限位      預演τ
fl1_hip_roll           -0.3119        0.0000  +0.3119     -0.5230    [-0.523,+0.697]     6.09
fl2_hip_pitch           0.0758        0.8000  +0.7242      1.6430    [-2.442,+2.791]     3.63
fl3_knee_pitch         -0.1184       -1.5000  -1.3816      1.3030    [-2.791,+2.791]    -3.31
fr1_hip_roll            0.1677        0.0000  -0.1677      0.5230    [-0.697,+0.523]    -6.09
fr2_hip_pitch           0.0922        0.8000  +0.7078     -1.6430    [-2.442,+2.791]     3.63
fr3_knee_pitch         -0.1687       -1.5000  -1.3313     -1.3030    [-2.791,+2.791]    -3.31
bl1_hip_roll           -0.3195        0.0000  +0.3195      0.5230    [-0.523,+0.697]     6.09
bl2_hip_pitch          -0.0582       -0.8000  -0.7418     -1.6430    [-2.791,+2.442]    -3.63
bl3_knee_pitch          0.0840        1.5000  +1.4160     -1.3030    [-2.791,+2.791]     3.30
br1_hip_roll            0.1871        0.0000  -0.1871     -0.5230    [-0.697,+0.523]    -6.08
br2_hip_pitch          -0.0151       -0.8000  -0.7849      1.6430    [-2.791,+2.442]    -3.63
br3_knee_pitch         -0.0174        1.5000  +1.5174      1.3030    [-2.791,+2.791]     3.31

✅ 起點與目標都在機構限位內（含餘裕）
   起始角 vs 預演自然下垂：最大差 fr3_knee_pitch -0.1680 rad　✅ 相符
   預測最大下垂 fl1_hip_roll +0.1522 rad（+8.7°）　= 預演τ / kp(40.0)

✅ 已凍結 mc_ctrl（狀態=T）
每輪 payload 寫完後同步心跳；第一幀就帶指令，中間沒有空窗

  t(s)        階段     kp     最大|誤差|    最大|τ|               關節
  0.00   RAMP_UP   0.00     0.0000    0.082   fl3_knee_pitch
  0.25   RAMP_UP   5.00     0.0000    0.076     fr1_hip_roll
  0.51   RAMP_UP  10.10     0.0000    0.082   fr3_knee_pitch
  0.76   RAMP_UP  15.10     0.0000    0.064   br3_knee_pitch
  1.01   RAMP_UP  20.20     0.0000    0.058     fr1_hip_roll
  1.26   RAMP_UP  25.20     0.0000    0.064     fl1_hip_roll
  1.51   RAMP_UP  30.20     0.0000    0.052   bl3_knee_pitch
  1.77   RAMP_UP  35.30     0.0000    0.089    bl2_hip_pitch
  2.02      MOVE  40.00     0.0001    0.064     fl1_hip_roll
  2.27      MOVE  40.00     0.0166    0.650   br3_knee_pitch
  2.53      MOVE  40.00     0.0594    2.115   fr3_knee_pitch
  2.78      MOVE  40.00     0.0814    2.597    br2_hip_pitch
  3.03      MOVE  40.00     0.0744    2.371    bl2_hip_pitch
  3.29      MOVE  40.00     0.0873    3.037   fr3_knee_pitch
  3.54      MOVE  40.00     0.0972    3.879     bl1_hip_roll
  3.79      MOVE  40.00     0.1133    4.410     fl1_hip_roll
  4.04      MOVE  40.00     0.1072    4.062     bl1_hip_roll
  4.29      MOVE  40.00     0.1182    4.654     bl1_hip_roll
  4.54      MOVE  40.00     0.1221    4.691     fr1_hip_roll
  4.79      MOVE  40.00     0.1317    5.161     bl1_hip_roll
  5.05      MOVE  40.00     0.1347    5.270     bl1_hip_roll
  5.30      MOVE  40.00     0.1335    5.368     bl1_hip_roll
  5.55      MOVE  40.00     0.1391    5.582     fl1_hip_roll
  5.80      MOVE  40.00     0.1436    5.814     fl1_hip_roll
  6.06      HOLD  40.00     0.1371    5.460     bl1_hip_roll
  6.31      HOLD  40.00     0.1371    5.478     bl1_hip_roll
  6.56      HOLD  40.00     0.1371    5.435     bl1_hip_roll
  6.82      HOLD  40.00     0.1371    5.435     bl1_hip_roll
  7.07      HOLD  40.00     0.1371    5.399     bl1_hip_roll
  7.32      HOLD  40.00     0.1371    5.496     bl1_hip_roll
  7.58      HOLD  40.00     0.1371    5.423     bl1_hip_roll
  7.83      HOLD  40.00     0.1371    5.454     bl1_hip_roll
  8.09      HOLD  40.00     0.1371    5.496     bl1_hip_roll
  8.34      HOLD  40.00     0.1371    5.460     bl1_hip_roll
  8.59      HOLD  40.00     0.1371    5.460     bl1_hip_roll
  8.84      HOLD  40.00     0.1371    5.478     bl1_hip_roll
  9.09    RETURN  40.00     0.1367    5.423     bl1_hip_roll
  9.35    RETURN  40.00     0.1313    5.295     bl1_hip_roll
  9.60    RETURN  40.00     0.1200    4.849     bl1_hip_roll
  9.85    RETURN  40.00     0.1081    4.282     fr1_hip_roll
 10.11    RETURN  40.00     0.0964    3.793     fr1_hip_roll
 10.36    RETURN  40.00     0.0826    3.293     fr1_hip_roll
 10.62    RETURN  40.00     0.0676    2.658     fr1_hip_roll
 10.87    RETURN  40.00     0.0516    2.072     fr1_hip_roll
 11.12    RETURN  40.00     0.0398    1.474     fr1_hip_roll
 11.37    RETURN  40.00     0.0428    1.321     fl1_hip_roll
 11.62    RETURN  40.00     0.0503    1.169     bl1_hip_roll
 11.88    RETURN  40.00     0.0526    1.169   br3_knee_pitch
 12.13    RETURN  40.00     0.0529    1.523   bl3_knee_pitch
 12.38    RETURN  40.00     0.0515    1.889   fr3_knee_pitch
 12.64    RETURN  40.00     0.0495    1.639   br3_knee_pitch
 12.89    RETURN  40.00     0.0557    2.145   br3_knee_pitch
 13.14 RAMP_DOWN  37.30     0.0462    1.718   fr3_knee_pitch
 13.39 RAMP_DOWN  32.20     0.0462    1.529   fr3_knee_pitch
 13.65 RAMP_DOWN  27.10     0.0462    1.254   br3_knee_pitch
 13.90 RAMP_DOWN  21.91     0.0462    1.004   fr3_knee_pitch
 14.16 RAMP_DOWN  16.90     0.0465    0.839   fr3_knee_pitch
 14.41 RAMP_DOWN  11.90     0.0465    0.589   fr3_knee_pitch
 14.66 RAMP_DOWN   6.80     0.0465    0.351   br3_knee_pitch
 14.92 RAMP_DOWN   1.70     0.0469    0.137   bl3_knee_pitch

==========================================================================
✅ 序列完整跑完

心跳 683806 → 698806（+15000 / 15.00s = 1000/s，實機應接近 1000/s）

==========================================================================
HOLD 期間統計（★ 主要證據：低 kp 下的下垂量 = 重力力矩 / kp）
==========================================================================
（角度、力矩全部已換算到**控制器座標系**，與 MJCF 同框，可以直接互比）
關節                     目標       實測        誤差      實測τ     kp×誤差      預演τ         判讀
fl1_hip_roll       0.0000  -0.1323   -0.1323   +5.324    +5.291   +6.087        ✅相符
fl2_hip_pitch      0.8000   0.7332   -0.0668   +2.652    +2.672   +3.632        ✅相符
fl3_knee_pitch    -1.5000  -1.4023   +0.0977   -3.939    -3.907   -3.305        ✅相符
fr1_hip_roll       0.0000   0.1257   +0.1257   -5.005    -5.028   -6.087        ✅相符
fr2_hip_pitch      0.8000   0.7281   -0.0719   +2.854    +2.877   +3.633        ✅相符
fr3_knee_pitch    -1.5000  -1.3925   +0.1075   -4.260    -4.301   -3.305        ✅相符
bl1_hip_roll       0.0000  -0.1371   -0.1371   +5.439    +5.486   +6.087        ✅相符
bl2_hip_pitch     -0.8000  -0.7100   +0.0900   -3.565    -3.601   -3.634        ✅相符
bl3_knee_pitch     1.5000   1.4078   -0.0922   +3.651    +3.690   +3.305        ✅相符
br1_hip_roll       0.0000   0.1131   +0.1131   -4.529    -4.524   -6.085        ✅相符
br2_hip_pitch     -0.8000  -0.6964   +0.1036   -4.172    -4.143   -3.625        ✅相符
br3_knee_pitch     1.5000   1.4070   -0.0930   +3.763    +3.721   +3.305        ✅相符

★ 12 個關節的保持力矩與 MJCF 預演相符 —— 換算式、腿序、增益符號都通過交叉驗證。

==========================================================================
關節                     峰值誤差       峰值τ       峰值v      溫度
fl1_hip_roll        -0.1447    +5.844    +0.316    26.0
fl2_hip_pitch       -0.0849    +3.415    -0.382    26.0
fl3_knee_pitch      +0.1119    -4.428    +0.606    25.0
fr1_hip_roll        +0.1257    -5.075    -0.316    26.0
fr2_hip_pitch       -0.0797    +3.067    -0.406    26.0
fr3_knee_pitch      +0.1233    -4.807    +0.759    25.0
bl1_hip_roll        -0.1396    +5.588    -0.267    26.0
bl2_hip_pitch       +0.1100    -4.428    -0.414    26.0
bl3_knee_pitch      -0.1125    +4.001    -0.654    25.0
br1_hip_roll        +0.1133    -4.691    +0.259    27.0
br2_hip_pitch       +0.1088    -4.349    -0.497    26.0
br3_knee_pitch      -0.1113    +4.318    +0.725    25.0

📊 機器可讀結果已存到 /home/robot/m_logs/M5_20260826_133419.json

==========================================================================
背景保持中：零增益保持（持續重寫指令與心跳）

零增益保持結束：0.0 秒內送出 8 幀（24468/s，目標 200/s）

✅ 已 SIGCONT 解凍 mc_ctrl，狀態=S

📄 完整輸出已存到 /home/robot/m_logs/M5_20260826_133419.log
