M5 —— 腿關節驅動與姿勢控制

⚠️⚠️ 這支會驅動腿關節。確認：狗已吊掛、機身懸空、四腿自由不觸地、手邊有急停。

✅ 已載入預演對照表 /home/robot/hang_torque_ref.json
✅ 結構檢查通過（16 個關節名與順序相符）
✅ 16 顆全部洩力中
✅ mc_ctrl PID=2429 狀態=S

目標：stand　控制關節 12 個　kp=40.0 kd=1.5　移動 4.0s　維持 3.0s
力矩保護：預演建議值（12/12 個關節取到，其餘退回 25.0）　fl1_hip_roll=10　fl2_hip_pitch=8　fl3_knee_pitch=7…

關節                     起始(控制器)       目標(控制器)        Δ      目標(馬達)                 限位      預演τ
fl1_hip_roll           -0.3778        0.0000  +0.3778     -0.5230    [-0.523,+0.697]     6.09
fl2_hip_pitch           0.1330        0.6000  +0.4670      1.8430    [-2.442,+2.791]     2.56
fl3_knee_pitch         -0.2462       -1.2000  -0.9538      1.6030    [-2.791,+2.791]    -2.90
fr1_hip_roll            0.1272        0.0000  -0.1272      0.5230    [-0.697,+0.523]    -6.09
fr2_hip_pitch           0.0590        0.6000  +0.5410     -1.8430    [-2.442,+2.791]     2.56
fr3_knee_pitch         -0.2156       -1.2000  -0.9844     -1.6030    [-2.791,+2.791]    -2.90
bl1_hip_roll           -0.3744        0.0000  +0.3744      0.5230    [-0.523,+0.697]     6.09
bl2_hip_pitch          -0.0586       -0.6000  -0.5414     -1.8430    [-2.791,+2.442]    -2.57
bl3_knee_pitch          0.2046        1.2000  +0.9954     -1.6030    [-2.791,+2.791]     2.90
br1_hip_roll            0.1284        0.0000  -0.1284     -0.5230    [-0.697,+0.523]    -6.08
br2_hip_pitch          -0.0227       -0.6000  -0.5773      1.8430    [-2.791,+2.442]    -2.56
br3_knee_pitch          0.1493        1.2000  +1.0507      1.6030    [-2.791,+2.791]     2.90

✅ 起點與目標都在機構限位內（含餘裕）
   起始角 vs 預演自然下垂：最大差 fl3_knee_pitch -0.2468 rad　✅ 相符
   預測最大下垂 fl1_hip_roll +0.1522 rad（+8.7°）　= 預演τ / kp(40.0)

✅ 已凍結 mc_ctrl（狀態=T）
每輪 payload 寫完後同步心跳；第一幀就帶指令，中間沒有空窗

  t(s)        階段     kp     最大|誤差|    最大|τ|               關節
  0.00   RAMP_UP   0.00     0.0000    0.058    br2_hip_pitch
  0.25   RAMP_UP   5.00     0.0000    0.095    br2_hip_pitch
  0.51   RAMP_UP  10.10     0.0000    0.070     br1_hip_roll
  0.76   RAMP_UP  15.10     0.0000    0.070    br2_hip_pitch
  1.01   RAMP_UP  20.10     0.0000    0.064     br1_hip_roll
  1.26   RAMP_UP  25.10     0.0000    0.058    fl2_hip_pitch
  1.51   RAMP_UP  30.10     0.0000    0.095     fl1_hip_roll
  1.76   RAMP_UP  35.10     0.0065    0.204   fl3_knee_pitch
  2.01      MOVE  40.00     0.0065    0.211   fl3_knee_pitch
  2.26      MOVE  40.00     0.0105    0.461   br3_knee_pitch
  2.51      MOVE  40.00     0.0405    1.578   br3_knee_pitch
  2.77      MOVE  40.00     0.0843    3.256   fr3_knee_pitch
  3.02      MOVE  40.00     0.0757    2.548   fr3_knee_pitch
  3.27      MOVE  40.00     0.0835    3.336     bl1_hip_roll
  3.53      MOVE  40.00     0.1072    4.019     bl1_hip_roll
  3.78      MOVE  40.00     0.0959    3.592     bl1_hip_roll
  4.04      MOVE  40.00     0.1046    3.934     bl1_hip_roll
  4.29      MOVE  40.00     0.1155    4.483     bl1_hip_roll
  4.54      MOVE  40.00     0.1201    4.550     bl1_hip_roll
  4.79      MOVE  40.00     0.1279    4.923     bl1_hip_roll
  5.05      MOVE  40.00     0.1341    5.405     fl1_hip_roll
  5.30      MOVE  40.00     0.1355    5.313     bl1_hip_roll
  5.55      MOVE  40.00     0.1403    5.624     fl1_hip_roll
  5.81      MOVE  40.00     0.1395    5.496     fl1_hip_roll
  6.06      HOLD  40.00     0.1371    5.356     bl1_hip_roll
  6.32      HOLD  40.00     0.1364    5.454     bl1_hip_roll
  6.57      HOLD  40.00     0.1364    5.502     bl1_hip_roll
  6.82      HOLD  40.00     0.1364    5.472     bl1_hip_roll
  7.07      HOLD  40.00     0.1364    5.447     bl1_hip_roll
  7.32      HOLD  40.00     0.1360    5.441     bl1_hip_roll
  7.58      HOLD  40.00     0.1360    5.454     bl1_hip_roll
  7.83      HOLD  40.00     0.1360    5.460     bl1_hip_roll
  8.08      HOLD  40.00     0.1360    5.478     bl1_hip_roll
  8.33      HOLD  40.00     0.1360    5.423     bl1_hip_roll
  8.58      HOLD  40.00     0.1360    5.460     bl1_hip_roll
  8.84      HOLD  40.00     0.1360    5.460     bl1_hip_roll
  9.09    RETURN  40.00     0.1356    5.399     bl1_hip_roll
  9.34    RETURN  40.00     0.1295    5.246     bl1_hip_roll
  9.59    RETURN  40.00     0.1162    4.697     bl1_hip_roll
  9.84    RETURN  40.00     0.0982    3.952     bl1_hip_roll
 10.09    RETURN  40.00     0.0774    3.098     fr1_hip_roll
 10.35    RETURN  40.00     0.0671    2.670     fr1_hip_roll
 10.60    RETURN  40.00     0.0553    2.286     fr1_hip_roll
 10.86    RETURN  40.00     0.0434    1.651     fr1_hip_roll
 11.11    RETURN  40.00     0.0309    1.279     bl1_hip_roll
 11.36    RETURN  40.00     0.0291    1.260     bl1_hip_roll
 11.61    RETURN  40.00     0.0308    1.212    fr2_hip_pitch
 11.87    RETURN  40.00     0.0340    0.888   br3_knee_pitch
 12.12    RETURN  40.00     0.0334    1.236    fr2_hip_pitch
 12.37    RETURN  40.00     0.0423    1.315   fr3_knee_pitch
 12.63    RETURN  40.00     0.0438    1.773   br3_knee_pitch
 12.88    RETURN  40.00     0.0426    1.767   fr3_knee_pitch
 13.13 RAMP_DOWN  37.40     0.0397    1.456   br3_knee_pitch
 13.38 RAMP_DOWN  32.40     0.0397    1.267   br3_knee_pitch
 13.63 RAMP_DOWN  27.40     0.0397    1.004   br3_knee_pitch
 13.89 RAMP_DOWN  22.30     0.0397    0.900   br3_knee_pitch
 14.14 RAMP_DOWN  17.20     0.0401    0.595    fr2_hip_pitch
 14.39 RAMP_DOWN  12.19     0.0404    0.540   br3_knee_pitch
 14.64 RAMP_DOWN   7.16     0.0404    0.290   bl3_knee_pitch
 14.90 RAMP_DOWN   2.10     0.0408    0.125   fr3_knee_pitch

==========================================================================
✅ 序列完整跑完

心跳 3613211 → 3628211（+15000 / 15.00s = 1000/s，實機應接近 1000/s）

==========================================================================
HOLD 期間統計（★ 主要證據：低 kp 下的下垂量 = 重力力矩 / kp）
==========================================================================
（角度、力矩全部已換算到**控制器座標系**，與 MJCF 同框，可以直接互比）
關節                     目標       實測        誤差      實測τ     kp×誤差      預演τ         判讀
fl1_hip_roll       0.0000  -0.1308   -0.1308   +5.219    +5.232   +6.087        ✅相符
fl2_hip_pitch      0.6000   0.5391   -0.0609   +2.449    +2.437   +2.563        ✅相符
fl3_knee_pitch    -1.2000  -1.1012   +0.0988   -3.964    -3.951   -2.897        ✅相符
fr1_hip_roll       0.0000   0.0977   +0.0977   -3.886    -3.908   -6.087        ✅相符
fr2_hip_pitch      0.6000   0.5427   -0.0573   +2.264    +2.293   +2.565        ✅相符
fr3_knee_pitch    -1.2000  -1.1130   +0.0870   -3.441    -3.479   -2.897        ✅相符
bl1_hip_roll       0.0000  -0.1362   -0.1362   +5.455    +5.446   +6.087        ✅相符
bl2_hip_pitch     -0.6000  -0.5240   +0.0760   -3.010    -3.040   -2.565        ✅相符
bl3_knee_pitch     1.2000   1.1066   -0.0934   +3.713    +3.737   +2.897        ✅相符
br1_hip_roll       0.0000   0.0923   +0.0923   -3.694    -3.691   -6.085        ✅相符
br2_hip_pitch     -0.6000  -0.5213   +0.0787   -3.188    -3.146   -2.558        ✅相符
br3_knee_pitch     1.2000   1.1091   -0.0909   +3.645    +3.634   +2.897        ✅相符

★ 12 個關節的保持力矩與 MJCF 預演相符 —— 換算式、腿序、增益符號都通過交叉驗證。

==========================================================================
關節                     峰值誤差       峰值τ       峰值v      溫度
fl1_hip_roll        -0.1458    +5.863    -0.336    25.0
fl2_hip_pitch       -0.0667    +2.805    +0.372    25.0
fl3_knee_pitch      +0.1038    -7.016    -1.308    25.0
fr1_hip_roll        +0.1243    -5.490    +0.227    25.0
fr2_hip_pitch       -0.0621    +7.791    +0.866    25.0
fr3_knee_pitch      +0.1161    -4.770    -0.632    25.0
bl1_hip_roll        -0.1397    +5.631    +0.312    25.0
bl2_hip_pitch       +0.0867    -3.409    -0.366    25.0
bl3_knee_pitch      -0.1059    +4.117    +0.840    25.0
br1_hip_roll        +0.1239    -5.087    +0.221    25.0
br2_hip_pitch       +0.0882    -9.531    -0.866    25.0
br3_knee_pitch      -0.0998   +13.675    +1.124    25.0

==========================================================================
輪子（HOLD 2.99 秒，v_des=0.3 kd=1.5 tau_ff=0.0）　角度已解纏、已換算到控制器座標系
輪                累積轉角       角速度     追蹤率      平均τ      摩擦推估  判讀
fl4_foot      +0.4925   +0.1649     55%   +0.211    +0.203  ✅ 轉了
fr4_foot      +0.6542   +0.2191     73%   +0.119    +0.121  ✅ 轉了
bl4_foot      +0.5566   +0.1864     62%   +0.179    +0.170  ✅ 轉了
br4_foot      +0.5253   +0.1759     59%   +0.178    +0.186  ✅ 轉了

📊 機器可讀結果已存到 /home/robot/m_logs/M5_20260826_114226.json

==========================================================================
背景保持中：零增益保持（持續重寫指令與心跳）

零增益保持結束：0.0 秒內送出 9 幀（12468/s，目標 200/s）

✅ 已 SIGCONT 解凍 mc_ctrl，狀態=S

📄 完整輸出已存到 /home/robot/m_logs/M5_20260826_114226.log
