M5 —— 腿關節驅動與姿勢控制

⚠️⚠️ 這支會驅動腿關節。確認：狗已吊掛、機身懸空、四腿自由不觸地、手邊有急停。

✅ 已載入預演對照表 /home/robot/hang_torque_ref.json
✅ 結構檢查通過（16 個關節名與順序相符）
✅ 16 顆全部洩力中
✅ mc_ctrl PID=2428 狀態=S

目標：delta+0.05　控制關節 1 個　kp=20.0 kd=1.0　移動 4.0s　維持 3.0s
力矩保護：預演建議值（1/1 個關節取到，其餘退回 25.0）　fl2_hip_pitch=8

關節                     起始(控制器)       目標(控制器)        Δ      目標(馬達)                 限位      預演τ
fl2_hip_pitch           0.0189        0.0689  +0.0500      2.3741    [-2.442,+2.791] —

✅ 起點與目標都在機構限位內（含餘裕）
   起始角 vs 預演自然下垂：最大差 fl2_hip_pitch +0.0181 rad　✅ 相符
   預測位移 = (kp·Δ − τ₀)/(kp + k)　k=局部重力剛度、τ₀=下垂處的純重力力矩：
     fl2_hip_pitch    預期實走 +0.0288 rad（指令 +0.0500，比例 +0.58）

✅ 已凍結 mc_ctrl（狀態=T）
每輪 payload 寫完後同步心跳；第一幀就帶指令，中間沒有空窗

  t(s)        階段     kp     最大|誤差|    最大|τ|               關節
  0.00   RAMP_UP   0.00     0.0000    0.015    fl2_hip_pitch
  0.25   RAMP_UP   2.51     0.0000    0.027    fl2_hip_pitch
  0.51   RAMP_UP   5.05     0.0000    0.040    fl2_hip_pitch
  0.76   RAMP_UP   7.55     0.0000    0.021    fl2_hip_pitch
  1.01   RAMP_UP  10.10     0.0000    0.021    fl2_hip_pitch
  1.26   RAMP_UP  12.60     0.0000    0.040    fl2_hip_pitch
  1.51   RAMP_UP  15.10     0.0000    0.040    fl2_hip_pitch
  1.76   RAMP_UP  17.60     0.0000    0.021    fl2_hip_pitch
  2.02      MOVE  20.00     0.0000    0.009    fl2_hip_pitch
  2.27      MOVE  20.00     0.0005    0.009    fl2_hip_pitch
  2.52      MOVE  20.00     0.0021    0.040    fl2_hip_pitch
  2.77      MOVE  20.00     0.0044    0.101    fl2_hip_pitch
  3.03      MOVE  20.00     0.0077    0.143    fl2_hip_pitch
  3.28      MOVE  20.00     0.0116    0.229    fl2_hip_pitch
  3.54      MOVE  20.00     0.0161    0.339    fl2_hip_pitch
  3.79      MOVE  20.00     0.0204    0.436    fl2_hip_pitch
  4.04      MOVE  20.00     0.0250    0.473    fl2_hip_pitch
  4.29      MOVE  20.00     0.0299    0.595    fl2_hip_pitch
  4.54      MOVE  20.00     0.0345    0.711    fl2_hip_pitch
  4.80      MOVE  20.00     0.0385    0.821    fl2_hip_pitch
  5.05      MOVE  20.00     0.0422    0.912    fl2_hip_pitch
  5.30      MOVE  20.00     0.0452    0.906    fl2_hip_pitch
  5.56      MOVE  20.00     0.0473    0.980    fl2_hip_pitch
  5.81      MOVE  20.00     0.0478    0.992    fl2_hip_pitch
  6.06      HOLD  20.00     0.0481    1.035    fl2_hip_pitch
  6.31      HOLD  20.00     0.0481    1.010    fl2_hip_pitch
  6.56      HOLD  20.00     0.0481    1.010    fl2_hip_pitch
  6.82      HOLD  20.00     0.0481    1.016    fl2_hip_pitch
  7.07      HOLD  20.00     0.0481    0.967    fl2_hip_pitch
  7.33      HOLD  20.00     0.0481    1.004    fl2_hip_pitch
  7.58      HOLD  20.00     0.0481    0.986    fl2_hip_pitch
  7.84      HOLD  20.00     0.0481    1.010    fl2_hip_pitch
  8.09      HOLD  20.00     0.0481    1.028    fl2_hip_pitch
  8.34      HOLD  20.00     0.0481    0.980    fl2_hip_pitch
  8.59      HOLD  20.00     0.0481    0.955    fl2_hip_pitch
  8.85      HOLD  20.00     0.0481    0.986    fl2_hip_pitch
  9.10    RETURN  20.00     0.0480    0.986    fl2_hip_pitch
  9.35    RETURN  20.00     0.0472    0.986    fl2_hip_pitch
  9.60    RETURN  20.00     0.0454    0.974    fl2_hip_pitch
  9.86    RETURN  20.00     0.0426    0.876    fl2_hip_pitch
 10.11    RETURN  20.00     0.0392    0.735    fl2_hip_pitch
 10.36    RETURN  20.00     0.0351    0.729    fl2_hip_pitch
 10.62    RETURN  20.00     0.0305    0.589    fl2_hip_pitch
 10.87    RETURN  20.00     0.0256    0.497    fl2_hip_pitch
 11.13    RETURN  20.00     0.0206    0.400    fl2_hip_pitch
 11.38    RETURN  20.00     0.0158    0.320    fl2_hip_pitch
 11.63    RETURN  20.00     0.0117    0.272    fl2_hip_pitch
 11.88    RETURN  20.00     0.0076    0.150    fl2_hip_pitch
 12.13    RETURN  20.00     0.0048    0.082    fl2_hip_pitch
 12.39    RETURN  20.00     0.0021    0.046    fl2_hip_pitch
 12.64    RETURN  20.00     0.0003    0.009    fl2_hip_pitch
 12.89    RETURN  20.00     0.0007    0.058    fl2_hip_pitch
 13.15 RAMP_DOWN  18.55     0.0008    0.070    fl2_hip_pitch
 13.40 RAMP_DOWN  16.05     0.0008    0.021    fl2_hip_pitch
 13.65 RAMP_DOWN  13.50     0.0008    0.003    fl2_hip_pitch
 13.90 RAMP_DOWN  11.00     0.0008    0.027    fl2_hip_pitch
 14.16 RAMP_DOWN   8.45     0.0008    0.003    fl2_hip_pitch
 14.41 RAMP_DOWN   5.95     0.0008    0.015    fl2_hip_pitch
 14.66 RAMP_DOWN   3.45     0.0008    0.015    fl2_hip_pitch
 14.91 RAMP_DOWN   0.90     0.0008    0.009    fl2_hip_pitch

==========================================================================
✅ 序列完整跑完

心跳 469377 → 484377（+15000 / 15.00s = 1000/s，實機應接近 1000/s）

==========================================================================
HOLD 期間統計（★ 主要證據：低 kp 下的下垂量 = 重力力矩 / kp）
==========================================================================
（角度、力矩全部已換算到**控制器座標系**，與 MJCF 同框，可以直接互比）

★ 微動測試驗的是**方向**，不是大小。
  自然下垂姿勢依定義就是「零力矩平衡點」，那裡的重力力矩 ≈ 0，
  所以下垂量沒有訊號 —— 大小的對照要等 S2 以後（命令一個遠離平衡的姿勢）。
  這裡看兩件事：① 有沒有往對的方向走 ② 走了指令量的幾成。
  ② 的預期值是 kp/(kp+k)，k 是該關節在下垂點附近的重力剛度（見預演表）。

關節                     目標       實測        誤差      實測τ     kp×誤差      預演τ         判讀
fl2_hip_pitch      0.0689   0.0208   -0.0481   +0.988    +0.962 —          —

關節                     指令Δ       實走Δ       比例      預測實走           判讀
fl2_hip_pitch      +0.0500   +0.0019     0.04   +0.0288     ✅方向符,量偏差

==========================================================================
關節                     峰值誤差       峰值τ       峰值v      溫度
fl2_hip_pitch       -0.0482    +1.083    -0.035    26.0

📊 機器可讀結果已存到 /home/robot/m_logs/M5_20260826_133045.json

==========================================================================
背景保持中：零增益保持（持續重寫指令與心跳）

零增益保持結束：0.0 秒內送出 1 幀（17058/s，目標 200/s）

✅ 已 SIGCONT 解凍 mc_ctrl，狀態=S

📄 完整輸出已存到 /home/robot/m_logs/M5_20260826_133045.log
