M5 —— 腿關節驅動與姿勢控制

⚠️⚠️ 這支會驅動腿關節。確認：狗已吊掛、機身懸空、四腿自由不觸地、手邊有急停。

✅ 已載入預演對照表 /home/robot/hang_torque_ref.json
✅ 結構檢查通過（16 個關節名與順序相符）
✅ 16 顆全部洩力中
✅ mc_ctrl PID=2429 狀態=S

目標：stand_knee_back　控制關節 12 個　kp=40.0 kd=1.0　移動 4.0s　維持 3.0s
力矩保護：預演建議值（12/12 個關節取到，其餘退回 25.0）　fl1_hip_roll=10　fl2_hip_pitch=8　fl3_knee_pitch=7…

關節                     起始(控制器)       目標(控制器)        Δ      目標(馬達)                 限位      預演τ
fl1_hip_roll           -0.3904        0.0000  +0.3904     -0.5230    [-0.523,+0.697]     6.09
fl2_hip_pitch           0.0899        0.6000  +0.5101      1.8430    [-2.442,+2.791]     2.56
fl3_knee_pitch         -0.3793       -1.2000  -0.8207      1.6030    [-2.791,+2.791]    -2.90
fr1_hip_roll            0.1337        0.0000  -0.1337      0.5230    [-0.697,+0.523]    -6.09
fr2_hip_pitch           0.2543        0.6000  +0.3457     -1.8430    [-2.442,+2.791]     2.56
fr3_knee_pitch         -0.7791       -1.2000  -0.4209     -1.6030    [-2.791,+2.791]    -2.90
bl1_hip_roll           -0.3843        0.0000  +0.3843      0.5230    [-0.523,+0.697]     6.09
bl2_hip_pitch          -0.2661        0.6000  +0.8661     -3.0430    [-2.791,+2.442]     2.56
bl3_knee_pitch          0.8271       -1.2000  -2.0271     -4.0030    [-2.791,+2.791]    -2.90
br1_hip_roll            0.1741        0.0000  -0.1741     -0.5230    [-0.697,+0.523]    -6.08
br2_hip_pitch          -0.3126        0.6000  +0.9126      3.0430    [-2.791,+2.442]     2.56
br3_knee_pitch          0.9073       -1.2000  -2.1073      4.0030    [-2.791,+2.791]    -2.90

✅ 起點與目標都在機構限位內（含餘裕）
   起始角 vs 預演自然下垂：最大差 br3_knee_pitch +0.9079 rad　⚠️ 偏大，狗可能不是自由下垂（吊帶纏到腿？腳踩到東西？）
   預測最大下垂 fl1_hip_roll +0.1522 rad（+8.7°）　= 預演τ / kp(40.0)

[乾跑] 沒有帶 --confirm，到此為止。沒有凍結行程、沒有寫入。

📄 完整輸出已存到 /home/robot/m_logs/M5_20260826_104802.log
