M5 —— 腿關節驅動與姿勢控制

⚠️⚠️ 這支會驅動腿關節。確認：狗已吊掛、機身懸空、四腿自由不觸地、手邊有急停。

✅ 已載入預演對照表 /home/robot/hang_torque_ref.json
✅ 結構檢查通過（16 個關節名與順序相符）
✅ 16 顆全部洩力中
✅ mc_ctrl PID=2428 狀態=S

目標：delta+0.15　控制關節 1 個　kp=25.0 kd=1.0　移動 4.0s　維持 3.0s
力矩保護：預演建議值（1/1 個關節取到，其餘退回 25.0）　fl1_hip_roll=10

關節                     起始(控制器)       目標(控制器)        Δ      目標(馬達)                 限位      預演τ
fl1_hip_roll           -0.3164       -0.1664  +0.1500     -0.3566    [-0.523,+0.697] —

✅ 起點與目標都在機構限位內（含餘裕）
   起始角 vs 預演自然下垂：最大差 fl1_hip_roll -0.0421 rad　✅ 相符
   預測位移 = (kp·Δ − τ₀)/(kp + k)　k=局部重力剛度、τ₀=下垂處的純重力力矩：
     fl1_hip_roll     預期實走 +0.0465 rad（指令 +0.1500，比例 +0.31）

✅ 已凍結 mc_ctrl（狀態=T）
每輪 payload 寫完後同步心跳；第一幀就帶指令，中間沒有空窗

  t(s)        階段     kp     最大|誤差|    最大|τ|               關節
  0.00   RAMP_UP   0.00     0.0000    0.027     fl1_hip_roll
  0.25   RAMP_UP   3.13     0.0000    0.003     fl1_hip_roll
  0.50   RAMP_UP   6.25     0.0000    0.040     fl1_hip_roll
  0.76   RAMP_UP   9.44     0.0000    0.009     fl1_hip_roll
  1.01   RAMP_UP  12.56     0.0000    0.027     fl1_hip_roll
  1.26   RAMP_UP  15.76     0.0000    0.009     fl1_hip_roll
  1.52   RAMP_UP  18.94     0.0000    0.046     fl1_hip_roll
  1.77   RAMP_UP  22.13     0.0000    0.015     fl1_hip_roll
  2.03      MOVE  25.00     0.0000    0.015     fl1_hip_roll
  2.29      MOVE  25.00     0.0019    0.027     fl1_hip_roll
  2.54      MOVE  25.00     0.0066    0.156     fl1_hip_roll
  2.80      MOVE  25.00     0.0142    0.333     fl1_hip_roll
  3.06      MOVE  25.00     0.0247    0.577     fl1_hip_roll
  3.32      MOVE  25.00     0.0366    0.876     fl1_hip_roll
  3.57      MOVE  25.00     0.0502    1.260     fl1_hip_roll
  3.83      MOVE  25.00     0.0644    1.602     fl1_hip_roll
  4.08      MOVE  25.00     0.0790    1.913     fl1_hip_roll
  4.33      MOVE  25.00     0.0931    2.316     fl1_hip_roll
  4.59      MOVE  25.00     0.1071    2.756     fl1_hip_roll
  4.84      MOVE  25.00     0.1187    3.012     fl1_hip_roll
  5.10      MOVE  25.00     0.1288    3.128     fl1_hip_roll
  5.35      MOVE  25.00     0.1350    3.281     fl1_hip_roll
  5.60      MOVE  25.00     0.1387    3.458     fl1_hip_roll
  5.85      MOVE  25.00     0.1419    3.519     fl1_hip_roll
  6.11      HOLD  25.00     0.1424    3.586     fl1_hip_roll
  6.36      HOLD  25.00     0.1424    3.568     fl1_hip_roll
  6.61      HOLD  25.00     0.1424    3.574     fl1_hip_roll
  6.87      HOLD  25.00     0.1424    3.592     fl1_hip_roll
  7.12      HOLD  25.00     0.1424    3.580     fl1_hip_roll
  7.38      HOLD  25.00     0.1424    3.604     fl1_hip_roll
  7.63      HOLD  25.00     0.1424    3.635     fl1_hip_roll
  7.88      HOLD  25.00     0.1424    3.519     fl1_hip_roll
  8.14      HOLD  25.00     0.1424    3.604     fl1_hip_roll
  8.39      HOLD  25.00     0.1424    3.555     fl1_hip_roll
  8.64      HOLD  25.00     0.1424    3.616     fl1_hip_roll
  8.90      HOLD  25.00     0.1424    3.555     fl1_hip_roll
  9.15    RETURN  25.00     0.1419    3.598     fl1_hip_roll
  9.40    RETURN  25.00     0.1387    3.500     fl1_hip_roll
  9.65    RETURN  25.00     0.1328    3.317     fl1_hip_roll
  9.91    RETURN  25.00     0.1242    3.085     fl1_hip_roll
 10.16    RETURN  25.00     0.1136    2.811     fl1_hip_roll
 10.41    RETURN  25.00     0.1012    2.493     fl1_hip_roll
 10.66    RETURN  25.00     0.0874    2.243     fl1_hip_roll
 10.91    RETURN  25.00     0.0727    1.871     fl1_hip_roll
 11.17    RETURN  25.00     0.0581    1.511     fl1_hip_roll
 11.42    RETURN  25.00     0.0441    1.108     fl1_hip_roll
 11.67    RETURN  25.00     0.0307    0.778     fl1_hip_roll
 11.92    RETURN  25.00     0.0189    0.485     fl1_hip_roll
 12.18    RETURN  25.00     0.0095    0.247     fl1_hip_roll
 12.43    RETURN  25.00     0.0018    0.021     fl1_hip_roll
 12.68    RETURN  25.00     0.0034    0.027     fl1_hip_roll
 12.93    RETURN  25.00     0.0056    0.107     fl1_hip_roll
 13.18 RAMP_DOWN  22.75     0.0057    0.143     fl1_hip_roll
 13.44 RAMP_DOWN  19.56     0.0057    0.082     fl1_hip_roll
 13.69 RAMP_DOWN  16.37     0.0057    0.052     fl1_hip_roll
 13.95 RAMP_DOWN  13.19     0.0057    0.015     fl1_hip_roll
 14.20 RAMP_DOWN  10.00     0.0057    0.046     fl1_hip_roll
 14.45 RAMP_DOWN   6.87     0.0057    0.003     fl1_hip_roll
 14.71 RAMP_DOWN   3.69     0.0057    0.040     fl1_hip_roll
 14.96 RAMP_DOWN   0.56     0.0057    0.064     fl1_hip_roll

==========================================================================
✅ 序列完整跑完

心跳 5956652 → 5971653（+15001 / 15.00s = 1000/s，實機應接近 1000/s）

==========================================================================
HOLD 期間統計（★ 主要證據：低 kp 下的下垂量 = 重力力矩 / kp）
==========================================================================
（角度、力矩全部已換算到**控制器座標系**，與 MJCF 同框，可以直接互比）

★ 微動測試驗的是**方向**，不是大小。
  自然下垂姿勢依定義就是「零力矩平衡點」，那裡的重力力矩 ≈ 0，
  所以下垂量沒有訊號 —— 大小的對照要等 S2 以後（命令一個遠離平衡的姿勢）。
  這裡看兩件事：① 有沒有往對的方向走 ② 走了指令量的幾成。
  ② 的預期值是 kp/(kp+k)，k 是該關節在下垂點附近的重力剛度（見預演表）。

關節                     目標       實測        誤差      實測τ     kp×誤差      預演τ         判讀
fl1_hip_roll      -0.1664  -0.3088   -0.1424   +3.586    +3.559 —          —

關節                     指令Δ       實走Δ       比例      預測實走           判讀
fl1_hip_roll       +0.1500   +0.0076     0.05   +0.0465     ✅方向符,量偏差

==========================================================================
關節                     峰值誤差       峰值τ       峰值v      溫度    異常筆
fl1_hip_roll        -0.1424    +3.671    +0.084    26.0      0

==========================================================================
靜摩擦掙脫門檻（由 MOVE 期間力矩爬升時「開始動」的時刻判定）
==========================================================================
判準：|q − q起始| 第一次超過 0.0050 rad（≈ 5× 感測雜訊）

fl1_hip_roll：★ 在 t=5.345s（MOVE）開始動
   前一筆力矩 3.427、開始動那筆 3.281 N·m
   → **掙脫門檻夾在 3.427 ~ 3.281 N·m 之間**
     （取樣週期 5 ms，想更準就把 --move 拉長）

📊 機器可讀結果已存到 /home/robot/m_logs/M5_20260826_150212.json

==========================================================================
背景保持中：零增益保持（持續重寫指令與心跳）

零增益保持結束：0.0 秒內送出 13 幀（83156/s，目標 200/s）

✅ 已 SIGCONT 解凍 mc_ctrl，狀態=S

📄 完整輸出已存到 /home/robot/m_logs/M5_20260826_150212.log
