M5 —— 腿關節驅動與姿勢控制

⚠️⚠️ 這支會驅動腿關節。確認：狗已吊掛、機身懸空、四腿自由不觸地、手邊有急停。

✅ 已載入預演對照表 /home/robot/hang_torque_ref.json
✅ 結構檢查通過（16 個關節名與順序相符）
✅ 16 顆全部洩力中
✅ mc_ctrl PID=2429 狀態=S

目標：stand　控制關節 12 個　kp=40.0 kd=1.5　移動 4.0s　維持 3.0s
力矩保護：預演建議值（12/12 個關節取到，其餘退回 25.0）　fl1_hip_roll=10　fl2_hip_pitch=8　fl3_knee_pitch=7…

關節                     起始(控制器)       目標(控制器)        Δ      目標(馬達)                 限位      預演τ
fl1_hip_roll           -0.3645        0.0000  +0.3645     -0.5230    [-0.523,+0.697]     6.09
fl2_hip_pitch           0.1208        0.6000  +0.4792      1.8430    [-2.442,+2.791]     2.56
fl3_knee_pitch         -0.2317       -1.2000  -0.9683      1.6030    [-2.791,+2.791]    -2.90
fr1_hip_roll            0.1272        0.0000  -0.1272      0.5230    [-0.697,+0.523]    -6.09
fr2_hip_pitch           0.0574        0.6000  +0.5426     -1.8430    [-2.442,+2.791]     2.56
fr3_knee_pitch         -0.1226       -1.2000  -1.0774     -1.6030    [-2.791,+2.791]    -2.90
bl1_hip_roll           -0.3592        0.0000  +0.3592      0.5230    [-0.523,+0.697]     6.09
bl2_hip_pitch          -0.2528       -0.6000  -0.3472     -1.8430    [-2.791,+2.442]    -2.57
bl3_knee_pitch          0.4796        1.2000  +0.7204     -1.6030    [-2.791,+2.791]     2.90
br1_hip_roll            0.1623        0.0000  -0.1623     -0.5230    [-0.697,+0.523]    -6.08
br2_hip_pitch           0.0112       -0.6000  -0.6112      1.8430    [-2.791,+2.442]    -2.56
br3_knee_pitch          0.0692        1.2000  +1.1308      1.6030    [-2.791,+2.791]     2.90

✅ 起點與目標都在機構限位內（含餘裕）
   起始角 vs 預演自然下垂：最大差 bl3_knee_pitch +0.4789 rad　⚠️ 偏大，狗可能不是自由下垂（吊帶纏到腿？腳踩到東西？）
   預測最大下垂 fl1_hip_roll +0.1522 rad（+8.7°）　= 預演τ / kp(40.0)

✅ 已凍結 mc_ctrl（狀態=T）
每輪 payload 寫完後同步心跳；第一幀就帶指令，中間沒有空窗

  t(s)        階段     kp     最大|誤差|    最大|τ|               關節
  0.00   RAMP_UP   0.00     0.0000    0.058     fr1_hip_roll
  0.25   RAMP_UP   5.00     0.0000    0.070     bl1_hip_roll
  0.50   RAMP_UP  10.00     0.0000    0.089    bl2_hip_pitch
  0.76   RAMP_UP  15.10     0.0000    0.070   fr3_knee_pitch
  1.01   RAMP_UP  20.10     0.0000    0.070    fr2_hip_pitch
  1.26   RAMP_UP  25.20     0.0000    0.064   fr3_knee_pitch
  1.51   RAMP_UP  30.20     0.0000    0.052     br1_hip_roll
  1.77   RAMP_UP  35.30     0.0000    0.101     fr1_hip_roll
  2.02      MOVE  40.00     0.0001    0.119   br3_knee_pitch
  2.27      MOVE  40.00     0.0127    0.485   br3_knee_pitch
  2.53      MOVE  40.00     0.0463    1.767   br3_knee_pitch
  2.78      MOVE  40.00     0.0846    2.957   fr3_knee_pitch
  3.04      MOVE  40.00     0.0729    2.426   bl3_knee_pitch
  3.29      MOVE  40.00     0.0814    3.183     fl1_hip_roll
  3.54      MOVE  40.00     0.1014    3.745     fl1_hip_roll
  3.79      MOVE  40.00     0.0998    3.684     bl1_hip_roll
  4.05      MOVE  40.00     0.1054    4.166     bl1_hip_roll
  4.30      MOVE  40.00     0.1151    4.440     bl1_hip_roll
  4.56      MOVE  40.00     0.1238    4.715     bl1_hip_roll
  4.81      MOVE  40.00     0.1251    4.807     fl1_hip_roll
  5.06      MOVE  40.00     0.1331    5.270     bl1_hip_roll
  5.32      MOVE  40.00     0.1343    5.246     bl1_hip_roll
  5.57      MOVE  40.00     0.1421    5.679     fl1_hip_roll
  5.83      MOVE  40.00     0.1396    5.417     fl1_hip_roll
  6.08      HOLD  40.00     0.1371    5.551     bl1_hip_roll
  6.33      HOLD  40.00     0.1371    5.563     bl1_hip_roll
  6.58      HOLD  40.00     0.1371    5.496     bl1_hip_roll
  6.83      HOLD  40.00     0.1371    5.515     bl1_hip_roll
  7.09      HOLD  40.00     0.1371    5.484     bl1_hip_roll
  7.34      HOLD  40.00     0.1371    5.533     bl1_hip_roll
  7.59      HOLD  40.00     0.1371    5.509     bl1_hip_roll
  7.85      HOLD  40.00     0.1371    5.496     bl1_hip_roll
  8.10      HOLD  40.00     0.1371    5.527     bl1_hip_roll
  8.35      HOLD  40.00     0.1371    5.509     bl1_hip_roll
  8.60      HOLD  40.00     0.1371    5.521     bl1_hip_roll
  8.85      HOLD  40.00     0.1371    5.515     bl1_hip_roll
  9.10    RETURN  40.00     0.1366    5.454     bl1_hip_roll
  9.36    RETURN  40.00     0.1302    5.154     bl1_hip_roll
  9.61    RETURN  40.00     0.1178    4.703     fr1_hip_roll
  9.87    RETURN  40.00     0.1108    4.379     fr1_hip_roll
 10.12    RETURN  40.00     0.1022    4.092     fr1_hip_roll
 10.37    RETURN  40.00     0.0923    3.745     fr1_hip_roll
 10.62    RETURN  40.00     0.0812    3.268     fr1_hip_roll
 10.88    RETURN  40.00     0.0687    2.701     fr1_hip_roll
 11.13    RETURN  40.00     0.0564    2.237     fr1_hip_roll

==========================================================================
⛔ 中止：bl3_knee_pitch 力矩 +9.96 超過 7.0 N·m

★ 已切成純阻尼 kd=3.0，並由背景執行緒**持續維持**
  （只寫一次會在 500 ms 後被 controller 清成 0 —— 那等於腿失力）
★ mc_ctrl **仍在凍結中**，故意不自動解凍：
  它恢復後會繼續下指令去凍結前的姿勢，若腿已移遠就是一次突跳。

心跳 1987738 → 1998993（+11255 / 11.26s = 1000/s，實機應接近 1000/s）

==========================================================================
HOLD 期間統計（★ 主要證據：低 kp 下的下垂量 = 重力力矩 / kp）
==========================================================================
（角度、力矩全部已換算到**控制器座標系**，與 MJCF 同框，可以直接互比）
關節                     目標       實測        誤差      實測τ     kp×誤差      預演τ         判讀
fl1_hip_roll       0.0000  -0.1276   -0.1276   +5.113    +5.104   +6.087        ✅相符
fl2_hip_pitch      0.6000   0.5392   -0.0608   +2.443    +2.430   +2.563        ✅相符
fl3_knee_pitch    -1.2000  -1.1129   +0.0871   -3.532    -3.485   -2.897        ✅相符
fr1_hip_roll       0.0000   0.1249   +0.1249   -4.959    -4.997   -6.087        ✅相符
fr2_hip_pitch      0.6000   0.5427   -0.0573   +2.258    +2.293   +2.565        ✅相符
fr3_knee_pitch    -1.2000  -1.0961   +0.1039   -4.117    -4.156   -2.897        ✅相符
bl1_hip_roll       0.0000  -0.1371   -0.1371   +5.508    +5.486   +6.087        ✅相符
bl2_hip_pitch     -0.6000  -0.5228   +0.0772   -3.058    -3.086   -2.565        ✅相符
bl3_knee_pitch     1.2000   1.1064   -0.0936   +3.710    +3.744   +2.897        ✅相符
br1_hip_roll       0.0000   0.1131   +0.1131   -4.526    -4.524   -6.085        ✅相符
br2_hip_pitch     -0.6000  -0.5277   +0.0723   -2.890    -2.891   -2.558        ✅相符
br3_knee_pitch     1.2000   1.1181   -0.0819   +3.309    +3.277   +2.897        ✅相符

★ 12 個關節的保持力矩與 MJCF 預演相符 —— 換算式、腿序、增益符號都通過交叉驗證。

==========================================================================
關節                     峰值誤差       峰值τ       峰值v      溫度
fl1_hip_roll        -0.1473    +5.966    +0.267    25.0
fl2_hip_pitch       -0.0730    +2.969    -0.289    25.0
fl3_knee_pitch      +0.1090    -4.349    +0.457    25.0
fr1_hip_roll        +0.1249    -5.045    +0.055    25.0
fr2_hip_pitch       -0.0758    +3.024    -0.378    25.0
fr3_knee_pitch      +0.1208    -4.642    +0.582    25.0
bl1_hip_roll        -0.1407    +5.594    -0.203    25.0
bl2_hip_pitch       +0.0871    -3.415    +0.279    25.0
bl3_knee_pitch      -0.1066    +9.964    -0.404    25.0
br1_hip_roll        +0.1139    -4.800    -0.257    25.0
br2_hip_pitch       +0.0960    -3.934    +0.368    24.0
br3_knee_pitch      -0.1029    +3.989    -0.533    25.0

📊 機器可讀結果已存到 /home/robot/m_logs/M5_20260826_111520.json

==========================================================================
背景保持中：阻尼保持（持續重寫指令與心跳）

⏸ 現在腿是**被阻尼撐著**的。結束這個保持之後，腿會失力慢慢垂下。
   請先確認狗的狀態安全（吊帶有沒有纏到腿、有沒有人在下方）。

   確認完畢後按 Enter 結束阻尼保持 ⏎ 
阻尼保持結束：12.6 秒內送出 2416 幀（191/s，目標 200/s）

⏸ mc_ctrl 仍在凍結中（PID 2429）。要交還控制權時執行：
      sudo kill -CONT 2429
   （前置條件已保證 mc_ctrl 凍結前是洩力狀態，所以解凍本身不會出力）

📄 完整輸出已存到 /home/robot/m_logs/M5_20260826_111520.log
