M5 —— 腿關節驅動與姿勢控制

⚠️⚠️ 這支會驅動腿關節。確認：狗已吊掛、機身懸空、四腿自由不觸地、手邊有急停。

✅ 已載入預演對照表 /home/robot/hang_torque_ref.json
✅ 結構檢查通過（16 個關節名與順序相符）
✅ 16 顆全部洩力中
✅ mc_ctrl PID=2429 狀態=S

目標：delta+0.05　控制關節 1 個　kp=15.0 kd=1.0　移動 4.0s　維持 3.0s
力矩保護：預演建議值（1/1 個關節取到，其餘退回 25.0）　fl2_hip_pitch=8

關節                     起始(控制器)       目標(控制器)        Δ      目標(馬達)                 限位      預演τ
fl2_hip_pitch           0.0899        0.1399  +0.0500      2.3031    [-2.442,+2.791] —

✅ 起點與目標都在機構限位內（含餘裕）
   起始角 vs 預演自然下垂：最大差 fl2_hip_pitch +0.0890 rad　✅ 相符
   預測位移 = (kp·Δ − τ₀)/(kp + k)　k=局部重力剛度、τ₀=下垂處的純重力力矩：
     fl2_hip_pitch    預期實走 +0.0252 rad（指令 +0.0500，比例 +0.50）

✅ 已凍結 mc_ctrl（狀態=T）
每輪 payload 寫完後同步心跳；第一幀就帶指令，中間沒有空窗

  t(s)        階段     kp     最大|誤差|    最大|τ|               關節
  0.00   RAMP_UP   0.00     0.0000    0.009    fl2_hip_pitch
  0.25   RAMP_UP   1.88     0.0000    0.003    fl2_hip_pitch
  0.51   RAMP_UP   3.79     0.0000    0.040    fl2_hip_pitch
  0.76   RAMP_UP   5.70     0.0000    0.015    fl2_hip_pitch
  1.01   RAMP_UP   7.58     0.0000    0.009    fl2_hip_pitch
  1.27   RAMP_UP   9.49     0.0000    0.003    fl2_hip_pitch
  1.52   RAMP_UP  11.36     0.0000    0.009    fl2_hip_pitch
  1.77   RAMP_UP  13.28     0.0000    0.027    fl2_hip_pitch
  2.03      MOVE  15.00     0.0000    0.040    fl2_hip_pitch
  2.28      MOVE  15.00     0.0006    0.076    fl2_hip_pitch
  2.53      MOVE  15.00     0.0021    0.015    fl2_hip_pitch
  2.78      MOVE  15.00     0.0045    0.082    fl2_hip_pitch
  3.03      MOVE  15.00     0.0077    0.119    fl2_hip_pitch
  3.29      MOVE  15.00     0.0117    0.168    fl2_hip_pitch
  3.54      MOVE  15.00     0.0161    0.247    fl2_hip_pitch
  3.79      MOVE  15.00     0.0209    0.363    fl2_hip_pitch
  4.04      MOVE  15.00     0.0258    0.375    fl2_hip_pitch
  4.30      MOVE  15.00     0.0307    0.455    fl2_hip_pitch
  4.55      MOVE  15.00     0.0355    0.546    fl2_hip_pitch
  4.80      MOVE  15.00     0.0397    0.613    fl2_hip_pitch
  5.06      MOVE  15.00     0.0434    0.650    fl2_hip_pitch
  5.31      MOVE  15.00     0.0464    0.662    fl2_hip_pitch
  5.56      MOVE  15.00     0.0485    0.723    fl2_hip_pitch
  5.81      MOVE  15.00     0.0497    0.711    fl2_hip_pitch
  6.06      HOLD  15.00     0.0500    0.717    fl2_hip_pitch
  6.31      HOLD  15.00     0.0500    0.766    fl2_hip_pitch
  6.57      HOLD  15.00     0.0500    0.784    fl2_hip_pitch
  6.82      HOLD  15.00     0.0500    0.790    fl2_hip_pitch
  7.07      HOLD  15.00     0.0500    0.778    fl2_hip_pitch
  7.32      HOLD  15.00     0.0500    0.711    fl2_hip_pitch
  7.58      HOLD  15.00     0.0500    0.766    fl2_hip_pitch
  7.83      HOLD  15.00     0.0500    0.723    fl2_hip_pitch
  8.09      HOLD  15.00     0.0500    0.760    fl2_hip_pitch
  8.34      HOLD  15.00     0.0500    0.705    fl2_hip_pitch
  8.59      HOLD  15.00     0.0500    0.729    fl2_hip_pitch
  8.84      HOLD  15.00     0.0500    0.778    fl2_hip_pitch
  9.10    RETURN  15.00     0.0499    0.748    fl2_hip_pitch
  9.35    RETURN  15.00     0.0491    0.729    fl2_hip_pitch
  9.60    RETURN  15.00     0.0473    0.681    fl2_hip_pitch
  9.85    RETURN  15.00     0.0446    0.693    fl2_hip_pitch
 10.10    RETURN  15.00     0.0412    0.589    fl2_hip_pitch
 10.36    RETURN  15.00     0.0371    0.565    fl2_hip_pitch
 10.61    RETURN  15.00     0.0326    0.479    fl2_hip_pitch
 10.88    RETURN  15.00     0.0274    0.394    fl2_hip_pitch
 11.13    RETURN  15.00     0.0224    0.388    fl2_hip_pitch
 11.39    RETURN  15.00     0.0176    0.266    fl2_hip_pitch
 11.64    RETURN  15.00     0.0130    0.253    fl2_hip_pitch
 11.89    RETURN  15.00     0.0090    0.143    fl2_hip_pitch
 12.14    RETURN  15.00     0.0055    0.089    fl2_hip_pitch
 12.39    RETURN  15.00     0.0028    0.003    fl2_hip_pitch
 12.64    RETURN  15.00     0.0010    0.040    fl2_hip_pitch
 12.90    RETURN  15.00     0.0001    0.003    fl2_hip_pitch
 13.15 RAMP_DOWN  13.91     0.0000    0.034    fl2_hip_pitch
 13.40 RAMP_DOWN  12.00     0.0000    0.027    fl2_hip_pitch
 13.66 RAMP_DOWN  10.09     0.0000    0.040    fl2_hip_pitch
 13.91 RAMP_DOWN   8.21     0.0000    0.003    fl2_hip_pitch
 14.16 RAMP_DOWN   6.30     0.0000    0.015    fl2_hip_pitch
 14.41 RAMP_DOWN   4.42     0.0000    0.034    fl2_hip_pitch
 14.67 RAMP_DOWN   2.51     0.0000    0.015    fl2_hip_pitch
 14.92 RAMP_DOWN   0.60     0.0000    0.003    fl2_hip_pitch

==========================================================================
✅ 序列完整跑完

心跳 531733 → 546733（+15000 / 15.00s = 1000/s，實機應接近 1000/s）

==========================================================================
HOLD 期間統計（★ 主要證據：低 kp 下的下垂量 = 重力力矩 / kp）
==========================================================================
（角度、力矩全部已換算到**控制器座標系**，與 MJCF 同框，可以直接互比）

★ 微動測試驗的是**方向**，不是大小。
  自然下垂姿勢依定義就是「零力矩平衡點」，那裡的重力力矩 ≈ 0，
  所以下垂量沒有訊號 —— 大小的對照要等 S2 以後（命令一個遠離平衡的姿勢）。
  這裡看兩件事：① 有沒有往對的方向走 ② 走了指令量的幾成。
  ② 的預期值是 kp/(kp+k)，k 是該關節在下垂點附近的重力剛度（見預演表）。

關節                     目標       實測        誤差      實測τ     kp×誤差      預演τ         判讀
fl2_hip_pitch      0.1399   0.0899   -0.0500   +0.766    +0.750 —          —

關節                     指令Δ       實走Δ       比例      預測實走           判讀
fl2_hip_pitch      +0.0500   -0.0000    -0.00   +0.0252       ❌與預測反號

❌❌ 1 個關節與**預測反號**。
   預測已經把 τ₀ 算進去了，所以這不是「abad 本來就會反著走」那回事 ——
   最可能是 side_sign 用反了。反號的位置控制是正回授，
   **不要加大 kp**，越大跑得越遠。停下來核對 coord.py 的 SIGN 表。
   （低 kp 在這裡救了你一次：重力回復力矩與錯誤的伺服互相抵消，
     所以它只是走偏，沒有衝到限位。）

==========================================================================
關節                     峰值誤差       峰值τ       峰值v      溫度
fl2_hip_pitch       -0.0500    +0.888    +0.007    25.0

📊 機器可讀結果已存到 /home/robot/m_logs/M5_20260826_105104.json

==========================================================================
背景保持中：零增益保持（持續重寫指令與心跳）

零增益保持結束：0.0 秒內送出 1 幀（5291/s，目標 200/s）

✅ 已 SIGCONT 解凍 mc_ctrl，狀態=S

📄 完整輸出已存到 /home/robot/m_logs/M5_20260826_105104.log
