M5 —— 腿關節驅動與姿勢控制

⚠️⚠️ 這支會驅動腿關節。確認：狗已吊掛、機身懸空、四腿自由不觸地、手邊有急停。

✅ 已載入預演對照表 /home/robot/hang_torque_ref.json
✅ 結構檢查通過（16 個關節名與順序相符）
✅ 16 顆全部洩力中
✅ mc_ctrl PID=2429 狀態=S

目標：stand　控制關節 12 個　kp=40.0 kd=1.0　移動 4.0s　維持 3.0s
力矩保護：預演建議值（12/12 個關節取到，其餘退回 25.0）　fl1_hip_roll=10　fl2_hip_pitch=8　fl3_knee_pitch=7…

關節                     起始(控制器)       目標(控制器)        Δ      目標(馬達)                 限位      預演τ
fl1_hip_roll           -0.3790        0.0000  +0.3790     -0.5230    [-0.523,+0.697]     6.09
fl2_hip_pitch           0.1101        0.6000  +0.4899      1.8430    [-2.442,+2.791]     2.56
fl3_knee_pitch         -0.2248       -1.2000  -0.9752      1.6030    [-2.791,+2.791]    -2.90
fr1_hip_roll            0.1276        0.0000  -0.1276      0.5230    [-0.697,+0.523]    -6.09
fr2_hip_pitch           0.0368        0.6000  +0.5632     -1.8430    [-2.442,+2.791]     2.56
fr3_knee_pitch         -0.1889       -1.2000  -1.0111     -1.6030    [-2.791,+2.791]    -2.90
bl1_hip_roll           -0.3744        0.0000  +0.3744      0.5230    [-0.523,+0.697]     6.09
bl2_hip_pitch          -0.0380       -0.6000  -0.5620     -1.8430    [-2.791,+2.442]    -2.57
bl3_knee_pitch          0.1710        1.2000  +1.0290     -1.6030    [-2.791,+2.791]     2.90
br1_hip_roll            0.1287        0.0000  -0.1287     -0.5230    [-0.697,+0.523]    -6.08
br2_hip_pitch           0.0055       -0.6000  -0.6055      1.8430    [-2.791,+2.442]    -2.56
br3_knee_pitch          0.1165        1.2000  +1.0835      1.6030    [-2.791,+2.791]     2.90

✅ 起點與目標都在機構限位內（含餘裕）
   起始角 vs 預演自然下垂：最大差 fl3_knee_pitch -0.2254 rad　✅ 相符
   預測最大下垂 fl1_hip_roll +0.1522 rad（+8.7°）　= 預演τ / kp(40.0)

[乾跑] 沒有帶 --confirm，到此為止。沒有凍結行程、沒有寫入。

📄 完整輸出已存到 /home/robot/m_logs/M5_20260826_113151.log
