M5 —— 腿關節驅動與姿勢控制

⚠️⚠️ 這支會驅動腿關節。確認：狗已吊掛、機身懸空、四腿自由不觸地、手邊有急停。

✅ 已載入預演對照表 /home/robot/hang_torque_ref.json
✅ 結構檢查通過（16 個關節名與順序相符）
✅ 16 顆全部洩力中
✅ mc_ctrl PID=2428 狀態=S

目標：delta+0.2　控制關節 1 個　kp=15.0 kd=1.0　移動 4.0s　維持 3.0s
力矩保護：預演建議值（1/1 個關節取到，其餘退回 25.0）　fl3_knee_pitch=7

關節                     起始(控制器)       目標(控制器)        Δ      目標(馬達)                 限位      預演τ
fl3_knee_pitch         -0.1653        0.0347  +0.2000      2.8377    [-2.791,+2.791] —

✅ 起點與目標都在機構限位內（含餘裕）
   起始角 vs 預演自然下垂：最大差 fl3_knee_pitch -0.1659 rad　✅ 相符
   預測位移 = (kp·Δ − τ₀)/(kp + k)　k=局部重力剛度、τ₀=下垂處的純重力力矩：
     fl3_knee_pitch   預期實走 +0.1501 rad（指令 +0.2000，比例 +0.75）

✅ 已凍結 mc_ctrl（狀態=T）
每輪 payload 寫完後同步心跳；第一幀就帶指令，中間沒有空窗

  t(s)        階段     kp     最大|誤差|    最大|τ|               關節
  0.00   RAMP_UP   0.00     0.0000    0.003   fl3_knee_pitch
  0.25   RAMP_UP   1.88     0.0000    0.003   fl3_knee_pitch
  0.51   RAMP_UP   3.79     0.0000    0.034   fl3_knee_pitch
  0.76   RAMP_UP   5.70     0.0000    0.034   fl3_knee_pitch
  1.01   RAMP_UP   7.58     0.0000    0.015   fl3_knee_pitch
  1.27   RAMP_UP   9.49     0.0000    0.009   fl3_knee_pitch
  1.52   RAMP_UP  11.40     0.0000    0.015   fl3_knee_pitch
  1.77   RAMP_UP  13.28     0.0000    0.027   fl3_knee_pitch
  2.03      MOVE  15.00     0.0000    0.003   fl3_knee_pitch
  2.28      MOVE  15.00     0.0024    0.034   fl3_knee_pitch
  2.53      MOVE  15.00     0.0085    0.089   fl3_knee_pitch
  2.78      MOVE  15.00     0.0182    0.241   fl3_knee_pitch
  3.04      MOVE  15.00     0.0313    0.473   fl3_knee_pitch
  3.29      MOVE  15.00     0.0471    0.723   fl3_knee_pitch
  3.54      MOVE  15.00     0.0639    0.961   fl3_knee_pitch
  3.80      MOVE  15.00     0.0832    1.224   fl3_knee_pitch
  4.05      MOVE  15.00     0.0890    1.297   fl3_knee_pitch
  4.30      MOVE  15.00     0.0745    1.053   fl3_knee_pitch
  4.56      MOVE  15.00     0.0934    1.358   fl3_knee_pitch
  4.81      MOVE  15.00     0.1004    1.358   fl3_knee_pitch
  5.06      MOVE  15.00     0.0802    1.163   fl3_knee_pitch
  5.31      MOVE  15.00     0.0911    1.358   fl3_knee_pitch
  5.57      MOVE  15.00     0.0996    1.413   fl3_knee_pitch
  5.82      MOVE  15.00     0.1043    1.529   fl3_knee_pitch
  6.07      HOLD  15.00     0.1054    1.590   fl3_knee_pitch
  6.32      HOLD  15.00     0.1054    1.541   fl3_knee_pitch
  6.57      HOLD  15.00     0.1054    1.523   fl3_knee_pitch
  6.82      HOLD  15.00     0.1054    1.529   fl3_knee_pitch
  7.08      HOLD  15.00     0.1054    1.498   fl3_knee_pitch
  7.33      HOLD  15.00     0.1054    1.566   fl3_knee_pitch
  7.58      HOLD  15.00     0.1054    1.553   fl3_knee_pitch
  7.84      HOLD  15.00     0.1054    1.511   fl3_knee_pitch
  8.09      HOLD  15.00     0.1054    1.578   fl3_knee_pitch
  8.34      HOLD  15.00     0.1054    1.529   fl3_knee_pitch
  8.59      HOLD  15.00     0.1054    1.578   fl3_knee_pitch
  8.84      HOLD  15.00     0.1054    1.584   fl3_knee_pitch
  9.10    RETURN  15.00     0.1047    1.541   fl3_knee_pitch
  9.35    RETURN  15.00     0.1017    1.517   fl3_knee_pitch
  9.60    RETURN  15.00     0.0945    1.437   fl3_knee_pitch
  9.86    RETURN  15.00     0.0837    1.291   fl3_knee_pitch
 10.11    RETURN  15.00     0.0697    1.053   fl3_knee_pitch
 10.37    RETURN  15.00     0.0532    0.742   fl3_knee_pitch
 10.62    RETURN  15.00     0.0352    0.540   fl3_knee_pitch
 10.88    RETURN  15.00     0.0160    0.290   fl3_knee_pitch
 11.13    RETURN  15.00     0.0040    0.070   fl3_knee_pitch
 11.38    RETURN  15.00     0.0221    0.351   fl3_knee_pitch
 11.64    RETURN  15.00     0.0405    0.620   fl3_knee_pitch
 11.89    RETURN  15.00     0.0560    0.839   fl3_knee_pitch
 12.14    RETURN  15.00     0.0694    1.028   fl3_knee_pitch
 12.39    RETURN  15.00     0.0772    1.157   fl3_knee_pitch
 12.64    RETURN  15.00     0.0838    1.303   fl3_knee_pitch
 12.89    RETURN  15.00     0.0866    1.376   fl3_knee_pitch
 13.15 RAMP_DOWN  13.85     0.0870    1.309   fl3_knee_pitch
 13.41 RAMP_DOWN  11.96     0.0870    1.114   fl3_knee_pitch
 13.66 RAMP_DOWN  10.09     0.0870    0.894   fl3_knee_pitch
 13.91 RAMP_DOWN   8.17     0.0870    0.723   fl3_knee_pitch
 14.16 RAMP_DOWN   6.30     0.0870    0.662   fl3_knee_pitch
 14.41 RAMP_DOWN   4.42     0.0874    0.388   fl3_knee_pitch
 14.66 RAMP_DOWN   2.55     0.0874    0.259   fl3_knee_pitch
 14.92 RAMP_DOWN   0.64     0.0881    0.064   fl3_knee_pitch

==========================================================================
✅ 序列完整跑完

心跳 1905214 → 1920214（+15000 / 15.00s = 1000/s，實機應接近 1000/s）

==========================================================================
HOLD 期間統計（★ 主要證據：低 kp 下的下垂量 = 重力力矩 / kp）
==========================================================================
（角度、力矩全部已換算到**控制器座標系**，與 MJCF 同框，可以直接互比）

★ 微動測試驗的是**方向**，不是大小。
  自然下垂姿勢依定義就是「零力矩平衡點」，那裡的重力力矩 ≈ 0，
  所以下垂量沒有訊號 —— 大小的對照要等 S2 以後（命令一個遠離平衡的姿勢）。
  這裡看兩件事：① 有沒有往對的方向走 ② 走了指令量的幾成。
  ② 的預期值是 kp/(kp+k)，k 是該關節在下垂點附近的重力剛度（見預演表）。

關節                     目標       實測        誤差      實測τ     kp×誤差      預演τ         判讀
fl3_knee_pitch     0.0347  -0.0707   -0.1054   +1.563    +1.581 —          —

關節                     指令Δ       實走Δ       比例      預測實走           判讀
fl3_knee_pitch     +0.2000   +0.0946     0.47   +0.1501     ✅方向符,量偏差

==========================================================================
關節                     峰值誤差       峰值τ       峰值v      溫度    異常筆
fl3_knee_pitch      -0.1056    +1.736    +0.332    25.0      0

==========================================================================
靜摩擦掙脫門檻（由 MOVE 期間力矩爬升時「開始動」的時刻判定）
==========================================================================
判準：|q − q起始| 第一次超過 0.0050 rad（≈ 5× 感測雜訊）

fl3_knee_pitch：★ 在 t=3.995s（MOVE）開始動
   前一筆力矩 1.120、開始動那筆 1.102 N·m
   → **掙脫門檻夾在 1.120 ~ 1.102 N·m 之間**
     （取樣週期 5 ms，想更準就把 --move 拉長）

📊 機器可讀結果已存到 /home/robot/m_logs/M5_20260826_135441.json

==========================================================================
背景保持中：零增益保持（持續重寫指令與心跳）

零增益保持結束：0.0 秒內送出 16 幀（210181/s，目標 200/s）

✅ 已 SIGCONT 解凍 mc_ctrl，狀態=S

📄 完整輸出已存到 /home/robot/m_logs/M5_20260826_135441.log
