M6 —— 承重狀態唯讀擷取（不寫入、不凍結、不需 sudo）

標籤 yaw_spin　全程錄製　20.0 秒 @ 500 Hz
備註：遙控器原地旋轉
● 錄製中 —— 最長 20 秒。**現在可以動遙控器了。**
  （Ctrl-C 可提前結束並保留資料）

    0.0s  最大|τ|  16.26  最大|v|  0.18  帶增益的關節 16/16
    1.0s  最大|τ|  10.75  最大|v|  0.06  帶增益的關節 16/16
    2.0s  最大|τ|  10.78  最大|v|  0.03  帶增益的關節 16/16
    3.0s  最大|τ|  36.04  最大|v|  5.32  帶增益的關節 16/16
    4.0s  最大|τ|  35.06  最大|v|  6.84  帶增益的關節 16/16
    5.0s  最大|τ|  25.85  最大|v|  3.42  帶增益的關節 16/16
    6.0s  最大|τ|  17.04  最大|v|  2.12  帶增益的關節 16/16
    7.0s  最大|τ|  39.43  最大|v|  4.49  帶增益的關節 16/16
    8.0s  最大|τ|  26.86  最大|v|  5.07  帶增益的關節 16/16
    9.0s  最大|τ|  28.51  最大|v|  2.46  帶增益的關節 16/16
   10.0s  最大|τ|  38.19  最大|v|  5.49  帶增益的關節 16/16
   11.0s  最大|τ|  34.64  最大|v|  7.18  帶增益的關節 16/16
   12.0s  最大|τ|  35.48  最大|v|  1.42  帶增益的關節 16/16
   13.0s  最大|τ|  34.26  最大|v|  1.71  帶增益的關節 16/16
   14.0s  最大|τ|  27.60  最大|v|  2.67  帶增益的關節 16/16
   15.0s  最大|τ|  25.84  最大|v|  5.48  帶增益的關節 16/16
   16.0s  最大|τ|  30.64  最大|v|  0.74  帶增益的關節 16/16
   17.0s  最大|τ|  33.60  最大|v|  0.98  帶增益的關節 16/16
   18.0s  最大|τ|  34.37  最大|v|  2.73  帶增益的關節 16/16
   19.0s  最大|τ|  16.71  最大|v|  0.46  帶增益的關節 16/16

錄到 10000 筆 / 20.00 秒 @ 500 Hz　joint_state 心跳 1000/s

==============================================================================
① 原廠的增益：全程固定，還是有排程？
==============================================================================
關節                                   kp                 kd            前饋 effort
fl1_hip_roll            60.0 → 250.0 ★變     1.00 → 5.00 ★變               -0.000
fl2_hip_pitch          120.0 → 250.0 ★變     1.00 → 5.00 ★變               -0.000
fl3_knee_pitch         120.0 → 250.0 ★變     1.00 → 5.00 ★變               +0.000
fl4_foot                  0.0 → 20.0 ★變               0.10   -0.193 → +0.384 ★變
fr1_hip_roll            60.0 → 250.0 ★變     1.00 → 5.00 ★變               -0.000
fr2_hip_pitch          120.0 → 250.0 ★變     1.00 → 5.00 ★變               +0.000
fr3_knee_pitch         120.0 → 250.0 ★變     1.00 → 5.00 ★變               -0.000
fr4_foot                  0.0 → 20.0 ★變               0.10   -0.147 → +0.256 ★變
bl1_hip_roll            60.0 → 250.0 ★變     1.00 → 5.00 ★變               +0.000
bl2_hip_pitch          120.0 → 250.0 ★變     1.00 → 5.00 ★變               -0.000
bl3_knee_pitch         120.0 → 250.0 ★變     1.00 → 5.00 ★變               +0.000
bl4_foot                  0.0 → 20.0 ★變               0.10   -0.133 → +0.276 ★變
br1_hip_roll            60.0 → 250.0 ★變     1.00 → 5.00 ★變               +0.000
br2_hip_pitch          120.0 → 250.0 ★變     1.00 → 5.00 ★變               +0.000
br3_knee_pitch         120.0 → 250.0 ★變     1.00 → 5.00 ★變               -0.000
br4_foot                  0.0 → 20.0 ★變               0.10   -0.200 → +0.354 ★變

   ★ 16 個關節的增益在過程中**變過** → 原廠有增益排程，
     我們的單一 kp 複製不了它。要看時間序列才知道怎麼排。
   ✅ **腿關節的前饋 effort 全程為 0 → 原廠是純 PD。**
      承重時追蹤誤差之所以小，是因為 kp 高，不是因為有前饋。
   ℹ️ 輪子有前饋（4 顆），量級可對照實測輪摩擦 0.15~0.20 N·m

==============================================================================
② 力矩包絡（控制器座標系）—— **保護門檻要照這個訂，不是照靜態值**
==============================================================================
關節                   峰值|τ|      發生於      結束時τ      峰值/結束
fl1_hip_roll         49.23   16.66s     -6.64       7.4x
fl2_hip_pitch        15.79   17.54s    +13.17       1.2x
fl3_knee_pitch       34.10   16.55s    +17.67       1.9x
fr1_hip_roll         40.90    9.49s     +6.81       6.0x
fr2_hip_pitch        16.96    2.38s    +12.99       1.3x
fr3_knee_pitch       39.68   16.68s    +13.56       2.9x
bl1_hip_roll         35.06   17.48s    -11.14       3.1x
bl2_hip_pitch        20.51   11.68s    -12.37       1.7x
bl3_knee_pitch       36.98   11.68s    -15.72       2.4x
br1_hip_roll         51.12   17.56s     +3.98      12.9x
br2_hip_pitch        11.18   16.54s     -8.83       1.3x
br3_knee_pitch       27.04   17.58s    -15.21       1.8x

   全部腿關節的峰值 |τ| = **51.12 N·m**
   → 我們自己做同樣動作時，力矩保護至少要 77 N·m
   （目前 M5 的門檻是 ABAD 10 / HIP 8 / KNEE 7，是照**吊掛**訂的）

==============================================================================
③ 時間軸（每 0.5 秒一列）
==============================================================================
     t   機身pitch    最大|τ|              在哪顆    最大|v|     帶增益
  0.00     -1.71    16.26   fl3_knee_pitch     0.18     16
  0.50     -1.70    16.06   fl3_knee_pitch     0.24     16
  1.00     -1.70    10.75   fl3_knee_pitch     0.06     16
  1.50     -1.69    10.78   fl3_knee_pitch     0.14     16
  2.00     -1.69    10.78   fl3_knee_pitch     0.03     16
  2.50     -1.71    29.37     fl1_hip_roll     3.02     16
  3.00     -2.27    35.77     fl1_hip_roll     4.89     16
  3.50     -2.27    26.93     fl1_hip_roll     0.64     16
  4.00     -2.02    34.54     fr1_hip_roll     6.71     16
  4.50     -1.44    36.42     fl1_hip_roll     5.05     16
  5.00     -2.13    26.02     br1_hip_roll     3.37     16
  5.50     -2.09    27.67     fr1_hip_roll     9.90     16
  6.00     -2.73    16.84   fl3_knee_pitch     2.12     16
  6.50     -2.30    38.42     br1_hip_roll     4.43     16
  7.00     -2.31    31.99     fl1_hip_roll     6.34     16
  7.50     -2.82    22.92     br1_hip_roll     2.76     16
  8.00     -3.32    27.59     fr1_hip_roll     4.80     16
  8.50     -2.39    37.86     br1_hip_roll     6.57     16
  9.00     -2.34    29.70     br1_hip_roll     2.44     16
  9.50     -2.89    39.44     fr1_hip_roll     4.45     16
 10.00     -1.52    37.19     fl1_hip_roll     4.79     16
 10.50     -2.01    32.86     fl1_hip_roll     2.60     16
 11.00     -2.20    33.01     fr1_hip_roll     7.11     16
 11.50     -1.89    28.45     fl1_hip_roll     2.33     16
 12.00     -1.88    34.32     fl1_hip_roll     0.97     16
 12.50     -2.20    35.23     br1_hip_roll    12.33     16
 13.00     -2.20    33.47     fl1_hip_roll     1.82     16
 13.50     -1.76    34.40     br1_hip_roll     8.67     16
 14.00     -2.03    29.65     fl1_hip_roll     2.46     16
 14.50     -1.84    23.22   bl3_knee_pitch     2.73     16
 15.00     -1.48    27.91   bl3_knee_pitch     5.43     16
 15.50     -1.83    17.97   bl3_knee_pitch     1.54     16
 16.00     -2.00    30.15     fl1_hip_roll     0.94     16
 16.50     -2.67    26.29   fl3_knee_pitch     3.88     16
 17.00     -2.69    33.42     br1_hip_roll     0.84     16
 17.50     -2.23    32.69     fr1_hip_roll     5.86     16
 18.00     -1.53    33.10     fl1_hip_roll     1.91     16
 18.50     -1.85    27.31     fl1_hip_roll     1.79     16
 19.00     -2.06    16.74   fl3_knee_pitch     0.42     16
 19.50     -2.05    17.63   fl3_knee_pitch     0.23     16

📊 時間序列已存到 /home/robot/m_logs/M6_20260902_155458.json（7279 KB）
📄 完整輸出已存到 /home/robot/m_logs/M6_20260902_155458.log
