M6 —— 承重狀態唯讀擷取（不寫入、不凍結、不需 sudo）

標籤 stand_idle　全程錄製　15.0 秒 @ 500 Hz
備註：站著不動，沒碰遙控器
● 錄製中 —— 最長 15 秒。**現在可以動遙控器了。**
  （Ctrl-C 可提前結束並保留資料）

    0.0s  最大|τ|  10.56  最大|v|  0.00  帶增益的關節 16/16
    1.0s  最大|τ|  10.63  最大|v|  0.00  帶增益的關節 16/16
    2.0s  最大|τ|  10.54  最大|v|  0.00  帶增益的關節 16/16
    3.0s  最大|τ|  10.62  最大|v|  0.00  帶增益的關節 16/16
    4.0s  最大|τ|  10.59  最大|v|  0.00  帶增益的關節 16/16
    5.0s  最大|τ|  10.61  最大|v|  0.00  帶增益的關節 16/16
    6.0s  最大|τ|  10.66  最大|v|  0.00  帶增益的關節 16/16
    7.0s  最大|τ|  10.50  最大|v|  0.00  帶增益的關節 16/16
    8.0s  最大|τ|  10.59  最大|v|  0.00  帶增益的關節 16/16
    9.0s  最大|τ|  10.61  最大|v|  0.00  帶增益的關節 16/16
   10.0s  最大|τ|  10.53  最大|v|  0.00  帶增益的關節 16/16
   11.0s  最大|τ|  10.54  最大|v|  0.00  帶增益的關節 16/16
   12.0s  最大|τ|  10.54  最大|v|  0.00  帶增益的關節 16/16
   13.0s  最大|τ|  10.48  最大|v|  0.00  帶增益的關節 16/16
   14.0s  最大|τ|  10.55  最大|v|  0.00  帶增益的關節 16/16

錄到 7500 筆 / 15.00 秒 @ 500 Hz　joint_state 心跳 1000/s

==============================================================================
① 原廠的增益：全程固定，還是有排程？
==============================================================================
關節                                   kp                 kd            前饋 effort
fl1_hip_roll                      250.0               5.00               -0.000
fl2_hip_pitch                     250.0               5.00               -0.000
fl3_knee_pitch                    250.0               5.00               +0.000
fl4_foot                           20.0               0.10               -0.000
fr1_hip_roll                      250.0               5.00               -0.000
fr2_hip_pitch                     250.0               5.00               +0.000
fr3_knee_pitch                    250.0               5.00               -0.000
fr4_foot                           20.0               0.10               +0.000
bl1_hip_roll                      250.0               5.00               +0.000
bl2_hip_pitch                     250.0               5.00               -0.000
bl3_knee_pitch                    250.0               5.00               +0.000
bl4_foot                           20.0               0.10               -0.000
br1_hip_roll                      250.0               5.00               +0.000
br2_hip_pitch                     250.0               5.00               +0.000
br3_knee_pitch                    250.0               5.00               -0.000
br4_foot                           20.0               0.10               +0.000

   ✅ 增益全程固定 → 沒有排程，單一 kp/kd 就能複製。
   ✅ **腿關節的前饋 effort 全程為 0 → 原廠是純 PD。**
      承重時追蹤誤差之所以小，是因為 kp 高，不是因為有前饋。

==============================================================================
② 力矩包絡（控制器座標系）—— **保護門檻要照這個訂，不是照靜態值**
==============================================================================
關節                   峰值|τ|      發生於      結束時τ      峰值/結束
fl1_hip_roll          1.52    1.07s     -1.36       1.1x
fl2_hip_pitch         2.97    9.47s     -2.89       1.0x
fl3_knee_pitch       10.78    3.66s    +10.58       1.0x
fr1_hip_roll          1.93    3.53s     +1.85       1.0x
fr2_hip_pitch         2.78   10.47s     -2.58       1.1x
fr3_knee_pitch        9.60    0.81s     +9.49       1.0x
bl1_hip_roll          0.27   14.17s     +0.10       2.7x
bl2_hip_pitch         1.63    5.95s     +1.41       1.2x
bl3_knee_pitch       10.10    1.55s     -9.99       1.0x
br1_hip_roll          0.18    0.45s     -0.05       3.5x
br2_hip_pitch         1.90    8.88s     +1.69       1.1x
br3_knee_pitch        9.94    6.29s     -9.78       1.0x

   全部腿關節的峰值 |τ| = **10.78 N·m**
   → 我們自己做同樣動作時，力矩保護至少要 16 N·m
   （目前 M5 的門檻是 ABAD 10 / HIP 8 / KNEE 7，是照**吊掛**訂的）

==============================================================================
③ 時間軸（每 0.5 秒一列）
==============================================================================
     t   機身pitch    最大|τ|              在哪顆    最大|v|     帶增益
  0.00     -0.05    10.56   fl3_knee_pitch     0.00     16
  0.50     -0.06    10.56   fl3_knee_pitch     0.00     16
  1.00     -0.06    10.63   fl3_knee_pitch     0.00     16
  1.50     -0.06    10.57   fl3_knee_pitch     0.00     16
  2.00     -0.06    10.54   fl3_knee_pitch     0.00     16
  2.50     -0.05    10.61   fl3_knee_pitch     0.00     16
  3.00     -0.05    10.62   fl3_knee_pitch     0.00     16
  3.50     -0.06    10.60   fl3_knee_pitch     0.00     16
  4.00     -0.05    10.54   fl3_knee_pitch     0.00     16
  4.50     -0.05    10.59   fl3_knee_pitch     0.00     16
  5.00     -0.05    10.59   fl3_knee_pitch     0.00     16
  5.50     -0.06    10.54   fl3_knee_pitch     0.00     16
  6.00     -0.06    10.57   fl3_knee_pitch     0.00     16
  6.50     -0.06    10.59   fl3_knee_pitch     0.00     16
  7.00     -0.06    10.59   fl3_knee_pitch     0.00     16
  7.50     -0.06    10.65   fl3_knee_pitch     0.00     16
  8.00     -0.06    10.57   fl3_knee_pitch     0.00     16
  8.50     -0.06    10.56   fl3_knee_pitch     0.00     16
  9.00     -0.06    10.56   fl3_knee_pitch     0.00     16
  9.50     -0.06    10.55   fl3_knee_pitch     0.00     16
 10.00     -0.06    10.53   fl3_knee_pitch     0.00     16
 10.50     -0.06    10.54   fl3_knee_pitch     0.00     16
 11.00     -0.05    10.56   fl3_knee_pitch     0.00     16
 11.50     -0.05    10.61   fl3_knee_pitch     0.00     16
 12.00     -0.05    10.58   fl3_knee_pitch     0.00     16
 12.50     -0.06    10.65   fl3_knee_pitch     0.00     16
 13.00     -0.05    10.59   fl3_knee_pitch     0.00     16
 13.50     -0.05    10.58   fl3_knee_pitch     0.00     16
 14.00     -0.05    10.50   fl3_knee_pitch     0.00     16
 14.50     -0.05    10.57   fl3_knee_pitch     0.00     16

📊 時間序列已存到 /home/robot/m_logs/M6_20260902_155259.json（2257 KB）
📄 完整輸出已存到 /home/robot/m_logs/M6_20260902_155259.log
