M6 —— 承重狀態唯讀擷取（不寫入、不凍結、不需 sudo）

標籤 standup　全程錄製　30.0 秒 @ 100 Hz
備註：原廠遙控器：趴下 → 站起來 → 站穩
● 錄製中 —— 最長 30 秒。**現在可以動遙控器了。**
  （Ctrl-C 可提前結束並保留資料）

    0.0s  最大|τ|   0.11  最大|v|  0.00  帶增益的關節  0/16
    1.0s  最大|τ|   0.08  最大|v|  0.00  帶增益的關節  0/16
    2.0s  最大|τ|   0.13  最大|v|  0.00  帶增益的關節  0/16
    3.0s  最大|τ|   0.08  最大|v|  0.01  帶增益的關節  0/16
    4.0s  最大|τ|   0.05  最大|v|  0.00  帶增益的關節  0/16
    5.0s  最大|τ|   0.06  最大|v|  0.00  帶增益的關節  0/16
    6.0s  最大|τ|   4.75  最大|v|  0.14  帶增益的關節 16/16
    7.0s  最大|τ|  33.58  最大|v|  0.51  帶增益的關節 16/16
    8.0s  最大|τ|  29.77  最大|v|  0.00  帶增益的關節 16/16
    9.1s  最大|τ|  42.45  最大|v|  0.81  帶增益的關節 16/16
   10.1s  最大|τ|  12.87  最大|v|  0.33  帶增益的關節 16/16
   11.1s  最大|τ|  19.32  最大|v|  0.34  帶增益的關節 16/16
   12.1s  最大|τ|  19.44  最大|v|  0.15  帶增益的關節 16/16
   13.1s  最大|τ|  11.38  最大|v|  0.31  帶增益的關節 16/16
   14.1s  最大|τ|  10.32  最大|v|  0.00  帶增益的關節 16/16
   15.1s  最大|τ|  10.32  最大|v|  0.04  帶增益的關節 16/16
   16.1s  最大|τ|  10.31  最大|v|  0.00  帶增益的關節 16/16
   17.1s  最大|τ|  10.35  最大|v|  0.00  帶增益的關節 16/16
   18.1s  最大|τ|  10.33  最大|v|  0.00  帶增益的關節 16/16
   19.1s  最大|τ|  10.34  最大|v|  0.00  帶增益的關節 16/16
   20.1s  最大|τ|  10.28  最大|v|  0.00  帶增益的關節 16/16
   21.1s  最大|τ|  10.29  最大|v|  0.00  帶增益的關節 16/16
   22.1s  最大|τ|  10.28  最大|v|  0.00  帶增益的關節 16/16

  （Ctrl-C：提前結束，保留已錄到的資料）

錄到 2226 筆 / 22.25 秒 @ 100 Hz　joint_state 心跳 1000/s　（提前結束）

==============================================================================
① 原廠的增益：全程固定，還是有排程？
==============================================================================
關節                                   kp                 kd            前饋 effort
fl1_hip_roll             0.0 → 250.0 ★變     0.00 → 5.00 ★變               -0.000
fl2_hip_pitch            0.0 → 250.0 ★變     0.00 → 5.00 ★變               -0.000
fl3_knee_pitch           0.0 → 250.0 ★變     0.00 → 5.00 ★變               +0.000
fl4_foot                  0.0 → 20.0 ★變     0.00 → 0.50 ★變   -0.222 → +0.005 ★變
fr1_hip_roll             0.0 → 250.0 ★變     0.00 → 5.00 ★變               -0.000
fr2_hip_pitch            0.0 → 250.0 ★變     0.00 → 5.00 ★變               +0.000
fr3_knee_pitch           0.0 → 250.0 ★變     0.00 → 5.00 ★變               -0.000
fr4_foot                  0.0 → 20.0 ★變     0.00 → 0.50 ★變   -0.004 → +0.233 ★變
bl1_hip_roll             0.0 → 250.0 ★變     0.00 → 5.00 ★變               +0.000
bl2_hip_pitch            0.0 → 250.0 ★變     0.00 → 5.00 ★變               -0.000
bl3_knee_pitch           0.0 → 250.0 ★變     0.00 → 5.00 ★變               +0.000
bl4_foot                  0.0 → 20.0 ★變     0.00 → 0.50 ★變   -0.000 → +0.115 ★變
br1_hip_roll             0.0 → 250.0 ★變     0.00 → 5.00 ★變               +0.000
br2_hip_pitch            0.0 → 250.0 ★變     0.00 → 5.00 ★變               +0.000
br3_knee_pitch           0.0 → 250.0 ★變     0.00 → 5.00 ★變               -0.000
br4_foot                  0.0 → 20.0 ★變     0.00 → 0.50 ★變   -0.116 → +0.000 ★變

   ★ 16 個關節的增益在過程中**變過** → 原廠有增益排程，
     我們的單一 kp 複製不了它。要看時間序列才知道怎麼排。
   ★★ **有前饋力矩**（4 個關節的 effort 欄非零）——
      這解釋了為什麼實機承重時的追蹤誤差比純 PD 預測小很多。

==============================================================================
② 力矩包絡（控制器座標系）—— **保護門檻要照這個訂，不是照靜態值**
==============================================================================
關節                   峰值|τ|      發生於      結束時τ      峰值/結束
fl1_hip_roll         22.24    6.78s     -0.67      33.0x
fl2_hip_pitch        21.86    6.79s     +0.38      57.4x
fl3_knee_pitch       40.60    9.05s     +9.68       4.2x
fr1_hip_roll         23.46    6.72s     +1.06      22.0x
fr2_hip_pitch        22.67    7.08s     -3.30       6.9x
fr3_knee_pitch       41.47    9.05s     +9.98       4.2x
bl1_hip_roll         28.15    6.73s     -0.48      59.0x
bl2_hip_pitch        20.52    7.18s     +1.89      10.9x
bl3_knee_pitch       40.61    9.06s    -10.29       3.9x
br1_hip_roll         27.81    6.72s     +0.06     475.5x
br2_hip_pitch        22.70    7.15s     +0.71      32.1x
br3_knee_pitch       42.45    9.05s     -8.34       5.1x

   全部腿關節的峰值 |τ| = **42.45 N·m**
   → 我們自己做同樣動作時，力矩保護至少要 64 N·m
   （目前 M5 的門檻是 ABAD 10 / HIP 8 / KNEE 7，是照**吊掛**訂的）

==============================================================================
③ 時間軸（每 0.5 秒一列）
==============================================================================
     t   機身pitch    最大|τ|              在哪顆    最大|v|     帶增益
  0.00     -3.99     0.11    br2_hip_pitch     0.00      0
  0.50     -3.99     0.06    fr2_hip_pitch     0.00      0
  1.00     -3.99     0.08   br3_knee_pitch     0.00      0
  1.50     -3.99     0.09    br2_hip_pitch     0.01      0
  2.00     -3.99     0.13     fr1_hip_roll     0.00      0
  2.50     -3.99     0.07     fr1_hip_roll     0.00      0
  3.00     -3.99     0.14     bl1_hip_roll     0.00      0
  3.50     -3.99     0.12    fr2_hip_pitch     0.00      0
  4.00     -3.99     0.07   bl3_knee_pitch     0.00      0
  4.50     -3.99     0.08     bl1_hip_roll     0.00      0
  5.00     -3.99     0.07     fr1_hip_roll     0.00      0
  5.50     -3.99     0.09   br3_knee_pitch     0.00      0
  6.00     -3.99     2.04     bl1_hip_roll     0.08     16
  6.50     -2.82    24.66   fr3_knee_pitch     0.87     16
  7.00     -1.61    32.77   fr3_knee_pitch     0.52     16
  7.50     -0.65    29.79   fr3_knee_pitch     0.08     16
  8.00     -0.66    29.77   fr3_knee_pitch     0.00     16
  8.50     -0.65    29.83   fr3_knee_pitch     0.00     16
  9.00     -0.64    34.65   fr3_knee_pitch     0.08     16
  9.50     -0.86    30.70   fr3_knee_pitch     1.30     16
 10.00     -0.87    12.54   fr3_knee_pitch     1.04     16
 10.50     -0.82    22.24   fl3_knee_pitch     1.82     16
 11.00     -0.97    19.52   fl3_knee_pitch     0.62     16
 11.50     -0.91    19.82   fl3_knee_pitch     0.35     16
 12.00     -0.89    19.46   fl3_knee_pitch     0.08     16
 12.50     -0.94    19.68   fl3_knee_pitch     0.04     16
 13.00     -0.95     3.79   fr3_knee_pitch     1.83     16
 13.50     -0.95    10.40   bl3_knee_pitch     0.07     16
 14.00     -0.95    10.28   bl3_knee_pitch     0.01     16
 14.50     -0.95    10.38   bl3_knee_pitch     0.00     16
 15.00     -0.95    10.34   bl3_knee_pitch     0.00     16
 15.50     -0.94    10.28   bl3_knee_pitch     0.00     16
 16.00     -0.94    10.35   bl3_knee_pitch     0.00     16
 16.50     -0.94    10.29   bl3_knee_pitch     0.00     16
 17.00     -0.94    10.35   bl3_knee_pitch     0.00     16
 17.50     -0.94    10.34   bl3_knee_pitch     0.00     16
 18.00     -0.94    10.36   bl3_knee_pitch     0.00     16
 18.50     -0.94    10.32   bl3_knee_pitch     0.00     16
 19.00     -0.94    10.32   bl3_knee_pitch     0.00     16
 19.50     -0.94    10.28   bl3_knee_pitch     0.01     16
 20.00     -0.94    10.28   bl3_knee_pitch     0.00     16
 20.50     -0.94    10.27   bl3_knee_pitch     0.00     16
 21.00     -0.94    10.26   bl3_knee_pitch     0.00     16
 21.50     -0.94    10.29   bl3_knee_pitch     0.00     16
 22.00     -0.94    10.28   bl3_knee_pitch     0.00     16

📊 時間序列已存到 /home/robot/m_logs/M6_20260826_154737.json（1638 KB）
📄 完整輸出已存到 /home/robot/m_logs/M6_20260826_154737.log
