M6 —— 承重狀態唯讀擷取（不寫入、不凍結、不需 sudo）

標籤 dance　全程錄製　90.0 秒 @ 500 Hz
備註：遙控器跳舞
● 錄製中 —— 最長 90 秒。**現在可以動遙控器了。**
  （Ctrl-C 可提前結束並保留資料）

    0.0s  最大|τ|   9.82  最大|v|  0.00  帶增益的關節 16/16
    1.0s  最大|τ|   9.81  最大|v|  0.00  帶增益的關節 16/16
    2.0s  最大|τ|   9.84  最大|v|  0.00  帶增益的關節 16/16
    3.0s  最大|τ|   9.81  最大|v|  0.00  帶增益的關節 16/16
    4.0s  最大|τ|   9.84  最大|v|  0.00  帶增益的關節 16/16
    5.0s  最大|τ|   9.80  最大|v|  0.00  帶增益的關節 16/16
    6.0s  最大|τ|   9.82  最大|v|  0.00  帶增益的關節 16/16
    7.0s  最大|τ|   9.79  最大|v|  0.00  帶增益的關節 16/16
    8.0s  最大|τ|   9.84  最大|v|  0.00  帶增益的關節 16/16
    9.0s  最大|τ|   9.81  最大|v|  0.00  帶增益的關節 16/16
   10.0s  最大|τ|  14.57  最大|v|  0.19  帶增益的關節 16/16
   11.0s  最大|τ|  17.92  最大|v|  1.91  帶增益的關節 16/16
   12.0s  最大|τ|  21.02  最大|v|  1.24  帶增益的關節 16/16
   13.0s  最大|τ|  22.64  最大|v|  0.90  帶增益的關節 16/16
   14.0s  最大|τ|  20.52  最大|v|  0.72  帶增益的關節 16/16
   15.0s  最大|τ|  23.12  最大|v|  0.76  帶增益的關節 16/16
   16.0s  最大|τ|  19.23  最大|v|  0.82  帶增益的關節 16/16
   17.0s  最大|τ|  21.59  最大|v|  0.89  帶增益的關節 16/16
   18.0s  最大|τ|  22.71  最大|v|  0.66  帶增益的關節 16/16
   19.0s  最大|τ|  18.71  最大|v|  1.21  帶增益的關節 16/16
   20.0s  最大|τ|  22.91  最大|v|  1.22  帶增益的關節 16/16
   21.0s  最大|τ|  22.62  最大|v|  0.86  帶增益的關節 16/16
   22.0s  最大|τ|  18.17  最大|v|  0.37  帶增益的關節 16/16
   23.0s  最大|τ|  18.21  最大|v|  1.04  帶增益的關節 16/16
   24.0s  最大|τ|  18.92  最大|v|  1.03  帶增益的關節 16/16
   25.0s  最大|τ|  26.02  最大|v|  0.92  帶增益的關節 16/16
   26.0s  最大|τ|  21.21  最大|v|  1.02  帶增益的關節 16/16
   27.0s  最大|τ|  23.55  最大|v|  0.35  帶增益的關節 16/16
   28.0s  最大|τ|  22.75  最大|v|  0.49  帶增益的關節 16/16
   29.0s  最大|τ|  20.54  最大|v|  1.76  帶增益的關節 16/16
   30.0s  最大|τ|  22.51  最大|v|  1.24  帶增益的關節 16/16
   31.0s  最大|τ|  26.96  最大|v|  0.39  帶增益的關節 16/16
   32.0s  最大|τ|  19.04  最大|v|  2.24  帶增益的關節 16/16
   33.0s  最大|τ|  18.60  最大|v|  0.56  帶增益的關節 16/16
   34.0s  最大|τ|  17.75  最大|v|  0.30  帶增益的關節 16/16
   35.0s  最大|τ|  10.24  最大|v|  0.70  帶增益的關節 16/16
   36.0s  最大|τ|  10.06  最大|v|  0.03  帶增益的關節 16/16
   37.0s  最大|τ|  10.01  最大|v|  0.00  帶增益的關節 16/16

  （Ctrl-C：提前結束，保留已錄到的資料）

錄到 18603 筆 / 37.20 秒 @ 500 Hz　joint_state 心跳 1000/s　（提前結束）

==============================================================================
① 原廠的增益：全程固定，還是有排程？
==============================================================================
關節                                   kp                 kd            前饋 effort
fl1_hip_roll            60.0 → 250.0 ★變     1.00 → 5.00 ★變               -0.000
fl2_hip_pitch          120.0 → 250.0 ★變     1.00 → 5.00 ★變               -0.000
fl3_knee_pitch         120.0 → 250.0 ★變     1.00 → 5.00 ★變               +0.000
fl4_foot                  0.0 → 20.0 ★變     0.10 → 0.50 ★變   -0.167 → -0.000 ★變
fr1_hip_roll            60.0 → 250.0 ★變     1.00 → 5.00 ★變               -0.000
fr2_hip_pitch          120.0 → 250.0 ★變     1.00 → 5.00 ★變               +0.000
fr3_knee_pitch         120.0 → 250.0 ★變     1.00 → 5.00 ★變               -0.000
fr4_foot                  0.0 → 20.0 ★變     0.10 → 0.50 ★變   +0.000 → +0.167 ★變
bl1_hip_roll            60.0 → 250.0 ★變     1.00 → 5.00 ★變               +0.000
bl2_hip_pitch          120.0 → 250.0 ★變     1.00 → 5.00 ★變               -0.000
bl3_knee_pitch         120.0 → 250.0 ★變     1.00 → 5.00 ★變               +0.000
bl4_foot                  0.0 → 20.0 ★變     0.10 → 0.50 ★變   -0.018 → +0.092 ★變
br1_hip_roll            60.0 → 250.0 ★變     1.00 → 5.00 ★變               +0.000
br2_hip_pitch          120.0 → 250.0 ★變     1.00 → 5.00 ★變               +0.000
br3_knee_pitch         120.0 → 250.0 ★變     1.00 → 5.00 ★變               -0.000
br4_foot                  0.0 → 20.0 ★變     0.10 → 0.50 ★變   -0.077 → +0.023 ★變

   ★ 16 個關節的增益在過程中**變過** → 原廠有增益排程，
     我們的單一 kp 複製不了它。要看時間序列才知道怎麼排。
   ✅ **腿關節的前饋 effort 全程為 0 → 原廠是純 PD。**
      承重時追蹤誤差之所以小，是因為 kp 高，不是因為有前饋。
   ℹ️ 輪子有前饋（4 顆），量級可對照實測輪摩擦 0.15~0.20 N·m

==============================================================================
② 力矩包絡（控制器座標系）—— **保護門檻要照這個訂，不是照靜態值**
==============================================================================
關節                   峰值|τ|      發生於      結束時τ      峰值/結束
fl1_hip_roll         33.85   28.61s     -1.58      21.4x
fl2_hip_pitch        30.47   31.92s     -1.80      16.9x
fl3_knee_pitch       27.81   11.40s     +9.85       2.8x
fr1_hip_roll         36.22   28.54s     +1.83      19.8x
fr2_hip_pitch        24.37   31.92s     -1.73      14.1x
fr3_knee_pitch       27.48   19.66s     +8.91       3.1x
bl1_hip_roll         38.36   28.43s     -1.60      24.0x
bl2_hip_pitch        23.29   31.92s     +1.16      20.1x
bl3_knee_pitch       30.56   31.72s    -10.07       3.0x
br1_hip_roll         37.42   28.52s     +1.28      29.3x
br2_hip_pitch        29.47   31.83s     +0.77      38.4x
br3_knee_pitch       31.91   31.80s     -9.91       3.2x

   全部腿關節的峰值 |τ| = **38.36 N·m**
   → 我們自己做同樣動作時，力矩保護至少要 58 N·m
   （目前 M5 的門檻是 ABAD 10 / HIP 8 / KNEE 7，是照**吊掛**訂的）

==============================================================================
③ 時間軸（每 0.5 秒一列）
==============================================================================
     t   機身pitch    最大|τ|              在哪顆    最大|v|     帶增益
  0.00     -1.82     9.82   fl3_knee_pitch     0.00     16
  0.50     -1.81     9.85   br3_knee_pitch     0.00     16
  1.00     -1.81     9.81   fl3_knee_pitch     0.00     16
  1.50     -1.81     9.79   fl3_knee_pitch     0.00     16
  2.00     -1.81     9.84   br3_knee_pitch     0.00     16
  2.50     -1.82     9.81   br3_knee_pitch     0.00     16
  3.00     -1.81     9.81   br3_knee_pitch     0.00     16
  3.50     -1.81     9.87   br3_knee_pitch     0.00     16
  4.00     -1.82     9.87   br3_knee_pitch     0.00     16
  4.50     -1.81     9.86   br3_knee_pitch     0.00     16
  5.00     -1.81     9.84   br3_knee_pitch     0.00     16
  5.50     -1.81     9.84   br3_knee_pitch     0.00     16
  6.00     -1.81     9.86   br3_knee_pitch     0.00     16
  6.50     -1.81     9.83   br3_knee_pitch     0.00     16
  7.00     -1.81     9.80   fl3_knee_pitch     0.00     16
  7.50     -1.81     9.84   br3_knee_pitch     0.00     16
  8.00     -1.81     9.79   fl3_knee_pitch     0.00     16
  8.50     -1.81     9.77   br3_knee_pitch     0.00     16
  9.00     -1.81     9.84   br3_knee_pitch     0.00     16
  9.50     -1.82     9.83   fl3_knee_pitch     0.00     16
 10.00     -1.83    14.30     bl1_hip_roll     0.35     16
 10.50     -1.59    33.08     bl1_hip_roll     0.71     16
 11.00    +10.27    18.13   bl3_knee_pitch     1.85     16
 11.50    +15.86    24.51   fl3_knee_pitch     2.12     16
 12.00     -2.88    20.58   fl3_knee_pitch     1.29     16
 12.50    -21.66    21.51   bl3_knee_pitch     0.54     16
 13.00    -13.76    22.75   bl3_knee_pitch     0.90     16
 13.50     -5.13    19.57   br3_knee_pitch     1.00     16
 14.00     -1.42    20.58   br3_knee_pitch     0.70     16
 14.50     -1.46    18.53   fl3_knee_pitch     0.61     16
 15.00     -0.89    22.66   bl3_knee_pitch     0.74     16
 15.50     +4.04    20.54   bl3_knee_pitch     0.60     16
 16.00     +8.88    18.75   bl3_knee_pitch     0.88     16
 16.50    +14.07    18.67   br3_knee_pitch     1.71     16
 17.00    +12.73    21.81   fl3_knee_pitch     0.99     16
 17.50     +7.12    21.91   fl3_knee_pitch     0.54     16
 18.00     +5.96    23.33   br3_knee_pitch     0.77     16
 18.50     +9.96    20.36   fl3_knee_pitch     0.65     16
 19.00    +13.39    18.84   fl3_knee_pitch     1.17     16
 19.50    +14.99    24.28   fr3_knee_pitch     0.68     16
 20.01    +10.24    23.58   fr3_knee_pitch     1.26     16
 20.50     +5.06    22.86   fr3_knee_pitch     0.60     16
 21.00     +2.36    22.84   fr3_knee_pitch     0.84     16
 21.50     -0.79    19.10   bl3_knee_pitch     0.65     16
 22.00     -1.42    18.12   fl3_knee_pitch     0.51     16
 22.50     -2.89    21.16   bl3_knee_pitch     0.28     16
 23.00     -1.13    18.89   bl3_knee_pitch     1.00     16
 23.50     -2.23    22.81   br3_knee_pitch     1.26     16
 24.00     -2.30    17.99   fr3_knee_pitch     1.06     16
 24.50     -1.22    19.48   bl3_knee_pitch     0.92     16
 25.00     -3.11    26.87   br3_knee_pitch     0.49     16
 25.50     -1.64    17.94   fl3_knee_pitch     1.07     16
 26.00     -1.76    22.62   bl3_knee_pitch     1.05     16
 26.50     -3.14    23.27   fl3_knee_pitch     1.02     16
 27.00     -2.62    24.01   br3_knee_pitch     0.33     16
 27.50     -1.74    21.60   br3_knee_pitch     0.68     16
 28.00     -1.57    21.73   fl3_knee_pitch     0.49     16
 28.50     -1.53    37.31     bl1_hip_roll     1.71     16
 29.00     +8.48    20.61   bl3_knee_pitch     1.61     16
 29.50    +17.68    26.64   fl3_knee_pitch     2.05     16
 30.00     -1.02    21.99   fl3_knee_pitch     1.16     16
 30.50    -20.00    18.52   br3_knee_pitch     2.23     16
 31.01    -15.78    25.57   br3_knee_pitch     0.67     16
 31.50     -8.10    26.00   br3_knee_pitch     0.75     16
 32.00     -1.67    17.82   bl3_knee_pitch     2.30     16
 32.50     -1.45    18.51   fl3_knee_pitch     0.85     16
 33.00     -1.58    18.48   br3_knee_pitch     0.47     16
 33.50     -1.55    18.06   fl3_knee_pitch     0.28     16
 34.00     -1.56    17.72   fl3_knee_pitch     0.36     16
 34.50     -1.53    18.03   fl3_knee_pitch     0.20     16
 35.00     -1.59    11.14   fl3_knee_pitch     0.94     16
 35.50     -1.56    10.09   bl3_knee_pitch     0.01     16
 36.00     -1.56    10.04   bl3_knee_pitch     0.03     16
 36.50     -1.55    10.15   bl3_knee_pitch     0.00     16
 37.00     -1.55    10.05   bl3_knee_pitch     0.00     16

📊 時間序列已存到 /home/robot/m_logs/M6_20260908_110214.json（13821 KB）
📄 完整輸出已存到 /home/robot/m_logs/M6_20260908_110214.log
