M6 —— 承重狀態唯讀擷取（不寫入、不凍結、不需 sudo）

標籤 sit_stand　全程錄製　25.0 秒 @ 500 Hz
備註：趴下→站起來→再趴下
● 錄製中 —— 最長 25 秒。**現在可以動遙控器了。**
  （Ctrl-C 可提前結束並保留資料）

    0.0s  最大|τ|  17.25  最大|v|  0.00  帶增益的關節 16/16
    1.0s  最大|τ|  17.19  最大|v|  0.00  帶增益的關節 16/16
    2.0s  最大|τ|  17.14  最大|v|  0.00  帶增益的關節 16/16
    3.0s  最大|τ|  18.62  最大|v|  1.86  帶增益的關節 16/16
    4.0s  最大|τ|  20.21  最大|v|  0.60  帶增益的關節 16/16
    5.0s  最大|τ|  20.51  最大|v|  0.45  帶增益的關節 16/16
    6.0s  最大|τ|  20.80  最大|v|  0.44  帶增益的關節 16/16
    7.0s  最大|τ|  16.57  最大|v|  2.10  帶增益的關節 16/16
    8.0s  最大|τ|  29.42  最大|v|  2.12  帶增益的關節 16/16
    9.0s  最大|τ|  26.07  最大|v|  0.30  帶增益的關節 16/16
   10.0s  最大|τ|  27.59  最大|v|  1.28  帶增益的關節 16/16
   11.0s  最大|τ|  14.09  最大|v|  0.72  帶增益的關節 16/16
   12.0s  最大|τ|  19.87  最大|v|  0.40  帶增益的關節 16/16
   13.0s  最大|τ|  19.61  最大|v|  0.35  帶增益的關節 16/16
   14.0s  最大|τ|  26.97  最大|v|  3.11  帶增益的關節 16/16
   15.0s  最大|τ|  31.82  最大|v|  1.17  帶增益的關節 16/16
   16.0s  最大|τ|  25.75  最大|v|  0.01  帶增益的關節 16/16
   17.0s  最大|τ|  25.96  最大|v|  0.01  帶增益的關節 16/16
   18.0s  最大|τ|  17.06  最大|v|  0.00  帶增益的關節 16/16
   19.0s  最大|τ|  17.04  最大|v|  0.00  帶增益的關節 16/16
   20.0s  最大|τ|  16.95  最大|v|  2.28  帶增益的關節 16/16
   21.0s  最大|τ|   2.77  最大|v|  0.17  帶增益的關節 16/16
   22.0s  最大|τ|   2.31  最大|v|  0.14  帶增益的關節 16/16
   23.0s  最大|τ|   0.08  最大|v|  0.00  帶增益的關節 16/16
   24.0s  最大|τ|   0.09  最大|v|  0.00  帶增益的關節 16/16

錄到 12500 筆 / 25.00 秒 @ 500 Hz　joint_state 心跳 1000/s

==============================================================================
① 原廠的增益：全程固定，還是有排程？
==============================================================================
關節                                   kp                 kd            前饋 effort
fl1_hip_roll             0.0 → 250.0 ★變    1.00 → 16.00 ★變               -0.000
fl2_hip_pitch            0.0 → 250.0 ★變    1.00 → 16.00 ★變               -0.000
fl3_knee_pitch           0.0 → 250.0 ★變    1.00 → 16.00 ★變               +0.000
fl4_foot                  0.0 → 20.0 ★變     0.10 → 0.50 ★變   -0.519 → +0.005 ★變
fr1_hip_roll             0.0 → 250.0 ★變    1.00 → 16.00 ★變               -0.000
fr2_hip_pitch            0.0 → 250.0 ★變    1.00 → 16.00 ★變               +0.000
fr3_knee_pitch           0.0 → 250.0 ★變    1.00 → 16.00 ★變               -0.000
fr4_foot                  0.0 → 20.0 ★變     0.10 → 0.50 ★變   -0.029 → +0.294 ★變
bl1_hip_roll             0.0 → 250.0 ★變    1.00 → 16.00 ★變               +0.000
bl2_hip_pitch            0.0 → 250.0 ★變    1.00 → 16.00 ★變               -0.000
bl3_knee_pitch           0.0 → 250.0 ★變    1.00 → 16.00 ★變               +0.000
bl4_foot                  0.0 → 20.0 ★變     0.10 → 0.50 ★變   -0.016 → +0.197 ★變
br1_hip_roll             0.0 → 250.0 ★變    1.00 → 16.00 ★變               +0.000
br2_hip_pitch            0.0 → 250.0 ★變    1.00 → 16.00 ★變               +0.000
br3_knee_pitch           0.0 → 250.0 ★變    1.00 → 16.00 ★變               -0.000
br4_foot                  0.0 → 20.0 ★變     0.10 → 0.50 ★變   -0.246 → +0.042 ★變

   ★ 16 個關節的增益在過程中**變過** → 原廠有增益排程，
     我們的單一 kp 複製不了它。要看時間序列才知道怎麼排。
   ✅ **腿關節的前饋 effort 全程為 0 → 原廠是純 PD。**
      承重時追蹤誤差之所以小，是因為 kp 高，不是因為有前饋。
   ℹ️ 輪子有前饋（4 顆），量級可對照實測輪摩擦 0.15~0.20 N·m

==============================================================================
② 力矩包絡（控制器座標系）—— **保護門檻要照這個訂，不是照靜態值**
==============================================================================
關節                   峰值|τ|      發生於      結束時τ      峰值/結束
fl1_hip_roll         10.57    9.93s     +0.03     351.5x
fl2_hip_pitch        20.54    7.18s     +0.02    1181.1x
fl3_knee_pitch       33.19   15.17s     +0.02    1692.5x
fr1_hip_roll         14.31   20.17s     +0.04     320.9x
fr2_hip_pitch        19.50   13.63s     -0.04     483.7x
fr3_knee_pitch       29.93    2.89s     +0.04     786.6x
bl1_hip_roll         14.60   16.21s     -0.06     247.7x
bl2_hip_pitch        17.53    7.44s     +0.07     260.6x
bl3_knee_pitch       29.94    2.90s     +0.04     721.2x
br1_hip_roll         18.61   16.23s     -0.03     537.8x
br2_hip_pitch        19.80   13.63s     +0.00   14527.0x
br3_knee_pitch       31.34   14.82s     +0.03    1044.5x

   全部腿關節的峰值 |τ| = **33.19 N·m**
   → 我們自己做同樣動作時，力矩保護至少要 50 N·m
   （目前 M5 的門檻是 ABAD 10 / HIP 8 / KNEE 7，是照**吊掛**訂的）

==============================================================================
③ 時間軸（每 0.5 秒一列）
==============================================================================
     t   機身pitch    最大|τ|              在哪顆    最大|v|     帶增益
  0.00     +0.18    17.25   fl3_knee_pitch     0.00     16
  0.50     +0.18    17.21   fl3_knee_pitch     0.00     16
  1.00     +0.19    17.19   fl3_knee_pitch     0.00     16
  1.50     +0.19    17.16   fl3_knee_pitch     0.01     16
  2.00     +0.19    17.15   fl3_knee_pitch     0.00     16
  2.50     +0.20    17.17   fl3_knee_pitch     0.00     16
  3.00     -0.07    19.25   fr3_knee_pitch     1.90     16
  3.50     -0.74    22.07   fr3_knee_pitch     1.42     16
  4.00     -1.36    20.10   fr3_knee_pitch     0.63     16
  4.50     -1.06    21.18   bl3_knee_pitch     1.25     16
  5.00     -1.35    20.51   bl3_knee_pitch     0.53     16
  5.50     -1.34    20.63   bl3_knee_pitch     0.26     16
  6.00     -1.35    20.85   bl3_knee_pitch     0.46     16
  6.50     -1.27    20.33   bl3_knee_pitch     0.61     16
  7.00     -0.94    17.31    br2_hip_pitch     2.54     16
  7.50     -0.73    24.00   fl3_knee_pitch     2.04     16
  8.00     -0.69    29.39   br3_knee_pitch     2.09     16
  8.50     -0.29    32.90   fl3_knee_pitch     0.64     16
  9.00     -0.56    26.31   br3_knee_pitch     0.27     16
  9.50     -0.45    25.92   fl3_knee_pitch     0.13     16
 10.00     -0.50    25.25   fl3_knee_pitch     1.71     16
 10.50     -1.01    22.27   fr3_knee_pitch     1.28     16
 11.00     -1.24    13.08   fr3_knee_pitch     0.40     16
 11.50     -1.23    22.01   fr3_knee_pitch     1.10     16
 12.00     -1.33    20.10   fr3_knee_pitch     0.50     16
 12.50     -1.44    20.20   bl3_knee_pitch     0.46     16
 13.00     -1.41    19.60   bl3_knee_pitch     0.30     16
 13.50     -1.40    14.96    fr2_hip_pitch     0.56     16
 14.00     -1.58    26.61   fl3_knee_pitch     2.94     16
 14.50     -1.07    26.84   fl3_knee_pitch     1.19     16
 15.00     -0.67    31.75   fl3_knee_pitch     1.04     16
 15.50     -0.69    25.97   fl3_knee_pitch     0.17     16
 16.00     -0.57    25.64   br3_knee_pitch     0.03     16
 16.50     -0.43    25.72   fl3_knee_pitch     0.18     16
 17.00     -0.37    25.89   fl3_knee_pitch     0.00     16
 17.50     -0.50    18.09   fl3_knee_pitch     0.36     16
 18.00     -0.45    17.00   fl3_knee_pitch     0.04     16
 18.50     -0.44    17.03   fl3_knee_pitch     0.03     16
 19.00     -0.44    17.03   fl3_knee_pitch     0.00     16
 19.50     -0.44    17.02   fl3_knee_pitch     0.00     16
 20.00     -0.49    16.64   fr3_knee_pitch     2.14     16
 20.50     -2.16     5.12    br2_hip_pitch     0.76     16
 21.00     -2.79     3.37     bl1_hip_roll     0.21     16
 21.50     -3.25     3.49     br1_hip_roll     0.22     16
 22.00     -3.91     2.37     bl1_hip_roll     0.14     16
 22.50     -4.01     0.17     fl1_hip_roll     0.01     16
 23.00     -4.01     0.13   fr3_knee_pitch     0.00     16
 23.50     -4.01     0.08     fr1_hip_roll     0.00     16
 24.00     -4.02     0.11     fr1_hip_roll     0.03     16
 24.50     -4.02     0.07    bl2_hip_pitch     0.01     16

📊 時間序列已存到 /home/robot/m_logs/M6_20260902_155605.json（9249 KB）
📄 完整輸出已存到 /home/robot/m_logs/M6_20260902_155605.log
