M6 —— 承重狀態唯讀擷取（不寫入、不凍結、不需 sudo）

標籤 xlate_right　全程錄製　25.0 秒 @ 500 Hz
備註：遙控器持續右平移
● 錄製中 —— 最長 25 秒。**現在可以動遙控器了。**
  （Ctrl-C 可提前結束並保留資料）

    0.0s  最大|τ|  10.25  最大|v|  0.00  帶增益的關節 16/16
    1.0s  最大|τ|  10.35  最大|v|  0.00  帶增益的關節 16/16
    2.0s  最大|τ|  10.31  最大|v|  0.00  帶增益的關節 16/16
    3.0s  最大|τ|  10.34  最大|v|  0.00  帶增益的關節 16/16
    4.0s  最大|τ|  24.00  最大|v|  0.74  帶增益的關節 16/16
    5.0s  最大|τ|  32.94  最大|v|  4.12  帶增益的關節 16/16
    6.0s  最大|τ|  40.73  最大|v|  3.70  帶增益的關節 16/16
    7.0s  最大|τ|  46.76  最大|v|  3.56  帶增益的關節 16/16
    8.0s  最大|τ|  34.37  最大|v|  7.32  帶增益的關節 16/16
    9.0s  最大|τ|  32.49  最大|v|  3.93  帶增益的關節 16/16
   10.0s  最大|τ|  46.36  最大|v|  4.64  帶增益的關節 16/16
   11.0s  最大|τ|  15.38  最大|v|  0.62  帶增益的關節 16/16
   12.0s  最大|τ|  16.53  最大|v|  0.06  帶增益的關節 16/16
   13.0s  最大|τ|  16.75  最大|v|  0.00  帶增益的關節 16/16
   14.0s  最大|τ|  10.94  最大|v|  0.06  帶增益的關節 16/16
   15.0s  最大|τ|  10.59  最大|v|  0.03  帶增益的關節 16/16
   16.0s  最大|τ|  10.61  最大|v|  0.00  帶增益的關節 16/16
   17.0s  最大|τ|  10.58  最大|v|  0.00  帶增益的關節 16/16
   18.0s  最大|τ|  10.59  最大|v|  0.00  帶增益的關節 16/16
   19.0s  最大|τ|  10.54  最大|v|  0.00  帶增益的關節 16/16

  （Ctrl-C：提前結束，保留已錄到的資料）

錄到 9957 筆 / 19.91 秒 @ 500 Hz　joint_state 心跳 1000/s　（提前結束）

==============================================================================
① 原廠的增益：全程固定，還是有排程？
==============================================================================
關節                                   kp                 kd            前饋 effort
fl1_hip_roll            60.0 → 250.0 ★變     1.00 → 5.00 ★變               -0.000
fl2_hip_pitch          120.0 → 250.0 ★變     1.00 → 5.00 ★變               -0.000
fl3_knee_pitch         120.0 → 250.0 ★變     1.00 → 5.00 ★變               +0.000
fl4_foot                  0.0 → 20.0 ★變               0.10   -0.308 → +0.205 ★變
fr1_hip_roll            60.0 → 250.0 ★變     1.00 → 5.00 ★變               -0.000
fr2_hip_pitch          120.0 → 250.0 ★變     1.00 → 5.00 ★變               +0.000
fr3_knee_pitch         120.0 → 250.0 ★變     1.00 → 5.00 ★變               -0.000
fr4_foot                  0.0 → 20.0 ★變               0.10   -0.074 → +0.211 ★變
bl1_hip_roll            60.0 → 250.0 ★變     1.00 → 5.00 ★變               +0.000
bl2_hip_pitch          120.0 → 250.0 ★變     1.00 → 5.00 ★變               -0.000
bl3_knee_pitch         120.0 → 250.0 ★變     1.00 → 5.00 ★變               +0.000
bl4_foot                  0.0 → 20.0 ★變               0.10   -0.257 → +0.194 ★變
br1_hip_roll            60.0 → 250.0 ★變     1.00 → 5.00 ★變               +0.000
br2_hip_pitch          120.0 → 250.0 ★變     1.00 → 5.00 ★變               +0.000
br3_knee_pitch         120.0 → 250.0 ★變     1.00 → 5.00 ★變               -0.000
br4_foot                  0.0 → 20.0 ★變               0.10   -0.203 → +0.113 ★變

   ★ 16 個關節的增益在過程中**變過** → 原廠有增益排程，
     我們的單一 kp 複製不了它。要看時間序列才知道怎麼排。
   ✅ **腿關節的前饋 effort 全程為 0 → 原廠是純 PD。**
      承重時追蹤誤差之所以小，是因為 kp 高，不是因為有前饋。
   ℹ️ 輪子有前饋（4 顆），量級可對照實測輪摩擦 0.15~0.20 N·m

==============================================================================
② 力矩包絡（控制器座標系）—— **保護門檻要照這個訂，不是照靜態值**
==============================================================================
關節                   峰值|τ|      發生於      結束時τ      峰值/結束
fl1_hip_roll         43.58   10.79s     -1.35      32.3x
fl2_hip_pitch        15.97    3.10s     -2.86       5.6x
fl3_knee_pitch       29.19    3.10s    +10.58       2.8x
fr1_hip_roll         51.59    9.07s     +1.85      27.9x
fr2_hip_pitch        15.29   12.75s     -2.59       5.9x
fr3_knee_pitch       25.50    4.45s     +9.50       2.7x
bl1_hip_roll         26.44   10.13s     +0.14     189.0x
bl2_hip_pitch        14.60   10.94s     +1.41      10.4x
bl3_knee_pitch       28.16    5.85s    -10.02       2.8x
br1_hip_roll         48.45    5.57s     -0.05     891.9x
br2_hip_pitch        13.91   10.98s     +1.70       8.2x
br3_knee_pitch       25.51    4.67s     -9.78       2.6x

   全部腿關節的峰值 |τ| = **51.59 N·m**
   → 我們自己做同樣動作時，力矩保護至少要 77 N·m
   （目前 M5 的門檻是 ABAD 10 / HIP 8 / KNEE 7，是照**吊掛**訂的）

==============================================================================
③ 時間軸（每 0.5 秒一列）
==============================================================================
     t   機身pitch    最大|τ|              在哪顆    最大|v|     帶增益
  0.00     -1.47    10.25   fl3_knee_pitch     0.00     16
  0.50     -1.47    10.37   fl3_knee_pitch     0.00     16
  1.00     -1.47    10.35   fl3_knee_pitch     0.00     16
  1.50     -1.46    10.34   fl3_knee_pitch     0.00     16
  2.00     -1.46    10.31   fl3_knee_pitch     0.00     16
  2.50     -1.47    10.34   fl3_knee_pitch     0.00     16
  3.00     -1.46    10.24   fl3_knee_pitch     0.00     16
  3.50     -1.61    16.87   bl3_knee_pitch     1.27     16
  4.00     -1.45    23.70     br1_hip_roll     0.78     16
  4.50     -0.69    40.85     fr1_hip_roll     3.66     16
  5.00     -1.27    34.57     fr1_hip_roll     3.66     16
  5.50     -1.94    25.14     bl1_hip_roll     2.81     16
  6.00     -2.24    30.43     br1_hip_roll     2.73     16
  6.50     -2.00    46.51     br1_hip_roll     3.61     16
  7.00     -1.76    47.82     br1_hip_roll     3.44     16
  7.50     -1.25    41.89     br1_hip_roll     4.15     16
  8.00     -0.74    37.85     br1_hip_roll     6.70     16
  8.50     -0.28    30.11     fl1_hip_roll     9.09     16
  9.00     +0.43    30.94     fl1_hip_roll     3.30     16
  9.50     +0.48    44.19     fr1_hip_roll     5.19     16
 10.00     -0.14    46.48     fr1_hip_roll     4.88     16
 10.50     -0.78    44.59     fr1_hip_roll     5.19     16
 11.00     -0.38    15.60   br3_knee_pitch     0.86     16
 11.50     -0.22    16.44   fl3_knee_pitch     0.41     16
 12.00     -0.17    16.51   fl3_knee_pitch     0.03     16
 12.50     -0.15    16.46   fl3_knee_pitch     0.01     16
 13.00     -0.13    16.70   fl3_knee_pitch     0.03     16
 13.50     -0.13    17.22   fl3_knee_pitch     0.05     16
 14.00     -0.09    11.02   fl3_knee_pitch     0.04     16
 14.50     -0.09    10.84   fl3_knee_pitch     0.07     16
 15.00     -0.08    10.57   fl3_knee_pitch     0.04     16
 15.50     -0.08    10.56   fl3_knee_pitch     0.00     16
 16.00     -0.07    10.59   fl3_knee_pitch     0.00     16
 16.50     -0.07    10.60   fl3_knee_pitch     0.00     16
 17.00     -0.07    10.61   fl3_knee_pitch     0.00     16
 17.50     -0.06    10.57   fl3_knee_pitch     0.00     16
 18.00     -0.07    10.56   fl3_knee_pitch     0.00     16
 18.50     -0.07    10.61   fl3_knee_pitch     0.00     16
 19.00     -0.06    10.56   fl3_knee_pitch     0.00     16
 19.50     -0.06    10.59   fl3_knee_pitch     0.00     16

📊 時間序列已存到 /home/robot/m_logs/M6_20260902_155223.json（7323 KB）
📄 完整輸出已存到 /home/robot/m_logs/M6_20260902_155223.log
