M7 —— 站起來（★★ 承重）

⚠️⚠️ 確認：狗趴在地上、16 顆洩力、**吊帶掛著但鬆弛**、地面淨空、第二個終端機備著 estop。

✅ 結構檢查通過
✅ 16 顆全部洩力中
✅ mc_ctrl PID=2425 狀態=S
✅ 機身姿態 roll +2.5° pitch -0.5°

目標 crouch　kp=250.0 kd=5.0　輪子純阻尼 kd=0.5
路徑：趴平(實測) → crouch → 趴平

關節                    趴平(實測)     crouch                 限位
fl1_hip_roll         -0.0143     0.0000    [-0.523,+0.697]
fl2_hip_pitch         0.4771     1.4000    [-2.442,+2.791]
fl3_knee_pitch       -2.1375    -2.4000    [-2.801,+2.801]
fr1_hip_roll         -0.0212     0.0000    [-0.697,+0.523]
fr2_hip_pitch         0.3603     1.4000    [-2.442,+2.791]
fr3_knee_pitch       -2.1017    -2.4000    [-2.801,+2.801]
bl1_hip_roll         -0.0391     0.0000    [-0.523,+0.697]
bl2_hip_pitch        -0.4935    -1.4000    [-2.791,+2.442]
bl3_knee_pitch        2.1169     2.4000    [-2.801,+2.801]
br1_hip_roll          0.0200     0.0000    [-0.697,+0.523]
br2_hip_pitch        -0.3939    -1.4000    [-2.791,+2.442]
br3_knee_pitch        2.0895     2.4000    [-2.801,+2.801]

✅ 所有路徑點都在機構限位內

總時長 11.0 秒：RAMP_UP(2.0s) → GO_crouch(1.5s) → HOLD_crouch(4.0s) → BACK_LIE(1.5s) → RAMP_DOWN(2.0s)

           區段         最大位移         峰值命令速度             哪個關節
      RAMP_UP    0.000 rad        0.00 rad/s     fl1_hip_roll
    GO_crouch    1.040 rad        1.09 rad/s    fr2_hip_pitch
  HOLD_crouch    0.000 rad        0.00 rad/s     fl1_hip_roll
     BACK_LIE    1.040 rad        1.09 rad/s    fr2_hip_pitch
    RAMP_DOWN    0.000 rad        0.00 rad/s     fl1_hip_roll
✅ 所有區段的命令速度都在 2.0 rad/s 以內

力矩門檻（實機分段峰值 ×1.5）：ABAD 45 / HIP 40 / KNEE 65 N·m，硬上限 120
傾角保護 ±25°（現在 roll +2.5 pitch -0.5）
輪子：移動中純阻尼 kd=0.5；到位後鎖定 kp=20.0 kd=0.1（原廠做法，力矩保護 8）

✅ 已凍結 mc_ctrl（T）

     t            階段     kp     最大|誤差|    最大|τ|               關節   roll  pitch
  0.00       RAMP_UP      0     0.0000     0.07    fl2_hip_pitch   +2.5   -0.5
  0.25       RAMP_UP     31     0.0000     0.12   fr3_knee_pitch   +2.5   -0.5
  0.50       RAMP_UP     63     0.0000     0.07    bl2_hip_pitch   +2.5   -0.5
  0.76       RAMP_UP     94     0.0000     0.13   bl3_knee_pitch   +2.5   -0.5
  1.01       RAMP_UP    126     0.0000     0.11   bl3_knee_pitch   +2.5   -0.5
  1.26       RAMP_UP    158     0.0000     0.09    fr2_hip_pitch   +2.5   -0.5
  1.52       RAMP_UP    189     0.0000     0.16    fr2_hip_pitch   +2.5   -0.5
  1.77       RAMP_UP    221     0.0000     0.11   fr3_knee_pitch   +2.5   -0.5
  2.02     GO_crouch    250     0.0016     0.25     br1_hip_roll   +2.5   -0.5
  2.28     GO_crouch    250     0.0484     8.88    fr2_hip_pitch   +2.5   -0.6
  2.53     GO_crouch    250     0.0797    14.35    br2_hip_pitch   +2.2   -0.6
  2.78     GO_crouch    250     0.0880    15.45    br2_hip_pitch   +1.7   -0.7
  3.04     GO_crouch    250     0.0716    11.47    br2_hip_pitch   +1.5   -0.8
  3.29     GO_crouch    250     0.0454     7.08    br2_hip_pitch   +1.3   -0.9
       ↳ 輪子鎖定於 HOLD_crouch（kp=20）
  3.54   HOLD_crouch    250     0.0253     6.45    br2_hip_pitch   +1.5   -1.1
  3.80   HOLD_crouch    250     0.0253     6.41    br2_hip_pitch   +1.6   -1.1
  4.05   HOLD_crouch    250     0.0253     6.41    br2_hip_pitch   +1.6   -1.1
  4.30   HOLD_crouch    250     0.0253     6.44    br2_hip_pitch   +1.6   -1.1
  4.55   HOLD_crouch    250     0.0253     6.44    br2_hip_pitch   +1.6   -1.1
  4.81   HOLD_crouch    250     0.0253     6.40    br2_hip_pitch   +1.6   -1.1
  5.06   HOLD_crouch    250     0.0253     6.41    br2_hip_pitch   +1.6   -1.1
  5.31   HOLD_crouch    250     0.0253     6.43    br2_hip_pitch   +1.6   -1.1
  5.56   HOLD_crouch    250     0.0253     6.44    br2_hip_pitch   +1.6   -1.1
  5.82   HOLD_crouch    250     0.0253     6.49    br2_hip_pitch   +1.6   -1.1
  6.07   HOLD_crouch    250     0.0253     6.42    br2_hip_pitch   +1.6   -1.1
  6.32   HOLD_crouch    250     0.0253     6.47    br2_hip_pitch   +1.6   -1.1
  6.58   HOLD_crouch    250     0.0253     6.40    br2_hip_pitch   +1.6   -1.1
  6.83   HOLD_crouch    250     0.0253     6.42    br2_hip_pitch   +1.6   -1.1
  7.08   HOLD_crouch    250     0.0253     6.38    br2_hip_pitch   +1.6   -1.1
  7.33   HOLD_crouch    250     0.0253     6.44    br2_hip_pitch   +1.6   -1.1
  7.58      BACK_LIE    250     0.0224     5.42     bl1_hip_roll   +1.6   -1.1
  7.84      BACK_LIE    250     0.0203     4.42     bl1_hip_roll   +1.2   -1.1
  8.09      BACK_LIE    250     0.0516    11.14   br3_knee_pitch   +1.0   -0.9
  8.34      BACK_LIE    250     0.0642    14.02   fr3_knee_pitch   +1.2   -0.8
  8.59      BACK_LIE    250     0.0429     8.51   fr3_knee_pitch   +1.6   -0.8
  8.85      BACK_LIE    250     0.0142     2.66   bl3_knee_pitch   +2.1   -0.7
  9.10     RAMP_DOWN    238     0.0072     1.76   bl3_knee_pitch   +2.1   -0.6
  9.35     RAMP_DOWN    207     0.0069     1.45   bl3_knee_pitch   +2.1   -0.6
  9.60     RAMP_DOWN    175     0.0069     1.25   bl3_knee_pitch   +2.1   -0.6
  9.85     RAMP_DOWN    144     0.0069     1.00     fr1_hip_roll   +2.1   -0.6
 10.11     RAMP_DOWN    112     0.0069     0.87   bl3_knee_pitch   +2.1   -0.6
 10.36     RAMP_DOWN     81     0.0069     0.60     fr1_hip_roll   +2.1   -0.6
 10.61     RAMP_DOWN     49     0.0072     0.38   bl3_knee_pitch   +2.1   -0.6
 10.86     RAMP_DOWN     17     0.0072     0.21   bl3_knee_pitch   +2.1   -0.6

============================================================================
✅ 序列完整跑完

關節                     峰值τ      門檻      用掉
fl1_hip_roll         +3.13      45      7%
fl2_hip_pitch       +13.66      40     34%
fl3_knee_pitch      +12.44      65     19%
fr1_hip_roll         +3.85      45      9%
fr2_hip_pitch       +16.17      40     40%
fr3_knee_pitch      +14.71      65     23%
bl1_hip_roll         +5.67      45     13%
bl2_hip_pitch       -13.86      40     35%
bl3_knee_pitch      -13.13      65     20%
br1_hip_roll         +2.98      45      7%
br2_hip_pitch       -16.31      40     41%
br3_knee_pitch      -14.34      65     22%

全部腿關節峰值 16.31 N·m（實機原廠做同樣動作是 42.45）

============================================================================

📊 /home/robot/m_logs/M7_20260827_100338.json

⏸ mc_ctrl 仍在凍結中（PID 2425）。確認狗安全後交還控制權：
      sudo kill -CONT 2425

📄 /home/robot/m_logs/M7_20260827_100338.log
