M7 —— 站起來（★★ 承重）

⚠️⚠️ 確認：狗趴在地上、16 顆洩力、**吊帶掛著但鬆弛**、地面淨空、第二個終端機備著 estop。

✅ 結構檢查通過
✅ 16 顆全部洩力中
✅ mc_ctrl PID=2425 狀態=T
✅ 機身姿態 roll +1.9° pitch -2.2°

目標 stand　kp=250.0 kd=5.0　輪子純阻尼 kd=0.5
路徑：趴平(實測) → crouch → stand → crouch → 趴平

關節                    趴平(實測)     crouch      stand                 限位
fl1_hip_roll         -0.0624     0.0000     0.0000    [-0.523,+0.697]
fl2_hip_pitch         0.8109     1.4000     0.6000    [-2.442,+2.791]
fl3_knee_pitch       -2.5224    -2.4000    -1.2000    [-2.801,+2.801]
fr1_hip_roll         -0.0147     0.0000     0.0000    [-0.697,+0.523]
fr2_hip_pitch         0.8082     1.4000     0.6000    [-2.442,+2.791]
fr3_knee_pitch       -2.5110    -2.4000    -1.2000    [-2.801,+2.801]
bl1_hip_roll         -0.0727     0.0000     0.0000    [-0.523,+0.697]
bl2_hip_pitch        -0.8585    -1.4000    -0.6000    [-2.791,+2.442]
bl3_knee_pitch        2.5953     2.4000     1.2000    [-2.801,+2.801]
br1_hip_roll          0.0010     0.0000     0.0000    [-0.697,+0.523]
br2_hip_pitch        -0.8398    -1.4000    -0.6000    [-2.791,+2.442]
br3_knee_pitch        2.5747     2.4000     1.2000    [-2.801,+2.801]

✅ 所有路徑點都在機構限位內

總時長 18.0 秒：RAMP_UP(2.0s) → GO_crouch(1.5s) → HOLD_crouch(2.0s) → GO_stand(1.5s) → HOLD_stand(4.0s) → BACK_crouch(1.5s) → HOLD_crouch2(2.0s) → BACK_LIE(1.5s) → RAMP_DOWN(2.0s)

           區段         最大位移         峰值命令速度             哪個關節
      RAMP_UP    0.000 rad        0.00 rad/s     fl1_hip_roll
    GO_crouch    0.592 rad        0.62 rad/s    fr2_hip_pitch
  HOLD_crouch    0.000 rad        0.00 rad/s     fl1_hip_roll
     GO_stand    1.200 rad        1.26 rad/s   fl3_knee_pitch
   HOLD_stand    0.000 rad        0.00 rad/s     fl1_hip_roll
  BACK_crouch    1.200 rad        1.26 rad/s   fl3_knee_pitch
 HOLD_crouch2    0.000 rad        0.00 rad/s     fl1_hip_roll
     BACK_LIE    0.592 rad        0.62 rad/s    fr2_hip_pitch
    RAMP_DOWN    0.000 rad        0.00 rad/s     fl1_hip_roll
✅ 所有區段的命令速度都在 2.0 rad/s 以內

力矩門檻（實機分段峰值 ×1.5）：ABAD 45 / HIP 40 / KNEE 65 N·m，硬上限 120
傾角保護 ±25°（現在 roll +1.9 pitch -2.2）
輪子：移動中純阻尼 kd=0.5；到位後鎖定 kp=20.0 kd=0.1（原廠做法，力矩保護 8）

✅ 已凍結 mc_ctrl（T）

     t            階段     kp     最大|誤差|    最大|τ|               關節   roll  pitch
  0.00       RAMP_UP      0     0.0000     0.10    bl2_hip_pitch   +1.9   -2.2
  0.25       RAMP_UP     31     0.0000     0.09     fl1_hip_roll   +1.9   -2.2
  0.50       RAMP_UP     63     0.0000     0.08   fr3_knee_pitch   +1.9   -2.1
  0.75       RAMP_UP     94     0.0000     0.08    bl2_hip_pitch   +1.9   -2.1
  1.00       RAMP_UP    125     0.0034     0.56     fl1_hip_roll   +1.9   -2.2
  1.26       RAMP_UP    157     0.0034     0.60     fl1_hip_roll   +1.9   -2.2
  1.51       RAMP_UP    188     0.0034     0.72     fl1_hip_roll   +1.9   -2.2
  1.76       RAMP_UP    220     0.0034     0.78     fl1_hip_roll   +1.9   -2.2
  2.01     GO_crouch    250     0.0027     0.77     fl1_hip_roll   +1.9   -2.2
  2.27     GO_crouch    250     0.0363     8.22    br2_hip_pitch   +1.9   -2.2
  2.52     GO_crouch    250     0.0584    14.57   br3_knee_pitch   +1.7   -2.1
  2.77     GO_crouch    250     0.1033    25.30   bl3_knee_pitch   +1.3   -2.1
  3.03     GO_crouch    250     0.1068    25.80   fl3_knee_pitch   +1.0   -1.4
  3.28     GO_crouch    250     0.0978    24.32   fl3_knee_pitch   +0.9   -1.1
       ↳ 輪子鎖定於 HOLD_crouch（kp=20）
  3.53   HOLD_crouch    250     0.0923    22.81   bl3_knee_pitch   +0.8   -1.1
  3.79   HOLD_crouch    250     0.0923    22.82   bl3_knee_pitch   +0.7   -1.1
  4.04   HOLD_crouch    250     0.0923    22.95   br3_knee_pitch   +0.7   -1.1
  4.29   HOLD_crouch    250     0.0923    22.93   br3_knee_pitch   +0.7   -1.1
  4.55   HOLD_crouch    250     0.0919    22.76   bl3_knee_pitch   +0.7   -1.1
  4.80   HOLD_crouch    250     0.0908    22.71   bl3_knee_pitch   +0.7   -1.1
  5.05   HOLD_crouch    250     0.0904    22.63   bl3_knee_pitch   +0.6   -1.1
  5.30   HOLD_crouch    250     0.0904    22.64   bl3_knee_pitch   +0.6   -1.1
  5.56      GO_stand    250     0.0940    23.06   br3_knee_pitch   +0.7   -1.1
  5.81      GO_stand    250     0.1164    24.75   fr3_knee_pitch   +0.8   -1.0
  6.06      GO_stand    250     0.1228    22.64   fr3_knee_pitch   +0.8   -1.1
  6.32      GO_stand    250     0.1150    20.91   fl3_knee_pitch   +0.7   -1.1
  6.57      GO_stand    250     0.0945    16.81   br3_knee_pitch   +0.8   -1.1
  6.83      GO_stand    250     0.0703    14.63   fr3_knee_pitch   +0.9   -1.1
       ↳ 輪子鎖定於 HOLD_stand（kp=20）
  7.08    HOLD_stand    250     0.0582    14.38   fl3_knee_pitch   +0.7   -1.1
  7.34    HOLD_stand    250     0.0578    14.29   fl3_knee_pitch   +0.8   -1.1
  7.59    HOLD_stand    250     0.0578    14.38   fl3_knee_pitch   +0.7   -1.1
  7.84    HOLD_stand    250     0.0578    14.38   fl3_knee_pitch   +0.7   -1.1
  8.10    HOLD_stand    250     0.0578    14.38   fl3_knee_pitch   +0.7   -1.1
  8.35    HOLD_stand    250     0.0578    14.35   fl3_knee_pitch   +0.7   -1.1
  8.60    HOLD_stand    250     0.0578    14.32   fl3_knee_pitch   +0.7   -1.1
  8.86    HOLD_stand    250     0.0578    14.41   fl3_knee_pitch   +0.7   -1.1
  9.11    HOLD_stand    250     0.0578    14.34   fl3_knee_pitch   +0.7   -1.1
  9.36    HOLD_stand    250     0.0578    14.38   fl3_knee_pitch   +0.7   -1.1
  9.62    HOLD_stand    250     0.0578    14.34   fl3_knee_pitch   +0.7   -1.1
  9.87    HOLD_stand    250     0.0578    14.34   fl3_knee_pitch   +0.7   -1.1
 10.12    HOLD_stand    250     0.0578    14.41   fl3_knee_pitch   +0.7   -1.1
 10.37    HOLD_stand    250     0.0578    14.40   fl3_knee_pitch   +0.7   -1.1
 10.63    HOLD_stand    250     0.0578    14.36   fl3_knee_pitch   +0.7   -1.1
 10.88    HOLD_stand    250     0.0578    14.30   fl3_knee_pitch   +0.7   -1.1
 11.13   BACK_crouch    250     0.0376     9.84   fl3_knee_pitch   +0.7   -1.1
 11.38   BACK_crouch    250     0.0455    10.90   fr3_knee_pitch   +0.7   -1.1
 11.64   BACK_crouch    250     0.0557    12.95   fl3_knee_pitch   +0.7   -1.0
 11.89   BACK_crouch    250     0.0546    13.94   bl3_knee_pitch   +0.6   -1.0
 12.14   BACK_crouch    250     0.0377    14.79   fr3_knee_pitch   +0.6   -1.0
 12.40   BACK_crouch    250     0.0564    16.04   br3_knee_pitch   +0.6   -1.0
       ↳ 輪子鎖定於 HOLD_crouch2（kp=20）
 12.65  HOLD_crouch2    250     0.0690    17.03   fl3_knee_pitch   +0.5   -1.0
 12.91  HOLD_crouch2    250     0.0690    17.09   fl3_knee_pitch   +0.5   -1.0
 13.16  HOLD_crouch2    250     0.0690    17.10   fl3_knee_pitch   +0.5   -1.0
 13.41  HOLD_crouch2    250     0.0690    17.07   fl3_knee_pitch   +0.5   -1.0
 13.66  HOLD_crouch2    250     0.0690    17.06   fl3_knee_pitch   +0.5   -1.0
 13.92  HOLD_crouch2    250     0.0690    17.09   fl3_knee_pitch   +0.5   -1.0
 14.17  HOLD_crouch2    250     0.0690    17.08   fl3_knee_pitch   +0.5   -1.0
 14.42  HOLD_crouch2    250     0.0690    17.11   fl3_knee_pitch   +0.5   -1.0
 14.68      BACK_LIE    250     0.0649    16.14   fl3_knee_pitch   +0.5   -1.0
 14.93      BACK_LIE    250     0.0496    13.57   br3_knee_pitch   +0.5   -1.4
 15.18      BACK_LIE    250     0.0529    14.73   bl3_knee_pitch   +0.8   -1.6
 15.44      BACK_LIE    250     0.0356     9.57   bl3_knee_pitch   +1.1   -2.0
 15.69      BACK_LIE    250     0.0259     5.61     bl1_hip_roll   +1.5   -2.1
 15.94      BACK_LIE    250     0.0081     1.91     bl1_hip_roll   +1.8   -2.2
 16.19     RAMP_DOWN    226     0.0080     1.88     bl1_hip_roll   +1.8   -2.1
 16.45     RAMP_DOWN    194     0.0084     1.68     bl1_hip_roll   +1.8   -2.1
 16.70     RAMP_DOWN    163     0.0084     1.33     bl1_hip_roll   +1.8   -2.1
 16.95     RAMP_DOWN    131     0.0084     1.16     bl1_hip_roll   +1.8   -2.1
 17.21     RAMP_DOWN     99     0.0084     0.85     bl1_hip_roll   +1.7   -2.2
 17.46     RAMP_DOWN     68     0.0084     0.63     bl1_hip_roll   +1.7   -2.2
 17.71     RAMP_DOWN     36     0.0084     0.30     bl1_hip_roll   +1.7   -2.2
 17.97     RAMP_DOWN      4     0.0088     0.16     bl1_hip_roll   +1.7   -2.2

============================================================================
✅ 序列完整跑完

關節                     峰值τ      門檻      用掉
fl1_hip_roll        -16.66      45     37%
fl2_hip_pitch       +12.88      40     32%
fl3_knee_pitch      -48.28      65     74%
fr1_hip_roll         +4.04      45      9%
fr2_hip_pitch       +14.00      40     35%
fr3_knee_pitch      +26.44      65     41%
bl1_hip_roll         -8.63      45     19%
bl2_hip_pitch       -12.25      40     31%
bl3_knee_pitch      -26.40      65     41%
br1_hip_roll         +4.86      45     11%
br2_hip_pitch       -13.63      40     34%
br3_knee_pitch      -26.19      65     40%

全部腿關節峰值 48.28 N·m（實機原廠做同樣動作是 42.45）

============================================================================

📊 /home/robot/m_logs/M7_20260827_102912.json

⏸ mc_ctrl 仍在凍結中（PID 2425）。確認狗安全後交還控制權：
      sudo kill -CONT 2425

📄 /home/robot/m_logs/M7_20260827_102912.log
