M7 —— 站起來（★★ 承重）

⚠️⚠️ 確認：狗趴在地上、16 顆洩力、**吊帶掛著但鬆弛**、地面淨空、第二個終端機備著 estop。

✅ 結構檢查通過
✅ 16 顆全部洩力中
✅ mc_ctrl PID=2425 狀態=S
✅ 機身姿態 roll +1.5° pitch -2.3°

目標 crouch　kp=250.0 kd=5.0　輪子純阻尼 kd=0.5
路徑：趴平(實測) → crouch → 趴平

關節                    趴平(實測)     crouch                 限位
fl1_hip_roll         -0.0746     0.0000    [-0.523,+0.697]
fl2_hip_pitch         0.8120     1.4000    [-2.442,+2.791]
fl3_knee_pitch       -2.5213    -2.4000    [-2.801,+2.801]
fr1_hip_roll          0.0059     0.0000    [-0.697,+0.523]
fr2_hip_pitch         0.7956     1.4000    [-2.442,+2.791]
fr3_knee_pitch       -2.5041    -2.4000    [-2.801,+2.801]
bl1_hip_roll         -0.0967     0.0000    [-0.523,+0.697]
bl2_hip_pitch        -0.8730    -1.4000    [-2.791,+2.442]
bl3_knee_pitch        2.6128     2.4000    [-2.801,+2.801]
br1_hip_roll          0.0219     0.0000    [-0.697,+0.523]
br2_hip_pitch        -0.8429    -1.4000    [-2.791,+2.442]
br3_knee_pitch        2.5877     2.4000    [-2.801,+2.801]

✅ 所有路徑點都在機構限位內

總時長 11.0 秒：RAMP_UP(2.0s) → GO_crouch(1.5s) → HOLD_crouch(4.0s) → BACK_LIE(1.5s) → RAMP_DOWN(2.0s)

           區段         最大位移         峰值命令速度             哪個關節
      RAMP_UP    0.000 rad        0.00 rad/s     fl1_hip_roll
    GO_crouch    0.604 rad        0.63 rad/s    fr2_hip_pitch
  HOLD_crouch    0.000 rad        0.00 rad/s     fl1_hip_roll
     BACK_LIE    0.604 rad        0.63 rad/s    fr2_hip_pitch
    RAMP_DOWN    0.000 rad        0.00 rad/s     fl1_hip_roll
✅ 所有區段的命令速度都在 2.0 rad/s 以內

力矩門檻（實機分段峰值 ×1.5）：ABAD 45 / HIP 40 / KNEE 65 N·m，硬上限 120
傾角保護 ±25°（現在 roll +1.5 pitch -2.3）
輪子：移動中純阻尼 kd=0.5；到位後鎖定 kp=20.0 kd=0.1（原廠做法，力矩保護 8）

✅ 已凍結 mc_ctrl（T）

     t            階段     kp     最大|誤差|    最大|τ|               關節   roll  pitch
  0.00       RAMP_UP      0     0.0000     0.06   bl3_knee_pitch   +1.5   -2.3
  0.25       RAMP_UP     31     0.0000     0.07   bl3_knee_pitch   +1.5   -2.3
  0.51       RAMP_UP     63     0.0000     0.09     bl1_hip_roll   +1.5   -2.3
  0.76       RAMP_UP     95     0.0000     0.10    bl2_hip_pitch   +1.5   -2.3
  1.01       RAMP_UP    127     0.0000     0.17    fr2_hip_pitch   +1.5   -2.3
  1.27       RAMP_UP    158     0.0000     0.17    fr2_hip_pitch   +1.5   -2.3
  1.52       RAMP_UP    189     0.0000     0.19    fr2_hip_pitch   +1.5   -2.3
  1.77       RAMP_UP    221     0.0000     0.20    fr2_hip_pitch   +1.5   -2.3
  2.02     GO_crouch    250     0.0003     0.15     fl1_hip_roll   +1.5   -2.3
  2.28     GO_crouch    250     0.0389     8.51    br2_hip_pitch   +1.5   -2.4
  2.53     GO_crouch    250     0.0615    15.04   bl3_knee_pitch   +1.3   -2.2
  2.78     GO_crouch    250     0.1066    25.75   bl3_knee_pitch   +0.9   -2.1
  3.04     GO_crouch    250     0.1092    26.22   br3_knee_pitch   +0.9   -1.4
  3.29     GO_crouch    250     0.0988    24.22   fl3_knee_pitch   +0.6   -1.1
       ↳ 輪子鎖定於 HOLD_crouch（kp=20）
  3.54   HOLD_crouch    250     0.0919    23.03   bl3_knee_pitch   +0.6   -1.0
  3.80   HOLD_crouch    250     0.0919    23.03   bl3_knee_pitch   +0.5   -1.1
  4.05   HOLD_crouch    250     0.0919    23.08   bl3_knee_pitch   +0.5   -1.1
  4.30   HOLD_crouch    250     0.0919    23.01   bl3_knee_pitch   +0.5   -1.0
  4.56   HOLD_crouch    250     0.0919    23.07   bl3_knee_pitch   +0.5   -1.0
  4.81   HOLD_crouch    250     0.0919    23.06   bl3_knee_pitch   +0.5   -1.0
  5.06   HOLD_crouch    250     0.0919    23.00   bl3_knee_pitch   +0.5   -1.0
  5.31   HOLD_crouch    250     0.0919    23.04   bl3_knee_pitch   +0.5   -1.0
  5.57   HOLD_crouch    250     0.0919    23.00   bl3_knee_pitch   +0.5   -1.0
  5.82   HOLD_crouch    250     0.0919    22.98   bl3_knee_pitch   +0.5   -1.0
  6.07   HOLD_crouch    250     0.0919    23.07   bl3_knee_pitch   +0.5   -1.0
  6.32   HOLD_crouch    250     0.0919    23.08   bl3_knee_pitch   +0.5   -1.0
  6.58   HOLD_crouch    250     0.0915    22.92   bl3_knee_pitch   +0.6   -1.1
  6.83   HOLD_crouch    250     0.0915    22.93   bl3_knee_pitch   +0.6   -1.0
  7.09   HOLD_crouch    250     0.0915    22.89   bl3_knee_pitch   +0.6   -1.0
  7.34   HOLD_crouch    250     0.0915    22.89   bl3_knee_pitch   +0.6   -1.0
  7.59      BACK_LIE    250     0.0899    22.53   br3_knee_pitch   +0.6   -1.0
  7.84      BACK_LIE    250     0.0718    18.08   fr3_knee_pitch   +0.6   -1.0
  8.10      BACK_LIE    250     0.0529    14.75   br3_knee_pitch   +0.7   -1.5
  8.35      BACK_LIE    250     0.0543    14.25   br3_knee_pitch   +0.8   -1.9
  8.60      BACK_LIE    250     0.0363     8.02     bl1_hip_roll   +1.4   -2.1
  8.86      BACK_LIE    250     0.0105     2.45     fr1_hip_roll   +1.8   -2.1
  9.11     RAMP_DOWN    236     0.0095     2.29     bl1_hip_roll   +1.7   -2.3
  9.36     RAMP_DOWN    205     0.0095     2.00     bl1_hip_roll   +1.7   -2.3
  9.61     RAMP_DOWN    174     0.0099     1.70     bl1_hip_roll   +1.7   -2.3
  9.87     RAMP_DOWN    142     0.0099     1.52     bl1_hip_roll   +1.7   -2.3
 10.12     RAMP_DOWN    111     0.0103     1.17     bl1_hip_roll   +1.7   -2.3
 10.37     RAMP_DOWN     79     0.0103     0.84     bl1_hip_roll   +1.7   -2.3
 10.63     RAMP_DOWN     47     0.0103     0.49     bl1_hip_roll   +1.7   -2.3
 10.88     RAMP_DOWN     15     0.0107     0.19     bl1_hip_roll   +1.7   -2.3

============================================================================
✅ 序列完整跑完

關節                     峰值τ      門檻      用掉
fl1_hip_roll         -7.51      45     17%
fl2_hip_pitch       +14.08      40     35%
fl3_knee_pitch      +25.60      65     39%
fr1_hip_roll         +5.28      45     12%
fr2_hip_pitch       +13.38      40     33%
fr3_knee_pitch      +25.36      65     39%
bl1_hip_roll         -9.36      45     21%
bl2_hip_pitch       -12.86      40     32%
bl3_knee_pitch      +40.18      65     62%
br1_hip_roll         +6.28      45     14%
br2_hip_pitch       -13.49      40     34%
br3_knee_pitch      -26.49      65     41%

全部腿關節峰值 40.18 N·m（實機原廠做同樣動作是 42.45）

============================================================================

📊 /home/robot/m_logs/M7_20260827_101616.json

⏸ mc_ctrl 仍在凍結中（PID 2425）。確認狗安全後交還控制權：
      sudo kill -CONT 2425

📄 /home/robot/m_logs/M7_20260827_101616.log
