M8 —— 靜態撓度量測與單腿擺動（★★ 承重）　stage=0

⚠️⚠️ 確認：狗趴在地上、16 顆洩力、**吊帶掛在 292 mm 以下且鬆弛**、地面淨空、第二個終端機備著 estop。

✅ 結構檢查通過
✅ 16 顆全部洩力中
✅ mc_ctrl PID=2403 狀態=S
✅ 機身姿態 roll +4.8° pitch -3.0°

站姿足端基準（輪軸心相對 ABAD 原點，m）　膝分支 {'fl': -1, 'fr': -1, 'bl': 1, 'br': 1}
  fl: x+0.0700 y+0.1060 z-0.4457
  fr: x+0.0700 y-0.1060 z-0.4457
  bl: x-0.0700 y+0.1060 z-0.4457
  br: x-0.0700 y-0.1060 z-0.4457
✅ 前後膝反號（後腿往前彎，原廠預設）

總時長 15.0 秒　9 段
  RAMP_UP(2.0) → GO_crouch(1.5) → HOLD_crouch(1.5) → GO_stand(1.5) → HOLD_stand(2.0) → BACK_crouch(1.5) → HOLDB_crouch(1.5) → BACK_LIE(1.5) → RAMP_DOWN(2.0)
✅ 凍結時間 15.0s 在上限 38s 之內

            區段         最大位移         峰值命令速度             哪個關節
     GO_crouch    0.599 rad        0.63 rad/s    fl2_hip_pitch
      GO_stand    1.200 rad        1.26 rad/s   fl3_knee_pitch
   BACK_crouch    1.200 rad        1.26 rad/s   fl3_knee_pitch
      BACK_LIE    0.599 rad        0.63 rad/s    fl2_hip_pitch
✅ 所有區段的命令速度都在 2.0 rad/s 以內
✅ 所有路徑點都在機構限位內

力矩門檻：ABAD 50 / HIP 50 / KNEE 70 N·m，硬上限 120
傾角保護 ±15°（現在 roll +4.8 pitch -3.0）
輪子：移動中純阻尼 kd=0.5；HOLD 段鎖定 kp=20.0

✅ 已凍結 mc_ctrl（T）

     t             階段     kp     最大|誤差|    最大|τ|               關節   roll  pitch
  0.00        RAMP_UP      0     0.0000     0.05   br3_knee_pitch   +4.8   -3.0
  0.25        RAMP_UP     15     0.0000     0.06     fr1_hip_roll   +4.8   -3.0
  0.51        RAMP_UP     30     0.0000     0.06   bl3_knee_pitch   +4.8   -3.0
  0.76        RAMP_UP     45     0.0000     0.10   fr3_knee_pitch   +4.8   -3.0
  1.01        RAMP_UP     61     0.0000     0.09    bl2_hip_pitch   +4.8   -3.0
  1.26        RAMP_UP     76     0.0000     0.10    bl2_hip_pitch   +4.9   -3.0
  1.52        RAMP_UP     91     0.0000     0.06     bl1_hip_roll   +4.9   -3.0
  1.77        RAMP_UP    106     0.0000     0.14    fr2_hip_pitch   +4.9   -3.0
  2.02      GO_crouch    120     0.0001     0.14   fr3_knee_pitch   +4.9   -3.0
  2.27      GO_crouch    120     0.0432     4.90    br2_hip_pitch   +4.8   -3.0
  2.52      GO_crouch    120     0.1014     9.45    br2_hip_pitch   +4.3   -3.3
  2.77      GO_crouch    120     0.1209    14.47   br3_knee_pitch   +3.7   -3.0
  3.02      GO_crouch    120     0.1674    19.86   bl3_knee_pitch   +2.5   -2.7
  3.28      GO_crouch    120     0.1970    23.36   bl3_knee_pitch   +1.6   -2.6
  3.53    HOLD_crouch    120     0.1922    22.88   br3_knee_pitch   +1.4   -2.3
  3.78    HOLD_crouch    120     0.1873    22.45   bl3_knee_pitch   +1.2   -2.2
  4.03    HOLD_crouch    120     0.1873    22.35   bl3_knee_pitch   +1.2   -2.2
  4.29    HOLD_crouch    120     0.1873    22.38   br3_knee_pitch   +1.2   -2.2
  4.54    HOLD_crouch    120     0.1873    22.37   br3_knee_pitch   +1.2   -2.2
  4.79    HOLD_crouch    120     0.1873    22.38   br3_knee_pitch   +1.2   -2.2
  5.05       GO_stand    120     0.1896    22.53   bl3_knee_pitch   +1.2   -2.2
  5.30       GO_stand    120     0.2441    26.55   fr3_knee_pitch   +1.1   -1.4
  5.55       GO_stand    120     0.2521    23.89   fr3_knee_pitch   +1.2   -1.5
  5.81       GO_stand    120     0.2433    22.00   br3_knee_pitch   +1.2   -1.5
  6.06       GO_stand    120     0.2109    19.06   fr3_knee_pitch   +1.4   -1.4
  6.31       GO_stand    120     0.1689    16.81   fr3_knee_pitch   +1.4   -1.5
  6.56     HOLD_stand    120     0.1322    15.62   br3_knee_pitch   +1.3   -1.5
  6.81     HOLD_stand    120     0.1311    15.78   fr3_knee_pitch   +1.4   -1.5
  7.07     HOLD_stand    120     0.1311    15.74   fr3_knee_pitch   +1.4   -1.5
  7.32     HOLD_stand    120     0.1311    15.74   fr3_knee_pitch   +1.4   -1.4
  7.57     HOLD_stand    120     0.1311    15.81   fr3_knee_pitch   +1.4   -1.4
  7.83     HOLD_stand    120     0.1311    15.79   fr3_knee_pitch   +1.4   -1.4
  8.08     HOLD_stand    120     0.1311    15.84   fr3_knee_pitch   +1.4   -1.4
  8.33     HOLD_stand    120     0.1311    15.70   fr3_knee_pitch   +1.4   -1.4
  8.58    BACK_crouch    120     0.1227    14.83   fr3_knee_pitch   +1.4   -1.4
  8.83    BACK_crouch    120     0.0900    10.92   br3_knee_pitch   +1.2   -1.5
  9.08    BACK_crouch    120     0.1112    13.14   bl3_knee_pitch   +1.1   -1.5
  9.34    BACK_crouch    120     0.1162    15.16   fl3_knee_pitch   +1.0   -1.4
  9.59    BACK_crouch    120     0.1050    17.04   bl3_knee_pitch   +0.7   -1.5
  9.85    BACK_crouch    120     0.1217    17.18   fl3_knee_pitch   +0.8   -1.5
 10.10   HOLDB_crouch    120     0.1362    16.21   br3_knee_pitch   +0.9   -1.6
 10.35   HOLDB_crouch    120     0.1362    16.26   br3_knee_pitch   +0.9   -1.6
 10.61   HOLDB_crouch    120     0.1362    16.21   br3_knee_pitch   +0.9   -1.6
 10.86   HOLDB_crouch    120     0.1362    16.24   br3_knee_pitch   +0.9   -1.6
 11.11   HOLDB_crouch    120     0.1362    16.22   br3_knee_pitch   +0.9   -1.6
 11.36   HOLDB_crouch    120     0.1365    16.27   br3_knee_pitch   +0.9   -1.6
 11.62       BACK_LIE    120     0.1343    16.12   br3_knee_pitch   +0.9   -1.6
 11.87       BACK_LIE    120     0.1150    13.81   fr3_knee_pitch   +1.0   -1.6
 12.12       BACK_LIE    120     0.0937    11.39   fr3_knee_pitch   +1.5   -2.0
 12.38       BACK_LIE    120     0.0684     7.97   fr3_knee_pitch   +2.7   -2.4
 12.63       BACK_LIE    120     0.0438     3.47     fl1_hip_roll   +3.6   -2.7
 12.88       BACK_LIE    120     0.0175     2.06     bl1_hip_roll   +4.1   -3.1
 13.14      RAMP_DOWN    112     0.0175     2.04     bl1_hip_roll   +4.2   -3.0
 13.39      RAMP_DOWN     97     0.0175     1.77     bl1_hip_roll   +4.2   -3.0
 13.64      RAMP_DOWN     82     0.0175     1.44     bl1_hip_roll   +4.2   -3.0
 13.89      RAMP_DOWN     67     0.0175     1.22     bl1_hip_roll   +4.2   -3.0
 14.14      RAMP_DOWN     52     0.0175     1.00     bl1_hip_roll   +4.3   -3.0
 14.40      RAMP_DOWN     36     0.0175     0.70     bl1_hip_roll   +4.3   -3.0
 14.65      RAMP_DOWN     21     0.0179     0.49     bl1_hip_roll   +4.3   -3.0
 14.90      RAMP_DOWN      6     0.0183     0.11     bl1_hip_roll   +4.2   -3.0

============================================================================
✅ 序列完整跑完

關節                     峰值τ      門檻      用掉
fl1_hip_roll         -5.80      50     12%
fl2_hip_pitch       +11.49      50     23%
fl3_knee_pitch      +26.71      70     38%
fr1_hip_roll         +2.24      50      4%
fr2_hip_pitch       +11.64      50     23%
fr3_knee_pitch      +26.63      70     38%
bl1_hip_roll         -6.09      50     12%
bl2_hip_pitch       -11.06      50     22%
bl3_knee_pitch      -25.72      70     37%
br1_hip_roll         +3.78      50      8%
br2_hip_pitch       -12.69      50     25%
br3_knee_pitch      -25.77      70     37%

迴圈：3000 次 / 15.00s = 200 Hz（目標 200）　最長單次間隔 13 ms @ t=13.57s（警戒 250、controller 逾時 500）

📊 /home/robot/m_logs/M8_20260827_132956.json

⏸ mc_ctrl 仍在凍結中（PID 2403）。確認狗安全後：
      sudo kill -CONT 2403

📄 /home/robot/m_logs/M8_20260827_132956.log
