M9 —— 步態（★★★ 承重、連續、動態觸地）　模式：播放 A_kp250_walk.json

⚠️⚠️ 確認：狗趴在地上、16 顆洩力、**吊帶掛在 292 mm 以下且鬆弛**、
      **地面淨空且留出走動空間**、第二個終端機備著 estop。

✅ 結構檢查通過
✅ 16 顆全部洩力中
✅ mc_ctrl PID=2411 狀態=S
✅ 機身姿態 roll -8.0° pitch -1.5°
✅ 前後膝反號（後腿往前彎，原廠預設）

軌跡檔：前進　duty 0.8 ω 1.4 d_step 0.1 x_off -0.03 g_c 0.048 z_sag 0.0360

RL policy：cpg_rl_max_v2_3_np.npz　preset v2.3　obs 66 act 10　sha 5a9de707c38b
  指令 vx 0.3 wz 0　混合比例 1　起步淡入 50 步
✅ 基準步態與 policy 訓練基準一致（說兩次）
✅ 推論 0.17 ms/步（預算 10 ms）

互動模式　最壞情況 52.0 秒：
  站起來 6.5 ＋ 等①10 ＋ 降增益 1.5 ＋ 淡入 3.0 ＋ 走 10 ＋ 淡出 3.0 ＋ 升增益 1.5 ＋ 等③10 ＋ 趴下 6.5
  （等②就是「走」那段；三個等待逾時都是自動往下走，不是中止）
✅ 在承重上限 60 秒之內

步態最大命令速度 9.61 rad/s（bl3_knee_pitch）　上限 14.0
✅ 在上限內（⚠️ 保護門檻 --vmax 16.0 必須高於這個，否則會誤中止）
✅ 步態全程在機構限位內

增益：步態 ABAD 60 / HIP·KNEE 250　kd 2.0（站立段一律 250）　輪 **kp 0** kd 0.5（純阻尼）
保護：力矩 ABAD 50 / HIP 50 / KNEE 70、硬上限 120
      誤差 0.6 rad、速度 16.0 rad/s、傾角 ±20°、迴圈間隔 250 ms

✅ 已凍結 mc_ctrl（T）

     t           階段     kp     最大|誤差|    最大|τ|               關節   roll  pitch      輪速
  0.00      RAMP_UP      0     0.0000     0.08   br3_knee_pitch   -8.0   -1.5    0.00
  0.25      RAMP_UP     31     0.0000     0.07    br2_hip_pitch   -8.0   -1.5    0.00
  0.51      RAMP_UP     63     0.0000     0.09   br3_knee_pitch   -8.0   -1.5    0.00
  0.76      RAMP_UP     95     0.0000     0.09    br2_hip_pitch   -8.0   -1.5    0.00
  1.01      RAMP_UP    126     0.0000     0.08     fl1_hip_roll   -8.0   -1.5    0.00
  1.27      RAMP_UP    158     0.0000     0.13   fr3_knee_pitch   -8.0   -1.5    0.00
  1.52      RAMP_UP    189     0.0000     0.12   fr3_knee_pitch   -8.0   -1.5    0.00
  1.77      RAMP_UP    221     0.0000     0.17    fr2_hip_pitch   -8.0   -1.5    0.00

  ▸ RAMP_UP 結束（時間到），進入 GO_crouch

  2.02    GO_crouch    250     0.0002     0.19     fl1_hip_roll   -8.0   -1.5    0.00
  2.27    GO_crouch    250     0.0305     7.31   fr3_knee_pitch   -7.8   -1.5    0.09
  2.52    GO_crouch    250     0.1020    24.56   br3_knee_pitch   -6.0   -1.6    0.59
  2.77    GO_crouch    250     0.1170    25.82   fr3_knee_pitch   -3.8   -1.4    1.54
  3.03    GO_crouch    250     0.1155    26.74   fr3_knee_pitch   -1.8   -1.5    1.64
  3.28    GO_crouch    250     0.1084    25.79   fr3_knee_pitch   -0.3   -1.4    1.34

  ▸ GO_crouch 結束（時間到），進入 HOLD_crouch

  3.54  HOLD_crouch    250     0.0931    23.30   bl3_knee_pitch   -0.0   -1.3    0.14
  3.79  HOLD_crouch    250     0.0923    23.07   bl3_knee_pitch   +0.1   -1.4    0.04
  4.04  HOLD_crouch    250     0.0923    23.07   bl3_knee_pitch   +0.2   -1.4    0.01
  4.29  HOLD_crouch    250     0.0923    23.13   bl3_knee_pitch   +0.2   -1.4    0.04
  4.54  HOLD_crouch    250     0.0923    23.13   bl3_knee_pitch   +0.2   -1.4    0.00
  4.79  HOLD_crouch    250     0.0923    23.12   bl3_knee_pitch   +0.3   -1.4    0.00

  ▸ HOLD_crouch 結束（時間到），進入 GO_stand

  5.05     GO_stand    250     0.0943    23.55   bl3_knee_pitch   +0.3   -1.4    0.00
  5.30     GO_stand    250     0.1146    25.74   fr3_knee_pitch   +0.6   -1.4    0.52
  5.56     GO_stand    250     0.1195    24.97   fr3_knee_pitch   +0.7   -1.4    0.36
  5.81     GO_stand    250     0.1126    22.78   fr3_knee_pitch   +0.7   -1.5    0.39
  6.06     GO_stand    250     0.1001    20.25   fr3_knee_pitch   +0.8   -1.5    0.27
  6.31     GO_stand    250     0.0814    17.72   fr3_knee_pitch   +0.7   -1.6    0.15

  ▸ GO_stand 結束（時間到），進入 READY

  6.57        READY    250     0.0676    16.95   fr3_knee_pitch   +0.7   -1.5    0.10
  6.82        READY    250     0.0676    17.04   fr3_knee_pitch   +0.7   -1.6    0.01
  7.07        READY    250     0.0676    17.10   fr3_knee_pitch   +0.7   -1.6    0.05
  7.33        READY    250     0.0676    17.07   fr3_knee_pitch   +0.7   -1.6    0.00
  7.58        READY    250     0.0676    17.12   fr3_knee_pitch   +0.7   -1.6    0.00
  7.83        READY    250     0.0676    17.02   fr3_knee_pitch   +0.7   -1.6    0.00
  8.08        READY    250     0.0676    17.03   fr3_knee_pitch   +0.7   -1.6    0.00
  8.33        READY    250     0.0676    17.11   fr3_knee_pitch   +0.8   -1.6    0.00
  8.59        READY    250     0.0676    17.03   fr3_knee_pitch   +0.8   -1.6    0.03
  8.84        READY    250     0.0676    17.15   fr3_knee_pitch   +0.8   -1.6    0.03
  9.09        READY    250     0.0676    17.04   fr3_knee_pitch   +0.8   -1.6    0.00
  9.34        READY    250     0.0676    17.03   fr3_knee_pitch   +0.8   -1.6    0.04
  9.60        READY    250     0.0676    16.98   fr3_knee_pitch   +0.8   -1.6    0.03
  9.85        READY    250     0.0676    16.99   fr3_knee_pitch   +0.8   -1.6    0.00
 10.11        READY    250     0.0676    17.01   fr3_knee_pitch   +0.8   -1.6    0.00
 10.36        READY    250     0.0676    17.06   fr3_knee_pitch   +0.8   -1.6    0.00
 10.61        READY    250     0.0676    17.03   fr3_knee_pitch   +0.8   -1.6    0.00
 10.86        READY    250     0.0660    16.45   fr3_knee_pitch   +0.7   -1.6    0.01
 11.11        READY    250     0.0629    15.76   bl3_knee_pitch   +0.1   -1.6    0.08
 11.36        READY    250     0.0625    15.70   bl3_knee_pitch   +0.1   -1.6    0.03
 11.62        READY    250     0.0625    15.73   bl3_knee_pitch   +0.0   -1.6    0.02
 11.87        READY    250     0.0629    15.74   bl3_knee_pitch   +0.3   -1.6    0.11
 12.13        READY    250     0.0629    15.79   bl3_knee_pitch   +0.3   -1.6    0.00
 12.38        READY    250     0.0629    15.78   bl3_knee_pitch   +0.3   -1.6    0.00
 12.63        READY    250     0.0629    15.77   bl3_knee_pitch   +0.3   -1.6    0.00
 12.89        READY    250     0.0629    15.75   bl3_knee_pitch   +0.3   -1.6    0.14
 13.14        READY    250     0.0629    15.75   bl3_knee_pitch   +0.4   -1.6    0.00
 13.39        READY    250     0.0629    15.75   bl3_knee_pitch   +0.4   -1.6    0.00
 13.64        READY    250     0.0629    15.76   bl3_knee_pitch   +0.4   -1.6    0.00
 13.89        READY    250     0.0629    15.75   bl3_knee_pitch   +0.4   -1.6    0.00

  ▸ READY 結束（按下 Enter），進入 KP_DOWN

 14.15      KP_DOWN    250     0.0629    15.79   bl3_knee_pitch   +0.4   -1.6    0.00
 14.40      KP_DOWN    250     0.0629    15.77   bl3_knee_pitch   +0.4   -1.6    0.00
 14.65      KP_DOWN    250     0.0629    15.81   bl3_knee_pitch   +0.4   -1.6    0.00
 14.90      KP_DOWN    250     0.0629    15.75   bl3_knee_pitch   +0.4   -1.6    0.00
 15.16      KP_DOWN    250     0.0629    15.79   bl3_knee_pitch   +0.4   -1.6    0.00
 15.41      KP_DOWN    250     0.0629    15.73   bl3_knee_pitch   +0.4   -1.6    0.00

  ▸ KP_DOWN 結束（時間到），進入 GAIT_IN

 15.66      GAIT_IN    250     0.0622    15.65   bl3_knee_pitch   +0.4   -1.6    0.00
 15.91      GAIT_IN    250     0.0640    16.04   bl3_knee_pitch   +0.4   -1.6    0.02
 16.17      GAIT_IN    250     0.0674    16.70   bl3_knee_pitch   +0.6   -1.8    0.06
 16.42      GAIT_IN    250     0.0795    19.47   br3_knee_pitch   +1.0   -2.0    0.62
 16.67      GAIT_IN    250     0.1400    30.15   fl3_knee_pitch   -0.5   -0.7    1.67
 16.93      GAIT_IN    250     0.0834    17.35   br3_knee_pitch   +1.7   -1.1    0.72
 17.18      GAIT_IN    250     0.1238    19.72   br3_knee_pitch   -0.6   -2.8    1.29
 17.43      GAIT_IN    250     0.1539    23.95   fr3_knee_pitch   -1.6   -0.7    2.19
 17.68      GAIT_IN    250     0.1088    16.50   fl3_knee_pitch   +0.8   -1.8    0.94
 17.94      GAIT_IN    250     0.1973    27.46   br3_knee_pitch   +0.6   -2.7    2.59
 18.19      GAIT_IN    250     0.2133    28.31   fr3_knee_pitch   +0.3   -1.0    1.32
 18.44      GAIT_IN    250     0.1132    23.44   fl3_knee_pitch   +1.5   -1.0    1.76

  ▸ GAIT_IN 結束（時間到），進入 GAIT

 18.69         GAIT    250     0.1219    29.61    fr2_hip_pitch   -0.1   -2.5    1.75
 18.95         GAIT    250     0.1438    20.90   fr3_knee_pitch   +0.9   -0.7    1.76
 19.20         GAIT    250     0.3001    35.36   br3_knee_pitch   +3.7   -1.8    1.26
 19.45         GAIT    250     0.1577    29.36   fl3_knee_pitch   +1.4   -1.9    0.44
 19.70         GAIT    250     0.1354    23.73   fr3_knee_pitch   +2.8   +0.1    0.41
 19.96         GAIT    250     0.2191    25.55    br2_hip_pitch   +5.0   -2.3    2.80
 20.21         GAIT    250     0.1702    27.26   fr3_knee_pitch   +4.0   -1.7    1.75
 20.47         GAIT    250     0.2453    17.88   fr3_knee_pitch   +0.3   -1.3    2.67
 20.72         GAIT    250     0.1008    23.93   bl3_knee_pitch   +3.4   -1.4   16.30

============================================================================
⛔ 中止：br3_knee_pitch 速度 -16.23 超過 16.0

★★ **已凍結目標角並維持 kp=250 —— 狗還撐著，沒有放手。**
   ⚠️ 步態中止會凍在某個相位，可能有腿懸空。先看狗再決定。

中止前最後 12 筆 —— br3_knee_pitch
        t           階段         q       des        τ       v kp|e|+kd|v|
   20.825         GAIT    1.9849    1.8322   -35.64   4.167        46.5
   20.830         GAIT    2.0006    1.8081   -42.00   1.969        52.1
   20.835         GAIT    2.0013    1.7632   -42.92  -0.723        61.0
   20.840         GAIT    1.9937    1.7183   -49.47  -2.028        72.9
   20.845         GAIT    1.9750    1.6733   -53.45  -4.276        84.0
   20.850         GAIT    1.9376    1.6278   -48.63  -7.065        91.6
   20.855         GAIT    1.9037    1.5799   -46.74  -8.636        98.2
   20.860         GAIT    1.8629    1.5312   -46.47 -10.745       104.4
   20.865         GAIT    1.7923    1.4826   -31.22 -12.579       102.6
   20.870         GAIT    1.7206    1.4341   -36.84 -14.200       100.0
   20.875         GAIT    1.6279    1.4376   -17.16 -15.565        78.7
   20.880         GAIT    1.5638    1.4412     1.86 -16.231        63.1

關節                     峰值τ      門檻      用掉      ★超標筆數    (未濾)      剔除跳點
fl1_hip_roll        -20.38      50     41%          0       0         0
fl2_hip_pitch       -34.04      50     68%          0       0         1
fl3_knee_pitch      +40.45      70     58%          0       0         0
fr1_hip_roll        +15.54      50     31%          0       0         0
fr2_hip_pitch       -33.25      50     66%          0       0         0
fr3_knee_pitch      +37.03      70     53%          0       0         0
bl1_hip_roll        -20.65      50     41%          0       0         0
bl2_hip_pitch       -29.33      50     59%          0       0         0
bl3_knee_pitch      -54.35      70     78%          0       0         1
br1_hip_roll        -14.23      50     28%          0       0         0
br2_hip_pitch       -35.25      50     71%          0       0         0
br3_knee_pitch      -54.23      70     77%          0       0         1
  ★ 共剔除 3 筆孤立反號跳點（單筆、與前後兩筆都反號且更大）。
    正常量級是每趟 0~3 筆；**上到十位數就不是感測雜訊，要查 SHM 解碼**。
    原始值都還在 JSON 的 `samples` 裡，沒有被改掉。

舊幀跳過 3 次（停頓後的追趕 tick，保護與紀錄未受污染）

迴圈：4177 次 / 20.88s = 200 Hz（目標 200）　最長單次間隔 16 ms @ t=14.68s

輪               淨轉動 rad     ≈ 滾動 mm
fl4_foot         0.7617          73
fr4_foot        -0.3429         -33
bl4_foot        -0.4143         -40
br4_foot        -0.2949         -28
  ⚠️ 這是總量，**包含懸空空轉** —— 模擬顯示空轉可佔八成。
     要判讀必須拆成觸地/懸空，事後用 `w` 欄的 position 做。

============================================================================
★ 現在腿還在承重。[Enter] 依原路徑坐回趴姿；[Ctrl-C] 立刻放手（會塌）

   > ✅ 已坐回趴姿並降到零增益

policy：265 步　退回 0 步　最慢 5.92 ms

📊 /home/robot/m_logs/M9_20260909_105350.json

⏸ mc_ctrl 仍在凍結中（PID 2411）。確認狗安全後：
      sudo kill -CONT 2411

📄 /home/robot/m_logs/M9_20260909_105350.log
