M9 —— 步態（★★★ 承重、連續、動態觸地）　模式：播放 B_walk_ls.json

⚠️⚠️ 確認：狗趴在地上、16 顆洩力、**吊帶掛在 292 mm 以下且鬆弛**、
      **地面淨空且留出走動空間**、第二個終端機備著 estop。

✅ 結構檢查通過
✅ 16 顆全部洩力中
✅ mc_ctrl PID=2428 狀態=S
✅ 機身姿態 roll +0.7° pitch -2.3°
✅ 前後膝反號（後腿往前彎，原廠預設）

軌跡檔：前進　duty 0.8 ω 1.4 d_step 0.1 x_off -0.02 g_c 0.048 z_sag 0.0750

互動模式　最壞情況 52.0 秒：
  站起來 6.5 ＋ 等①10 ＋ 降增益 1.5 ＋ 淡入 3.0 ＋ 走 10 ＋ 淡出 3.0 ＋ 升增益 1.5 ＋ 等③10 ＋ 趴下 6.5
  （等②就是「走」那段；三個等待逾時都是自動往下走，不是中止）
✅ 在承重上限 60 秒之內

步態最大命令速度 13.80 rad/s（fl3_knee_pitch）　上限 14.0
✅ 在上限內（⚠️ 保護門檻 --vmax 17.0 必須高於這個，否則會誤中止）
✅ 步態全程在機構限位內

增益：腿 kp 120.0 kd 1.0　輪 **kp 0** kd 3.0（純阻尼，全程不鎖）
保護：力矩 ABAD 50 / HIP 50 / KNEE 70、硬上限 120
      誤差 0.6 rad、速度 17.0 rad/s、傾角 ±20°、迴圈間隔 250 ms

✅ 已凍結 mc_ctrl（T）

     t           階段     kp     最大|誤差|    最大|τ|               關節   roll  pitch      輪速
  0.00      RAMP_UP      0     0.0000     0.06     fr1_hip_roll   +0.7   -2.3    0.00
  0.25      RAMP_UP     31     0.0000     0.11   br3_knee_pitch   +0.7   -2.3    0.00
  0.50      RAMP_UP     63     0.0000     0.09    bl2_hip_pitch   +0.7   -2.3    0.00
  0.76      RAMP_UP     94     0.0000     0.09   bl3_knee_pitch   +0.7   -2.3    0.00
  1.01      RAMP_UP    126     0.0004     0.08    fl2_hip_pitch   +0.7   -2.3    0.00
  1.26      RAMP_UP    158     0.0004     0.12    br2_hip_pitch   +0.7   -2.3    0.00
  1.51      RAMP_UP    189     0.0004     0.10    fl2_hip_pitch   +0.7   -2.3    0.00
  1.77      RAMP_UP    221     0.0004     0.15   bl3_knee_pitch   +0.7   -2.3    0.00

  ▸ RAMP_UP 結束（時間到），進入 GO_crouch

  2.02    GO_crouch    250     0.0003     0.22    fl2_hip_pitch   +0.7   -2.3    0.00
  2.27    GO_crouch    250     0.0335     6.80    bl2_hip_pitch   +0.7   -2.7   11.59
  2.52    GO_crouch    250     0.0885    20.96   br3_knee_pitch   +1.1   -2.9   11.10
  2.78    GO_crouch    250     0.1292    30.49   br3_knee_pitch   +1.3   -2.6   14.11
  3.03    GO_crouch    250     0.1236    27.47   br3_knee_pitch   +1.1   -2.6   10.18
  3.28    GO_crouch    250     0.1167    27.13   br3_knee_pitch   +0.9   -2.3    7.02

  ▸ GO_crouch 結束（時間到），進入 HOLD_crouch

  3.53  HOLD_crouch    250     0.0911    22.03   fl3_knee_pitch   +0.8   -2.5   11.48
  3.79  HOLD_crouch    250     0.0839    20.88   br3_knee_pitch   +1.0   -2.8   10.93
  4.04  HOLD_crouch    250     0.1152    19.38   bl3_knee_pitch   +0.7   -2.9    1.50
  4.29  HOLD_crouch    250     0.2365    17.94   fl3_knee_pitch   +0.5   -2.8    1.63
  4.55  HOLD_crouch    250     0.3395     7.77   bl3_knee_pitch   +0.5   -2.7    1.03
  4.80  HOLD_crouch    250     0.3681     3.29    bl2_hip_pitch   +0.7   -3.0    0.24

  ▸ HOLD_crouch 結束（時間到），進入 GO_stand

  5.05     GO_stand    250     0.3790     3.51    fr2_hip_pitch   +0.8   -3.1    0.21
  5.30     GO_stand    250     0.4652     2.22    br2_hip_pitch   +0.7   -3.1    0.20

============================================================================
⛔ 中止：br3_knee_pitch 追蹤誤差 +0.604 超過 0.6

★★ **已凍結目標角並維持 kp=250 —— 狗還撐著，沒有放手。**
   ⚠️ 步態中止會凍在某個相位，可能有腿懸空。先看狗再決定。

中止前最後 12 筆 —— br3_knee_pitch
        t           階段         q       des        τ       v kp|e|+kd|v|
    5.440     GO_stand    2.7818    2.2218    -0.66   0.017       140.0
    5.445     GO_stand    2.7818    2.2180    -0.55   0.019       141.0
    5.450     GO_stand    2.7822    2.2142    -0.58   0.019       142.0
    5.455     GO_stand    2.7822    2.2104    -0.44   0.013       143.0
    5.460     GO_stand    2.7822    2.2065    -0.44   0.019       143.9
    5.465     GO_stand    2.7822    2.2026    -0.41   0.011       144.9
    5.470     GO_stand    2.7822    2.1987    -0.30   0.009       145.9
    5.475     GO_stand    2.7822    2.1948    -0.26   0.007       146.9
    5.480     GO_stand    2.7822    2.1908    -0.17   0.007       147.9
    5.485     GO_stand    2.7822    2.1868    -0.22   0.007       148.9
    5.490     GO_stand    2.7826    2.1828    -0.21   0.009       150.0
    5.495     GO_stand    2.7826    2.1787    -0.31   0.011       151.0

關節                     峰值τ      門檻      用掉      ★超標筆數    (未濾)      剔除跳點
fl1_hip_roll        -19.41      50     39%          0       0         0
fl2_hip_pitch       +18.58      50     37%          0       0         0
fl3_knee_pitch      +24.05      70     34%          0       0         0
fr1_hip_roll        +10.16      50     20%          0       0         0
fr2_hip_pitch       +11.28      50     23%          0       0         0
fr3_knee_pitch      +28.91      70     41%          0       0         0
bl1_hip_roll         -9.82      50     20%          0       0         0
bl2_hip_pitch       -13.96      50     28%          0       0         0
bl3_knee_pitch      -27.76      70     40%          0       0         0
br1_hip_roll         +9.18      50     18%          0       0         0
br2_hip_pitch       -14.32      50     29%          0       0         0
br3_knee_pitch      -31.03      70     44%          0       0         0

迴圈：1100 次 / 5.50s = 200 Hz（目標 200）　最長單次間隔 16 ms @ t=0.62s

輪               淨轉動 rad     ≈ 滾動 mm
fl4_foot         0.0675           6
fr4_foot         0.3978          38
bl4_foot         0.5695          55
br4_foot        -0.4547         -44
  ⚠️ 這是總量，**包含懸空空轉** —— 模擬顯示空轉可佔八成。
     要判讀必須拆成觸地/懸空，事後用 `w` 欄的 position 做。

============================================================================
★ 現在腿還在承重。[Enter] 依原路徑坐回趴姿；[Ctrl-C] 立刻放手（會塌）

   > 
   （Ctrl-C：放手）

📊 /home/robot/m_logs/M9_20260903_142313.json

⏸ mc_ctrl 仍在凍結中（PID 2428）。確認狗安全後：
      sudo kill -CONT 2428

📄 /home/robot/m_logs/M9_20260903_142313.log
