M_freezetest —— mc_ctrl 凍結 120 秒的觀察實驗

★ 本程式**完全不寫入** joint_cmd。狗趴在地上洩力即可，不需吊掛、不需墊高。
  已知安全範圍：38.1 秒（M3 run3，2026-08-25，完全正常）。

✅ 結構檢查通過
✅ 16 顆全部洩力中
✅ mc_ctrl PID=2403 狀態=S
✅ 系統負載 6.93 6.5 6.48　行程 3/763
✅ joint_state 時戳 3470285　最高溫 28.0°C　最低電壓 53.0 V

計畫：SIGSTOP → 觀察 120 秒（每 0.5s 取樣）→ SIGCONT
觀察：PID 集合／行程狀態／joint_state 時戳／指令區增益／溫度電壓／關節角

✅ 已凍結 mc_ctrl（T）

      t   狀態  PID數     state時戳     Δ時戳/s     增益和     溫度     電壓       關節最大移動  load1
    0.2    T     1     3470488      1350   0.000  28.0° 53.00V      0.0000    6.93
    2.4    T     1     3472704      1025   0.000  28.0° 53.00V      0.0000    7.49
    4.6    T     1     3474906      1012   0.000  28.0° 53.00V      0.0000    7.49
    6.7    T     1     3477077      1008   0.000  28.0° 53.00V      0.0000    7.69
    9.0    T     1     3479304      1006   0.000  28.0° 53.00V      0.0000    7.69
   11.1    T     1     3481471      1004   0.000  28.0° 53.00V      0.0000    7.88
   13.4    T     1     3483692      1004   0.000  28.0° 53.00V      0.0000    7.88
   15.6    T     1     3485903      1003   0.000  28.0° 53.00V      0.0000    8.37
   17.8    T     1     3488121      1003   0.000  28.0° 53.00V      0.0000    8.37
   20.0    T     1     3490341      1003   0.000  28.0° 53.00V      0.0000    8.37
   22.2    T     1     3492553      1002   0.000  28.0° 53.00V      0.0000    8.58
   24.4    T     1     3494736      1002   0.000  28.0° 53.00V      0.0000    8.58
   26.6    T     1     3496953      1002   0.000  28.0° 53.00V      0.0000    8.13
   28.8    T     1     3499156      1002   0.000  28.0° 53.00V      0.0000    8.13
   31.0    T     1     3501343      1002   0.000  28.0° 53.00V      0.0000    7.72
   33.2    T     1     3503506      1002   0.000  28.0° 53.00V      0.0000    7.72
   35.4    T     1     3505706      1001   0.000  28.0° 53.00V      0.0000    7.72
   37.6    T     1     3507899      1001   0.000  28.0° 53.00V      0.0000    7.91
   39.7    T     1     3510079      1001   0.000  28.0° 53.00V      0.0000    7.91
   41.9    T     1     3512248      1001   0.000  28.0° 53.00V      0.0000    8.31
   44.1    T     1     3514476      1001   0.000  28.0° 53.00V      0.0000    8.31
   46.4    T     1     3516692      1001   0.000  28.0° 53.00V      0.0000    7.65
   48.6    T     1     3518888      1001   0.000  28.0° 53.00V      0.0000    7.65
   50.8    T     1     3521074      1000   0.000  28.0° 53.00V      0.0000    7.19
   52.9    T     1     3523280      1001   0.000  28.0° 53.00V      0.0000    7.19
   55.1    T     1     3525484      1001   0.000  28.0° 53.00V      0.0000    7.19
   57.4    T     1     3527689      1001   0.000  28.0° 53.00V      0.0000    6.78
   59.5    T     1     3529867      1001   0.000  28.0° 53.00V      0.0000    6.78
   61.7    T     1     3532045      1001   0.000  28.0° 53.00V      0.0000    6.48
   63.9    T     1     3534226      1001   0.000  28.0° 53.00V      0.0000    6.48
   66.1    T     1     3536432      1001   0.000  28.0° 53.00V      0.0000    6.20
   68.3    T     1     3538604      1000   0.000  28.0° 53.00V      0.0000    6.20
   70.5    T     1     3540808      1001   0.000  28.0° 53.00V      0.0000    5.70
   72.7    T     1     3543019      1001   0.000  28.0° 53.00V      0.0000    5.70
   74.9    T     1     3545228      1001   0.000  28.0° 53.00V      0.0000    5.70
   77.1    T     1     3547436      1001   0.000  28.0° 53.00V      0.0000    5.48
   79.3    T     1     3549648      1001   0.000  28.0° 53.00V      0.0000    5.48
   81.5    T     1     3551850      1001   0.000  28.0° 53.00V      0.0000    6.17
   83.7    T     1     3554064      1001   0.000  28.0° 53.00V      0.0000    6.17
   86.0    T     1     3556263      1000   0.000  28.0° 53.00V      0.0000    6.79
   88.1    T     1     3558450      1001   0.000  28.0° 53.00V      0.0000    6.79
   90.3    T     1     3560626      1001   0.000  28.0° 53.00V      0.0000    6.79
   92.5    T     1     3562839      1001   0.000  28.0° 53.00V      0.0000    7.05
   94.7    T     1     3565046      1001   0.000  28.0° 53.00V      0.0000    7.05
   96.9    T     1     3567216      1001   0.000  28.0° 53.00V      0.0000    7.29
   99.1    T     1     3569426      1001   0.000  28.0° 53.00V      0.0000    7.29
  101.3    T     1     3571658      1001   0.000  28.0° 53.00V      0.0000    7.02
  103.5    T     1     3573868      1000   0.000  28.0° 53.00V      0.0000    7.02
  105.7    T     1     3576016      1000   0.000  28.0° 53.00V      0.0000    7.26
  107.9    T     1     3578211      1000   0.000  28.0° 53.00V      0.0000    7.26
  110.1    T     1     3580403      1000   0.000  28.0° 53.00V      0.0000    7.26
  112.3    T     1     3582610      1000   0.000  28.0° 53.00V      0.0000    7.00
  114.5    T     1     3584817      1000   0.000  28.0° 53.00V      0.0000    7.00
  116.7    T     1     3587021      1000   0.000  28.0° 53.00V      0.0000    6.60
  118.9    T     1     3589226      1000   0.000  28.0° 53.00V      0.0000    6.60

============================================================================
✅ 凍結 120.5 秒，全程沒有異常
✅ 已 SIGCONT 解凍，狀態=S

解凍後：PID [2403]　state 時戳 3592388（凍結期間 +122103）
        最高溫 28.0°C（起始 28.0）　最低電壓 53.0 V（起始 53.0）
        關節最大移動 0.0000 rad（狗應該一動不動）
        指令區帶增益的關節：無 ✅

============================================================================
★ **凍結 121 秒沒有問題。**
  下一階：sudo python3 M_freezetest.py --secs 240 --confirm

📊 /home/robot/m_logs/MF_20260827_135842.json

📄 /home/robot/m_logs/MF_20260827_135842.log
