M_freezetest —— mc_ctrl 凍結 200 秒的觀察實驗

★ 本程式**完全不寫入** joint_cmd。狗趴在地上洩力即可，不需吊掛、不需墊高。
  已知安全範圍：38.1 秒（M3 run3，2026-08-25，完全正常）。

✅ 結構檢查通過
✅ 16 顆全部洩力中
✅ mc_ctrl PID=2403 狀態=S
✅ 系統負載 6.4 6.64 6.55　行程 3/759
✅ joint_state 時戳 3619111　最高溫 28.0°C　最低電壓 53.0 V

計畫：SIGSTOP → 觀察 200 秒（每 0.5s 取樣）→ SIGCONT
觀察：PID 集合／行程狀態／joint_state 時戳／指令區增益／溫度電壓／關節角

✅ 已凍結 mc_ctrl（T）

      t   狀態  PID數     state時戳     Δ時戳/s     增益和     溫度     電壓       關節最大移動  load1
    0.2    T     1     3619336      1496   0.000  28.0° 53.00V      0.0000    6.40
    2.4    T     1     3621546      1022   0.000  28.0° 53.00V      0.0000    5.89
    4.6    T     1     3623715      1010   0.000  28.0° 53.00V      0.0000    5.89
    6.8    T     1     3625930      1008   0.000  28.0° 53.00V      0.0000    5.57
    8.9    T     1     3628105      1006   0.000  28.0° 53.00V      0.0000    5.57
   11.1    T     1     3630300      1005   0.000  28.0° 53.00V      0.0000    5.57
   13.4    T     1     3632519      1004   0.000  28.0° 53.00V      0.0000    6.01
   15.6    T     1     3634722      1003   0.000  28.0° 53.00V      0.0000    6.01
   17.8    T     1     3636936      1003   0.000  28.0° 53.00V      0.0000    6.33
   20.0    T     1     3639122      1003   0.000  28.0° 53.00V      0.0000    6.33
   22.2    T     1     3641332      1002   0.000  28.0° 53.00V      0.0000    6.46
   24.4    T     1     3643534      1002   0.000  28.0° 53.00V      0.0000    6.46
   26.5    T     1     3645707      1002   0.000  28.0° 53.00V      0.0000    6.46
   28.7    T     1     3647883      1002   0.000  28.0° 53.00V      0.0000    6.11
   31.0    T     1     3650119      1002   0.000  28.0° 53.00V      0.0000    6.11
   33.1    T     1     3652265      1001   0.000  28.0° 53.00V      0.0000    5.94
   35.3    T     1     3654476      1002   0.000  28.0° 53.00V      0.0000    5.94
   37.5    T     1     3656703      1001   0.000  28.0° 53.00V      0.0000    5.54
   39.8    T     1     3658927      1001   0.000  28.0° 53.00V      0.0000    5.54
   42.0    T     1     3661135      1001   0.000  28.0° 53.00V      0.0000    5.34
   44.1    T     1     3663314      1001   0.000  28.0° 53.00V      0.0000    5.34
   46.4    T     1     3665525      1001   0.000  28.0° 53.00V      0.0000    5.34
   48.6    T     1     3667755      1001   0.000  28.0° 53.00V      0.0000    5.15
   50.8    T     1     3669957      1001   0.000  28.0° 53.00V      0.0000    5.15
   53.0    T     1     3672162      1001   0.000  28.0° 53.00V      0.0000    5.78
   55.2    T     1     3674389      1001   0.000  28.0° 53.00V      0.0000    5.78
   57.4    T     1     3676602      1001   0.000  28.0° 53.00V      0.0000    6.12
   59.6    T     1     3678812      1001   0.000  28.0° 53.00V      0.0000    6.12
   61.8    T     1     3680996      1001   0.000  28.0° 53.00V      0.0000    6.11
   64.0    T     1     3683161      1001   0.000  28.0° 53.00V      0.0000    6.11
   66.1    T     1     3685309      1001   0.000  28.0° 53.00V      0.0000    6.11
   68.3    T     1     3687483      1001   0.000  28.0° 53.00V      0.0000    6.34
   70.5    T     1     3689704      1001   0.000  28.0° 53.00V      0.0000    6.34
   72.7    T     1     3691895      1001   0.000  28.0° 53.00V      0.0000    6.23
   74.9    T     1     3694102      1001   0.000  28.0° 53.00V      0.0000    6.23
   77.2    T     1     3696330      1001   0.000  28.0° 53.00V      0.0000    6.69
   79.4    T     1     3698536      1001   0.000  28.0° 53.00V      0.0000    6.69
   81.5    T     1     3700704      1001   0.000  28.0° 53.00V      0.0000    6.69
   83.7    T     1     3702885      1001   0.000  28.0° 53.00V      0.0000    6.56
   86.0    T     1     3705120      1001   0.000  28.0° 53.00V      0.0000    6.56
   88.2    T     1     3707295      1000   0.000  28.0° 53.00V      0.0000    6.35
   90.3    T     1     3709438      1000   0.000  28.0° 53.00V      0.0000    6.35
   92.5    T     1     3711648      1001   0.000  28.0° 53.00V      0.0000    6.32
   94.7    T     1     3713856      1001   0.000  28.0° 53.00V      0.0000    6.32
   96.9    T     1     3716072      1001   0.000  28.0° 53.00V      0.0000    6.70
   99.1    T     1     3718277      1001   0.000  28.0° 53.00V      0.0000    6.70
  101.3    T     1     3720475      1001   0.000  28.0° 53.00V      0.0004    6.70
  103.5    T     1     3722712      1001   0.000  28.0° 53.00V      0.0004    6.80
  105.7    T     1     3724853      1000   0.000  28.0° 53.00V      0.0004    6.80
  107.9    T     1     3727030      1001   0.000  28.0° 53.00V      0.0004    6.82
  110.1    T     1     3729219      1000   0.000  28.0° 53.00V      0.0004    6.82
  112.3    T     1     3731429      1000   0.000  28.0° 53.00V      0.0004    6.75
  114.5    T     1     3733664      1000   0.000  28.0° 53.00V      0.0004    6.75
  116.7    T     1     3735850      1000   0.000  28.0° 53.00V      0.0004    6.29
  118.9    T     1     3738027      1000   0.000  28.0° 53.00V      0.0004    6.29
  121.0    T     1     3740238      1001   0.000  28.0° 53.00V      0.0004    6.29
  123.3    T     1     3742444      1000   0.000  28.0° 53.00V      0.0004    7.07
  125.5    T     1     3744637      1000   0.000  28.0° 53.00V      0.0004    7.07
  127.7    T     1     3746855      1000   0.000  28.0° 53.00V      0.0004    7.14
  129.9    T     1     3749030      1000   0.000  28.0° 53.00V      0.0004    7.14
  132.1    T     1     3751239      1000   0.000  28.0° 53.00V      0.0004    6.65
  134.3    T     1     3753448      1000   0.000  28.0° 53.00V      0.0004    6.65
  136.5    T     1     3755655      1000   0.000  28.0° 52.00V      0.0004    6.65
  138.7    T     1     3757864      1000   0.000  28.0° 53.00V      0.0004    7.00
  140.9    T     1     3760075      1000   0.000  28.0° 53.00V      0.0004    7.00
  143.1    T     1     3762264      1000   0.000  28.0° 53.00V      0.0004    7.40
  145.3    T     1     3764477      1000   0.000  28.0° 52.00V      0.0004    7.40
  147.5    T     1     3766653      1000   0.000  28.0° 53.00V      0.0004    6.97
  149.7    T     1     3768862      1000   0.000  28.0° 53.00V      0.0004    6.97
  151.9    T     1     3771082      1000   0.000  28.0° 53.00V      0.0004    7.45
  154.1    T     1     3773275      1000   0.000  28.0° 53.00V      0.0004    7.45
  156.3    T     1     3775427      1000   0.000  28.0° 53.00V      0.0004    7.45
  158.5    T     1     3777630      1000   0.000  28.0° 53.00V      0.0004    7.02
  160.7    T     1     3779838      1000   0.000  28.0° 53.00V      0.0004    7.02
  162.9    T     1     3782043      1000   0.000  28.0° 53.00V      0.0004    6.61
  165.1    T     1     3784192      1000   0.000  28.0° 53.00V      0.0004    6.61
  167.3    T     1     3786436      1000   0.000  28.0° 53.00V      0.0004    6.24
  169.5    T     1     3788644      1000   0.000  28.0° 53.00V      0.0004    6.24
  171.7    T     1     3790854      1000   0.000  28.0° 53.00V      0.0004    5.90
  173.9    T     1     3793066      1000   0.000  28.0° 53.00V      0.0004    5.90
  176.1    T     1     3795202      1000   0.000  28.0° 53.00V      0.0004    5.90
  178.2    T     1     3797401      1000   0.000  28.0° 53.00V      0.0004    6.55
  180.5    T     1     3799619      1000   0.000  28.0° 53.00V      0.0004    6.55
  182.7    T     1     3801812      1000   0.000  28.0° 53.00V      0.0004    6.43
  184.9    T     1     3804022      1000   0.000  28.0° 53.00V      0.0004    6.43
  187.1    T     1     3806243      1000   0.000  28.0° 53.00V      0.0004    6.87
  189.3    T     1     3808422      1000   0.000  28.0° 53.00V      0.0004    6.87
  191.5    T     1     3810607      1000   0.000  28.0° 53.00V      0.0004    6.87
  193.6    T     1     3812741      1000   0.000  28.0° 53.00V      0.0004    7.28
  195.8    T     1     3814922      1000   0.000  28.0° 53.00V      0.0004    7.28
  198.0    T     1     3817133      1000   0.000  28.0° 53.00V      0.0004    7.34

============================================================================
✅ 凍結 200.2 秒，全程沒有異常
✅ 已 SIGCONT 解凍，狀態=S

解凍後：PID [2403]　state 時戳 3820863（凍結期間 +201752）
        最高溫 28.0°C（起始 28.0）　最低電壓 53.0 V（起始 53.0）
        關節最大移動 0.0004 rad（狗應該一動不動）
        指令區帶增益的關節：無 ✅

============================================================================
★ **凍結 200 秒沒有問題。**
  ★★ 已達步態需要的量級（180 秒）。M9 可以不必設計成分段。

📊 /home/robot/m_logs/MF_20260827_140111.json

📄 /home/robot/m_logs/MF_20260827_140111.log
