M_faultwatch —— D1 Max 故障取證（唯讀）
開始 2026-09-03 15:33:21   10 Hz   最長 1800s
CSV → /home/robot/m_logs/Mfault_20260903_153321.csv
Ctrl-C 可隨時結束並印摘要

✅ 結構檢查通過

[15:33:21.761  t=   0.00s] 取樣      0  最高溫 30°C  最低電壓 51.0V  error=[1]
[15:33:51.762  t=  30.00s] 取樣    300  最高溫 30°C  最低電壓 51.0V  error=[1]
[15:34:21.762  t=  60.00s] 取樣    600  最高溫 30°C  最低電壓 51.0V  error=[1]
[15:34:51.762  t=  90.00s] 取樣    900  最高溫 30°C  最低電壓 51.0V  error=[1]
[15:35:16.362  t= 114.60s] joint_cmd 增益變化：fl1_hip_roll, fl2_hip_pitch, fl3_knee_pitch, fl4_foot, fr1_hip_roll, fr2_hip_pitch 等 16 顆
[15:35:16.462  t= 114.70s] joint_cmd 增益變化：fl1_hip_roll, fl2_hip_pitch, fl3_knee_pitch, fr1_hip_roll, fr2_hip_pitch, fr3_knee_pitch 等 12 顆
[15:35:16.562  t= 114.80s] joint_cmd 增益變化：fl1_hip_roll, fl2_hip_pitch, fl3_knee_pitch, fr1_hip_roll, fr2_hip_pitch, fr3_knee_pitch 等 12 顆
[15:35:16.662  t= 114.90s] joint_cmd 增益變化：fl1_hip_roll, fl2_hip_pitch, fl3_knee_pitch, fr1_hip_roll, fr2_hip_pitch, fr3_knee_pitch 等 12 顆
[15:35:16.762  t= 115.00s] joint_cmd 增益變化：fl1_hip_roll, fl2_hip_pitch, fl3_knee_pitch, fr1_hip_roll, fr2_hip_pitch, fr3_knee_pitch 等 12 顆
[15:35:16.862  t= 115.10s] joint_cmd 增益變化：fl1_hip_roll, fl2_hip_pitch, fl3_knee_pitch, fr1_hip_roll, fr2_hip_pitch, fr3_knee_pitch 等 12 顆
[15:35:16.962  t= 115.20s] joint_cmd 增益變化：fl1_hip_roll, fl2_hip_pitch, fl3_knee_pitch, fr1_hip_roll, fr2_hip_pitch, fr3_knee_pitch 等 12 顆
[15:35:17.062  t= 115.30s] joint_cmd 增益變化：fl1_hip_roll, fl2_hip_pitch, fl3_knee_pitch, fr1_hip_roll, fr2_hip_pitch, fr3_knee_pitch 等 12 顆
[15:35:17.162  t= 115.40s] joint_cmd 增益變化：fl1_hip_roll, fl2_hip_pitch, fl3_knee_pitch, fr1_hip_roll, fr2_hip_pitch, fr3_knee_pitch 等 12 顆
[15:35:17.262  t= 115.50s] joint_cmd 增益變化：fl1_hip_roll, fl2_hip_pitch, fl3_knee_pitch, fr1_hip_roll, fr2_hip_pitch, fr3_knee_pitch 等 12 顆
[15:35:17.362  t= 115.60s] joint_cmd 增益變化：fl1_hip_roll, fl2_hip_pitch, fl3_knee_pitch, fr1_hip_roll, fr2_hip_pitch, fr3_knee_pitch 等 12 顆
[15:35:17.462  t= 115.70s] joint_cmd 增益變化：fl1_hip_roll, fl2_hip_pitch, fl3_knee_pitch, fr1_hip_roll, fr2_hip_pitch, fr3_knee_pitch 等 12 顆
[15:35:17.562  t= 115.80s] joint_cmd 增益變化：fl1_hip_roll, fl2_hip_pitch, fl3_knee_pitch, fr1_hip_roll, fr2_hip_pitch, fr3_knee_pitch 等 12 顆
[15:35:17.662  t= 115.90s] joint_cmd 增益變化：fl1_hip_roll, fl2_hip_pitch, fl3_knee_pitch, fr1_hip_roll, fr2_hip_pitch, fr3_knee_pitch 等 12 顆
[15:35:17.762  t= 116.00s] joint_cmd 增益變化：fl1_hip_roll, fl2_hip_pitch, fl3_knee_pitch, fr1_hip_roll, fr2_hip_pitch, fr3_knee_pitch 等 12 顆
[15:35:17.862  t= 116.10s] joint_cmd 增益變化：fl1_hip_roll, fl2_hip_pitch, fl3_knee_pitch, fr1_hip_roll, fr2_hip_pitch, fr3_knee_pitch 等 12 顆
[15:35:17.962  t= 116.20s] joint_cmd 增益變化：fl1_hip_roll, fl2_hip_pitch, fl3_knee_pitch, fr1_hip_roll, fr2_hip_pitch, fr3_knee_pitch 等 12 顆
[15:35:18.062  t= 116.30s] joint_cmd 增益變化：fl1_hip_roll, fl2_hip_pitch, fl3_knee_pitch, fr1_hip_roll, fr2_hip_pitch, fr3_knee_pitch 等 12 顆
[15:35:18.161  t= 116.40s] joint_cmd 增益變化：fl1_hip_roll, fl2_hip_pitch, fl3_knee_pitch, fr1_hip_roll, fr2_hip_pitch, fr3_knee_pitch 等 12 顆
[15:35:18.262  t= 116.50s] joint_cmd 增益變化：fl1_hip_roll, fl2_hip_pitch, fl3_knee_pitch, fr1_hip_roll, fr2_hip_pitch, fr3_knee_pitch 等 12 顆
[15:35:18.362  t= 116.60s] joint_cmd 增益變化：fl1_hip_roll, fl2_hip_pitch, fl3_knee_pitch, fr1_hip_roll, fr2_hip_pitch, fr3_knee_pitch 等 12 顆
[15:35:21.762  t= 120.00s] 取樣   1200  最高溫 30°C  最低電壓 51.0V  error=[1]
[15:35:30.762  t= 129.00s] joint_cmd 增益變化：fl1_hip_roll, fl2_hip_pitch, fl3_knee_pitch, fr1_hip_roll, fr2_hip_pitch, fr3_knee_pitch 等 12 顆
[15:35:30.862  t= 129.10s] joint_cmd 增益變化：fl1_hip_roll, fl2_hip_pitch, fl3_knee_pitch, fr1_hip_roll, fr2_hip_pitch, fr3_knee_pitch 等 12 顆
[15:35:30.962  t= 129.20s] joint_cmd 增益變化：fl1_hip_roll, fl2_hip_pitch, fl3_knee_pitch, fr1_hip_roll, fr2_hip_pitch, fr3_knee_pitch 等 12 顆
[15:35:31.062  t= 129.30s] joint_cmd 增益變化：fl1_hip_roll, fl2_hip_pitch, fl3_knee_pitch, fr1_hip_roll, fr2_hip_pitch, fr3_knee_pitch 等 12 顆
[15:35:31.162  t= 129.40s] joint_cmd 增益變化：fl1_hip_roll, fl2_hip_pitch, fl3_knee_pitch, fr1_hip_roll, fr2_hip_pitch, fr3_knee_pitch 等 12 顆
[15:35:31.262  t= 129.50s] joint_cmd 增益變化：fl1_hip_roll, fl2_hip_pitch, fl3_knee_pitch, fr1_hip_roll, fr2_hip_pitch, fr3_knee_pitch 等 12 顆
[15:35:31.362  t= 129.60s] joint_cmd 增益變化：fl1_hip_roll, fl2_hip_pitch, fl3_knee_pitch, fr1_hip_roll, fr2_hip_pitch, fr3_knee_pitch 等 12 顆
[15:35:31.462  t= 129.70s] joint_cmd 增益變化：fl1_hip_roll, fl2_hip_pitch, fl3_knee_pitch, fr1_hip_roll, fr2_hip_pitch, fr3_knee_pitch 等 12 顆
[15:35:31.562  t= 129.80s] joint_cmd 增益變化：fl1_hip_roll, fl2_hip_pitch, fl3_knee_pitch, fr1_hip_roll, fr2_hip_pitch, fr3_knee_pitch 等 12 顆
[15:35:31.662  t= 129.90s] joint_cmd 增益變化：fl1_hip_roll, fl2_hip_pitch, fl3_knee_pitch, fr1_hip_roll, fr2_hip_pitch, fr3_knee_pitch 等 12 顆
[15:35:31.762  t= 130.00s] joint_cmd 增益變化：fl1_hip_roll, fl2_hip_pitch, fl3_knee_pitch, fr1_hip_roll, fr2_hip_pitch, fr3_knee_pitch 等 12 顆
[15:35:31.862  t= 130.10s] joint_cmd 增益變化：fl1_hip_roll, fl2_hip_pitch, fl3_knee_pitch, fr1_hip_roll, fr2_hip_pitch, fr3_knee_pitch 等 12 顆
[15:35:31.962  t= 130.20s] joint_cmd 增益變化：fl1_hip_roll, fl2_hip_pitch, fl3_knee_pitch, fr1_hip_roll, fr2_hip_pitch, fr3_knee_pitch 等 12 顆
[15:35:32.062  t= 130.30s] joint_cmd 增益變化：fl1_hip_roll, fl2_hip_pitch, fl3_knee_pitch, fr1_hip_roll, fr2_hip_pitch, fr3_knee_pitch 等 12 顆
[15:35:32.162  t= 130.40s] joint_cmd 增益變化：fl1_hip_roll, fl2_hip_pitch, fl3_knee_pitch, fr1_hip_roll, fr2_hip_pitch, fr3_knee_pitch 等 12 顆
[15:35:32.262  t= 130.50s] joint_cmd 增益變化：fl1_hip_roll, fl2_hip_pitch, fl3_knee_pitch, fr1_hip_roll, fr2_hip_pitch, fr3_knee_pitch 等 12 顆
[15:35:35.762  t= 134.00s] joint_cmd 增益變化：fl1_hip_roll, fl2_hip_pitch, fl3_knee_pitch, fl4_foot, fr1_hip_roll, fr2_hip_pitch 等 16 顆
[15:35:51.762  t= 150.00s] 取樣   1500  最高溫 31°C  最低電壓 51.0V  error=[1]
[15:36:21.762  t= 180.00s] 取樣   1800  最高溫 31°C  最低電壓 51.0V  error=[1]
[15:36:51.762  t= 210.00s] 取樣   2100  最高溫 31°C  最低電壓 51.0V  error=[1]
[15:37:21.762  t= 240.00s] 取樣   2400  最高溫 31°C  最低電壓 51.0V  error=[1]
[15:37:51.762  t= 270.00s] 取樣   2700  最高溫 31°C  最低電壓 51.0V  error=[1]
[15:38:21.762  t= 300.00s] 取樣   3000  最高溫 31°C  最低電壓 51.0V  error=[1]
[15:38:51.762  t= 330.00s] 取樣   3300  最高溫 31°C  最低電壓 51.0V  error=[1]
[15:39:21.762  t= 360.00s] 取樣   3600  最高溫 31°C  最低電壓 51.0V  error=[1]
[15:39:51.762  t= 390.00s] 取樣   3900  最高溫 31°C  最低電壓 51.0V  error=[1]
[15:40:21.762  t= 420.00s] 取樣   4200  最高溫 31°C  最低電壓 51.0V  error=[1]
[15:40:51.762  t= 450.00s] 取樣   4500  最高溫 31°C  最低電壓 51.0V  error=[1]
[15:41:21.763  t= 480.00s] 取樣   4800  最高溫 31°C  最低電壓 51.0V  error=[1]
[15:41:51.762  t= 510.00s] 取樣   5100  最高溫 31°C  最低電壓 51.0V  error=[1]
[15:42:21.762  t= 540.00s] 取樣   5400  最高溫 31°C  最低電壓 51.0V  error=[1]
[15:42:51.762  t= 570.00s] 取樣   5700  最高溫 31°C  最低電壓 51.0V  error=[1]
[15:43:21.763  t= 600.00s] 取樣   6000  最高溫 31°C  最低電壓 51.0V  error=[1]
[15:43:51.762  t= 630.00s] 取樣   6300  最高溫 31°C  最低電壓 51.0V  error=[1]
[15:44:21.762  t= 660.00s] 取樣   6600  最高溫 31°C  最低電壓 51.0V  error=[1]
[15:44:51.762  t= 690.00s] 取樣   6900  最高溫 31°C  最低電壓 51.0V  error=[1]
[15:45:21.762  t= 720.00s] 取樣   7200  最高溫 31°C  最低電壓 51.0V  error=[1]
[15:45:51.766  t= 750.00s] 取樣   7500  最高溫 31°C  最低電壓 51.0V  error=[1]
[15:46:21.762  t= 780.00s] 取樣   7800  最高溫 31°C  最低電壓 51.0V  error=[1]
[15:46:51.762  t= 810.00s] 取樣   8100  最高溫 31°C  最低電壓 51.0V  error=[1]
[15:47:21.763  t= 840.00s] 取樣   8400  最高溫 31°C  最低電壓 51.0V  error=[1]
[15:47:51.762  t= 870.00s] 取樣   8700  最高溫 31°C  最低電壓 51.0V  error=[1]
[15:48:21.762  t= 900.00s] 取樣   9000  最高溫 31°C  最低電壓 51.0V  error=[1]
[15:48:51.763  t= 930.00s] 取樣   9300  最高溫 31°C  最低電壓 51.0V  error=[1]
[15:49:21.762  t= 960.00s] 取樣   9600  最高溫 31°C  最低電壓 51.0V  error=[1]
[15:49:51.762  t= 990.00s] 取樣   9900  最高溫 31°C  最低電壓 51.0V  error=[1]
[15:50:21.762  t=1020.00s] 取樣  10200  最高溫 31°C  最低電壓 51.0V  error=[1]
[15:50:51.762  t=1050.00s] 取樣  10500  最高溫 31°C  最低電壓 51.0V  error=[1]
[15:51:21.762  t=1080.00s] 取樣  10800  最高溫 31°C  最低電壓 51.0V  error=[1]
[15:51:51.762  t=1110.00s] 取樣  11100  最高溫 31°C  最低電壓 50.0V  error=[1]
[15:52:21.762  t=1140.00s] 取樣  11400  最高溫 31°C  最低電壓 51.0V  error=[1]
[15:52:51.762  t=1170.00s] 取樣  11700  最高溫 31°C  最低電壓 51.0V  error=[1]
[15:53:19.663  t=1197.90s] joint_cmd 增益變化：fl1_hip_roll, fl2_hip_pitch, fl3_knee_pitch, fl4_foot, fr1_hip_roll, fr2_hip_pitch 等 16 顆
[15:53:19.763  t=1198.00s] joint_cmd 增益變化：fl1_hip_roll, fl2_hip_pitch, fl3_knee_pitch, fr1_hip_roll, fr2_hip_pitch, fr3_knee_pitch 等 12 顆
[15:53:19.863  t=1198.10s] joint_cmd 增益變化：fl1_hip_roll, fl2_hip_pitch, fl3_knee_pitch, fr1_hip_roll, fr2_hip_pitch, fr3_knee_pitch 等 12 顆
[15:53:19.963  t=1198.20s] joint_cmd 增益變化：fl1_hip_roll, fl2_hip_pitch, fl3_knee_pitch, fr1_hip_roll, fr2_hip_pitch, fr3_knee_pitch 等 12 顆
[15:53:20.063  t=1198.30s] joint_cmd 增益變化：fl1_hip_roll, fl2_hip_pitch, fl3_knee_pitch, fr1_hip_roll, fr2_hip_pitch, fr3_knee_pitch 等 12 顆
[15:53:20.163  t=1198.40s] joint_cmd 增益變化：fl1_hip_roll, fl2_hip_pitch, fl3_knee_pitch, fr1_hip_roll, fr2_hip_pitch, fr3_knee_pitch 等 12 顆
[15:53:20.263  t=1198.50s] joint_cmd 增益變化：fl1_hip_roll, fl2_hip_pitch, fl3_knee_pitch, fr1_hip_roll, fr2_hip_pitch, fr3_knee_pitch 等 12 顆
[15:53:20.363  t=1198.60s] joint_cmd 增益變化：fl1_hip_roll, fl2_hip_pitch, fl3_knee_pitch, fr1_hip_roll, fr2_hip_pitch, fr3_knee_pitch 等 12 顆
[15:53:20.463  t=1198.70s] joint_cmd 增益變化：fl1_hip_roll, fl2_hip_pitch, fl3_knee_pitch, fr1_hip_roll, fr2_hip_pitch, fr3_knee_pitch 等 12 顆
[15:53:20.563  t=1198.80s] joint_cmd 增益變化：fl1_hip_roll, fl2_hip_pitch, fl3_knee_pitch, fr1_hip_roll, fr2_hip_pitch, fr3_knee_pitch 等 12 顆
[15:53:20.663  t=1198.90s] joint_cmd 增益變化：fl1_hip_roll, fl2_hip_pitch, fl3_knee_pitch, fr1_hip_roll, fr2_hip_pitch, fr3_knee_pitch 等 12 顆
[15:53:20.763  t=1199.00s] joint_cmd 增益變化：fl1_hip_roll, fl2_hip_pitch, fl3_knee_pitch, fr1_hip_roll, fr2_hip_pitch, fr3_knee_pitch 等 12 顆
[15:53:20.863  t=1199.10s] joint_cmd 增益變化：fl1_hip_roll, fl2_hip_pitch, fl3_knee_pitch, fr1_hip_roll, fr2_hip_pitch, fr3_knee_pitch 等 12 顆
[15:53:20.964  t=1199.20s] joint_cmd 增益變化：fl1_hip_roll, fl2_hip_pitch, fl3_knee_pitch, fr1_hip_roll, fr2_hip_pitch, fr3_knee_pitch 等 12 顆
[15:53:21.063  t=1199.30s] joint_cmd 增益變化：fl1_hip_roll, fl2_hip_pitch, fl3_knee_pitch, fr1_hip_roll, fr2_hip_pitch, fr3_knee_pitch 等 12 顆
[15:53:21.163  t=1199.40s] joint_cmd 增益變化：fl1_hip_roll, fl2_hip_pitch, fl3_knee_pitch, fr1_hip_roll, fr2_hip_pitch, fr3_knee_pitch 等 12 顆
[15:53:21.263  t=1199.50s] joint_cmd 增益變化：fl1_hip_roll, fl2_hip_pitch, fl3_knee_pitch, fr1_hip_roll, fr2_hip_pitch, fr3_knee_pitch 等 12 顆
[15:53:21.363  t=1199.60s] joint_cmd 增益變化：fl1_hip_roll, fl2_hip_pitch, fl3_knee_pitch, fr1_hip_roll, fr2_hip_pitch, fr3_knee_pitch 等 12 顆
[15:53:21.463  t=1199.70s] joint_cmd 增益變化：fl1_hip_roll, fl2_hip_pitch, fl3_knee_pitch, fr1_hip_roll, fr2_hip_pitch, fr3_knee_pitch 等 12 顆
[15:53:21.563  t=1199.80s] joint_cmd 增益變化：fl1_hip_roll, fl2_hip_pitch, fl3_knee_pitch, fr1_hip_roll, fr2_hip_pitch, fr3_knee_pitch 等 12 顆
[15:53:21.663  t=1199.90s] joint_cmd 增益變化：fl1_hip_roll, fl2_hip_pitch, fl3_knee_pitch, fr1_hip_roll, fr2_hip_pitch, fr3_knee_pitch 等 12 顆
[15:53:21.763  t=1200.00s] 取樣  12000  最高溫 31°C  最低電壓 51.0V  error=[1]
[15:53:33.663  t=1211.90s] joint_cmd 增益變化：fl1_hip_roll, fl2_hip_pitch, fl3_knee_pitch, fr1_hip_roll, fr2_hip_pitch, fr3_knee_pitch 等 12 顆
[15:53:33.763  t=1212.00s] joint_cmd 增益變化：fl1_hip_roll, fl2_hip_pitch, fl3_knee_pitch, fr1_hip_roll, fr2_hip_pitch, fr3_knee_pitch 等 12 顆
[15:53:33.863  t=1212.10s] joint_cmd 增益變化：fl1_hip_roll, fl2_hip_pitch, fl3_knee_pitch, fr1_hip_roll, fr2_hip_pitch, fr3_knee_pitch 等 12 顆
[15:53:33.963  t=1212.20s] joint_cmd 增益變化：fl1_hip_roll, fl2_hip_pitch, fl3_knee_pitch, fr1_hip_roll, fr2_hip_pitch, fr3_knee_pitch 等 12 顆
[15:53:34.063  t=1212.30s] joint_cmd 增益變化：fl1_hip_roll, fl2_hip_pitch, fl3_knee_pitch, fr1_hip_roll, fr2_hip_pitch, fr3_knee_pitch 等 12 顆
[15:53:34.163  t=1212.40s] joint_cmd 增益變化：fl1_hip_roll, fl2_hip_pitch, fl3_knee_pitch, fr1_hip_roll, fr2_hip_pitch, fr3_knee_pitch 等 12 顆
[15:53:34.263  t=1212.50s] joint_cmd 增益變化：fl1_hip_roll, fl2_hip_pitch, fl3_knee_pitch, fr1_hip_roll, fr2_hip_pitch, fr3_knee_pitch 等 12 顆
[15:53:34.363  t=1212.60s] joint_cmd 增益變化：fl1_hip_roll, fl2_hip_pitch, fl3_knee_pitch, fr1_hip_roll, fr2_hip_pitch, fr3_knee_pitch 等 12 顆
[15:53:34.463  t=1212.70s] joint_cmd 增益變化：fl1_hip_roll, fl2_hip_pitch, fl3_knee_pitch, fr1_hip_roll, fr2_hip_pitch, fr3_knee_pitch 等 12 顆
[15:53:34.563  t=1212.80s] joint_cmd 增益變化：fl1_hip_roll, fl2_hip_pitch, fl3_knee_pitch, fr1_hip_roll, fr2_hip_pitch, fr3_knee_pitch 等 12 顆
[15:53:34.663  t=1212.90s] joint_cmd 增益變化：fl1_hip_roll, fl2_hip_pitch, fl3_knee_pitch, fr1_hip_roll, fr2_hip_pitch, fr3_knee_pitch 等 12 顆
[15:53:34.763  t=1213.00s] joint_cmd 增益變化：fl1_hip_roll, fl2_hip_pitch, fl3_knee_pitch, fr1_hip_roll, fr2_hip_pitch, fr3_knee_pitch 等 12 顆
[15:53:34.863  t=1213.10s] joint_cmd 增益變化：fl1_hip_roll, fl2_hip_pitch, fl3_knee_pitch, fr1_hip_roll, fr2_hip_pitch, fr3_knee_pitch 等 12 顆
[15:53:34.963  t=1213.20s] joint_cmd 增益變化：fl1_hip_roll, fl2_hip_pitch, fl3_knee_pitch, fr1_hip_roll, fr2_hip_pitch, fr3_knee_pitch 等 12 顆
[15:53:35.064  t=1213.30s] joint_cmd 增益變化：fl1_hip_roll, fl2_hip_pitch, fl3_knee_pitch, fr1_hip_roll, fr2_hip_pitch, fr3_knee_pitch 等 12 顆
[15:53:35.163  t=1213.40s] joint_cmd 增益變化：fl1_hip_roll, fl2_hip_pitch, fl3_knee_pitch, fr1_hip_roll, fr2_hip_pitch, fr3_knee_pitch 等 12 顆
[15:53:41.162  t=1219.40s] joint_cmd 增益變化：fl1_hip_roll, fl2_hip_pitch, fl3_knee_pitch, fl4_foot, fr1_hip_roll, fr2_hip_pitch 等 16 顆
[15:53:51.762  t=1230.00s] 取樣  12300  最高溫 31°C  最低電壓 51.0V  error=[1]
[15:54:21.762  t=1260.00s] 取樣  12600  最高溫 31°C  最低電壓 51.0V  error=[1]
[15:54:51.762  t=1290.00s] 取樣  12900  最高溫 31°C  最低電壓 51.0V  error=[1]
[15:55:21.763  t=1320.00s] 取樣  13200  最高溫 31°C  最低電壓 51.0V  error=[1]
[15:55:51.763  t=1350.00s] 取樣  13500  最高溫 31°C  最低電壓 51.0V  error=[1]
[15:56:21.762  t=1380.00s] 取樣  13800  最高溫 31°C  最低電壓 51.0V  error=[1]
[15:56:51.762  t=1410.00s] 取樣  14100  最高溫 31°C  最低電壓 50.0V  error=[1]
[15:57:21.762  t=1440.00s] 取樣  14400  最高溫 31°C  最低電壓 51.0V  error=[1]
[15:57:51.762  t=1470.00s] 取樣  14700  最高溫 31°C  最低電壓 51.0V  error=[1]
[15:58:21.762  t=1500.00s] 取樣  15000  最高溫 31°C  最低電壓 50.0V  error=[1]
[15:58:51.762  t=1530.00s] 取樣  15300  最高溫 31°C  最低電壓 50.0V  error=[1]
[15:59:21.763  t=1560.00s] 取樣  15600  最高溫 31°C  最低電壓 50.0V  error=[1]
[15:59:51.762  t=1590.00s] 取樣  15900  最高溫 31°C  最低電壓 50.0V  error=[1]
[16:00:21.762  t=1620.00s] 取樣  16200  最高溫 31°C  最低電壓 50.0V  error=[1]
[16:00:51.763  t=1650.00s] 取樣  16500  最高溫 31°C  最低電壓 50.0V  error=[1]
[16:01:21.762  t=1680.00s] 取樣  16800  最高溫 31°C  最低電壓 50.0V  error=[1]
[16:01:51.762  t=1710.00s] 取樣  17100  最高溫 31°C  最低電壓 50.0V  error=[1]
[16:02:21.763  t=1740.00s] 取樣  17400  最高溫 31°C  最低電壓 50.0V  error=[1]
[16:02:51.762  t=1770.00s] 取樣  17700  最高溫 31°C  最低電壓 50.0V  error=[1]

============================================================
記錄 1800.0 秒、18000 筆取樣

★ 偵測到 76 個事件：
   [15:35:16.362  t= 114.60s] joint_cmd 增益變化：fl1_hip_roll, fl2_hip_pitch, fl3_knee_pitch, fl4_foot, fr1_hip_roll, fr2_hip_pitch 等 16 顆
   [15:35:16.462  t= 114.70s] joint_cmd 增益變化：fl1_hip_roll, fl2_hip_pitch, fl3_knee_pitch, fr1_hip_roll, fr2_hip_pitch, fr3_knee_pitch 等 12 顆
   [15:35:16.562  t= 114.80s] joint_cmd 增益變化：fl1_hip_roll, fl2_hip_pitch, fl3_knee_pitch, fr1_hip_roll, fr2_hip_pitch, fr3_knee_pitch 等 12 顆
   [15:35:16.662  t= 114.90s] joint_cmd 增益變化：fl1_hip_roll, fl2_hip_pitch, fl3_knee_pitch, fr1_hip_roll, fr2_hip_pitch, fr3_knee_pitch 等 12 顆
   [15:35:16.762  t= 115.00s] joint_cmd 增益變化：fl1_hip_roll, fl2_hip_pitch, fl3_knee_pitch, fr1_hip_roll, fr2_hip_pitch, fr3_knee_pitch 等 12 顆
   [15:35:16.862  t= 115.10s] joint_cmd 增益變化：fl1_hip_roll, fl2_hip_pitch, fl3_knee_pitch, fr1_hip_roll, fr2_hip_pitch, fr3_knee_pitch 等 12 顆
   [15:35:16.962  t= 115.20s] joint_cmd 增益變化：fl1_hip_roll, fl2_hip_pitch, fl3_knee_pitch, fr1_hip_roll, fr2_hip_pitch, fr3_knee_pitch 等 12 顆
   [15:35:17.062  t= 115.30s] joint_cmd 增益變化：fl1_hip_roll, fl2_hip_pitch, fl3_knee_pitch, fr1_hip_roll, fr2_hip_pitch, fr3_knee_pitch 等 12 顆
   [15:35:17.162  t= 115.40s] joint_cmd 增益變化：fl1_hip_roll, fl2_hip_pitch, fl3_knee_pitch, fr1_hip_roll, fr2_hip_pitch, fr3_knee_pitch 等 12 顆
   [15:35:17.262  t= 115.50s] joint_cmd 增益變化：fl1_hip_roll, fl2_hip_pitch, fl3_knee_pitch, fr1_hip_roll, fr2_hip_pitch, fr3_knee_pitch 等 12 顆
   [15:35:17.362  t= 115.60s] joint_cmd 增益變化：fl1_hip_roll, fl2_hip_pitch, fl3_knee_pitch, fr1_hip_roll, fr2_hip_pitch, fr3_knee_pitch 等 12 顆
   [15:35:17.462  t= 115.70s] joint_cmd 增益變化：fl1_hip_roll, fl2_hip_pitch, fl3_knee_pitch, fr1_hip_roll, fr2_hip_pitch, fr3_knee_pitch 等 12 顆
   [15:35:17.562  t= 115.80s] joint_cmd 增益變化：fl1_hip_roll, fl2_hip_pitch, fl3_knee_pitch, fr1_hip_roll, fr2_hip_pitch, fr3_knee_pitch 等 12 顆
   [15:35:17.662  t= 115.90s] joint_cmd 增益變化：fl1_hip_roll, fl2_hip_pitch, fl3_knee_pitch, fr1_hip_roll, fr2_hip_pitch, fr3_knee_pitch 等 12 顆
   [15:35:17.762  t= 116.00s] joint_cmd 增益變化：fl1_hip_roll, fl2_hip_pitch, fl3_knee_pitch, fr1_hip_roll, fr2_hip_pitch, fr3_knee_pitch 等 12 顆
   [15:35:17.862  t= 116.10s] joint_cmd 增益變化：fl1_hip_roll, fl2_hip_pitch, fl3_knee_pitch, fr1_hip_roll, fr2_hip_pitch, fr3_knee_pitch 等 12 顆
   [15:35:17.962  t= 116.20s] joint_cmd 增益變化：fl1_hip_roll, fl2_hip_pitch, fl3_knee_pitch, fr1_hip_roll, fr2_hip_pitch, fr3_knee_pitch 等 12 顆
   [15:35:18.062  t= 116.30s] joint_cmd 增益變化：fl1_hip_roll, fl2_hip_pitch, fl3_knee_pitch, fr1_hip_roll, fr2_hip_pitch, fr3_knee_pitch 等 12 顆
   [15:35:18.161  t= 116.40s] joint_cmd 增益變化：fl1_hip_roll, fl2_hip_pitch, fl3_knee_pitch, fr1_hip_roll, fr2_hip_pitch, fr3_knee_pitch 等 12 顆
   [15:35:18.262  t= 116.50s] joint_cmd 增益變化：fl1_hip_roll, fl2_hip_pitch, fl3_knee_pitch, fr1_hip_roll, fr2_hip_pitch, fr3_knee_pitch 等 12 顆
   [15:35:18.362  t= 116.60s] joint_cmd 增益變化：fl1_hip_roll, fl2_hip_pitch, fl3_knee_pitch, fr1_hip_roll, fr2_hip_pitch, fr3_knee_pitch 等 12 顆
   [15:35:30.762  t= 129.00s] joint_cmd 增益變化：fl1_hip_roll, fl2_hip_pitch, fl3_knee_pitch, fr1_hip_roll, fr2_hip_pitch, fr3_knee_pitch 等 12 顆
   [15:35:30.862  t= 129.10s] joint_cmd 增益變化：fl1_hip_roll, fl2_hip_pitch, fl3_knee_pitch, fr1_hip_roll, fr2_hip_pitch, fr3_knee_pitch 等 12 顆
   [15:35:30.962  t= 129.20s] joint_cmd 增益變化：fl1_hip_roll, fl2_hip_pitch, fl3_knee_pitch, fr1_hip_roll, fr2_hip_pitch, fr3_knee_pitch 等 12 顆
   [15:35:31.062  t= 129.30s] joint_cmd 增益變化：fl1_hip_roll, fl2_hip_pitch, fl3_knee_pitch, fr1_hip_roll, fr2_hip_pitch, fr3_knee_pitch 等 12 顆
   [15:35:31.162  t= 129.40s] joint_cmd 增益變化：fl1_hip_roll, fl2_hip_pitch, fl3_knee_pitch, fr1_hip_roll, fr2_hip_pitch, fr3_knee_pitch 等 12 顆
   [15:35:31.262  t= 129.50s] joint_cmd 增益變化：fl1_hip_roll, fl2_hip_pitch, fl3_knee_pitch, fr1_hip_roll, fr2_hip_pitch, fr3_knee_pitch 等 12 顆
   [15:35:31.362  t= 129.60s] joint_cmd 增益變化：fl1_hip_roll, fl2_hip_pitch, fl3_knee_pitch, fr1_hip_roll, fr2_hip_pitch, fr3_knee_pitch 等 12 顆
   [15:35:31.462  t= 129.70s] joint_cmd 增益變化：fl1_hip_roll, fl2_hip_pitch, fl3_knee_pitch, fr1_hip_roll, fr2_hip_pitch, fr3_knee_pitch 等 12 顆
   [15:35:31.562  t= 129.80s] joint_cmd 增益變化：fl1_hip_roll, fl2_hip_pitch, fl3_knee_pitch, fr1_hip_roll, fr2_hip_pitch, fr3_knee_pitch 等 12 顆
   [15:35:31.662  t= 129.90s] joint_cmd 增益變化：fl1_hip_roll, fl2_hip_pitch, fl3_knee_pitch, fr1_hip_roll, fr2_hip_pitch, fr3_knee_pitch 等 12 顆
   [15:35:31.762  t= 130.00s] joint_cmd 增益變化：fl1_hip_roll, fl2_hip_pitch, fl3_knee_pitch, fr1_hip_roll, fr2_hip_pitch, fr3_knee_pitch 等 12 顆
   [15:35:31.862  t= 130.10s] joint_cmd 增益變化：fl1_hip_roll, fl2_hip_pitch, fl3_knee_pitch, fr1_hip_roll, fr2_hip_pitch, fr3_knee_pitch 等 12 顆
   [15:35:31.962  t= 130.20s] joint_cmd 增益變化：fl1_hip_roll, fl2_hip_pitch, fl3_knee_pitch, fr1_hip_roll, fr2_hip_pitch, fr3_knee_pitch 等 12 顆
   [15:35:32.062  t= 130.30s] joint_cmd 增益變化：fl1_hip_roll, fl2_hip_pitch, fl3_knee_pitch, fr1_hip_roll, fr2_hip_pitch, fr3_knee_pitch 等 12 顆
   [15:35:32.162  t= 130.40s] joint_cmd 增益變化：fl1_hip_roll, fl2_hip_pitch, fl3_knee_pitch, fr1_hip_roll, fr2_hip_pitch, fr3_knee_pitch 等 12 顆
   [15:35:32.262  t= 130.50s] joint_cmd 增益變化：fl1_hip_roll, fl2_hip_pitch, fl3_knee_pitch, fr1_hip_roll, fr2_hip_pitch, fr3_knee_pitch 等 12 顆
   [15:35:35.762  t= 134.00s] joint_cmd 增益變化：fl1_hip_roll, fl2_hip_pitch, fl3_knee_pitch, fl4_foot, fr1_hip_roll, fr2_hip_pitch 等 16 顆
   [15:53:19.663  t=1197.90s] joint_cmd 增益變化：fl1_hip_roll, fl2_hip_pitch, fl3_knee_pitch, fl4_foot, fr1_hip_roll, fr2_hip_pitch 等 16 顆
   [15:53:19.763  t=1198.00s] joint_cmd 增益變化：fl1_hip_roll, fl2_hip_pitch, fl3_knee_pitch, fr1_hip_roll, fr2_hip_pitch, fr3_knee_pitch 等 12 顆
   …另有 36 筆，見 log

📄 log → /home/robot/m_logs/Mfault_20260903_153321.log
📄 CSV → /home/robot/m_logs/Mfault_20260903_153321.csv

帶回來：scp -r robot@192.168.234.1:/home/robot/m_logs ./
