M7 —— 站起來（★★ 承重）

⚠️⚠️ 確認：狗趴在地上、16 顆洩力、**吊帶掛著但鬆弛**、地面淨空、第二個終端機備著 estop。

✅ 結構檢查通過
✅ 16 顆全部洩力中
✅ mc_ctrl PID=2425 狀態=S
✅ 機身姿態 roll +1.6° pitch -2.6°

目標 crouch　kp=250.0 kd=5.0　輪子純阻尼 kd=0.5
路徑：趴平(實測) → crouch → 趴平

關節                    趴平(實測)     crouch                 限位
fl1_hip_roll         -0.0208     0.0000    [-0.523,+0.697]
fl2_hip_pitch         0.5118     1.4000    [-2.442,+2.791]
fl3_knee_pitch       -2.2134    -2.4000    [-2.801,+2.801]
fr1_hip_roll          0.0055     0.0000    [-0.697,+0.523]
fr2_hip_pitch         0.5534     1.4000    [-2.442,+2.791]
fr3_knee_pitch       -2.2558    -2.4000    [-2.801,+2.801]
bl1_hip_roll          0.0231     0.0000    [-0.523,+0.697]
bl2_hip_pitch        -0.5556    -1.4000    [-2.791,+2.442]
bl3_knee_pitch        2.2993     2.4000    [-2.801,+2.801]
br1_hip_roll         -0.0074     0.0000    [-0.697,+0.523]
br2_hip_pitch        -0.6258    -1.4000    [-2.791,+2.442]
br3_knee_pitch        2.3649     2.4000    [-2.801,+2.801]

✅ 所有路徑點都在機構限位內

總時長 11.0 秒：RAMP_UP(2.0s) → GO_crouch(1.5s) → HOLD_crouch(4.0s) → BACK_LIE(1.5s) → RAMP_DOWN(2.0s)

           區段         最大位移         峰值命令速度             哪個關節
      RAMP_UP    0.000 rad        0.00 rad/s     fl1_hip_roll
    GO_crouch    0.888 rad        0.93 rad/s    fl2_hip_pitch
  HOLD_crouch    0.000 rad        0.00 rad/s     fl1_hip_roll
     BACK_LIE    0.888 rad        0.93 rad/s    fl2_hip_pitch
    RAMP_DOWN    0.000 rad        0.00 rad/s     fl1_hip_roll
✅ 所有區段的命令速度都在 2.0 rad/s 以內

❌ **起點比 crouch 還高 —— 吊帶把狗撐起來了。**
膝關節                   起點|角度|    crouch|角度|
fl3_knee_pitch         2.213         2.400   ← 比目標還直
fr3_knee_pitch         2.256         2.400   ← 比目標還直
bl3_knee_pitch         2.299         2.400   ← 比目標還直
br3_knee_pitch         2.365         2.400   ← 比目標還直

   膝越彎（|角度|越大）機身越低。起點的膝比目標還直，
   代表狗現在被吊在**比 crouch 更高**的位置 ——
   這一趟會變成「把腿收上來」，**腿完全不承重，量到的力矩沒有意義**。

   處理：**把吊帶調低**，讓狗真的趴到地上（膝應接近 ±2.80），
   或至少低於目標姿勢。調完重跑乾跑確認。

   （確定要在這個高度跑，加 --allow-high-start）
