M7 —— 站起來（★★ 承重）

⚠️⚠️ 確認：狗趴在地上、16 顆洩力、**吊帶掛著但鬆弛**、地面淨空、第二個終端機備著 estop。

✅ 結構檢查通過
✅ 16 顆全部洩力中
✅ mc_ctrl PID=2425 狀態=S
✅ 機身姿態 roll +1.8° pitch -2.2°

目標 stand　kp=250.0 kd=5.0　輪子純阻尼 kd=0.5
路徑：趴平(實測) → crouch → stand → crouch → 趴平

關節                    趴平(實測)     crouch      stand                 限位
fl1_hip_roll         -0.0681     0.0000     0.0000    [-0.523,+0.697]
fl2_hip_pitch         0.8128     1.4000     0.6000    [-2.442,+2.791]
fl3_knee_pitch       -2.5243    -2.4000    -1.2000    [-2.801,+2.801]
fr1_hip_roll         -0.0074     0.0000     0.0000    [-0.697,+0.523]
fr2_hip_pitch         0.8078     1.4000     0.6000    [-2.442,+2.791]
fr3_knee_pitch       -2.5117    -2.4000    -1.2000    [-2.801,+2.801]
bl1_hip_roll         -0.0803     0.0000     0.0000    [-0.523,+0.697]
bl2_hip_pitch        -0.8643    -1.4000    -0.6000    [-2.791,+2.442]
bl3_knee_pitch        2.6006     2.4000     1.2000    [-2.801,+2.801]
br1_hip_roll          0.0078     0.0000     0.0000    [-0.697,+0.523]
br2_hip_pitch        -0.8433    -1.4000    -0.6000    [-2.791,+2.442]
br3_knee_pitch        2.5804     2.4000     1.2000    [-2.801,+2.801]

✅ 所有路徑點都在機構限位內

總時長 18.0 秒：RAMP_UP(2.0s) → GO_crouch(1.5s) → HOLD_crouch(2.0s) → GO_stand(1.5s) → HOLD_stand(4.0s) → BACK_crouch(1.5s) → HOLD_crouch2(2.0s) → BACK_LIE(1.5s) → RAMP_DOWN(2.0s)

           區段         最大位移         峰值命令速度             哪個關節
      RAMP_UP    0.000 rad        0.00 rad/s     fl1_hip_roll
    GO_crouch    0.592 rad        0.62 rad/s    fr2_hip_pitch
  HOLD_crouch    0.000 rad        0.00 rad/s     fl1_hip_roll
     GO_stand    1.200 rad        1.26 rad/s   fl3_knee_pitch
   HOLD_stand    0.000 rad        0.00 rad/s     fl1_hip_roll
  BACK_crouch    1.200 rad        1.26 rad/s   fl3_knee_pitch
 HOLD_crouch2    0.000 rad        0.00 rad/s     fl1_hip_roll
     BACK_LIE    0.592 rad        0.62 rad/s    fr2_hip_pitch
    RAMP_DOWN    0.000 rad        0.00 rad/s     fl1_hip_roll
✅ 所有區段的命令速度都在 2.0 rad/s 以內

力矩門檻（實機分段峰值 ×1.5）：ABAD 45 / HIP 40 / KNEE 65 N·m，硬上限 120
傾角保護 ±25°（現在 roll +1.8 pitch -2.2）
輪子：移動中純阻尼 kd=0.5；到位後鎖定 kp=20.0 kd=0.1（原廠做法，力矩保護 8）

✅ 已凍結 mc_ctrl（T）

     t            階段     kp     最大|誤差|    最大|τ|               關節   roll  pitch
  0.00       RAMP_UP      0     0.0000     0.06   br3_knee_pitch   +1.8   -2.2
  0.25       RAMP_UP     31     0.0004     0.11   bl3_knee_pitch   +1.8   -2.2
  0.51       RAMP_UP     63     0.0004     0.12    fr2_hip_pitch   +1.8   -2.2
  0.76       RAMP_UP     95     0.0004     0.15     fr1_hip_roll   +1.8   -2.2
  1.01       RAMP_UP    126     0.0004     0.11   bl3_knee_pitch   +1.8   -2.2
  1.27       RAMP_UP    158     0.0038     0.50     bl1_hip_roll   +1.8   -2.2
  1.52       RAMP_UP    190     0.0008     0.25     br1_hip_roll   +1.8   -2.2
  1.77       RAMP_UP    221     0.0008     0.32     br1_hip_roll   +1.8   -2.2
  2.02     GO_crouch    250     0.0008     0.30     br1_hip_roll   +1.8   -2.2
  2.28     GO_crouch    250     0.0386     8.47    br2_hip_pitch   +1.8   -2.2
  2.53     GO_crouch    250     0.0618    13.93   br3_knee_pitch   +1.7   -2.1
  2.78     GO_crouch    250     0.1059    26.31   bl3_knee_pitch   +1.1   -2.1
  3.04     GO_crouch    250     0.1077    26.40   br3_knee_pitch   +0.9   -1.5
  3.29     GO_crouch    250     0.0986    24.05   fl3_knee_pitch   +0.9   -1.1
       ↳ 輪子鎖定於 HOLD_crouch（kp=20）
  3.55   HOLD_crouch    250     0.0923    22.91   br3_knee_pitch   +0.7   -1.1
  3.80   HOLD_crouch    250     0.0915    22.71   br3_knee_pitch   +0.8   -1.1
  4.05   HOLD_crouch    250     0.0915    22.76   br3_knee_pitch   +0.8   -1.1
  4.31   HOLD_crouch    250     0.0915    22.71   br3_knee_pitch   +0.8   -1.1
  4.56   HOLD_crouch    250     0.0896    22.23   br3_knee_pitch   +0.8   -1.2
  4.81   HOLD_crouch    250     0.0896    22.28   br3_knee_pitch   +0.8   -1.1
  5.07   HOLD_crouch    250     0.0896    22.24   br3_knee_pitch   +0.7   -1.1
  5.32   HOLD_crouch    250     0.0896    22.23   br3_knee_pitch   +0.7   -1.1
  5.57      GO_stand    250     0.0938    22.93   fl3_knee_pitch   +0.7   -1.1
  5.83      GO_stand    250     0.1185    24.68   br3_knee_pitch   +0.7   -1.1
  6.08      GO_stand    250     0.1243    23.57   br3_knee_pitch   +0.7   -1.0
  6.34      GO_stand    250     0.1127    20.25   br3_knee_pitch   +0.7   -1.1
  6.59      GO_stand    250     0.0933    17.33   fr3_knee_pitch   +0.8   -1.1
  6.84      GO_stand    250     0.0695    14.27   fr3_knee_pitch   +0.7   -1.1
       ↳ 輪子鎖定於 HOLD_stand（kp=20）
  7.10    HOLD_stand    250     0.0559    14.08   fr3_knee_pitch   +0.7   -1.1
  7.35    HOLD_stand    250     0.0559    14.06   fr3_knee_pitch   +0.7   -1.1
  7.60    HOLD_stand    250     0.0555    13.96   fr3_knee_pitch   +0.8   -1.1
  7.86    HOLD_stand    250     0.0555    13.89   fr3_knee_pitch   +0.8   -1.1
  8.11    HOLD_stand    250     0.0555    13.92   fr3_knee_pitch   +0.8   -1.1
  8.36    HOLD_stand    250     0.0555    14.00   fr3_knee_pitch   +0.8   -1.1
  8.62    HOLD_stand    250     0.0555    13.88   fr3_knee_pitch   +0.8   -1.1
  8.87    HOLD_stand    250     0.0555    13.93   fr3_knee_pitch   +0.7   -1.1
  9.12    HOLD_stand    250     0.0555    13.97   fr3_knee_pitch   +0.7   -1.1
  9.38    HOLD_stand    250     0.0555    13.91   fr3_knee_pitch   +0.7   -1.1
  9.63    HOLD_stand    250     0.0548    13.66   fr3_knee_pitch   +0.8   -1.2
  9.88    HOLD_stand    250     0.0548    13.84   fr3_knee_pitch   +0.8   -1.1
 10.13    HOLD_stand    250     0.0548    13.78   fr3_knee_pitch   +0.8   -1.1
 10.39    HOLD_stand    250     0.0544    13.73   fr3_knee_pitch   +0.8   -1.1
 10.64    HOLD_stand    250     0.0544    13.66   fr3_knee_pitch   +0.8   -1.1
 10.89    HOLD_stand    250     0.0544    13.69   fr3_knee_pitch   +0.8   -1.1
 11.14   BACK_crouch    250     0.0322     9.55   fr3_knee_pitch   +0.8   -1.2
 11.39   BACK_crouch    250     0.0455    11.32   fr3_knee_pitch   +0.7   -1.2
 11.65   BACK_crouch    250     0.0569    14.16   bl3_knee_pitch   +0.7   -1.1
 11.90   BACK_crouch    250     0.0534    14.77   fl3_knee_pitch   +0.6   -1.1
 12.15   BACK_crouch    250     0.0400    16.51   fl3_knee_pitch   +0.5   -1.1
 12.40   BACK_crouch    250     0.0565    16.26   br3_knee_pitch   +0.6   -1.1
       ↳ 輪子鎖定於 HOLD_crouch2（kp=20）
 12.66  HOLD_crouch2    250     0.0683    16.94   fl3_knee_pitch   +0.6   -1.1
 12.91  HOLD_crouch2    250     0.0683    16.93   fl3_knee_pitch   +0.6   -1.1
 13.16  HOLD_crouch2    250     0.0683    16.92   fl3_knee_pitch   +0.6   -1.1
 13.41  HOLD_crouch2    250     0.0683    16.96   fl3_knee_pitch   +0.6   -1.1
 13.66  HOLD_crouch2    250     0.0683    17.00   fl3_knee_pitch   +0.6   -1.1
 13.92  HOLD_crouch2    250     0.0683    16.95   fl3_knee_pitch   +0.5   -1.1
 14.17  HOLD_crouch2    250     0.0683    16.91   fl3_knee_pitch   +0.5   -1.1
 14.42  HOLD_crouch2    250     0.0683    16.96   fl3_knee_pitch   +0.5   -1.0
 14.68      BACK_LIE    250     0.0641    16.00   fl3_knee_pitch   +0.5   -1.0
 14.93      BACK_LIE    250     0.0508    13.44   bl3_knee_pitch   +0.5   -1.4
 15.18      BACK_LIE    250     0.0519    14.24   bl3_knee_pitch   +0.9   -1.7
 15.43      BACK_LIE    250     0.0387     9.40   bl3_knee_pitch   +1.0   -2.0
 15.69      BACK_LIE    250     0.0282     5.70     bl1_hip_roll   +1.5   -2.2
 15.94      BACK_LIE    250     0.0095     1.88    br2_hip_pitch   +1.8   -2.3
 16.20     RAMP_DOWN    226     0.0065     1.51     bl1_hip_roll   +1.8   -2.2
 16.45     RAMP_DOWN    194     0.0065     1.37     bl1_hip_roll   +1.8   -2.2
 16.70     RAMP_DOWN    162     0.0065     1.15     bl1_hip_roll   +1.8   -2.2
 16.96     RAMP_DOWN    131     0.0065     0.94     fr1_hip_roll   +1.8   -2.2
 17.21     RAMP_DOWN     99     0.0069     0.69     bl1_hip_roll   +1.8   -2.2
 17.46     RAMP_DOWN     67     0.0069     0.57     bl1_hip_roll   +1.8   -2.2
 17.71     RAMP_DOWN     36     0.0069     0.30     fr1_hip_roll   +1.8   -2.2
 17.96     RAMP_DOWN      5     0.0072     0.09     fr1_hip_roll   +1.8   -2.2

============================================================================
✅ 序列完整跑完

關節                     峰值τ      門檻      用掉
fl1_hip_roll         -8.45      45     19%
fl2_hip_pitch       +13.25      40     33%
fl3_knee_pitch      +27.07      65     42%
fr1_hip_roll         +5.15      45     11%
fr2_hip_pitch       +13.73      40     34%
fr3_knee_pitch      +25.85      65     40%
bl1_hip_roll         -9.75      45     22%
bl2_hip_pitch       -12.74      40     32%
bl3_knee_pitch      -27.46      65     42%
br1_hip_roll         +5.61      45     12%
br2_hip_pitch       -13.24      40     33%
br3_knee_pitch      -26.87      65     41%

全部腿關節峰值 27.46 N·m（實機原廠做同樣動作是 42.45）

============================================================================

📊 /home/robot/m_logs/M7_20260827_102823.json

⏸ mc_ctrl 仍在凍結中（PID 2425）。確認狗安全後交還控制權：
      sudo kill -CONT 2425

📄 /home/robot/m_logs/M7_20260827_102823.log
