M8 —— 靜態撓度量測與單腿擺動（★★ 承重）　stage=0

⚠️⚠️ 確認：狗趴在地上、16 顆洩力、**吊帶掛在 292 mm 以下且鬆弛**、地面淨空、第二個終端機備著 estop。

✅ 結構檢查通過
✅ 16 顆全部洩力中
✅ mc_ctrl PID=2403 狀態=T
✅ 機身姿態 roll +4.3° pitch -3.1°

站姿足端基準（輪軸心相對 ABAD 原點，m）　膝分支 {'fl': -1, 'fr': -1, 'bl': 1, 'br': 1}
  fl: x+0.0700 y+0.1060 z-0.4457
  fr: x+0.0700 y-0.1060 z-0.4457
  bl: x-0.0700 y+0.1060 z-0.4457
  br: x-0.0700 y-0.1060 z-0.4457
✅ 前後膝反號（後腿往前彎，原廠預設）

總時長 15.0 秒　9 段
  RAMP_UP(2.0) → GO_crouch(1.5) → HOLD_crouch(1.5) → GO_stand(1.5) → HOLD_stand(2.0) → BACK_crouch(1.5) → HOLDB_crouch(1.5) → BACK_LIE(1.5) → RAMP_DOWN(2.0)
✅ 凍結時間 15.0s 在上限 38s 之內

            區段         最大位移         峰值命令速度             哪個關節
     GO_crouch    0.599 rad        0.63 rad/s    fr2_hip_pitch
      GO_stand    1.200 rad        1.26 rad/s   fl3_knee_pitch
   BACK_crouch    1.200 rad        1.26 rad/s   fl3_knee_pitch
      BACK_LIE    0.599 rad        0.63 rad/s    fr2_hip_pitch
✅ 所有區段的命令速度都在 2.0 rad/s 以內
✅ 所有路徑點都在機構限位內

力矩門檻：ABAD 50 / HIP 50 / KNEE 70 N·m，硬上限 120
傾角保護 ±15°（現在 roll +4.3 pitch -3.1）
輪子：移動中純阻尼 kd=0.5；HOLD 段鎖定 kp=20.0

✅ 已凍結 mc_ctrl（T）

     t             階段     kp     最大|誤差|    最大|τ|               關節   roll  pitch
  0.00        RAMP_UP      0     0.0000     0.08   fl3_knee_pitch   +4.3   -3.1
  0.25        RAMP_UP     15     0.0000     0.06    br2_hip_pitch   +4.3   -3.1
  0.50        RAMP_UP     30     0.0000     0.12   bl3_knee_pitch   +4.3   -3.1
  0.76        RAMP_UP     45     0.0000     0.07    fr2_hip_pitch   +4.3   -3.1
  1.01        RAMP_UP     61     0.0004     0.12   bl3_knee_pitch   +4.3   -3.1
  1.26        RAMP_UP     76     0.0004     0.11    fr2_hip_pitch   +4.3   -3.1
  1.51        RAMP_UP     91     0.0004     0.10    fr2_hip_pitch   +4.3   -3.1
  1.77        RAMP_UP    106     0.0004     0.11   bl3_knee_pitch   +4.3   -3.1
  2.02      GO_crouch    120     0.0004     0.13   fr3_knee_pitch   +4.3   -3.1
  2.27      GO_crouch    120     0.0447     4.89    br2_hip_pitch   +4.2   -3.1
  2.52      GO_crouch    120     0.0978     9.59    br2_hip_pitch   +3.9   -3.2
  2.78      GO_crouch    120     0.1209    14.19   bl3_knee_pitch   +3.4   -3.0
  3.03      GO_crouch    120     0.1683    20.01   bl3_knee_pitch   +2.1   -2.7
  3.28      GO_crouch    120     0.2009    23.88   bl3_knee_pitch   +1.2   -2.5
  3.54    HOLD_crouch    120     0.1892    22.40   bl3_knee_pitch   +1.0   -2.2
  3.79    HOLD_crouch    120     0.1869    22.41   bl3_knee_pitch   +1.0   -2.2
  4.05    HOLD_crouch    120     0.1869    22.47   bl3_knee_pitch   +1.0   -2.2
  4.30    HOLD_crouch    120     0.1865    22.42   bl3_knee_pitch   +0.9   -2.2
  4.56    HOLD_crouch    120     0.1865    22.48   bl3_knee_pitch   +0.9   -2.2
  4.81    HOLD_crouch    120     0.1865    22.42   bl3_knee_pitch   +0.9   -2.2
  5.06       GO_stand    120     0.1886    22.19   bl3_knee_pitch   +0.9   -2.2
  5.31       GO_stand    120     0.2469    25.99   fl3_knee_pitch   +1.1   -1.4
  5.57       GO_stand    120     0.2528    23.30   br3_knee_pitch   +1.2   -1.4
  5.82       GO_stand    120     0.2382    21.35   fr3_knee_pitch   +1.1   -1.4
  6.07       GO_stand    120     0.2067    18.35   fr3_knee_pitch   +1.2   -1.4
  6.32       GO_stand    120     0.1641    15.76   br3_knee_pitch   +1.1   -1.4
  6.58     HOLD_stand    120     0.1292    15.53   fr3_knee_pitch   +1.1   -1.4
  6.83     HOLD_stand    120     0.1292    15.57   fr3_knee_pitch   +1.2   -1.4
  7.08     HOLD_stand    120     0.1292    15.56   fr3_knee_pitch   +1.2   -1.4
  7.33     HOLD_stand    120     0.1292    15.54   fr3_knee_pitch   +1.2   -1.4
  7.59     HOLD_stand    120     0.1292    15.51   fr3_knee_pitch   +1.2   -1.4
  7.84     HOLD_stand    120     0.1292    15.55   fr3_knee_pitch   +1.2   -1.4
  8.09     HOLD_stand    120     0.1292    15.59   fr3_knee_pitch   +1.2   -1.4
  8.34     HOLD_stand    120     0.1292    15.46   fr3_knee_pitch   +1.2   -1.4
  8.59    BACK_crouch    120     0.1185    14.57   fr3_knee_pitch   +1.2   -1.4
  8.85    BACK_crouch    120     0.0829    11.20   fr3_knee_pitch   +1.0   -1.4
  9.10    BACK_crouch    120     0.1099    13.60   fl3_knee_pitch   +0.8   -1.4
  9.35    BACK_crouch    120     0.1148    15.37   fr3_knee_pitch   +1.0   -1.4
  9.61    BACK_crouch    120     0.0998    17.28   bl3_knee_pitch   +0.7   -1.5
  9.86    BACK_crouch    120     0.1205    17.47   bl3_knee_pitch   +0.8   -1.5
 10.11   HOLDB_crouch    120     0.1327    15.85   br3_knee_pitch   +0.8   -1.6
 10.36   HOLDB_crouch    120     0.1327    15.83   br3_knee_pitch   +0.8   -1.6
 10.62   HOLDB_crouch    120     0.1327    15.90   br3_knee_pitch   +0.8   -1.6
 10.87   HOLDB_crouch    120     0.1327    15.95   br3_knee_pitch   +0.8   -1.6
 11.12   HOLDB_crouch    120     0.1327    15.87   br3_knee_pitch   +0.8   -1.6
 11.38   HOLDB_crouch    120     0.1327    15.80   br3_knee_pitch   +0.8   -1.6
 11.63       BACK_LIE    120     0.1299    15.59   br3_knee_pitch   +0.8   -1.6
 11.88       BACK_LIE    120     0.1115    13.52   fr3_knee_pitch   +0.9   -1.6
 12.14       BACK_LIE    120     0.0914    11.29   fr3_knee_pitch   +1.4   -2.0
 12.39       BACK_LIE    120     0.0661     8.13   fr3_knee_pitch   +2.4   -2.4
 12.64       BACK_LIE    120     0.0395     3.61     bl1_hip_roll   +3.2   -3.0
 12.89       BACK_LIE    120     0.0201     2.43     bl1_hip_roll   +3.5   -3.4
 13.15      RAMP_DOWN    111     0.0179     2.01     bl1_hip_roll   +3.7   -3.3
 13.40      RAMP_DOWN     96     0.0179     1.74     bl1_hip_roll   +3.7   -3.3
 13.66      RAMP_DOWN     81     0.0179     1.50     bl1_hip_roll   +3.8   -3.3
 13.91      RAMP_DOWN     66     0.0183     1.24     bl1_hip_roll   +3.8   -3.3
 14.16      RAMP_DOWN     50     0.0183     0.89     bl1_hip_roll   +3.8   -3.3
 14.42      RAMP_DOWN     35     0.0183     0.67     bl1_hip_roll   +3.8   -3.3
 14.67      RAMP_DOWN     20     0.0191     0.43     bl1_hip_roll   +3.8   -3.3
 14.92      RAMP_DOWN      5     0.0191     0.09     bl1_hip_roll   +3.8   -3.3

============================================================================
✅ 序列完整跑完

關節                     峰值τ      門檻      用掉
fl1_hip_roll         -9.57      50     19%
fl2_hip_pitch       +11.30      50     23%
fl3_knee_pitch      +26.42      70     38%
fr1_hip_roll         +2.32      50      5%
fr2_hip_pitch       +11.78      50     24%
fr3_knee_pitch      +26.49      70     38%
bl1_hip_roll         -5.66      50     11%
bl2_hip_pitch       -11.01      50     22%
bl3_knee_pitch      -25.40      70     36%
br1_hip_roll         +3.23      50      6%
br2_hip_pitch       -12.23      50     24%
br3_knee_pitch      -26.07      70     37%

迴圈：3000 次 / 15.00s = 200 Hz（目標 200）　最長單次間隔 13 ms @ t=6.12s（警戒 250、controller 逾時 500）

📊 /home/robot/m_logs/M8_20260827_133015.json

⏸ mc_ctrl 仍在凍結中（PID 2403）。確認狗安全後：
      sudo kill -CONT 2403

📄 /home/robot/m_logs/M8_20260827_133015.log
