M_freezetest —— mc_ctrl 凍結 60 秒的觀察實驗

★ 本程式**完全不寫入** joint_cmd。狗趴在地上洩力即可，不需吊掛、不需墊高。
  已知安全範圍：38.1 秒（M3 run3，2026-08-25，完全正常）。

✅ 結構檢查通過
✅ 16 顆全部洩力中
✅ mc_ctrl PID=2403 狀態=S
✅ 系統負載 6.68 6.37 6.44　行程 6/762
✅ joint_state 時戳 3395477　最高溫 28.0°C　最低電壓 53.0 V

計畫：SIGSTOP → 觀察 60 秒（每 0.5s 取樣）→ SIGCONT
觀察：PID 集合／行程狀態／joint_state 時戳／指令區增益／溫度電壓／關節角

✅ 已凍結 mc_ctrl（T）

      t   狀態  PID數     state時戳     Δ時戳/s     增益和     溫度     電壓       關節最大移動  load1
    0.2    T     1     3395680      1349   0.000  28.0° 53.00V      0.0004    6.68
    2.3    T     1     3397882      1024   0.000  28.0° 53.00V      0.0004    7.11
    4.5    T     1     3400061      1011   0.000  28.0° 53.00V      0.0004    7.11
    6.7    T     1     3402277      1008   0.000  28.0° 53.00V      0.0004    6.54
    9.0    T     1     3404482      1006   0.000  28.0° 53.00V      0.0000    6.54
   11.2    T     1     3406694      1004   0.000  28.0° 53.00V      0.0004    6.17
   13.3    T     1     3408844      1002   0.000  28.0° 53.00V      0.0004    6.17
   15.5    T     1     3411054      1004   0.000  28.0° 53.00V      0.0004    5.84
   17.7    T     1     3413236      1003   0.000  28.0° 53.00V      0.0004    5.84
   19.9    T     1     3415435      1003   0.000  28.0° 53.00V      0.0004    5.84
   22.1    T     1     3417651      1002   0.000  28.0° 53.00V      0.0004    5.53
   24.3    T     1     3419858      1002   0.000  28.0° 53.00V      0.0004    5.53
   26.5    T     1     3422037      1002   0.000  28.0° 53.00V      0.0004    5.49
   28.7    T     1     3424208      1002   0.000  28.0° 53.00V      0.0004    5.49
   30.9    T     1     3426425      1002   0.000  28.0° 53.00V      0.0004    6.33
   33.1    T     1     3428655      1002   0.000  28.0° 53.00V      0.0004    6.33
   35.3    T     1     3430837      1002   0.000  28.0° 52.00V      0.0004    6.86
   37.5    T     1     3433018      1001   0.000  28.0° 53.00V      0.0004    6.86
   39.7    T     1     3435228      1001   0.000  28.0° 53.00V      0.0004    6.86
   41.9    T     1     3437374      1001   0.000  28.0° 53.00V      0.0004    7.44
   44.0    T     1     3439556      1001   0.000  28.0° 53.00V      0.0004    7.44
   46.2    T     1     3441761      1001   0.000  28.0° 53.00V      0.0190    7.00
   48.4    T     1     3443943      1001   0.000  28.0° 53.00V      0.0190    7.00
   50.6    T     1     3446148      1001   0.000  28.0° 53.00V      0.0194    7.40
   52.8    T     1     3448363      1001   0.000  28.0° 53.00V      0.0194    7.40
   55.1    T     1     3450605      1001   0.000  28.0° 53.00V      0.0194    7.40
   57.3    T     1     3452818      1001   0.000  28.0° 53.00V      0.0194    7.77
   59.5    T     1     3455042      1001   0.000  28.0° 53.00V      0.0194    7.77

============================================================================
✅ 凍結 60.1 秒，全程沒有異常
✅ 已 SIGCONT 解凍，狀態=S

解凍後：PID [2403]　state 時戳 3457102（凍結期間 +61625）
        最高溫 28.0°C（起始 28.0）　最低電壓 53.0 V（起始 53.0）
        關節最大移動 0.0194 rad（狗應該一動不動）
        指令區帶增益的關節：無 ✅

============================================================================
★ **凍結 60 秒沒有問題。**
  下一階：sudo python3 M_freezetest.py --secs 120 --confirm

📊 /home/robot/m_logs/MF_20260827_135727.json

📄 /home/robot/m_logs/MF_20260827_135727.log
