M11 —— 輪子速度伺服系統辨識　協定 chirp　kd 1　輪 ['fl4_foot', 'fr4_foot', 'bl4_foot', 'br4_foot']
   序列 3 段、共 22.5 s：zero(1s) → chirp(20s) → zero(1.5s)
   保護：|v| > 8.0 rad/s 或 |τ| > 5.0 N·m 或抖振 → 歸零；腿全程洩力

   ⚠️ 確認：狗肚子墊高、**四輪完全離地可自由轉**、手邊有急停。

✅ 結構檢查通過
✅ 16 顆全部洩力中
✅ mc_ctrl PID=2416 狀態=S
✅ 已凍結 mc_ctrl（T）

──    zero  v_des +0.00 rad/s  τ_ff +0.00  1 s
   t= 0.0  des +0.00  v/τ: fl -0.03/+0.00  fr -0.00/+0.00  bl -0.00/-0.00  br -0.00/-0.01
   t= 0.5  des +0.00  v/τ: fl -0.00/-0.02  fr -0.00/-0.00  bl -0.00/-0.01  br -0.00/-0.01
──   chirp  v_des +1.50 rad/s  τ_ff +0.00  20 s
   t= 0.0  des +0.00  v/τ: fl -0.00/-0.01  fr -0.00/+0.00  bl -0.00/-0.01  br -0.00/-0.01
   t= 0.5  des +1.06  v/τ: fl +0.99/+0.10  fr +0.90/+0.13  bl +0.77/+0.27  br +0.83/+0.25
   t= 1.0  des +1.43  v/τ: fl +1.30/+0.14  fr +1.34/+0.10  bl +1.20/+0.22  br +1.11/+0.29
   t= 1.5  des -0.17  v/τ: fl -0.10/-0.06  fr -0.08/-0.06  bl -0.08/-0.06  br -0.09/-0.06
   t= 2.0  des -1.46  v/τ: fl -1.35/-0.16  fr -1.29/-0.15  bl -1.42/-0.04  br -1.35/-0.06
   t= 2.5  des +0.91  v/τ: fl +0.64/+0.27  fr +0.71/+0.16  bl +0.63/+0.24  br +0.59/+0.28
   t= 3.0  des +0.28  v/τ: fl -0.00/+0.32  fr +0.29/+0.04  bl +0.21/+0.08  br +0.11/+0.21
   t= 3.5  des -0.99  v/τ: fl -0.70/-0.32  fr -0.85/-0.15  bl -0.97/-0.06  br -0.84/-0.21
   t= 4.0  des +1.25  v/τ: fl +1.08/+0.17  fr +1.22/+0.07  bl +1.04/+0.19  br +1.07/+0.19
   t= 4.5  des -1.21  v/τ: fl -1.14/-0.04  fr -1.20/-0.08  bl -1.39/+0.01  br -1.20/-0.02
   t= 5.0  des +0.81  v/τ: fl +0.57/+0.30  fr +0.76/+0.08  bl +0.84/+0.06  br +0.60/+0.28
   t= 5.5  des +0.10  v/τ: fl +0.09/-0.06  fr -0.00/+0.02  bl +0.04/-0.04  br +0.08/-0.05
   t= 6.0  des -1.27  v/τ: fl -1.14/-0.07  fr -1.11/-0.16  bl -0.81/-0.38  br -1.14/-0.07
   t= 6.5  des +1.13  v/τ: fl +1.22/+0.05  fr +1.07/+0.09  bl +1.02/+0.16  br +1.20/+0.01
   t= 7.0  des +1.00  v/τ: fl +0.55/+0.35  fr +0.69/+0.25  bl +0.74/+0.18  br +0.63/+0.29
   t= 7.5  des -0.81  v/τ: fl -0.98/+0.08  fr -0.84/-0.05  bl -0.84/-0.08  br -0.87/-0.03
   t= 8.0  des -1.50  v/τ: fl -1.21/-0.33  fr -1.38/-0.15  bl -1.28/-0.25  br -1.14/-0.35
   t= 8.5  des -1.19  v/τ: fl -0.78/-0.34  fr -0.92/-0.20  bl -0.87/-0.28  br -0.75/-0.37
   t= 9.0  des -0.73  v/τ: fl -0.32/-0.36  fr -0.39/-0.27  bl -0.15/-0.49  br -0.21/-0.43
   t= 9.5  des -0.59  v/τ: fl -0.15/-0.32  fr -0.19/-0.28  bl -0.21/-0.26  br -0.19/-0.28
   t=10.0  des -0.92  v/τ: fl -0.43/-0.40  fr -0.62/-0.23  bl -0.66/-0.14  br -0.40/-0.46
   t=10.6  des -1.41  v/τ: fl -1.24/-0.11  fr -1.12/-0.22  bl -1.11/-0.29  br -1.22/-0.16
   t=11.1  des -1.34  v/τ: fl -1.33/-0.05  fr -1.32/-0.10  bl -1.19/-0.20  br -1.13/-0.25
   t=11.6  des -0.02  v/τ: fl -0.13/-0.03  fr -0.12/-0.01  bl +0.08/-0.21  br +0.03/-0.16
   t=12.1  des +1.49  v/τ: fl +1.27/+0.14  fr +1.17/+0.23  bl +1.18/+0.22  br +1.25/+0.18
   t=12.6  des -0.10  v/τ: fl -0.00/+0.04  fr -0.01/+0.01  bl -0.06/+0.04  br -0.02/+0.04
   t=13.1  des -1.26  v/τ: fl -1.13/-0.23  fr -1.24/-0.07  bl -1.15/-0.15  br -1.07/-0.22
   t=13.6  des +1.45  v/τ: fl +1.10/+0.27  fr +1.21/+0.16  bl +1.05/+0.28  br +1.08/+0.29
   t=14.1  des -1.03  v/τ: fl -0.54/-0.38  fr -0.62/-0.30  bl -0.67/-0.33  br -0.53/-0.42
   t=14.6  des +0.73  v/τ: fl +0.14/+0.36  fr +0.21/+0.30  bl +0.17/+0.34  br +0.19/+0.35
   t=15.1  des -0.91  v/τ: fl -0.37/-0.43  fr -0.46/-0.31  bl -0.34/-0.48  br -0.29/-0.49
   t=15.6  des +1.34  v/τ: fl +0.98/+0.26  fr +0.91/+0.28  bl +0.93/+0.36  br +0.98/+0.32
   t=16.1  des -1.44  v/τ: fl -1.33/-0.13  fr -1.34/-0.15  bl -1.26/-0.20  br -1.52/+0.00
   t=16.6  des +0.33  v/τ: fl +0.57/+0.20  fr +0.60/+0.12  bl +0.58/+0.16  br +0.80/-0.05
   t=17.1  des +1.29  v/τ: fl +0.73/+0.41  fr +0.90/+0.28  bl +0.68/+0.42  br +1.07/+0.12
   t=17.6  des -0.65  v/τ: fl -0.88/-0.09  fr -0.90/-0.03  bl -0.73/-0.18  br -0.69/-0.23
   t=18.1  des -1.48  v/τ: fl -1.02/-0.37  fr -1.19/-0.25  bl -1.12/-0.34  br -1.13/-0.35
   t=18.6  des -0.61  v/τ: fl -0.28/-0.15  fr -0.15/-0.26  bl -0.24/-0.18  br -0.32/-0.14
   t=19.1  des +0.22  v/τ: fl +0.15/+0.18  fr +0.52/-0.11  bl +0.24/+0.07  br +0.32/+0.07
   t=19.6  des +0.77  v/τ: fl +0.89/+0.00  fr +0.97/-0.04  bl +1.01/-0.04  br +0.79/+0.12
──    zero  v_des +0.00 rad/s  τ_ff +0.00  1.5 s
   t= 0.0  des +0.00  v/τ: fl +0.03/-0.10  fr -0.15/+0.14  bl -0.01/-0.07  br +0.19/-0.17
   t= 0.5  des +0.00  v/τ: fl -0.00/-0.00  fr -0.00/-0.01  bl -0.00/-0.01  br -0.00/-0.01
   t= 1.0  des +0.00  v/τ: fl -0.00/-0.00  fr -0.03/+0.01  bl -0.00/-0.00  br -0.00/-0.01
✅ 已解凍 mc_ctrl，狀態=S

✅ 序列跑完　4502 筆（200 Hz）
📊 /home/robot/m_logs/M11_20260909_153037.json
📄 /home/robot/m_logs/M11_20260909_153037.log
本機：conda run -n rbtdog python task7/inference/wheel_sysid.py task7/logs/m_logs_tripNN/M11_*.json
