M11 —— 輪子速度伺服系統辨識　協定 ff　kd 0.5　輪 ['fl4_foot', 'fr4_foot', 'bl4_foot', 'br4_foot']
   序列 15 段、共 20.0 s：zero(1s) → ff0(2s) → zero(1s) → zero(1s) → ff0.1(2s) → zero(1s) → zero(1s) → ff0.15(2s) → zero(1s) → zero(1s) → ff0.2(2s) → zero(1s) → zero(1s) → ff0.3(2s) → zero(1s)
   保護：|v| > 8.0 rad/s 或 |τ| > 5.0 N·m 或抖振 → 歸零；腿全程洩力

   ⚠️ 確認：狗肚子墊高、**四輪完全離地可自由轉**、手邊有急停。

✅ 結構檢查通過
✅ 16 顆全部洩力中
✅ mc_ctrl PID=2416 狀態=S
✅ 已凍結 mc_ctrl（T）

──    zero  v_des +0.00 rad/s  τ_ff +0.00  1 s
   t= 0.0  des +0.00  v/τ: fl -0.00/-0.00  fr -0.00/-0.01  bl -0.00/-0.00  br -0.00/-0.00
   t= 0.5  des +0.00  v/τ: fl -0.00/-0.00  fr -0.00/-0.00  bl -0.00/-0.00  br -0.00/-0.01
──     ff0  v_des +1.50 rad/s  τ_ff +0.00  2 s
   t= 0.0  des +1.50  v/τ: fl -0.00/-0.00  fr -0.00/-0.00  bl -0.00/-0.00  br -0.00/-0.00
   t= 0.5  des +1.50  v/τ: fl +1.22/+0.12  fr +1.20/+0.13  bl +0.94/+0.25  br +1.32/+0.10
   t= 1.0  des +1.50  v/τ: fl +1.48/+0.04  fr +1.23/+0.14  bl +1.00/+0.23  br +1.39/+0.05
   t= 1.5  des +1.50  v/τ: fl +1.07/+0.21  fr +1.20/+0.14  bl +1.14/+0.18  br +1.42/+0.06
──    zero  v_des +0.00 rad/s  τ_ff +0.00  1 s
   t= 0.0  des +0.00  v/τ: fl +0.88/+0.30  fr +1.25/+0.12  bl +1.01/+0.24  br +1.51/+0.03
   t= 0.5  des +0.00  v/τ: fl -0.00/-0.00  fr -0.00/+0.00  bl -0.00/-0.00  br -0.00/-0.00
──    zero  v_des +0.00 rad/s  τ_ff +0.00  1 s
   t= 0.0  des +0.00  v/τ: fl -0.00/-0.01  fr -0.00/+0.00  bl -0.00/+0.01  br -0.00/-0.01
   t= 0.5  des +0.00  v/τ: fl -0.00/+0.00  fr -0.04/+0.01  bl -0.00/-0.00  br -0.00/-0.01
──   ff0.1  v_des +1.50 rad/s  τ_ff +0.10  2 s
   t= 0.0  des +1.50  v/τ: fl -0.00/-0.00  fr -0.00/+0.00  bl -0.00/-0.00  br -0.00/-0.01
   t= 0.5  des +1.50  v/τ: fl +1.31/+0.20  fr +1.42/+0.14  bl +1.24/+0.21  br +1.25/+0.21
   t= 1.0  des +1.50  v/τ: fl +1.11/+0.27  fr +1.39/+0.15  bl +1.47/+0.13  br +1.44/+0.16
   t= 1.5  des +1.50  v/τ: fl +1.29/+0.18  fr +1.45/+0.13  bl +1.39/+0.16  br +1.43/+0.15
──    zero  v_des +0.00 rad/s  τ_ff +0.00  1 s
   t= 0.0  des +0.00  v/τ: fl +1.03/+0.29  fr +1.48/+0.12  bl +1.32/+0.19  br +1.26/+0.21
   t= 0.5  des +0.00  v/τ: fl -0.00/-0.01  fr -0.00/-0.00  bl -0.00/+0.00  br -0.00/+0.01
──    zero  v_des +0.00 rad/s  τ_ff +0.00  1 s
   t= 0.0  des +0.00  v/τ: fl -0.00/-0.00  fr -0.00/-0.00  bl -0.00/-0.00  br -0.00/-0.00
   t= 0.5  des +0.00  v/τ: fl -0.00/-0.01  fr -0.00/+0.00  bl -0.00/+0.00  br -0.00/-0.00
──  ff0.15  v_des +1.50 rad/s  τ_ff +0.15  2 s
   t= 0.0  des +1.50  v/τ: fl -0.00/-0.00  fr -0.00/-0.00  bl -0.00/-0.00  br -0.00/+0.01
   t= 0.5  des +1.50  v/τ: fl +1.63/+0.11  fr +1.52/+0.13  bl +1.38/+0.20  br +1.42/+0.19
   t= 1.0  des +1.50  v/τ: fl +1.44/+0.18  fr +1.53/+0.14  bl +1.44/+0.19  br +1.34/+0.23
   t= 1.5  des +1.50  v/τ: fl +1.25/+0.24  fr +1.44/+0.16  bl +1.27/+0.23  br +1.43/+0.16
──    zero  v_des +0.00 rad/s  τ_ff +0.00  1 s
   t= 0.0  des +0.00  v/τ: fl +1.57/+0.15  fr +1.50/+0.15  bl +1.48/+0.16  br +1.42/+0.20
   t= 0.5  des +0.00  v/τ: fl -0.00/+0.00  fr -0.00/-0.00  bl -0.00/+0.00  br -0.00/-0.00
──    zero  v_des +0.00 rad/s  τ_ff +0.00  1 s
   t= 0.0  des +0.00  v/τ: fl -0.00/+0.01  fr -0.00/+0.01  bl -0.00/-0.01  br -0.00/-0.00
   t= 0.5  des +0.00  v/τ: fl -0.00/-0.00  fr -0.00/-0.01  bl -0.00/-0.01  br -0.00/+0.00
──   ff0.2  v_des +1.50 rad/s  τ_ff +0.20  2 s
   t= 0.0  des +1.50  v/τ: fl -0.00/+0.01  fr -0.00/-0.00  bl -0.00/-0.01  br -0.00/-0.01
   t= 0.5  des +1.50  v/τ: fl +1.37/+0.25  fr +1.55/+0.16  bl +1.50/+0.19  br +1.49/+0.18
   t= 1.0  des +1.50  v/τ: fl +1.54/+0.18  fr +1.56/+0.15  bl +1.44/+0.21  br +1.56/+0.14
   t= 1.5  des +1.50  v/τ: fl +1.70/+0.13  fr +1.54/+0.16  bl +1.56/+0.16  br +1.47/+0.18
──    zero  v_des +0.00 rad/s  τ_ff +0.00  1 s
   t= 0.0  des +0.00  v/τ: fl +1.44/+0.23  fr +1.58/+0.15  bl +1.59/+0.17  br +1.75/+0.08
   t= 0.5  des +0.00  v/τ: fl -0.00/-0.00  fr -0.00/+0.01  bl -0.00/+0.01  br -0.00/+0.00
──    zero  v_des +0.00 rad/s  τ_ff +0.00  1 s
   t= 0.0  des +0.00  v/τ: fl -0.00/-0.01  fr -0.00/+0.00  bl -0.00/-0.00  br -0.00/-0.01
   t= 0.5  des +0.00  v/τ: fl -0.00/-0.00  fr -0.00/-0.01  bl -0.00/+0.01  br -0.00/-0.01
──   ff0.3  v_des +1.50 rad/s  τ_ff +0.30  2 s
   t= 0.0  des +1.50  v/τ: fl -0.00/-0.01  fr -0.04/+0.01  bl -0.00/-0.00  br -0.00/-0.00
   t= 0.5  des +1.50  v/τ: fl +1.92/+0.11  fr +1.75/+0.17  bl +1.70/+0.20  br +1.64/+0.20
   t= 1.0  des +1.50  v/τ: fl +1.65/+0.20  fr +1.79/+0.14  bl +1.72/+0.18  br +1.48/+0.24
   t= 1.5  des +1.50  v/τ: fl +1.91/+0.12  fr +1.71/+0.17  bl +1.76/+0.17  br +1.67/+0.18
──    zero  v_des +0.00 rad/s  τ_ff +0.00  1 s
   t= 0.0  des +0.00  v/τ: fl +1.59/+0.24  fr +1.82/+0.14  bl +1.92/+0.11  br +1.81/+0.18
   t= 0.5  des +0.00  v/τ: fl -0.00/-0.01  fr -0.00/+0.01  bl -0.00/-0.00  br -0.00/+0.00
✅ 已解凍 mc_ctrl，狀態=S

✅ 序列跑完　4014 筆（200 Hz）
📊 /home/robot/m_logs/M11_20260909_152943.json
📄 /home/robot/m_logs/M11_20260909_152943.log
本機：conda run -n rbtdog python task7/inference/wheel_sysid.py task7/logs/m_logs_tripNN/M11_*.json
