M11 —— 輪子速度伺服系統辨識　協定 step　kd 0.5　輪 ['fl4_foot', 'fr4_foot', 'bl4_foot', 'br4_foot']
   序列 20 段、共 32.0 s：zero(1s) → +0.5(2s) → zero(1.5s) → -0.5(2s) → zero(1.5s) → zero(1s) → +1.5(2s) → zero(1.5s) → -1.5(2s) → zero(1.5s) → zero(1s) → +3(2s) → zero(1.5s) → -3(2s) → zero(1.5s) → zero(1s) → +5(2s) → zero(1.5s) → -5(2s) → zero(1.5s)
   保護：|v| > 8.0 rad/s 或 |τ| > 5.0 N·m 或抖振 → 歸零；腿全程洩力

   ⚠️ 確認：狗肚子墊高、**四輪完全離地可自由轉**、手邊有急停。

✅ 結構檢查通過
✅ 16 顆全部洩力中
✅ mc_ctrl PID=2416 狀態=S
✅ 已凍結 mc_ctrl（T）

──    zero  v_des +0.00 rad/s  τ_ff +0.00  1 s
   t= 0.0  des +0.00  v/τ: fl -0.00/-0.01  fr -0.00/-0.00  bl -0.00/-0.00  br -0.00/-0.00
   t= 0.5  des +0.00  v/τ: fl -0.00/-0.00  fr -0.00/+0.00  bl -0.00/-0.00  br -0.00/-0.01
──    +0.5  v_des +0.50 rad/s  τ_ff +0.00  2 s
   t= 0.0  des +0.50  v/τ: fl -0.00/-0.01  fr -0.00/+0.00  bl -0.00/+0.00  br -0.00/-0.01
   t= 0.5  des +0.50  v/τ: fl -0.00/+0.25  fr +0.18/+0.15  bl -0.00/+0.26  br -0.00/+0.24
   t= 1.0  des +0.50  v/τ: fl -0.00/+0.24  fr +0.30/+0.10  bl -0.00/+0.26  br -0.00/+0.24
   t= 1.5  des +0.50  v/τ: fl -0.00/+0.24  fr +0.15/+0.16  bl -0.00/+0.25  br -0.00/+0.24
──    zero  v_des +0.00 rad/s  τ_ff +0.00  1.5 s
   t= 0.0  des +0.00  v/τ: fl -0.00/+0.25  fr +0.23/+0.14  bl -0.00/+0.23  br -0.00/+0.24
   t= 0.5  des +0.00  v/τ: fl -0.03/+0.00  fr -0.00/-0.01  bl -0.00/-0.01  br -0.00/-0.00
   t= 1.0  des +0.00  v/τ: fl -0.00/+0.00  fr -0.00/-0.00  bl -0.00/+0.00  br -0.00/-0.00
──    -0.5  v_des -0.50 rad/s  τ_ff +0.00  2 s
   t= 0.0  des -0.50  v/τ: fl -0.00/-0.01  fr -0.00/+0.00  bl -0.00/-0.00  br -0.00/-0.00
   t= 0.5  des -0.50  v/τ: fl -0.00/-0.24  fr -0.18/-0.17  bl -0.00/-0.25  br -0.00/-0.24
   t= 1.0  des -0.50  v/τ: fl -0.00/-0.24  fr -0.30/-0.11  bl -0.00/-0.26  br -0.00/-0.24
   t= 1.5  des -0.50  v/τ: fl -0.00/-0.25  fr -0.24/-0.13  bl -0.00/-0.26  br -0.00/-0.25
──    zero  v_des +0.00 rad/s  τ_ff +0.00  1.5 s
   t= 0.0  des +0.00  v/τ: fl -0.00/-0.26  fr -0.25/-0.14  bl -0.00/-0.26  br -0.00/-0.25
   t= 0.5  des +0.00  v/τ: fl -0.00/-0.01  fr -0.00/+0.00  bl -0.00/-0.01  br -0.00/-0.01
   t= 1.0  des +0.00  v/τ: fl -0.00/-0.01  fr -0.00/+0.00  bl -0.00/+0.00  br -0.00/-0.00
──    zero  v_des +0.00 rad/s  τ_ff +0.00  1 s
   t= 0.0  des +0.00  v/τ: fl -0.00/-0.01  fr -0.00/-0.01  bl -0.00/+0.00  br -0.00/-0.00
   t= 0.5  des +0.00  v/τ: fl -0.00/-0.01  fr -0.00/-0.01  bl -0.00/+0.00  br -0.00/-0.01
──    +1.5  v_des +1.50 rad/s  τ_ff +0.00  2 s
   t= 0.0  des +1.50  v/τ: fl -0.00/-0.00  fr -0.00/-0.00  bl -0.00/+0.00  br -0.00/-0.00
   t= 0.5  des +1.50  v/τ: fl +1.01/+0.21  fr +1.24/+0.14  bl +1.27/+0.08  br +1.16/+0.15
   t= 1.0  des +1.50  v/τ: fl +1.03/+0.23  fr +1.27/+0.12  bl +1.46/+0.05  br +1.34/+0.09
   t= 1.5  des +1.50  v/τ: fl +0.87/+0.26  fr +1.19/+0.14  bl +1.35/+0.10  br +1.54/+0.01
──    zero  v_des +0.00 rad/s  τ_ff +0.00  1.5 s
   t= 0.0  des +0.00  v/τ: fl +1.12/+0.18  fr +1.16/+0.15  bl +1.29/+0.10  br +1.34/+0.10
   t= 0.5  des +0.00  v/τ: fl -0.00/-0.00  fr -0.00/-0.00  bl -0.00/+0.00  br -0.00/-0.00
   t= 1.0  des +0.00  v/τ: fl -0.00/-0.01  fr -0.00/-0.01  bl -0.00/+0.00  br -0.00/-0.00
──    -1.5  v_des -1.50 rad/s  τ_ff +0.00  2 s
   t= 0.0  des -1.50  v/τ: fl -0.00/-0.01  fr -0.00/+0.00  bl -0.00/+0.00  br -0.00/-0.00
   t= 0.5  des -1.50  v/τ: fl -1.17/-0.15  fr -1.29/-0.11  bl -1.43/-0.08  br -1.44/-0.05
   t= 1.0  des -1.50  v/τ: fl -1.02/-0.20  fr -1.24/-0.14  bl -1.27/-0.13  br -1.41/-0.07
   t= 1.5  des -1.50  v/τ: fl -1.25/-0.12  fr -1.24/-0.14  bl -1.23/-0.14  br -1.17/-0.18
──    zero  v_des +0.00 rad/s  τ_ff +0.00  1.5 s
   t= 0.0  des +0.00  v/τ: fl -1.04/-0.21  fr -1.27/-0.12  bl -1.13/-0.17  br -1.01/-0.24
   t= 0.5  des +0.00  v/τ: fl -0.00/-0.00  fr -0.00/+0.00  bl -0.00/-0.00  br -0.00/-0.00
   t= 1.0  des +0.00  v/τ: fl -0.00/+0.00  fr -0.00/-0.01  bl -0.00/-0.01  br -0.00/+0.01
──    zero  v_des +0.00 rad/s  τ_ff +0.00  1 s
   t= 0.0  des +0.00  v/τ: fl -0.00/-0.00  fr -0.00/+0.00  bl -0.00/-0.00  br -0.00/+0.00
   t= 0.5  des +0.00  v/τ: fl -0.00/+0.00  fr -0.00/+0.00  bl -0.00/-0.01  br -0.00/-0.01
──      +3  v_des +3.00 rad/s  τ_ff +0.00  2 s
   t= 0.0  des +3.00  v/τ: fl -0.00/-0.01  fr -0.00/+0.01  bl -0.00/+0.01  br -0.00/-0.00
   t= 0.5  des +3.00  v/τ: fl +2.64/+0.16  fr +2.64/+0.17  bl +2.73/+0.15  br +2.58/+0.15
   t= 1.0  des +3.00  v/τ: fl +2.79/+0.16  fr +2.71/+0.14  bl +2.75/+0.13  br +2.60/+0.16
   t= 1.5  des +3.00  v/τ: fl +2.34/+0.23  fr +2.67/+0.17  bl +2.68/+0.16  br +2.62/+0.14
──    zero  v_des +0.00 rad/s  τ_ff +0.00  1.5 s
   t= 0.0  des +0.00  v/τ: fl +2.76/+0.17  fr +2.67/+0.15  bl +2.61/+0.17  br +2.59/+0.20
   t= 0.5  des +0.00  v/τ: fl -0.00/-0.00  fr -0.00/-0.01  bl -0.00/+0.00  br -0.00/+0.00
   t= 1.0  des +0.00  v/τ: fl -0.00/-0.01  fr -0.00/+0.00  bl -0.00/+0.00  br -0.00/-0.00
──      -3  v_des -3.00 rad/s  τ_ff +0.00  2 s
   t= 0.0  des -3.00  v/τ: fl -0.00/-0.00  fr -0.00/+0.00  bl +0.03/-0.01  br -0.00/+0.00
   t= 0.5  des -3.00  v/τ: fl -2.67/-0.17  fr -2.63/-0.18  bl -2.61/-0.18  br -2.75/-0.15
   t= 1.0  des -3.00  v/τ: fl -2.71/-0.12  fr -2.64/-0.18  bl -2.61/-0.18  br -2.90/-0.05
   t= 1.5  des -3.00  v/τ: fl -2.52/-0.22  fr -2.73/-0.16  bl -2.58/-0.19  br -2.72/-0.14
──    zero  v_des +0.00 rad/s  τ_ff +0.00  1.5 s
   t= 0.0  des +0.00  v/τ: fl -2.80/-0.08  fr -2.68/-0.17  bl -2.74/-0.15  br -2.71/-0.12
   t= 0.5  des +0.00  v/τ: fl -0.00/-0.01  fr -0.00/-0.00  bl -0.00/+0.00  br -0.00/+0.00
   t= 1.0  des +0.00  v/τ: fl -0.00/-0.02  fr -0.00/-0.01  bl -0.00/+0.01  br -0.00/-0.01
──    zero  v_des +0.00 rad/s  τ_ff +0.00  1 s
   t= 0.0  des +0.00  v/τ: fl -0.00/-0.01  fr -0.00/-0.00  bl -0.00/-0.00  br -0.00/-0.00
   t= 0.5  des +0.00  v/τ: fl -0.00/-0.02  fr -0.00/-0.01  bl -0.00/-0.00  br -0.00/-0.01
──      +5  v_des +5.00 rad/s  τ_ff +0.00  2 s
   t= 0.0  des +5.00  v/τ: fl -0.00/-0.02  fr -0.00/-0.00  bl -0.00/-0.01  br -0.00/+0.00
   t= 0.5  des +5.00  v/τ: fl +4.54/+0.24  fr +4.68/+0.16  bl +4.69/+0.19  br +4.54/+0.18
   t= 1.0  des +5.00  v/τ: fl +4.48/+0.22  fr +4.63/+0.18  bl +4.68/+0.21  br +4.79/+0.09
   t= 1.5  des +5.00  v/τ: fl +4.52/+0.25  fr +4.61/+0.20  bl +4.62/+0.22  br +4.69/+0.17
──    zero  v_des +0.00 rad/s  τ_ff +0.00  1.5 s
   t= 0.0  des +0.00  v/τ: fl +4.49/+0.23  fr +4.61/+0.19  bl +4.62/+0.21  br +4.72/+0.21
   t= 0.5  des +0.00  v/τ: fl -0.00/+0.00  fr -0.00/+0.00  bl -0.00/-0.01  br -0.00/-0.01
   t= 1.0  des +0.00  v/τ: fl -0.00/+0.01  fr -0.00/-0.00  bl -0.00/-0.01  br -0.00/+0.00
──      -5  v_des -5.00 rad/s  τ_ff +0.00  2 s
   t= 0.0  des -5.00  v/τ: fl -0.00/+0.01  fr -0.00/+0.00  bl -0.00/-0.01  br -0.00/-0.00
   t= 0.5  des -5.00  v/τ: fl -4.53/-0.24  fr -4.57/-0.21  bl -4.50/-0.24  br -4.55/-0.18
   t= 1.0  des -5.00  v/τ: fl -4.57/-0.21  fr -4.69/-0.17  bl -4.63/-0.22  br -4.49/-0.22
   t= 1.5  des -5.00  v/τ: fl -4.61/-0.20  fr -4.59/-0.20  bl -4.50/-0.28  br -4.82/-0.07
──    zero  v_des +0.00 rad/s  τ_ff +0.00  1.5 s
   t= 0.0  des +0.00  v/τ: fl -4.41/-0.28  fr -4.60/-0.20  bl -4.56/-0.19  br -4.49/-0.27
   t= 0.5  des +0.00  v/τ: fl -0.00/-0.00  fr -0.00/-0.01  bl -0.00/-0.01  br -0.00/-0.00
   t= 1.0  des +0.00  v/τ: fl -0.00/-0.00  fr -0.00/+0.00  bl -0.00/+0.00  br -0.00/-0.01
✅ 已解凍 mc_ctrl，狀態=S

✅ 序列跑完　6418 筆（200 Hz）
📊 /home/robot/m_logs/M11_20260909_152733.json
📄 /home/robot/m_logs/M11_20260909_152733.log
本機：conda run -n rbtdog python task7/inference/wheel_sysid.py task7/logs/m_logs_tripNN/M11_*.json
