M11 —— 輪子速度伺服系統辨識　協定 step　kd 1　輪 ['fl4_foot', 'fr4_foot', 'bl4_foot', 'br4_foot']
   序列 20 段、共 32.0 s：zero(1s) → +0.5(2s) → zero(1.5s) → -0.5(2s) → zero(1.5s) → zero(1s) → +1.5(2s) → zero(1.5s) → -1.5(2s) → zero(1.5s) → zero(1s) → +3(2s) → zero(1.5s) → -3(2s) → zero(1.5s) → zero(1s) → +5(2s) → zero(1.5s) → -5(2s) → zero(1.5s)
   保護：|v| > 8.0 rad/s 或 |τ| > 5.0 N·m 或抖振 → 歸零；腿全程洩力

   ⚠️ 確認：狗肚子墊高、**四輪完全離地可自由轉**、手邊有急停。

✅ 結構檢查通過
✅ 16 顆全部洩力中
✅ mc_ctrl PID=2416 狀態=S
✅ 已凍結 mc_ctrl（T）

──    zero  v_des +0.00 rad/s  τ_ff +0.00  1 s
   t= 0.0  des +0.00  v/τ: fl -0.00/-0.00  fr -0.00/-0.00  bl -0.00/-0.01  br -0.00/+0.01
   t= 0.5  des +0.00  v/τ: fl -0.00/-0.01  fr -0.00/-0.01  bl -0.00/-0.01  br -0.00/-0.01
──    +0.5  v_des +0.50 rad/s  τ_ff +0.00  2 s
   t= 0.0  des +0.50  v/τ: fl -0.00/-0.01  fr -0.00/-0.00  bl -0.00/-0.01  br -0.00/-0.01
   t= 0.5  des +0.50  v/τ: fl +0.22/+0.26  fr +0.42/+0.07  bl +0.35/+0.15  br +0.31/+0.19
   t= 1.0  des +0.50  v/τ: fl +0.29/+0.21  fr +0.36/+0.13  bl +0.41/+0.09  br +0.20/+0.29
   t= 1.5  des +0.50  v/τ: fl +0.14/+0.36  fr +0.38/+0.13  bl +0.36/+0.12  br +0.22/+0.27
──    zero  v_des +0.00 rad/s  τ_ff +0.00  1.5 s
   t= 0.0  des +0.00  v/τ: fl +0.30/+0.18  fr +0.40/+0.09  bl +0.39/+0.10  br +0.26/+0.23
   t= 0.5  des +0.00  v/τ: fl -0.00/-0.00  fr -0.00/+0.00  bl -0.00/-0.01  br -0.00/+0.01
   t= 1.0  des +0.00  v/τ: fl -0.00/+0.01  fr -0.00/+0.00  bl -0.00/-0.01  br -0.00/+0.00
──    -0.5  v_des -0.50 rad/s  τ_ff +0.00  2 s
   t= 0.0  des -0.50  v/τ: fl -0.00/-0.01  fr -0.00/+0.01  bl -0.00/-0.01  br -0.00/-0.00
   t= 0.5  des -0.50  v/τ: fl -0.49/-0.03  fr -0.34/-0.18  bl -0.42/-0.07  br -0.54/+0.02
   t= 1.0  des -0.50  v/τ: fl -0.43/-0.09  fr -0.37/-0.14  bl -0.30/-0.20  br -0.47/-0.04
   t= 1.5  des -0.50  v/τ: fl -0.18/-0.33  fr -0.32/-0.18  bl -0.43/-0.07  br -0.25/-0.25
──    zero  v_des +0.00 rad/s  τ_ff +0.00  1.5 s
   t= 0.0  des +0.00  v/τ: fl -0.36/-0.14  fr -0.32/-0.17  bl -0.51/+0.00  br -0.16/-0.36
   t= 0.5  des +0.00  v/τ: fl -0.00/-0.01  fr -0.00/+0.00  bl -0.00/+0.01  br +0.03/-0.03
   t= 1.0  des +0.00  v/τ: fl -0.00/-0.00  fr -0.00/-0.01  bl -0.00/+0.00  br -0.00/-0.01
──    zero  v_des +0.00 rad/s  τ_ff +0.00  1 s
   t= 0.0  des +0.00  v/τ: fl -0.00/+0.00  fr -0.00/-0.01  bl -0.00/+0.01  br -0.00/-0.01
   t= 0.5  des +0.00  v/τ: fl -0.00/-0.01  fr -0.00/-0.00  bl -0.00/+0.00  br -0.00/-0.01
──    +1.5  v_des +1.50 rad/s  τ_ff +0.00  2 s
   t= 0.0  des +1.50  v/τ: fl -0.00/-0.01  fr -0.00/-0.01  bl -0.00/+0.01  br -0.00/-0.01
   t= 0.5  des +1.50  v/τ: fl +1.32/+0.20  fr +1.34/+0.14  bl +1.38/+0.11  br +1.56/-0.03
   t= 1.0  des +1.50  v/τ: fl +1.38/+0.15  fr +1.34/+0.13  bl +1.35/+0.12  br +1.58/-0.03
   t= 1.5  des +1.50  v/τ: fl +1.28/+0.17  fr +1.29/+0.18  bl +1.41/+0.14  br +1.38/+0.13
──    zero  v_des +0.00 rad/s  τ_ff +0.00  1.5 s
   t= 0.0  des +0.00  v/τ: fl +1.30/+0.21  fr +1.34/+0.16  bl +1.41/+0.07  br +1.53/+0.01
   t= 0.5  des +0.00  v/τ: fl -0.00/-0.01  fr -0.00/-0.01  bl -0.00/-0.01  br -0.00/-0.01
   t= 1.0  des +0.00  v/τ: fl -0.00/-0.01  fr -0.00/-0.00  bl -0.00/-0.00  br -0.00/-0.01
──    -1.5  v_des -1.50 rad/s  τ_ff +0.00  2 s
   t= 0.0  des -1.50  v/τ: fl -0.00/-0.00  fr -0.00/-0.01  bl -0.00/-0.01  br -0.00/-0.00
   t= 0.5  des -1.50  v/τ: fl -1.27/-0.16  fr -1.34/-0.17  bl -1.39/-0.11  br -1.50/-0.02
   t= 1.0  des -1.50  v/τ: fl -1.47/-0.12  fr -1.38/-0.13  bl -1.31/-0.20  br -1.31/-0.18
   t= 1.5  des -1.50  v/τ: fl -1.42/-0.09  fr -1.35/-0.16  bl -1.35/-0.18  br -1.17/-0.29
──    zero  v_des +0.00 rad/s  τ_ff +0.00  1.5 s
   t= 0.0  des +0.00  v/τ: fl -1.16/-0.30  fr -1.35/-0.16  bl -1.36/-0.16  br -1.24/-0.26
   t= 0.5  des +0.00  v/τ: fl +0.04/-0.02  fr +0.01/-0.01  bl -0.00/-0.01  br -0.00/-0.01
   t= 1.0  des +0.00  v/τ: fl -0.00/+0.01  fr +0.01/-0.01  bl -0.00/-0.01  br -0.00/-0.01
──    zero  v_des +0.00 rad/s  τ_ff +0.00  1 s
   t= 0.0  des +0.00  v/τ: fl -0.00/+0.01  fr +0.03/-0.02  bl -0.00/-0.01  br -0.00/-0.01
   t= 0.5  des +0.00  v/τ: fl -0.00/+0.01  fr -0.00/-0.01  bl -0.00/-0.01  br -0.00/-0.01
──      +3  v_des +3.00 rad/s  τ_ff +0.00  2 s
   t= 0.0  des +3.00  v/τ: fl -0.00/+0.00  fr -0.00/-0.01  bl -0.00/-0.00  br -0.00/-0.01
   t= 0.5  des +3.00  v/τ: fl +2.82/+0.20  fr +2.90/+0.13  bl +2.82/+0.18  br +2.75/+0.17
   t= 1.0  des +3.00  v/τ: fl +2.92/+0.12  fr +2.86/+0.14  bl +2.79/+0.19  br +2.74/+0.21
   t= 1.5  des +3.00  v/τ: fl +2.69/+0.22  fr +2.88/+0.15  bl +2.72/+0.22  br +2.80/+0.13
──    zero  v_des +0.00 rad/s  τ_ff +0.00  1.5 s
   t= 0.0  des +0.00  v/τ: fl +2.80/+0.23  fr +2.84/+0.15  bl +2.85/+0.16  br +2.79/+0.14
   t= 0.5  des +0.00  v/τ: fl -0.00/-0.00  fr -0.00/+0.01  bl -0.00/+0.02  br -0.00/-0.01
   t= 1.0  des +0.00  v/τ: fl -0.00/-0.00  fr -0.00/+0.00  bl -0.00/-0.00  br -0.00/-0.01
──      -3  v_des -3.00 rad/s  τ_ff +0.00  2 s
   t= 0.0  des -3.00  v/τ: fl -0.00/-0.01  fr -0.00/-0.02  bl -0.00/-0.01  br -0.00/-0.01
   t= 0.5  des -3.00  v/τ: fl -2.91/-0.12  fr -2.84/-0.18  bl -2.73/-0.24  br -2.91/-0.10
   t= 1.0  des -3.00  v/τ: fl -2.93/-0.10  fr -2.77/-0.21  bl -2.99/-0.05  br -2.82/-0.16
   t= 1.5  des -3.00  v/τ: fl -2.85/-0.18  fr -2.85/-0.17  bl -2.78/-0.22  br -2.82/-0.21
──    zero  v_des +0.00 rad/s  τ_ff +0.00  1.5 s
   t= 0.0  des +0.00  v/τ: fl -2.81/-0.18  fr -2.94/-0.08  bl -2.81/-0.21  br -2.88/-0.15
   t= 0.5  des +0.00  v/τ: fl -0.00/-0.00  fr -0.01/-0.01  bl -0.00/-0.01  br -0.00/-0.01
   t= 1.0  des +0.00  v/τ: fl -0.00/-0.01  fr -0.00/-0.00  bl -0.00/-0.00  br -0.00/-0.01
──    zero  v_des +0.00 rad/s  τ_ff +0.00  1 s
   t= 0.0  des +0.00  v/τ: fl -0.00/-0.01  fr -0.00/+0.01  bl -0.00/-0.01  br -0.00/-0.01
   t= 0.5  des +0.00  v/τ: fl -0.07/+0.02  fr -0.02/+0.01  bl -0.00/-0.00  br -0.00/-0.01
──      +5  v_des +5.00 rad/s  τ_ff +0.00  2 s
   t= 0.0  des +5.00  v/τ: fl -0.00/-0.00  fr -0.00/-0.01  bl -0.00/+0.00  br -0.00/-0.01
   t= 0.5  des +5.00  v/τ: fl +4.63/+0.35  fr +4.78/+0.20  bl +4.75/+0.21  br +4.80/+0.11
   t= 1.0  des +5.00  v/τ: fl +4.88/+0.20  fr +4.71/+0.22  bl +4.98/+0.03  br +4.77/+0.27
   t= 1.5  des +5.00  v/τ: fl +4.81/+0.22  fr +4.73/+0.23  bl +4.87/+0.11  br +4.80/+0.24
──    zero  v_des +0.00 rad/s  τ_ff +0.00  1.5 s
   t= 0.0  des +0.00  v/τ: fl +4.89/+0.14  fr +4.86/+0.16  bl +4.83/+0.16  br +4.80/+0.22
   t= 0.5  des +0.00  v/τ: fl -0.00/-0.01  fr -0.01/-0.00  bl -0.00/+0.00  br -0.00/-0.00
   t= 1.0  des +0.00  v/τ: fl -0.00/-0.01  fr -0.00/-0.01  bl -0.00/+0.00  br -0.00/-0.00
──      -5  v_des -5.00 rad/s  τ_ff +0.00  2 s
   t= 0.0  des -5.00  v/τ: fl -0.00/-0.01  fr -0.00/-0.01  bl -0.00/+0.00  br -0.00/-0.01
   t= 0.5  des -5.00  v/τ: fl -4.54/-0.35  fr -4.84/-0.15  bl -4.75/-0.27  br -4.82/-0.20
   t= 1.0  des -5.00  v/τ: fl -4.65/-0.32  fr -4.80/-0.20  bl -4.88/-0.15  br -4.95/-0.05
   t= 1.5  des -5.00  v/τ: fl -4.79/-0.27  fr -4.92/-0.11  bl -4.75/-0.23  br -4.88/-0.22
──    zero  v_des +0.00 rad/s  τ_ff +0.00  1.5 s
   t= 0.0  des +0.00  v/τ: fl -4.78/-0.27  fr -4.92/-0.08  bl -4.85/-0.20  br -4.80/-0.17
   t= 0.5  des +0.00  v/τ: fl -0.00/-0.01  fr -0.00/-0.01  bl -0.00/-0.01  br -0.00/-0.00
   t= 1.0  des +0.00  v/τ: fl -0.00/-0.02  fr -0.00/-0.01  bl -0.00/-0.01  br -0.00/-0.00
✅ 已解凍 mc_ctrl，狀態=S

✅ 序列跑完　6419 筆（200 Hz）
📊 /home/robot/m_logs/M11_20260909_152844.json
📄 /home/robot/m_logs/M11_20260909_152844.log
本機：conda run -n rbtdog python task7/inference/wheel_sysid.py task7/logs/m_logs_tripNN/M11_*.json
