M11 —— 輪子速度伺服系統辨識　協定 noise　kd 0.5　輪 ['fl4_foot', 'fr4_foot', 'bl4_foot', 'br4_foot']
   序列 3 段、共 12.5 s：hold0(5s) → hold2(6s) → zero(1.5s)
   保護：|v| > 8.0 rad/s 或 |τ| > 5.0 N·m 或抖振 → 歸零；腿全程洩力

   ⚠️ 確認：狗肚子墊高、**四輪完全離地可自由轉**、手邊有急停。

✅ 結構檢查通過
✅ 16 顆全部洩力中
✅ mc_ctrl PID=2416 狀態=S
✅ 已凍結 mc_ctrl（T）

──   hold0  v_des +0.00 rad/s  τ_ff +0.00  5 s
   t= 0.0  des +0.00  v/τ: fl -0.00/+0.01  fr -0.00/-0.00  bl -0.00/-0.00  br -0.00/-0.00
   t= 0.5  des +0.00  v/τ: fl -0.00/-0.01  fr -0.00/+0.00  bl -0.00/-0.00  br -0.00/-0.00
   t= 1.0  des +0.00  v/τ: fl -0.00/-0.00  fr -0.00/+0.01  bl -0.00/-0.00  br -0.00/-0.01
   t= 1.5  des +0.00  v/τ: fl -0.00/-0.01  fr -0.00/+0.00  bl -0.00/-0.01  br -0.00/-0.01
   t= 2.0  des +0.00  v/τ: fl -0.00/+0.00  fr -0.00/-0.01  bl -0.00/-0.01  br -0.00/-0.01
   t= 2.5  des +0.00  v/τ: fl -0.00/-0.01  fr -0.00/+0.00  bl -0.00/-0.01  br -0.00/-0.01
   t= 3.0  des +0.00  v/τ: fl -0.00/-0.01  fr -0.00/-0.01  bl -0.00/+0.00  br -0.00/-0.00
   t= 3.5  des +0.00  v/τ: fl -0.00/-0.00  fr -0.00/+0.01  bl -0.00/+0.00  br -0.00/+0.01
   t= 4.0  des +0.00  v/τ: fl -0.00/-0.00  fr -0.00/-0.01  bl -0.00/+0.00  br -0.00/-0.00
   t= 4.5  des +0.00  v/τ: fl -0.00/-0.01  fr -0.00/+0.00  bl -0.00/-0.01  br -0.00/-0.00
──   hold2  v_des +2.00 rad/s  τ_ff +0.15  6 s
   t= 0.0  des +2.00  v/τ: fl -0.00/+0.00  fr -0.00/+0.00  bl -0.00/-0.00  br -0.00/-0.01
   t= 0.5  des +2.00  v/τ: fl +1.97/+0.18  fr +1.97/+0.18  bl +2.06/+0.12  br +2.10/+0.12
   t= 1.0  des +2.00  v/τ: fl +1.81/+0.19  fr +2.03/+0.13  bl +2.07/+0.15  br +1.82/+0.23
   t= 1.5  des +2.00  v/τ: fl +1.82/+0.21  fr +2.01/+0.15  bl +1.96/+0.14  br +2.01/+0.15
   t= 2.0  des +2.00  v/τ: fl +2.10/+0.14  fr +2.03/+0.13  bl +2.01/+0.16  br +2.05/+0.17
   t= 2.5  des +2.00  v/τ: fl +1.69/+0.24  fr +1.93/+0.17  bl +2.03/+0.16  br +1.89/+0.16
   t= 3.0  des +2.00  v/τ: fl +1.84/+0.22  fr +1.98/+0.15  bl +2.05/+0.16  br +2.11/+0.10
   t= 3.5  des +2.00  v/τ: fl +1.89/+0.20  fr +1.97/+0.16  bl +2.01/+0.16  br +1.75/+0.25
   t= 4.0  des +2.00  v/τ: fl +2.01/+0.16  fr +1.96/+0.17  bl +1.90/+0.17  br +1.89/+0.15
   t= 4.5  des +2.00  v/τ: fl +2.01/+0.17  fr +1.97/+0.17  bl +2.03/+0.14  br +2.21/+0.08
   t= 5.0  des +2.00  v/τ: fl +2.02/+0.14  fr +2.02/+0.14  bl +2.12/+0.10  br +2.14/+0.10
   t= 5.5  des +2.00  v/τ: fl +2.05/+0.14  fr +2.01/+0.16  bl +1.94/+0.17  br +2.05/+0.10
──    zero  v_des +0.00 rad/s  τ_ff +0.00  1.5 s
   t= 0.0  des +0.00  v/τ: fl +2.13/+0.12  fr +1.93/+0.16  bl +1.91/+0.20  br +2.13/+0.11
   t= 0.5  des +0.00  v/τ: fl +0.01/+0.01  fr -0.00/+0.01  bl -0.00/-0.01  br -0.00/+0.00
   t= 1.0  des +0.00  v/τ: fl -0.00/+0.00  fr -0.00/-0.01  bl -0.00/-0.00  br -0.00/-0.01
✅ 已解凍 mc_ctrl，狀態=S

✅ 序列跑完　2502 筆（200 Hz）
📊 /home/robot/m_logs/M11_20260909_153126.json
📄 /home/robot/m_logs/M11_20260909_153126.log
本機：conda run -n rbtdog python task7/inference/wheel_sysid.py task7/logs/m_logs_tripNN/M11_*.json
