M9 —— 步態（★★★ 承重、連續、動態觸地）　模式：播放 A_kp250_walk.json

⚠️⚠️ 確認：狗趴在地上、16 顆洩力、**吊帶掛在 292 mm 以下且鬆弛**、
      **地面淨空且留出走動空間**、第二個終端機備著 estop。

✅ 結構檢查通過
✅ 16 顆全部洩力中
✅ mc_ctrl PID=2434 狀態=S
✅ 機身姿態 roll -1.1° pitch -0.4°
✅ 前後膝反號（後腿往前彎，原廠預設）

軌跡檔：前進　duty 0.8 ω 1.4 d_step 0.1 x_off -0.03 g_c 0.048 z_sag 0.0360

RL policy：cpg_rl_max_v2_3_np.npz　preset v2.3　obs 66 act 10　sha 5a9de707c38b
  指令 vx 0.3 wz 0　混合比例 1　起步淡入 50 步
✅ 基準步態與 policy 訓練基準一致（說兩次）
✅ 推論 0.16 ms/步（預算 10 ms）

互動模式　最壞情況 110.0 秒：
  站起來 6.5 ＋ 等①15 ＋ 降增益 1.5 ＋ 淡入 2.0 ＋ 走 60 ＋ 淡出 2.0 ＋ 升增益 1.5 ＋ 等③15 ＋ 趴下 6.5
  （等②就是「走」那段；三個等待逾時都是自動往下走，不是中止）
✅ 在承重上限 120 秒之內

步態最大命令速度 9.61 rad/s（bl3_knee_pitch）　上限 14.0
✅ 在上限內（⚠️ 保護門檻 --vmax 18.0 必須高於這個，否則會誤中止）
✅ 步態全程在機構限位內

增益：步態 ABAD 60 / HIP·KNEE 250　kd 2.0（站立段一律 250）　輪 **kp 0** kd 0.5（純阻尼）
保護：力矩 ABAD 50 / HIP 50 / KNEE 70、硬上限 120
      誤差 0.6 rad、速度 18.0 rad/s、傾角 ±20°、迴圈間隔 250 ms
🎮 遙控：READY 按 Enter → 站好等鍵；**按住 W 走、放開站好、空白鍵急停**；站好時 Enter 收工

✅ 已凍結 mc_ctrl（T）

     t           階段     kp     最大|誤差|    最大|τ|               關節   roll  pitch      輪速
  0.00      RAMP_UP      0     0.0000     0.07   br3_knee_pitch   -1.1   -0.4    0.00
  0.25      RAMP_UP     31     0.0000     0.08    br2_hip_pitch   -1.1   -0.4    0.00
  0.51      RAMP_UP     63     0.0000     0.09   fl3_knee_pitch   -1.1   -0.4    0.00
  0.76      RAMP_UP     94     0.0000     0.08   fl3_knee_pitch   -1.1   -0.4    0.00
  1.01      RAMP_UP    126     0.0000     0.08    bl2_hip_pitch   -1.1   -0.4    0.00
  1.26      RAMP_UP    158     0.0000     0.13   fl3_knee_pitch   -1.1   -0.4    0.00
  1.52      RAMP_UP    189     0.0000     0.13    br2_hip_pitch   -1.1   -0.4    0.00
  1.77      RAMP_UP    221     0.0000     0.13    fr2_hip_pitch   -1.1   -0.4    0.00

  ▸ RAMP_UP 結束（時間到），進入 GO_crouch

  2.02    GO_crouch    250     0.0002     0.22     bl1_hip_roll   -1.1   -0.4    0.00
  2.27    GO_crouch    250     0.0363     8.35     fl1_hip_roll   -1.1   -0.4    0.04
  2.53    GO_crouch    250     0.1028    24.72   br3_knee_pitch   -0.7   -0.7    0.61
  2.78    GO_crouch    250     0.0992    22.98     fr1_hip_roll   -0.1   -1.0    1.27
  3.04    GO_crouch    250     0.1081    25.16     fr1_hip_roll   +0.4   -1.2    1.14
  3.29    GO_crouch    250     0.1009    24.09   fr3_knee_pitch   +0.9   -1.4    0.78

  ▸ GO_crouch 結束（時間到），進入 HOLD_crouch

  3.54  HOLD_crouch    250     0.0911    22.65   br3_knee_pitch   +1.1   -1.4    0.46
  3.79  HOLD_crouch    250     0.0911    22.72   br3_knee_pitch   +1.1   -1.4    0.00
  4.05  HOLD_crouch    250     0.0911    22.70   br3_knee_pitch   +1.1   -1.4    0.00
  4.30  HOLD_crouch    250     0.0911    22.73   br3_knee_pitch   +1.1   -1.4    0.00
  4.55  HOLD_crouch    250     0.0911    22.67   br3_knee_pitch   +1.1   -1.4    0.00
  4.81  HOLD_crouch    250     0.0911    22.68   br3_knee_pitch   +1.1   -1.4    0.01

  ▸ HOLD_crouch 結束（時間到），進入 GO_stand

  5.06     GO_stand    250     0.0947    23.34   fr3_knee_pitch   +1.1   -1.4    0.00
  5.31     GO_stand    250     0.1119    23.97   fr3_knee_pitch   +1.0   -1.4    0.44
  5.56     GO_stand    250     0.1192    23.54   br3_knee_pitch   +1.1   -1.5    0.45
  5.82     GO_stand    250     0.1111    21.39   fr3_knee_pitch   +1.2   -1.6    0.47
  6.07     GO_stand    250     0.0973    19.29   fr3_knee_pitch   +1.1   -1.6    0.20
  6.32     GO_stand    250     0.0792    16.88   fr3_knee_pitch   +1.0   -1.6    0.05

  ▸ GO_stand 結束（時間到），進入 READY

  6.58        READY    250     0.0660    17.33   br3_knee_pitch   +1.0   -1.6    0.15
  6.83        READY    250     0.0660    16.64   fr3_knee_pitch   +1.0   -1.5    0.03
  7.08        READY    250     0.0660    16.63   fr3_knee_pitch   +1.0   -1.5    0.03
  7.34        READY    250     0.0641    16.01   fr3_knee_pitch   +1.0   -1.6    0.03
  7.59        READY    250     0.0618    15.58   fr3_knee_pitch   +1.0   -1.6    0.00
  7.84        READY    250     0.0617    15.42   fr3_knee_pitch   +1.0   -1.6    0.00
  8.09        READY    250     0.0617    15.39   fr3_knee_pitch   +1.0   -1.6    0.00
  8.35        READY    250     0.0617    15.40   fr3_knee_pitch   +1.0   -1.6    0.00
  8.60        READY    250     0.0617    15.38   fr3_knee_pitch   +1.0   -1.6    0.00
  8.85        READY    250     0.0617    15.34   br3_knee_pitch   +1.0   -1.6    0.00
  9.10        READY    250     0.0617    15.37   fr3_knee_pitch   +1.0   -1.6    0.01
  9.35        READY    250     0.0626    15.52   fl3_knee_pitch   +0.9   -1.7    0.00
  9.60        READY    250     0.0626    15.58   fl3_knee_pitch   +0.9   -1.7    0.00
  9.85        READY    250     0.0626    15.58   fl3_knee_pitch   +0.9   -1.7    0.00
 10.11        READY    250     0.0626    15.58   fl3_knee_pitch   +1.0   -1.6    0.00
 10.36        READY    250     0.0626    15.50   fl3_knee_pitch   +1.0   -1.6    0.00
 10.62        READY    250     0.0626    15.54   fl3_knee_pitch   +1.0   -1.6    0.00
 10.87        READY    250     0.0626    15.56   fl3_knee_pitch   +1.0   -1.6    0.00
 11.12        READY    250     0.0626    15.56   fl3_knee_pitch   +1.0   -1.6    0.00
 11.37        READY    250     0.0618    15.40   fl3_knee_pitch   +1.0   -1.6    0.14
 11.63        READY    250     0.0614    15.34   fl3_knee_pitch   +1.0   -1.6    0.00
 11.88        READY    250     0.0614    15.34   fl3_knee_pitch   +1.1   -1.7    0.04
 12.13        READY    250     0.0614    15.32   fl3_knee_pitch   +1.1   -1.7    0.00
 12.39        READY    250     0.0614    15.35   fl3_knee_pitch   +1.1   -1.7    0.00
 12.64        READY    250     0.0614    15.30   fl3_knee_pitch   +1.1   -1.7    0.00
 12.89        READY    250     0.0614    15.35   fl3_knee_pitch   +1.1   -1.7    0.00
 13.14        READY    250     0.0614    15.32   fl3_knee_pitch   +1.0   -1.7    0.00
 13.40        READY    250     0.0614    15.35   fl3_knee_pitch   +1.0   -1.7    0.00
 13.65        READY    250     0.0614    15.37   fl3_knee_pitch   +1.0   -1.7    0.00
 13.90        READY    250     0.0614    15.32   fl3_knee_pitch   +1.0   -1.7    0.03
 14.15        READY    250     0.0614    15.35   fl3_knee_pitch   +1.0   -1.7    0.00
 14.41        READY    250     0.0614    15.38   fl3_knee_pitch   +1.0   -1.7    0.00
 14.66        READY    250     0.0614    15.35   fl3_knee_pitch   +1.0   -1.7    0.00
 14.91        READY    250     0.0614    15.36   fl3_knee_pitch   +1.0   -1.7    0.00
 15.17        READY    250     0.0614    15.37   fl3_knee_pitch   +1.0   -1.7    0.00
 15.42        READY    250     0.0614    15.37   fl3_knee_pitch   +1.0   -1.7    0.00
 15.67        READY    250     0.0614    15.35   fl3_knee_pitch   +1.0   -1.7    0.00
 15.92        READY    250     0.0614    15.32   fl3_knee_pitch   +1.0   -1.7    0.00
 16.18        READY    250     0.0614    15.37   fl3_knee_pitch   +1.0   -1.7    0.00
 16.43        READY    250     0.0614    15.38   fl3_knee_pitch   +1.0   -1.7    0.00
 16.68        READY    250     0.0614    95.87     fl1_hip_roll   +1.0   -1.7    0.00
 16.94        READY    250     0.0611    15.21   fl3_knee_pitch   +1.0   -1.7    0.00
 17.19        READY    250     0.0611    15.22   fl3_knee_pitch   +1.0   -1.7    0.00
 17.44        READY    250     0.0611    15.13   fl3_knee_pitch   +1.0   -1.7    0.00
 17.69        READY    250     0.0611    15.16   fl3_knee_pitch   +1.0   -1.7    0.00
 17.94        READY    250     0.0611    15.15   fl3_knee_pitch   +1.0   -1.7    0.00
 18.20        READY    250     0.0611    15.19   fl3_knee_pitch   +1.0   -1.7    0.00
 18.45        READY    250     0.0611    15.21   fl3_knee_pitch   +1.0   -1.7    0.00
 18.70        READY    250     0.0611    15.21   fl3_knee_pitch   +1.0   -1.7    0.00
 18.96        READY    250     0.0611    15.15   fl3_knee_pitch   +1.0   -1.7    0.00
 19.21        READY    250     0.0611    15.18   fl3_knee_pitch   +1.0   -1.7    0.00
 19.47        READY    250     0.0611    15.23   fl3_knee_pitch   +1.0   -1.7    0.00
 19.72        READY    250     0.0611    15.21   fl3_knee_pitch   +1.0   -1.7    0.00
 19.97        READY    250     0.0611    15.18   fl3_knee_pitch   +1.0   -1.7    0.00
 20.22        READY    250     0.0611    15.18   fl3_knee_pitch   +1.0   -1.7    0.00
 20.48        READY    250     0.0611    15.19   fl3_knee_pitch   +1.0   -1.7    0.00
 20.73        READY    250     0.0611    15.16   fl3_knee_pitch   +1.0   -1.7    0.00
 20.98        READY    250     0.0611    15.23   fl3_knee_pitch   +1.0   -1.7    0.00
 21.24        READY    250     0.0611    15.19   fl3_knee_pitch   +1.0   -1.7    0.00
 21.49        READY    250     0.0611    15.18   fl3_knee_pitch   +1.0   -1.7    0.00

  ▸ READY 結束（逾時 15 s（自動繼續）），進入 KP_DOWN

 21.74      KP_DOWN    250     0.0611    15.22   fl3_knee_pitch   +1.0   -1.7    0.00
 21.99      KP_DOWN    250     0.0611    15.16   fl3_knee_pitch   +1.0   -1.7    0.00
 22.24      KP_DOWN    250     0.0611    15.26   fl3_knee_pitch   +1.0   -1.6    0.25
 22.50      KP_DOWN    250     0.0607    15.19   fl3_knee_pitch   +1.0   -1.6    0.01
 22.75      KP_DOWN    250     0.0607    15.19   fl3_knee_pitch   +1.0   -1.7    0.01

  ▸ KP_DOWN 結束（時間到），進入 TELEOP

 23.00       TELEOP    250     0.0607    15.07   fl3_knee_pitch   +0.9   -1.7    0.00
 23.26 TELEOP_STAND    250     0.0598    15.01   fr3_knee_pitch   +1.0   -1.7    0.03
 23.51 TELEOP_STAND    250     0.0598    14.99   fr3_knee_pitch   +1.0   -1.7    0.00
 23.76 TELEOP_STAND    250     0.0598    15.05   fr3_knee_pitch   +1.0   -1.7    0.00
 24.01 TELEOP_STAND    250     0.0598    15.03   fr3_knee_pitch   +1.0   -1.7    0.00
 24.27 TELEOP_STAND    250     0.0606    15.07   fr3_knee_pitch   +1.0   -1.7    0.00
 24.52 TELEOP_STAND    250     0.0606    15.02   fr3_knee_pitch   +1.0   -1.7    0.00
 24.77 TELEOP_STAND    250     0.0606    15.03   fr3_knee_pitch   +1.0   -1.7    0.00
 25.03 TELEOP_STAND    250     0.0606    15.04   fr3_knee_pitch   +1.0   -1.7    0.00
 25.28 TELEOP_STAND    250     0.0606    15.02   fr3_knee_pitch   +1.0   -1.7    0.00
 25.53 TELEOP_STAND    250     0.0606    14.99   fr3_knee_pitch   +1.0   -1.7    0.00
 25.78 TELEOP_STAND    250     0.0606    15.01   fr3_knee_pitch   +1.0   -1.7    0.00
 26.04 TELEOP_STAND    250     0.0606    15.00   fr3_knee_pitch   +1.0   -1.7    0.00
 26.29 TELEOP_STAND    250     0.0606    14.98   fr3_knee_pitch   +1.0   -1.7    0.00
 26.54 TELEOP_STAND    250     0.0606    15.01   fr3_knee_pitch   +1.0   -1.7    0.00
 26.79 TELEOP_STAND    250     0.0606    15.04   fr3_knee_pitch   +1.0   -1.7    0.00
 27.04 TELEOP_STAND    250     0.0606    15.02   fr3_knee_pitch   +1.0   -1.7    0.00
 27.29 TELEOP_STAND    250     0.0606    15.01   fr3_knee_pitch   +1.0   -1.7    0.00
 27.55 TELEOP_STAND    250     0.0606    15.00   br3_knee_pitch   +1.0   -1.7    0.00
 27.80 TELEOP_STAND    250     0.0606    15.02   fr3_knee_pitch   +1.0   -1.7    0.00
 28.06 TELEOP_STAND    250     0.0606    15.02   fr3_knee_pitch   +1.0   -1.7    0.00
 28.31 TELEOP_STAND    250     0.0602    15.02   fr3_knee_pitch   +1.0   -1.6    0.04
 28.56 TELEOP_STAND    250     0.0602    15.02   fr3_knee_pitch   +1.0   -1.6    0.00
 28.81 TELEOP_STAND    250     0.0602    14.96   fr3_knee_pitch   +1.0   -1.7    0.04
 29.07 TELEOP_STAND    250     0.0602    15.04   fr3_knee_pitch   +1.0   -1.7    0.00
 29.32 TELEOP_STAND    250     0.0602    15.02   fr3_knee_pitch   +1.2   -1.7    0.07
 29.57 TELEOP_STAND    250     0.0602    15.01   fr3_knee_pitch   +1.2   -1.7    0.00
 29.82 TELEOP_STAND    250     0.0602    15.01   fr3_knee_pitch   +1.1   -1.7    0.00
 30.07 TELEOP_STAND    250     0.0602    15.05   fr3_knee_pitch   +1.1   -1.7    0.00
 30.33 TELEOP_STAND    250     0.0602    15.03   fr3_knee_pitch   +1.1   -1.7    0.00
 30.58 TELEOP_STAND    250     0.0602    15.04   fr3_knee_pitch   +1.1   -1.7    0.00

  ▸ 遙控 STAND → GAIT_IN（按住 W（第 1 段））

 30.83 TELEOP_GAIT_IN    250     0.0608    15.08   fr3_knee_pitch   +1.1   -1.7    0.03
 31.08 TELEOP_GAIT_IN    250     0.0632    15.86   fr3_knee_pitch   +1.0   -1.7    0.31
 31.34 TELEOP_GAIT_IN    250     0.0794    20.47   fl3_knee_pitch   +1.8   -1.4    1.04
 31.59 TELEOP_GAIT_IN    250     0.1633    38.54   bl3_knee_pitch   -0.5   -2.6    0.33
 31.84 TELEOP_GAIT_IN    250     0.1622    23.20    br2_hip_pitch   +2.0   -2.5    1.81
 32.10 TELEOP_GAIT_IN    250     0.1772    32.69    fr2_hip_pitch   +2.7   -0.9    1.84
 32.35 TELEOP_GAIT_IN    250     0.3140    43.65   bl3_knee_pitch   -1.3   -2.6    1.25
 32.60 TELEOP_GAIT_IN    250     0.1052    23.71   bl3_knee_pitch   +1.3   -1.2   11.50

  ▸ 遙控 GAIT_IN → GAIT（淡入完成）

 32.86  TELEOP_GAIT    250     0.2125    24.06   fr3_knee_pitch   +1.0   -1.0    0.93
 33.11  TELEOP_GAIT    250     0.1532    32.59   br3_knee_pitch   -0.5   -2.0    4.08
 33.36  TELEOP_GAIT    250     0.2088    27.05   fr3_knee_pitch   +0.7   -1.4    1.76
 33.62  TELEOP_GAIT    250     0.0981    24.00    br2_hip_pitch   +1.5   -0.9    1.48
 33.88  TELEOP_GAIT    250     0.1386    24.15    fr2_hip_pitch   +1.5   -2.8    2.56
 34.13  TELEOP_GAIT    250     0.1797    25.88   fr3_knee_pitch   +2.4   -1.1    0.93
 34.38  TELEOP_GAIT    250     0.2340    42.80   br3_knee_pitch   +4.8   -2.3    1.18
 34.63  TELEOP_GAIT    250     0.1372    27.04   fl3_knee_pitch   +2.9   -1.9    0.89
 34.89  TELEOP_GAIT    250     0.1337    20.80   fr3_knee_pitch   +2.4   -1.0    0.95
 35.14  TELEOP_GAIT    250     0.1938    24.16    br2_hip_pitch   +3.9   -2.3    2.40
 35.40  TELEOP_GAIT    250     0.1295    23.17    fr2_hip_pitch   +3.9   -1.3    0.82
 35.65  TELEOP_GAIT    250     0.2193    27.60   bl3_knee_pitch   +0.4   -2.2    2.35
 35.90  TELEOP_GAIT    250     0.1868    25.10   fr3_knee_pitch   +2.3   -1.9    2.29
 36.15  TELEOP_GAIT    250     0.1784    30.48   fr3_knee_pitch   +2.2   -1.9    1.03
 36.40  TELEOP_GAIT    250     0.1681    29.58   br3_knee_pitch   +2.2   -3.1    5.21
 36.66  TELEOP_GAIT    250     0.2238    29.10   fr3_knee_pitch   +1.7   -1.8    2.58
 36.91  TELEOP_GAIT    250     0.2983    26.80   br3_knee_pitch   +4.5   -2.4    1.27
 37.16  TELEOP_GAIT    250     0.1389    37.47    fr2_hip_pitch   +2.5   -2.9    1.34
 37.41  TELEOP_GAIT    250     0.1994    30.08   fl3_knee_pitch   +3.4   -1.1    0.93
 37.67  TELEOP_GAIT    250     0.1559    33.42   br3_knee_pitch   +5.7   -3.1    3.23
 37.92  TELEOP_GAIT    250     0.2649    34.22   fr3_knee_pitch   +4.2   -2.5    0.97
 38.17  TELEOP_GAIT    250     0.0881    37.35   bl3_knee_pitch   +1.5   -2.1   16.86
 38.42  TELEOP_GAIT    250     0.1089    20.11   bl3_knee_pitch   +3.9   -2.1    3.33
 38.68  TELEOP_GAIT    250     0.1480    17.25   fl3_knee_pitch   +4.2   -2.2    0.48
 38.93  TELEOP_GAIT    250     0.1367    28.81   br3_knee_pitch   +1.9   -2.4    1.52
 39.18  TELEOP_GAIT    250     0.1827    27.20   fr3_knee_pitch   +2.0   -2.1    2.43
 39.43  TELEOP_GAIT    250     0.1091    26.06   fl3_knee_pitch   +4.0   -1.6    1.63
 39.68  TELEOP_GAIT    250     0.1414    32.42    fr2_hip_pitch   +3.0   -3.3    2.13
 39.93  TELEOP_GAIT    250     0.1605    22.00   fr3_knee_pitch   +3.9   -1.2    0.20
 40.19  TELEOP_GAIT    250     0.2260    38.13   br3_knee_pitch   +5.6   -2.4    1.69

  ▸ policy 退回開迴路 A（按停淡出：淡出段走純 A）—— 走路繼續


  ▸ 遙控 GAIT → GAIT_OUT（放開）

 40.44 TELEOP_GAIT_OUT    250     0.1668    26.40   br3_knee_pitch   +4.7   -2.1    1.79
 40.70 TELEOP_GAIT_OUT    250     0.1987    25.17   fl3_knee_pitch   +4.0   -0.8    1.66
 40.95 TELEOP_GAIT_OUT    250     0.1892    26.56   br3_knee_pitch   +7.8   -4.5    1.81
 41.21 TELEOP_GAIT_OUT    250     0.1452    22.96   fr3_knee_pitch   +3.8   -2.1    7.82
 41.46 TELEOP_GAIT_OUT    250     0.0868    18.65   fr3_knee_pitch   +1.7   +0.8    1.22
 41.71 TELEOP_GAIT_OUT    250     0.1496    35.32   br3_knee_pitch   +6.0   -2.4    1.96
 41.97 TELEOP_GAIT_OUT    250     0.0822    13.39   br3_knee_pitch   +3.2   -1.7    0.57
 42.22 TELEOP_GAIT_OUT    250     0.0833    16.12   fl3_knee_pitch   +2.6   -1.3    0.30

  ▸ 遙控 GAIT_OUT → STAND（淡出完成）

 42.47 TELEOP_STAND    250     0.0807    15.03   bl3_knee_pitch   +2.7   -1.3    0.00
 42.73 TELEOP_STAND    250     0.0803    14.96   bl3_knee_pitch   +2.4   -1.2    0.26
 42.98 TELEOP_STAND    250     0.0803    14.94   bl3_knee_pitch   +2.1   -1.1    0.00
 43.23 TELEOP_STAND    250     0.0803    14.90   bl3_knee_pitch   +1.9   -1.0    0.00
 43.49 TELEOP_STAND    250     0.0803    14.94   bl3_knee_pitch   +1.7   -0.9    0.00
 43.74 TELEOP_STAND    250     0.0803    14.83   bl3_knee_pitch   +1.5   -0.8    0.01
 43.99 TELEOP_STAND    250     0.0803    14.93   bl3_knee_pitch   +1.4   -0.8    0.00
 44.25 TELEOP_STAND    250     0.0803    14.94   bl3_knee_pitch   +1.2   -0.7    0.00
 44.50 TELEOP_STAND    250     0.0803    14.95   bl3_knee_pitch   +1.1   -0.7    0.00
 44.75 TELEOP_STAND    250     0.0803    14.89   bl3_knee_pitch   +1.0   -0.6    0.00
 45.00 TELEOP_STAND    250     0.0803    14.88   bl3_knee_pitch   +0.9   -0.6    0.00
 45.26 TELEOP_STAND    250     0.0803    15.00   bl3_knee_pitch   +0.8   -0.6    0.00
 45.51 TELEOP_STAND    250     0.0803    14.99   bl3_knee_pitch   +0.7   -0.6    0.00
 45.76 TELEOP_STAND    250     0.0803    14.95   bl3_knee_pitch   +0.6   -0.5    0.00
 46.02 TELEOP_STAND    250     0.0803    14.96   bl3_knee_pitch   +0.6   -0.5    0.00
 46.27 TELEOP_STAND    250     0.0803    14.93   bl3_knee_pitch   +0.5   -0.5    0.00
 46.52 TELEOP_STAND    250     0.0803    14.90   bl3_knee_pitch   +0.5   -0.5    0.00
 46.78 TELEOP_STAND    250     0.0803    14.96   bl3_knee_pitch   +0.4   -0.5    0.00
 47.03 TELEOP_STAND    250     0.0803    14.98   bl3_knee_pitch   +0.4   -0.5    0.00
 47.28 TELEOP_STAND    250     0.0803    14.96   bl3_knee_pitch   +0.4   -0.4    0.00
 47.53 TELEOP_STAND    250     0.0803    14.90   bl3_knee_pitch   +0.3   -0.4    0.00
 47.78 TELEOP_STAND    250     0.0803    14.90   bl3_knee_pitch   +0.3   -0.4    0.00
 48.04 TELEOP_STAND    250     0.0803    14.98   bl3_knee_pitch   +0.3   -0.4    0.00
 48.29 TELEOP_STAND    250     0.0803    14.91   bl3_knee_pitch   +0.3   -0.4    0.00
 48.54 TELEOP_STAND    250     0.0803    14.94   bl3_knee_pitch   +0.2   -0.4    0.00
 48.79 TELEOP_STAND    250     0.0803    14.91   bl3_knee_pitch   +0.2   -0.4    0.00
 49.05 TELEOP_STAND    250     0.0803    14.99   bl3_knee_pitch   +0.2   -0.4    0.00
 49.30 TELEOP_STAND    250     0.0803    14.95   bl3_knee_pitch   +0.2   -0.4    0.00
 49.55 TELEOP_STAND    250     0.0803    14.94   bl3_knee_pitch   +0.2   -0.4    0.00
 49.81 TELEOP_STAND    250     0.0803    14.95   bl3_knee_pitch   +0.2   -0.4    0.00
 50.06 TELEOP_STAND    250     0.0803    14.96   bl3_knee_pitch   +0.2   -0.4    0.00
 50.31 TELEOP_STAND    250     0.0803    14.95   bl3_knee_pitch   +0.2   -0.4    0.04
 50.56 TELEOP_STAND    250     0.0803    14.98   bl3_knee_pitch   +0.2   -0.4    0.00
 50.82 TELEOP_STAND    250     0.0803    14.92   bl3_knee_pitch   +0.2   -0.4    0.00
 51.07 TELEOP_STAND    250     0.0795    14.97   bl3_knee_pitch   +0.2   -0.4    0.46
 51.32 TELEOP_STAND    250     0.0795    14.77   bl3_knee_pitch   +0.2   -0.4    0.04
 51.58 TELEOP_STAND    250     0.0795    14.76   bl3_knee_pitch   +0.2   -0.4    0.00
 51.83 TELEOP_STAND    250     0.0795    14.74   bl3_knee_pitch   +0.2   -0.4    0.00
 52.09 TELEOP_STAND    250     0.0795    14.74   bl3_knee_pitch   +0.2   -0.4    0.00
 52.34 TELEOP_STAND    250     0.0795    14.70   bl3_knee_pitch   +0.2   -0.4    0.00
 52.59 TELEOP_STAND    250     0.0795    14.74   bl3_knee_pitch   +0.2   -0.4    0.00
 52.85 TELEOP_STAND    250     0.0795    14.74   bl3_knee_pitch   +0.2   -0.4    0.00
 53.10 TELEOP_STAND    250     0.0795    14.74   bl3_knee_pitch   +0.2   -0.4    0.00
 53.35 TELEOP_STAND    250     0.0795    14.76   bl3_knee_pitch   +0.1   -0.4    0.00
 53.60 TELEOP_STAND    250     0.0795    14.70   bl3_knee_pitch   +0.1   -0.4    0.00
 53.86 TELEOP_STAND    250     0.0795    14.68   bl3_knee_pitch   +0.1   -0.4    0.00

  ▸ TELEOP 結束（按下 Enter），進入 KP_UP

 54.11        KP_UP    250     0.0795    14.74   bl3_knee_pitch   +0.1   -0.4    0.00
 54.36        KP_UP    250     0.0784    14.68   bl3_knee_pitch   +0.1   -0.4    0.00
 54.61        KP_UP    250     0.0772    14.66   bl3_knee_pitch   +0.1   -0.4    0.00
 54.86        KP_UP    250     0.0750    14.68   bl3_knee_pitch   +0.1   -0.4    0.00
 55.12        KP_UP    250     0.0573    14.21   fl3_knee_pitch   +0.2   -0.6    0.13
 55.37        KP_UP    250     0.0573    14.21   fl3_knee_pitch   +0.1   -0.7    0.04

  ▸ KP_UP 結束（時間到），進入 STOPPED

 55.62      STOPPED    250     0.0573    14.18   fl3_knee_pitch   +0.1   -0.8    0.06
 55.87      STOPPED    250     0.0573    14.16   fl3_knee_pitch   +0.2   -0.8    0.04
 56.13      STOPPED    250     0.0573    14.20   fl3_knee_pitch   +0.2   -0.8    0.00
 56.38      STOPPED    250     0.0573    14.22   fl3_knee_pitch   +0.2   -0.8    0.00
 56.63      STOPPED    250     0.0573    14.19   fl3_knee_pitch   +0.2   -0.8    0.00
 56.88      STOPPED    250     0.0573    14.30   fl3_knee_pitch   +0.2   -0.8    0.04
 57.14      STOPPED    250     0.0573    14.24   fl3_knee_pitch   +0.2   -0.8    0.00
 57.39      STOPPED    250     0.0595    14.98   fr3_knee_pitch   +0.4   -0.8    0.09
 57.64      STOPPED    250     0.0595    15.02   fr3_knee_pitch   +0.3   -0.8    0.03
 57.89      STOPPED    250     0.0595    15.02   fr3_knee_pitch   +0.3   -0.8    0.00
 58.15      STOPPED    250     0.0595    15.04   fr3_knee_pitch   +0.3   -0.8    0.00
 58.40      STOPPED    250     0.0595    15.02   fr3_knee_pitch   +0.3   -0.8    0.00
 58.65      STOPPED    250     0.0595    14.99   fr3_knee_pitch   +0.3   -0.8    0.01
 58.91      STOPPED    250     0.0595    15.04   fr3_knee_pitch   +0.3   -0.8    0.00
 59.16      STOPPED    250     0.0595    14.98   fr3_knee_pitch   +0.3   -0.8    0.00
 59.41      STOPPED    250     0.0595    15.02   fr3_knee_pitch   +0.3   -0.8    0.00
 59.66      STOPPED    250     0.0595    15.05   fr3_knee_pitch   +0.3   -0.8    0.04
 59.92      STOPPED    250     0.0595    14.99   fr3_knee_pitch   +0.3   -0.8    0.00
 60.17      STOPPED    250     0.0595    15.02   fr3_knee_pitch   +0.3   -0.8    0.03

  ▸ STOPPED 結束（按下 Enter），進入 SIT_crouch

 60.42   SIT_crouch    250     0.0573    14.41   br3_knee_pitch   +0.3   -0.9    0.13
 60.67   SIT_crouch    250     0.0434    12.70   fl3_knee_pitch   +0.3   -0.8    0.14
 60.92   SIT_crouch    250     0.0502    13.77   br3_knee_pitch   +0.4   -0.6    0.20
 61.17   SIT_crouch    250     0.0485    15.01   br3_knee_pitch   +0.3   -0.5    0.15
 61.43   SIT_crouch    250     0.0407    14.68   fl3_knee_pitch   +0.3   -0.6    0.44
 61.68   SIT_crouch    250     0.0550    16.42   br3_knee_pitch   +0.4   -0.8    0.32

  ▸ SIT_crouch 結束（時間到），進入 SIT_hold

 61.93     SIT_hold    250     0.0686    16.98   fl3_knee_pitch   +0.3   -0.8    0.08
 62.18     SIT_hold    250     0.0686    17.01   fl3_knee_pitch   +0.3   -0.8    0.00
 62.44     SIT_hold    250     0.0686    17.01   fl3_knee_pitch   +0.3   -0.8    0.00
 62.69     SIT_hold    250     0.0686    17.01   fl3_knee_pitch   +0.3   -0.8    0.00
 62.95     SIT_hold    250     0.0686    16.99   fl3_knee_pitch   +0.3   -0.8    0.00
 63.20     SIT_hold    250     0.0686    17.01   fl3_knee_pitch   +0.3   -0.8    0.00

  ▸ SIT_hold 結束（時間到），進入 SIT_LIE

 63.45      SIT_LIE    250     0.0643    16.17   fl3_knee_pitch   +0.3   -0.8    0.00
 63.70      SIT_LIE    250     0.0538    15.34   br3_knee_pitch   +0.2   -1.1    1.17
 63.95      SIT_LIE    250     0.0594    16.88   fl3_knee_pitch   -0.3   -1.1    1.44
 64.21      SIT_LIE    250     0.0714    21.26   fl3_knee_pitch   -0.7   -0.8    1.46
 64.46      SIT_LIE    250     0.0598    15.43   fr3_knee_pitch   -1.2   -0.6    0.68
 64.72      SIT_LIE    250     0.0147     3.72    fr2_hip_pitch   -1.4   -0.4    0.04

  ▸ SIT_LIE 結束（時間到），進入 RAMP_DOWN

 64.97    RAMP_DOWN    234     0.0111     2.52    fr2_hip_pitch   -1.5   -0.4    0.00
 65.23    RAMP_DOWN    202     0.0111     2.17    fr2_hip_pitch   -1.5   -0.4    0.00
 65.48    RAMP_DOWN    171     0.0111     1.86    fr2_hip_pitch   -1.5   -0.4    0.00
 65.73    RAMP_DOWN    139     0.0111     1.57    fr2_hip_pitch   -1.5   -0.4    0.00
 65.99    RAMP_DOWN    107     0.0111     1.16    fr2_hip_pitch   -1.5   -0.4    0.00
 66.24    RAMP_DOWN     76     0.0111     0.83    fr2_hip_pitch   -1.5   -0.4    0.00
 66.50    RAMP_DOWN     44     0.0111     0.53    fr2_hip_pitch   -1.5   -0.4    0.00
 66.75    RAMP_DOWN     12     0.0111     0.12    fr2_hip_pitch   -1.5   -0.4    0.00

✅ 互動流程走完（66.8 s）

============================================================================
✅ 序列完整跑完

關節                     峰值τ      門檻      用掉      ★超標筆數    (未濾)      剔除跳點
fl1_hip_roll        -25.48      50     51%          4       4         0  ⚠️
fl2_hip_pitch       -36.30      50     73%          2       2         0  ⚠️
fl3_knee_pitch      +55.21      70     79%          0       0         2
fr1_hip_roll        +27.00      50     54%          0       0         1
fr2_hip_pitch       -47.89      50     96%          1       1         0  ⚠️
fr3_knee_pitch      +47.12      70     67%          0       0         2
bl1_hip_roll        -24.22      50     48%          0       0         0
bl2_hip_pitch       +36.61      50     73%          2       2         0  ⚠️
bl3_knee_pitch      -52.77      70     75%          0       0         1
br1_hip_roll        +23.95      50     48%          0       1         1
br2_hip_pitch       -37.13      50     74%          1       1         0  ⚠️
br3_knee_pitch      -58.17      70     83%          0       0         1
  ⚠️⚠️ 有 10 筆超過門檻。**這一欄以前沒有，trip13 就是因此漏看的** ——
     當時 bl3 整趟 13 筆超標（峰值 114%），但收工表只印峰值，
     而最長連續只有 2 筆、沒到中止門檻，所以畫面上完全看不出來。
  ★ 共剔除 8 筆孤立反號跳點（單筆、與前後兩筆都反號且更大）。
    正常量級是每趟 0~3 筆；**上到十位數就不是感測雜訊，要查 SHM 解碼**。
    原始值都還在 JSON 的 `samples` 裡，沒有被改掉。

舊幀跳過 29 次（停頓後的追趕 tick，保護與紀錄未受污染）

迴圈：13370 次 / 66.85s = 200 Hz（目標 200）　最長單次間隔 15 ms @ t=44.39s

輪               淨轉動 rad     ≈ 滾動 mm
fl4_foot        -2.3266        -224
fr4_foot         1.2276         118
bl4_foot         0.6966          67
br4_foot        -3.1010        -298
  ⚠️ 這是總量，**包含懸空空轉** —— 模擬顯示空轉可佔八成。
     要判讀必須拆成觸地/懸空，事後用 `w` 欄的 position 做。

============================================================================
★ 現在腿還在承重。[Enter] 依原路徑坐回趴姿；[Ctrl-C] 立刻放手（會塌）

   > 
   （Ctrl-C：放手）

policy：581 步（1 段）　退回 0 步　最慢 5.11 ms　★ 已退回開迴路：按停淡出：淡出段走純 A

📊 /home/robot/m_logs/M9_20260909_140148.json

⏸ mc_ctrl 仍在凍結中（PID 2434）。確認狗安全後：
      sudo kill -CONT 2434

📄 /home/robot/m_logs/M9_20260909_140148.log
