M9 —— 步態（★★★ 承重、連續、動態觸地）　模式：播放 B_walk_ls.json

⚠️⚠️ 確認：狗趴在地上、16 顆洩力、**吊帶掛在 292 mm 以下且鬆弛**、
      **地面淨空且留出走動空間**、第二個終端機備著 estop。

✅ 結構檢查通過
✅ 16 顆全部洩力中
✅ mc_ctrl PID=2428 狀態=S
✅ 機身姿態 roll -0.9° pitch +1.5°
✅ 前後膝反號（後腿往前彎，原廠預設）

軌跡檔：前進　duty 0.8 ω 1.4 d_step 0.1 x_off -0.02 g_c 0.048 z_sag 0.0750

互動模式　最壞情況 52.0 秒：
  站起來 6.5 ＋ 等①10 ＋ 降增益 1.5 ＋ 淡入 3.0 ＋ 走 10 ＋ 淡出 3.0 ＋ 升增益 1.5 ＋ 等③10 ＋ 趴下 6.5
  （等②就是「走」那段；三個等待逾時都是自動往下走，不是中止）
✅ 在承重上限 60 秒之內

步態最大命令速度 13.80 rad/s（fl3_knee_pitch）　上限 14.0
✅ 在上限內（⚠️ 保護門檻 --vmax 17.0 必須高於這個，否則會誤中止）
✅ 步態全程在機構限位內

增益：腿 kp 120.0 kd 1.0　輪 **kp 0** kd 0.5（純阻尼，全程不鎖）
保護：力矩 ABAD 50 / HIP 50 / KNEE 70、硬上限 120
      誤差 0.6 rad、速度 17.0 rad/s、傾角 ±20°、迴圈間隔 250 ms

✅ 已凍結 mc_ctrl（T）

     t           階段     kp     最大|誤差|    最大|τ|               關節   roll  pitch      輪速
  0.00      RAMP_UP      0     0.0000     0.08   bl3_knee_pitch   -0.9   +1.5    0.00
  0.25      RAMP_UP     31     0.0000     0.08     bl1_hip_roll   -0.9   +1.5    0.00
  0.50      RAMP_UP     63     0.0000     0.08    fr2_hip_pitch   -0.9   +1.5    0.00
  0.76      RAMP_UP     94     0.0000     0.08     fr1_hip_roll   -0.9   +1.5    0.00
  1.01      RAMP_UP    126     0.0019     0.23    fr2_hip_pitch   -0.8   +1.5    0.00
  1.26      RAMP_UP    158     0.0019     0.33    fr2_hip_pitch   -0.8   +1.5    0.00
  1.51      RAMP_UP    189     0.0019     0.42    fr2_hip_pitch   -0.8   +1.5    0.00
  1.77      RAMP_UP    221     0.0015     0.41    fr2_hip_pitch   -0.8   +1.5    0.00

  ▸ RAMP_UP 結束（時間到），進入 GO_crouch

  2.02    GO_crouch    250     0.0014     0.49    fr2_hip_pitch   -0.8   +1.5    0.00
  2.27    GO_crouch    250     0.0351     7.85     fl1_hip_roll   -0.8   +1.5    0.07
  2.53    GO_crouch    250     0.1060    25.36   br3_knee_pitch   -0.6   +0.9    0.61
  2.78    GO_crouch    250     0.1034    23.01   br3_knee_pitch   -0.2   +0.1    1.36
  3.03    GO_crouch    250     0.1101    25.24   br3_knee_pitch   +0.1   -0.5    1.51
  3.29    GO_crouch    250     0.1062    25.24   br3_knee_pitch   +0.6   -0.9    0.89

  ▸ GO_crouch 結束（時間到），進入 HOLD_crouch

  3.54  HOLD_crouch    250     0.0927    23.04   br3_knee_pitch   +0.6   -1.1    0.16
  3.79  HOLD_crouch    250     0.0927    23.03   br3_knee_pitch   +0.7   -1.1    0.00
  4.05  HOLD_crouch    250     0.0919    22.68   br3_knee_pitch   +0.6   -1.2    0.01
  4.30  HOLD_crouch    250     0.0919    22.77   br3_knee_pitch   +0.7   -1.2    0.01
  4.55  HOLD_crouch    250     0.0919    22.82   br3_knee_pitch   +0.6   -1.2    0.00
  4.80  HOLD_crouch    250     0.0919    22.74   br3_knee_pitch   +0.6   -1.3    0.00

  ▸ HOLD_crouch 結束（時間到），進入 GO_stand

  5.06     GO_stand    250     0.0945    23.58   br3_knee_pitch   +0.7   -1.3    0.00
  5.31     GO_stand    250     0.1133    24.92   br3_knee_pitch   +0.7   -1.2    0.45
  5.56     GO_stand    250     0.1205    24.92   br3_knee_pitch   +0.6   -1.3    0.25
  5.81     GO_stand    250     0.1145    22.76   br3_knee_pitch   +0.7   -1.3    0.43
  6.06     GO_stand    250     0.1012    20.44   br3_knee_pitch   +0.5   -1.4    0.09
  6.32     GO_stand    250     0.0826    17.10   br3_knee_pitch   +0.5   -1.5    0.07

  ▸ GO_stand 結束（時間到），進入 READY

  6.57        READY    250     0.0667    16.60   br3_knee_pitch   +0.6   -1.4    0.06
  6.82        READY    250     0.0667    16.62   br3_knee_pitch   +0.5   -1.4    0.00
  7.07        READY    250     0.0667    16.59   br3_knee_pitch   +0.6   -1.4    0.00
  7.33        READY    250     0.0667    16.53   br3_knee_pitch   +0.6   -1.4    0.00
  7.58        READY    250     0.0667    16.57   br3_knee_pitch   +0.6   -1.4    0.03
  7.83        READY    250     0.0667    16.54   br3_knee_pitch   +0.6   -1.4    0.00
  8.08        READY    250     0.0667    16.51   br3_knee_pitch   +0.6   -1.4    0.00
  8.33        READY    250     0.0667    16.51   br3_knee_pitch   +0.6   -1.4    0.00
  8.59        READY    250     0.0667    16.54   br3_knee_pitch   +0.6   -1.4    0.00
  8.84        READY    250     0.0667    16.53   br3_knee_pitch   +0.6   -1.4    0.00
  9.09        READY    250     0.0667    16.57   br3_knee_pitch   +0.6   -1.4    0.00
  9.35        READY    250     0.0667    16.46   br3_knee_pitch   +0.6   -1.4    0.03
  9.60        READY    250     0.0667    16.55   br3_knee_pitch   +0.6   -1.4    0.00
  9.85        READY    250     0.0667    16.60   br3_knee_pitch   +0.6   -1.4    0.00
 10.11        READY    250     0.0667    16.56   br3_knee_pitch   +0.6   -1.4    0.00
 10.36        READY    250     0.0667    16.50   br3_knee_pitch   +0.5   -1.4    0.00
 10.61        READY    250     0.0667    16.53   br3_knee_pitch   +0.5   -1.4    0.00
 10.87        READY    250     0.0667    16.59   br3_knee_pitch   +0.5   -1.4    0.00
 11.12        READY    250     0.0667    16.53   br3_knee_pitch   +0.5   -1.4    0.00
 11.37        READY    250     0.0667    16.59   br3_knee_pitch   +0.5   -1.4    0.00
 11.62        READY    250     0.0667    16.54   br3_knee_pitch   +0.6   -1.5    0.00
 11.87        READY    250     0.0667    16.51   br3_knee_pitch   +0.6   -1.5    0.00
 12.13        READY    250     0.0667    16.46   br3_knee_pitch   +0.6   -1.4    0.00
 12.38        READY    250     0.0667    16.53   br3_knee_pitch   +0.6   -1.4    0.00
 12.63        READY    250     0.0667    16.57   br3_knee_pitch   +0.6   -1.4    0.00
 12.88        READY    250     0.0664    16.47   br3_knee_pitch   +0.6   -1.4    0.04
 13.14        READY    250     0.0664    16.46   br3_knee_pitch   +0.6   -1.4    0.00

  ▸ READY 結束（按下 Enter），進入 KP_DOWN

 13.39      KP_DOWN    237     0.0664    15.66   br3_knee_pitch   +0.6   -1.4    0.00
 13.65      KP_DOWN    215     0.0667    14.32   br3_knee_pitch   +0.6   -1.4    0.00
 13.90      KP_DOWN    193     0.0671    12.84   br3_knee_pitch   +0.5   -1.4    0.04
 14.15      KP_DOWN    171     0.0683    11.62   br3_knee_pitch   +0.6   -1.4    0.05
 14.40      KP_DOWN    149     0.0759    11.25   br3_knee_pitch   +0.6   -1.5    0.14
 14.66      KP_DOWN    127     0.0877    11.29   fl3_knee_pitch   +0.3   -1.5    0.28

  ▸ KP_DOWN 結束（時間到），進入 GAIT_IN

 14.91      GAIT_IN    120     0.1010    12.14   fl3_knee_pitch   +0.3   -1.5    0.18
 15.16      GAIT_IN    120     0.1022    12.20   fl3_knee_pitch   +0.4   -1.5    0.04
 15.41      GAIT_IN    120     0.1236    14.66   fl3_knee_pitch   +0.7   -1.2    0.66
 15.66      GAIT_IN    120     0.1574    18.68   bl3_knee_pitch   +0.0   -1.9    0.34
 15.92      GAIT_IN    120     0.1663    20.25   bl3_knee_pitch   +0.3   -2.4    0.89
 16.17      GAIT_IN    120     0.3034    35.14   fr3_knee_pitch   +2.3   +0.5    3.98
 16.42      GAIT_IN    120     0.1985    23.07   bl3_knee_pitch   -1.7   -0.6    2.16
 16.67      GAIT_IN    120     0.3736    30.10   br3_knee_pitch   +3.9   -6.1    1.31
 16.92      GAIT_IN    120     0.2731    28.95   fr3_knee_pitch   +3.2   -0.5    7.30
 17.18      GAIT_IN    120     0.2475    30.25   fr3_knee_pitch   -3.2   +3.7    3.34
 17.43      GAIT_IN    120     0.3795    36.66   br3_knee_pitch   +4.0   -5.0    3.70
 17.68      GAIT_IN    120     0.3169    29.67   br3_knee_pitch   -0.8   -6.2    3.31

============================================================================
⛔ 中止：bl3_knee_pitch 追蹤誤差 +0.620 超過 0.6

★★ **已凍結目標角並維持 kp=120 —— 狗還撐著，沒有放手。**
   ⚠️ 步態中止會凍在某個相位，可能有腿懸空。先看狗再決定。

中止前最後 12 筆 —— bl3_knee_pitch
        t           階段         q       des        τ       v kp|e|+kd|v|
   17.685      GAIT_IN    2.0200    2.0523   -11.04  11.064        14.9
   17.690      GAIT_IN    2.0616    2.0266    -8.44  10.405        14.6
   17.695      GAIT_IN    2.1203    2.0005   -15.48   9.310        23.7
   17.700      GAIT_IN    2.1558    1.9745   -25.86   8.539        30.3
   17.705      GAIT_IN    2.1974    1.9485   -30.34   6.501        36.4
   17.710      GAIT_IN    2.2195    1.8987   -30.73   5.260        43.8
   17.715      GAIT_IN    2.2371    1.8489   -39.23   2.996        49.6
   17.720      GAIT_IN    2.2447    1.7990   -39.34   0.993        54.5
   17.725      GAIT_IN    2.2417    1.7493   -47.06  -1.082        60.2
   17.730      GAIT_IN    2.2272    1.6819   -50.21  -3.421        68.9
   17.735      GAIT_IN    2.2027    1.6145   -52.81  -5.353        75.9
   17.740      GAIT_IN    2.1669    1.5470   -55.39  -7.781        82.2

關節                     峰值τ      門檻      用掉      ★超標筆數    (未濾)      剔除跳點
fl1_hip_roll        -23.26      50     47%          0       0         0
fl2_hip_pitch       -35.76      50     72%          0       0         0
fl3_knee_pitch      +59.28      70     85%          0       0         0
fr1_hip_roll        +22.56      50     45%          2       2         0  ⚠️
fr2_hip_pitch       -41.53      50     83%          1       1         0  ⚠️
fr3_knee_pitch      +69.18      70     99%          0       0         0
bl1_hip_roll        -22.56      50     45%          0       0         0
bl2_hip_pitch       -30.25      50     60%          0       0         0
bl3_knee_pitch      -55.39      70     79%          0       0         0
br1_hip_roll        +23.60      50     47%          0       0         0
br2_hip_pitch       -29.38      50     59%          1       1         0  ⚠️
br3_knee_pitch      -71.30      70    102%          1       1         0  ⚠️
  ⚠️⚠️ 有 5 筆超過門檻。**這一欄以前沒有，trip13 就是因此漏看的** ——
     當時 bl3 整趟 13 筆超標（峰值 114%），但收工表只印峰值，
     而最長連續只有 2 筆、沒到中止門檻，所以畫面上完全看不出來。

迴圈：3549 次 / 17.74s = 200 Hz（目標 200）　最長單次間隔 12 ms @ t=14.10s

輪               淨轉動 rad     ≈ 滾動 mm
fl4_foot        -0.1594         -15
fr4_foot         0.2681          26
bl4_foot         0.8526          82
br4_foot        -1.1726        -113
  ⚠️ 這是總量，**包含懸空空轉** —— 模擬顯示空轉可佔八成。
     要判讀必須拆成觸地/懸空，事後用 `w` 欄的 position 做。

============================================================================
★ 現在腿還在承重。[Enter] 依原路徑坐回趴姿；[Ctrl-C] 立刻放手（會塌）

   > 
   （Ctrl-C：放手）

📊 /home/robot/m_logs/M9_20260903_151841.json

⏸ mc_ctrl 仍在凍結中（PID 2428）。確認狗安全後：
      sudo kill -CONT 2428

📄 /home/robot/m_logs/M9_20260903_151841.log
