M9 —— 步態（★★★ 承重、連續、動態觸地）　模式：播放 A_kp250_walk.json

⚠️⚠️ 確認：狗趴在地上、16 顆洩力、**吊帶掛在 292 mm 以下且鬆弛**、
      **地面淨空且留出走動空間**、第二個終端機備著 estop。

✅ 結構檢查通過
✅ 16 顆全部洩力中
✅ mc_ctrl PID=2428 狀態=S
✅ 機身姿態 roll +1.5° pitch +1.2°
✅ 前後膝反號（後腿往前彎，原廠預設）

軌跡檔：前進　duty 0.8 ω 1.4 d_step 0.1 x_off -0.03 g_c 0.048 z_sag 0.0360

互動模式　最壞情況 52.0 秒：
  站起來 6.5 ＋ 等①10 ＋ 降增益 1.5 ＋ 淡入 3.0 ＋ 走 10 ＋ 淡出 3.0 ＋ 升增益 1.5 ＋ 等③10 ＋ 趴下 6.5
  （等②就是「走」那段；三個等待逾時都是自動往下走，不是中止）
✅ 在承重上限 60 秒之內

步態最大命令速度 9.61 rad/s（bl3_knee_pitch）　上限 14.0
✅ 在上限內（⚠️ 保護門檻 --vmax 16.0 必須高於這個，否則會誤中止）
✅ 步態全程在機構限位內

增益：步態 ABAD 60 / HIP·KNEE 250　kd 2.0（站立段一律 250）　輪 **kp 0** kd 0.5（純阻尼）
保護：力矩 ABAD 50 / HIP 50 / KNEE 70、硬上限 120
      誤差 0.6 rad、速度 16.0 rad/s、傾角 ±20°、迴圈間隔 250 ms

✅ 已凍結 mc_ctrl（T）

     t           階段     kp     最大|誤差|    最大|τ|               關節   roll  pitch      輪速
  0.00      RAMP_UP      0     0.0000     0.08     fl1_hip_roll   +1.5   +1.2    0.00
  0.25      RAMP_UP     31     0.0000     0.08     fl1_hip_roll   +1.5   +1.2    0.00
  0.51      RAMP_UP     63     0.0000     0.11   fr3_knee_pitch   +1.5   +1.2    0.00
  0.76      RAMP_UP     94     0.0004     0.09    br2_hip_pitch   +1.5   +1.3    0.00
  1.01      RAMP_UP    126     0.0004     0.09    br2_hip_pitch   +1.5   +1.3    0.00
  1.26      RAMP_UP    158     0.0004     0.11     fl1_hip_roll   +1.5   +1.3    0.00
  1.52      RAMP_UP    190     0.0004     0.15     br1_hip_roll   +1.5   +1.3    0.00
  1.77      RAMP_UP    221     0.0004     0.15     br1_hip_roll   +1.5   +1.3    0.00

  ▸ RAMP_UP 結束（時間到），進入 GO_crouch

  2.02    GO_crouch    250     0.0005     0.17   fr3_knee_pitch   +1.5   +1.3    0.00
  2.28    GO_crouch    250     0.0315     7.17    fr2_hip_pitch   +1.5   +1.3    0.12
  2.53    GO_crouch    250     0.0936    22.04   br3_knee_pitch   +1.2   +1.1    0.94
  2.79    GO_crouch    250     0.1133    25.41   bl3_knee_pitch   +1.0   +0.8    1.66
  3.04    GO_crouch    250     0.1135    26.00   br3_knee_pitch   +0.9   +0.2    1.66
  3.30    GO_crouch    250     0.1044    24.06   br3_knee_pitch   +0.8   -0.1    1.11

  ▸ GO_crouch 結束（時間到），進入 HOLD_crouch

  3.55  HOLD_crouch    250     0.0953    23.61   fl3_knee_pitch   +0.6   -0.3    0.14
  3.80  HOLD_crouch    250     0.0927    23.03   fl3_knee_pitch   +0.5   -0.4    0.04
  4.06  HOLD_crouch    250     0.0923    22.95   fl3_knee_pitch   +0.6   -0.4    0.00
  4.32  HOLD_crouch    250     0.0923    22.93   fl3_knee_pitch   +0.6   -0.4    0.01
  4.57  HOLD_crouch    250     0.0919    22.90   fl3_knee_pitch   +0.6   -0.4    0.00
  4.83  HOLD_crouch    250     0.0919    22.78   fl3_knee_pitch   +0.6   -0.4    0.09

  ▸ HOLD_crouch 結束（時間到），進入 GO_stand

  5.08     GO_stand    250     0.0976    23.92   fl3_knee_pitch   +0.6   -0.4    0.00
  5.33     GO_stand    250     0.1150    25.22   fl3_knee_pitch   +0.6   -0.5    0.39
  5.58     GO_stand    250     0.1217    23.98   br3_knee_pitch   +0.6   -0.6    0.40
  5.84     GO_stand    250     0.1137    21.09   br3_knee_pitch   +0.7   -0.8    0.35
  6.09     GO_stand    250     0.0977    18.86   fl3_knee_pitch   +0.8   -0.9    0.08
  6.34     GO_stand    250     0.0789    17.14   br3_knee_pitch   +0.7   -1.0    0.03

  ▸ GO_stand 結束（時間到），進入 READY

  6.59        READY    250     0.0686    17.01   br3_knee_pitch   +0.7   -1.0    0.02
  6.84        READY    250     0.0686    17.00   br3_knee_pitch   +0.7   -1.0    0.00
  7.10        READY    250     0.0686    16.99   br3_knee_pitch   +0.7   -1.0    0.00
  7.35        READY    250     0.0686    17.02   br3_knee_pitch   +0.7   -1.0    0.03
  7.60        READY    250     0.0659    16.38   br3_knee_pitch   +0.8   -1.1    0.00
  7.85        READY    250     0.0659    16.37   br3_knee_pitch   +0.8   -1.1    0.00
  8.11        READY    250     0.0659    16.40   br3_knee_pitch   +0.8   -1.1    0.00
  8.36        READY    250     0.0659    16.35   br3_knee_pitch   +0.8   -1.1    0.00
  8.61        READY    250     0.0659    16.29   br3_knee_pitch   +0.8   -1.1    0.00
  8.86        READY    250     0.0659    16.37   br3_knee_pitch   +0.7   -1.1    0.00
  9.12        READY    250     0.0659    16.37   br3_knee_pitch   +0.7   -1.0    0.00
  9.37        READY    250     0.0659    16.32   br3_knee_pitch   +0.6   -1.0    0.04
  9.63        READY    250     0.0659    16.30   br3_knee_pitch   +0.7   -1.0    0.03
  9.88        READY    250     0.0659    16.26   br3_knee_pitch   +0.7   -1.0    0.00
 10.13        READY    250     0.0659    16.31   br3_knee_pitch   +0.7   -1.0    0.00
 10.38        READY    250     0.0659    16.29   br3_knee_pitch   +0.7   -1.0    0.00
 10.64        READY    250     0.0659    16.26   br3_knee_pitch   +0.7   -1.0    0.00
 10.89        READY    250     0.0659    16.26   br3_knee_pitch   +0.7   -1.0    0.00
 11.14        READY    250     0.0655    16.26   br3_knee_pitch   +0.7   -1.0    0.01
 11.40        READY    250     0.0655    16.17   br3_knee_pitch   +0.7   -1.0    0.04
 11.65        READY    250     0.0690    17.09   br3_knee_pitch   +0.8   -1.0    0.06
 11.91        READY    250     0.0674    16.78   br3_knee_pitch   +0.7   -1.0    0.00
 12.16        READY    250     0.0674    16.71   br3_knee_pitch   +0.7   -1.0    0.02
 12.41        READY    250     0.0667    16.62   br3_knee_pitch   +0.7   -1.0    0.07
 12.66        READY    250     0.0648    16.06   br3_knee_pitch   +0.8   -1.0    0.03
 12.91        READY    250     0.0648    16.10   br3_knee_pitch   +0.8   -1.0    0.00
 13.17        READY    250     0.0648    16.15   br3_knee_pitch   +0.8   -1.0    0.00
 13.42        READY    250     0.0683    16.96   fl3_knee_pitch   +0.7   -1.0    0.04
 13.67        READY    250     0.0672    16.73   fl3_knee_pitch   +0.8   -1.1    0.00
 13.92        READY    250     0.0672    16.72   fl3_knee_pitch   +0.8   -1.1    0.03
 14.17        READY    250     0.0672    16.74   fl3_knee_pitch   +0.8   -1.1    0.00
 14.43        READY    250     0.0672    16.80   fl3_knee_pitch   +0.8   -1.1    0.00

  ▸ READY 結束（按下 Enter），進入 KP_DOWN

 14.68      KP_DOWN    250     0.0672    16.73   fl3_knee_pitch   +0.7   -1.1    0.00
 14.93      KP_DOWN    250     0.0668    16.59   fl3_knee_pitch   +0.7   -1.0    0.00
 15.19      KP_DOWN    250     0.0668    16.59   fl3_knee_pitch   +0.7   -1.0    0.00
 15.44      KP_DOWN    250     0.0664    16.50   fl3_knee_pitch   +0.7   -1.0    0.00
 15.70      KP_DOWN    250     0.0664    16.56   fl3_knee_pitch   +0.7   -1.0    0.00
 15.95      KP_DOWN    250     0.0664    16.53   fl3_knee_pitch   +0.7   -1.0    0.08

  ▸ KP_DOWN 結束（時間到），進入 GAIT_IN

 16.20      GAIT_IN    250     0.0666    16.59   fl3_knee_pitch   +0.6   -1.0    0.00
 16.45      GAIT_IN    250     0.0666    16.53   fl3_knee_pitch   +0.6   -1.0    0.01
 16.71      GAIT_IN    250     0.0704    17.40   br3_knee_pitch   +0.8   -1.1    0.22
 16.96      GAIT_IN    250     0.1043    25.39   bl3_knee_pitch   +0.2   -1.5    0.49
 17.21      GAIT_IN    250     0.0776    16.56   bl3_knee_pitch   +0.4   -1.6    1.24
 17.47      GAIT_IN    250     0.1270    26.01    fr2_hip_pitch   +2.6   +0.6    2.94
 17.72      GAIT_IN    250     0.1419    30.05   bl3_knee_pitch   -1.0   -1.3    2.50
 17.98      GAIT_IN    250     0.0936    20.10   bl3_knee_pitch   +5.0   -3.8    2.17
 18.23      GAIT_IN    250     0.1478    26.84   fr3_knee_pitch   +2.0   +1.4    6.33
 18.48      GAIT_IN    250     0.0894    22.63   fr3_knee_pitch   -1.3   +0.6    2.91
 18.73      GAIT_IN    250     0.2345    24.37    br2_hip_pitch   +3.6   -2.0    2.57
 18.99      GAIT_IN    250     0.2055    31.65    bl2_hip_pitch   -1.6   -1.3    4.47

  ▸ GAIT_IN 結束（時間到），進入 GAIT

 19.24         GAIT    250     0.2311    38.14    fl2_hip_pitch   -2.7   +2.9    1.82

============================================================================
⛔ 中止：br2_hip_pitch 力矩連續 3 筆超過 50.0（-55.6）

★★ **已凍結目標角並維持 kp=250 —— 狗還撐著，沒有放手。**
   ⚠️ 步態中止會凍在某個相位，可能有腿懸空。先看狗再決定。

中止前最後 12 筆 —— br2_hip_pitch
        t           階段         q       des        τ       v kp|e|+kd|v|
   19.320         GAIT   -0.5251   -0.6269   -18.31   0.007        25.5
   19.325         GAIT   -0.5267   -0.6526   -23.04  -0.414        32.3
   19.330         GAIT   -0.6342   -0.6783    -0.88  -2.306        15.6
   19.375         GAIT   -0.6361   -0.9221    -0.69  -2.252        76.0
   19.376         GAIT   -0.6403   -0.9264    -0.02  -2.149        75.8
   19.376         GAIT   -0.6403   -0.9286    -0.02  -2.149        76.4
   19.377         GAIT   -0.6403   -0.9308    -0.02  -2.149        76.9
   19.378         GAIT   -0.6426   -0.9329     0.54  -2.100        76.8
   19.378         GAIT   -0.6426   -0.9349     0.54  -2.100        77.3
   19.379         GAIT   -0.6472   -0.9368   -55.64  -2.108        76.6
   19.379         GAIT   -0.6472   -0.9387   -55.64  -2.108        77.1
   19.379         GAIT   -0.6472   -0.9406   -55.64  -2.108        77.6

關節                     峰值τ      門檻      用掉      ★超標筆數    (未濾)      剔除跳點
fl1_hip_roll        -23.64      50     47%          3       3         0  ⚠️
fl2_hip_pitch       -42.69      50     85%          1       1         0  ⚠️
fl3_knee_pitch      +64.69      70     92%          0       0         1
fr1_hip_roll        +23.94      50     48%          1       1         0  ⚠️
fr2_hip_pitch       -41.57      50     83%          0       0         0
fr3_knee_pitch      +45.06      70     64%          0       0         0
bl1_hip_roll        +10.15      50     20%          1       1         0  ⚠️
bl2_hip_pitch       +45.52      50     91%          1       1         0  ⚠️
bl3_knee_pitch      -59.91      70     86%          0       0         0
br1_hip_roll        -12.87      50     26%          1       1         0  ⚠️
br2_hip_pitch       -55.64      50    111%          2       3         0  ⚠️
br3_knee_pitch      -59.34      70     85%          0       0         1
  ⚠️⚠️ 有 10 筆超過門檻。**這一欄以前沒有，trip13 就是因此漏看的** ——
     當時 bl3 整趟 13 筆超標（峰值 114%），但收工表只印峰值，
     而最長連續只有 2 筆、沒到中止門檻，所以畫面上完全看不出來。
  ★ 共剔除 2 筆孤立反號跳點（單筆、與前後兩筆都反號且更大）。
    正常量級是每趟 0~3 筆；**上到十位數就不是感測雜訊，要查 SHM 解碼**。
    原始值都還在 JSON 的 `samples` 裡，沒有被改掉。

迴圈：3876 次 / 19.38s = 200 Hz（目標 200）　最長單次間隔 45 ms @ t=19.37s

輪               淨轉動 rad     ≈ 滾動 mm
fl4_foot         0.7534          72
fr4_foot        -1.7425        -167
bl4_foot        -0.1613         -16
br4_foot        -0.2015         -19
  ⚠️ 這是總量，**包含懸空空轉** —— 模擬顯示空轉可佔八成。
     要判讀必須拆成觸地/懸空，事後用 `w` 欄的 position 做。

============================================================================
★ 現在腿還在承重。[Enter] 依原路徑坐回趴姿；[Ctrl-C] 立刻放手（會塌）

   > 
   （Ctrl-C：放手）

📊 /home/robot/m_logs/M9_20260903_164727.json

⏸ mc_ctrl 仍在凍結中（PID 2428）。確認狗安全後：
      sudo kill -CONT 2428

📄 /home/robot/m_logs/M9_20260903_164727.log
