M9 —— 步態（★★★ 承重、連續、動態觸地）　模式：播放 B_walk_ls.json

⚠️⚠️ 確認：狗趴在地上、16 顆洩力、**吊帶掛在 292 mm 以下且鬆弛**、
      **地面淨空且留出走動空間**、第二個終端機備著 estop。

✅ 結構檢查通過
✅ 16 顆全部洩力中
✅ mc_ctrl PID=2428 狀態=S
✅ 機身姿態 roll +0.9° pitch +2.0°
✅ 前後膝反號（後腿往前彎，原廠預設）

軌跡檔：前進　duty 0.8 ω 1.4 d_step 0.1 x_off -0.03 g_c 0.048 z_sag 0.0750

互動模式　最壞情況 52.0 秒：
  站起來 6.5 ＋ 等①10 ＋ 降增益 1.5 ＋ 淡入 3.0 ＋ 走 10 ＋ 淡出 3.0 ＋ 升增益 1.5 ＋ 等③10 ＋ 趴下 6.5
  （等②就是「走」那段；三個等待逾時都是自動往下走，不是中止）
✅ 在承重上限 60 秒之內

步態最大命令速度 13.64 rad/s（bl3_knee_pitch）　上限 14.0
✅ 在上限內（⚠️ 保護門檻 --vmax 17.0 必須高於這個，否則會誤中止）
✅ 步態全程在機構限位內

增益：步態 ABAD 60 / HIP·KNEE 120　kd 1.0（站立段一律 250）　輪 **kp 0** kd 0.5（純阻尼）
保護：力矩 ABAD 50 / HIP 50 / KNEE 70、硬上限 120
      誤差 0.6 rad、速度 17.0 rad/s、傾角 ±20°、迴圈間隔 250 ms

✅ 已凍結 mc_ctrl（T）

     t           階段     kp     最大|誤差|    最大|τ|               關節   roll  pitch      輪速
  0.00      RAMP_UP      0     0.0000     0.08   bl3_knee_pitch   +0.9   +2.0    0.00
  0.25      RAMP_UP     31     0.0000     0.09   fr3_knee_pitch   +0.9   +2.0    0.00
  0.50      RAMP_UP     63     0.0000     0.06   bl3_knee_pitch   +0.9   +2.0    0.00
  0.76      RAMP_UP     94     0.0000     0.11   bl3_knee_pitch   +0.9   +2.0    0.00
  1.01      RAMP_UP    126     0.0000     0.09   bl3_knee_pitch   +0.9   +2.0    0.00
  1.26      RAMP_UP    158     0.0000     0.09   bl3_knee_pitch   +0.9   +2.0    0.00
  1.52      RAMP_UP    189     0.0000     0.08     fr1_hip_roll   +0.9   +2.0    0.00
  1.77      RAMP_UP    221     0.0000     0.14     br1_hip_roll   +0.9   +2.0    0.00

  ▸ RAMP_UP 結束（時間到），進入 GO_crouch

  2.02    GO_crouch    250     0.0002     0.16     fr1_hip_roll   +0.9   +2.0    0.00
  2.27    GO_crouch    250     0.0284     6.89   fr3_knee_pitch   +1.0   +1.9    0.05
  2.52    GO_crouch    250     0.0980    23.29   fr3_knee_pitch   +1.0   +1.8    0.68
  2.78    GO_crouch    250     0.1157    26.54   br3_knee_pitch   +0.8   +0.9    1.58
  3.03    GO_crouch    250     0.1131    26.03   fl3_knee_pitch   +0.8   +0.3    1.55
  3.28    GO_crouch    250     0.1043    24.86   fl3_knee_pitch   +0.7   -0.1    1.22

  ▸ GO_crouch 結束（時間到），進入 HOLD_crouch

  3.53  HOLD_crouch    250     0.1011    25.03   fl3_knee_pitch   +0.5   -0.3    0.20
  3.79  HOLD_crouch    250     0.0950    23.55   fl3_knee_pitch   +0.5   -0.4    0.00
  4.04  HOLD_crouch    250     0.0950    23.58   fl3_knee_pitch   +0.5   -0.4    0.03
  4.29  HOLD_crouch    250     0.0934    23.16   fl3_knee_pitch   +0.5   -0.4    0.04
  4.55  HOLD_crouch    250     0.0919    22.83   fl3_knee_pitch   +0.5   -0.4    0.09
  4.80  HOLD_crouch    250     0.0919    22.80   fl3_knee_pitch   +0.6   -0.4    0.04

  ▸ HOLD_crouch 結束（時間到），進入 GO_stand

  5.06     GO_stand    250     0.0949    23.33   fl3_knee_pitch   +0.6   -0.4    0.00
  5.31     GO_stand    250     0.1142    24.53   fl3_knee_pitch   +0.6   -0.5    0.39
  5.56     GO_stand    250     0.1227    23.97   fl3_knee_pitch   +0.4   -0.7    0.39
  5.82     GO_stand    250     0.1148    21.60   br3_knee_pitch   +0.6   -0.8    0.41
  6.07     GO_stand    250     0.1000    18.94   fl3_knee_pitch   +0.6   -1.0    0.10
  6.32     GO_stand    250     0.0820    17.59   fl3_knee_pitch   +0.6   -1.1    0.09

  ▸ GO_stand 結束（時間到），進入 READY

  6.57        READY    250     0.0678    16.79   br3_knee_pitch   +0.6   -1.0    0.05
  6.82        READY    250     0.0672    16.68   fl3_knee_pitch   +0.6   -1.0    0.04
  7.08        READY    250     0.0672    16.64   fl3_knee_pitch   +0.6   -1.0    0.00
  7.33        READY    250     0.0672    16.70   fl3_knee_pitch   +0.6   -1.0    0.00
  7.58        READY    250     0.0672    16.71   fl3_knee_pitch   +0.6   -1.1    0.00
  7.83        READY    250     0.0672    16.69   fl3_knee_pitch   +0.6   -1.1    0.00
  8.09        READY    250     0.0687    17.08   fl3_knee_pitch   +0.5   -1.1    0.04
  8.34        READY    250     0.0676    16.84   fl3_knee_pitch   +0.7   -1.1    0.05
  8.59        READY    250     0.0676    16.85   fl3_knee_pitch   +0.7   -1.1    0.00
  8.84        READY    250     0.0676    16.81   fl3_knee_pitch   +0.7   -1.1    0.00
  9.10        READY    250     0.0676    16.84   fl3_knee_pitch   +0.7   -1.1    0.00
  9.35        READY    250     0.0676    16.88   fl3_knee_pitch   +0.7   -1.1    0.02
  9.60        READY    250     0.0676    16.89   fl3_knee_pitch   +0.7   -1.1    0.00
  9.85        READY    250     0.0676    16.89   fl3_knee_pitch   +0.7   -1.1    0.04
 10.11        READY    250     0.0676    16.80   fl3_knee_pitch   +0.7   -1.1    0.00
 10.36        READY    250     0.0676    16.87   fl3_knee_pitch   +0.7   -1.1    0.03
 10.61        READY    250     0.0676    16.80   fl3_knee_pitch   +0.6   -1.1    0.00
 10.87        READY    250     0.0676    16.80   fl3_knee_pitch   +0.6   -1.1    0.02
 11.12        READY    250     0.0676    16.77   fl3_knee_pitch   +0.6   -1.1    0.02
 11.38        READY    250     0.0676    16.79   fl3_knee_pitch   +0.6   -1.1    0.00
 11.63        READY    250     0.0676    16.78   fl3_knee_pitch   +0.6   -1.1    0.03
 11.88        READY    250     0.0664    16.59   fl3_knee_pitch   +0.6   -1.1    0.01
 12.13        READY    250     0.0664    16.56   fl3_knee_pitch   +0.6   -1.1    0.00
 12.39        READY    250     0.0664    16.51   fl3_knee_pitch   +0.6   -1.1    0.00
 12.64        READY    250     0.0664    16.62   fl3_knee_pitch   +0.6   -1.1    0.00
 12.89        READY    250     0.0664    16.56   fl3_knee_pitch   +0.6   -1.1    0.00
 13.14        READY    250     0.0660    16.53   fl3_knee_pitch   +0.6   -1.1    0.00
 13.40        READY    250     0.0660    16.52   fl3_knee_pitch   +0.6   -1.1    0.00
 13.65        READY    250     0.0660    16.53   fl3_knee_pitch   +0.6   -1.1    0.00
 13.90        READY    250     0.0668    16.69   fl3_knee_pitch   +0.7   -1.1    0.03

  ▸ READY 結束（按下 Enter），進入 KP_DOWN

 14.16      KP_DOWN    236     0.0668    15.71   fl3_knee_pitch   +0.7   -1.1    0.00
 14.41      KP_DOWN    214     0.0668    14.34   fl3_knee_pitch   +0.7   -1.1    0.03
 14.66      KP_DOWN    193     0.0767    14.83   fl3_knee_pitch   +0.6   -1.1    0.05
 14.91      KP_DOWN    171     0.0771    13.11   fl3_knee_pitch   +0.6   -1.2    0.08
 15.17      KP_DOWN    149     0.0793    11.78   br3_knee_pitch   +0.6   -1.3    0.11
 15.42      KP_DOWN    127     0.0916    11.75   fl3_knee_pitch   +0.6   -1.4    0.26

  ▸ KP_DOWN 結束（時間到），進入 GAIT_IN

 15.67      GAIT_IN    120     0.1060    12.66   fl3_knee_pitch   +0.5   -1.3    0.15
 15.93      GAIT_IN    120     0.1068    12.85   bl3_knee_pitch   +0.5   -1.5    0.10
 16.18      GAIT_IN    120     0.1334    15.32   fl3_knee_pitch   +0.8   -1.1    0.76
 16.44      GAIT_IN    120     0.1524    17.72   bl3_knee_pitch   +0.0   -1.6    0.55
 16.69      GAIT_IN    120     0.1750    21.01   bl3_knee_pitch   +1.0   -2.7    2.61
 16.94      GAIT_IN    120     0.2611    29.81   fr3_knee_pitch   +2.1   -0.5    3.76
 17.20      GAIT_IN    120     0.1750    20.20   fr3_knee_pitch   -2.7   +0.8    3.29
 17.45      GAIT_IN    120     0.3538    40.74   br3_knee_pitch   +4.2   -6.0    2.57
 17.70      GAIT_IN    120     0.2867    24.36    bl2_hip_pitch   +0.1   -2.2    7.94
 17.95      GAIT_IN    120     0.3632    34.51    fl2_hip_pitch   -2.1   +1.2    3.83
 18.20      GAIT_IN    120     0.2798    35.36   br3_knee_pitch   +1.7   -2.2    2.44
 18.45      GAIT_IN    120     0.2430    26.33   br3_knee_pitch   -3.6   -5.3    1.62

  ▸ GAIT_IN 結束（時間到），進入 GAIT

 18.70         GAIT    120     0.4159    44.19   fl3_knee_pitch   -2.0   +4.7   21.01
 18.95         GAIT    120     0.2913    28.00   fl3_knee_pitch   +2.5   +0.9    4.58
 19.21         GAIT    120     0.5352    50.46   bl3_knee_pitch   -2.3   -6.8    1.66
 19.46         GAIT    120     0.2135    19.96    br2_hip_pitch   +4.0   -2.0    4.18
 19.71         GAIT    120     0.1857    18.64    fr2_hip_pitch   +7.9   +5.5    4.55
 19.96         GAIT    120     0.2738    48.70   bl3_knee_pitch   -1.0   -4.7   19.50
 20.21         GAIT    120     0.3453    26.30    br2_hip_pitch   +5.8   -5.1    4.04
 20.47         GAIT    120     0.4809    46.70   fr3_knee_pitch   +9.2   +6.1    4.42
 20.72         GAIT    120     0.3129    25.29   fl3_knee_pitch   +2.8   -0.5    1.36
 20.98         GAIT    120     0.4028    39.56   br3_knee_pitch   +7.2   -6.8    3.18

============================================================================
⛔ 中止：br3_knee_pitch 追蹤誤差 +0.621 超過 0.6

★★ **已凍結目標角並維持 kp=120 —— 狗還撐著，沒有放手。**
   ⚠️ 步態中止會凍在某個相位，可能有腿懸空。先看狗再決定。

中止前最後 12 筆 —— br3_knee_pitch
        t           階段         q       des        τ       v kp|e|+kd|v|
   20.946         GAIT    2.0254    2.0363    -1.99  10.489        11.8
   20.950         GAIT    2.0643    2.0157    -9.26   9.832        15.7
   20.955         GAIT    2.1169    1.9887   -18.33   8.541        23.9
   20.960         GAIT    2.1543    1.9617   -23.95   7.069        30.2
   20.965         GAIT    2.1837    1.9115   -28.65   5.424        38.1
   20.970         GAIT    2.2035    1.8612   -29.26   3.603        44.7
   20.975         GAIT    2.2127    1.8099   -39.56   1.993        50.3
   20.980         GAIT    2.2146    1.7607   -39.10  -0.154        54.6
   20.985         GAIT    2.2031    1.6934   -47.06  -2.852        64.0
   20.990         GAIT    2.1863    1.6260   -43.31  -4.536        71.8
   20.995         GAIT    2.1554    1.5587   -52.83  -6.728        78.3
   21.000         GAIT    2.1120    1.4913   -53.98  -9.314        83.8

關節                     峰值τ      門檻      用掉      ★超標筆數    (未濾)      剔除跳點
fl1_hip_roll        -20.10      50     40%          2       2         0  ⚠️
fl2_hip_pitch       -50.10      50    100%          2       2         0  ⚠️
fl3_knee_pitch      +64.32      70     92%          0       0         2
fr1_hip_roll        +18.73      50     37%          0       0         0
fr2_hip_pitch       -52.62      50    105%          1       1         0  ⚠️
fr3_knee_pitch      +75.70      70    108%          1       1         2  ⚠️
bl1_hip_roll        +14.14      50     28%          0       0         1
bl2_hip_pitch       +40.98      50     82%          1       1         0  ⚠️
bl3_knee_pitch      -61.86      70     88%          1       1         0  ⚠️
br1_hip_roll        -13.41      50     27%          0       0         0
br2_hip_pitch       +39.24      50     78%          0       0         0
br3_knee_pitch      -77.49      70    111%          1       1         0  ⚠️
  ⚠️⚠️ 有 9 筆超過門檻。**這一欄以前沒有，trip13 就是因此漏看的** ——
     當時 bl3 整趟 13 筆超標（峰值 114%），但收工表只印峰值，
     而最長連續只有 2 筆、沒到中止門檻，所以畫面上完全看不出來。
  ★ 共剔除 5 筆孤立反號跳點（單筆、與前後兩筆都反號且更大）。
    正常量級是每趟 0~3 筆；**上到十位數就不是感測雜訊，要查 SHM 解碼**。
    原始值都還在 JSON 的 `samples` 裡，沒有被改掉。

迴圈：4201 次 / 21.00s = 200 Hz（目標 200）　最長單次間隔 45 ms @ t=19.37s

輪               淨轉動 rad     ≈ 滾動 mm
fl4_foot         0.2995          29
fr4_foot         0.5317          51
bl4_foot        -2.5288        -243
br4_foot        -2.9492        -283
  ⚠️ 這是總量，**包含懸空空轉** —— 模擬顯示空轉可佔八成。
     要判讀必須拆成觸地/懸空，事後用 `w` 欄的 position 做。

============================================================================
★ 現在腿還在承重。[Enter] 依原路徑坐回趴姿；[Ctrl-C] 立刻放手（會塌）

   > 
   （Ctrl-C：放手）

📊 /home/robot/m_logs/M9_20260903_155319.json

⏸ mc_ctrl 仍在凍結中（PID 2428）。確認狗安全後：
      sudo kill -CONT 2428

📄 /home/robot/m_logs/M9_20260903_155319.log
