M9 —— 步態（★★★ 承重、連續、動態觸地）　模式：播放 B_walk_ls.json

⚠️⚠️ 確認：狗趴在地上、16 顆洩力、**吊帶掛在 292 mm 以下且鬆弛**、
      **地面淨空且留出走動空間**、第二個終端機備著 estop。

✅ 結構檢查通過
✅ 16 顆全部洩力中
✅ mc_ctrl PID=2428 狀態=S
✅ 機身姿態 roll -2.0° pitch -0.9°
✅ 前後膝反號（後腿往前彎，原廠預設）

軌跡檔：前進　duty 0.8 ω 1.4 d_step 0.1 x_off -0.03 g_c 0.048 z_sag 0.0750

互動模式　最壞情況 52.0 秒：
  站起來 6.5 ＋ 等①10 ＋ 降增益 1.5 ＋ 淡入 3.0 ＋ 走 10 ＋ 淡出 3.0 ＋ 升增益 1.5 ＋ 等③10 ＋ 趴下 6.5
  （等②就是「走」那段；三個等待逾時都是自動往下走，不是中止）
✅ 在承重上限 60 秒之內

步態最大命令速度 13.64 rad/s（bl3_knee_pitch）　上限 14.0
✅ 在上限內（⚠️ 保護門檻 --vmax 17.0 必須高於這個，否則會誤中止）
✅ 步態全程在機構限位內

增益：腿 kp 120.0 kd 1.0　輪 **kp 0** kd 0.5（純阻尼，全程不鎖）
保護：力矩 ABAD 50 / HIP 50 / KNEE 70、硬上限 120
      誤差 0.6 rad、速度 17.0 rad/s、傾角 ±20°、迴圈間隔 250 ms

✅ 已凍結 mc_ctrl（T）

     t           階段     kp     最大|誤差|    最大|τ|               關節   roll  pitch      輪速
  0.00      RAMP_UP      0     0.0000     0.11     fr1_hip_roll   -2.0   -0.9    0.00
  0.25      RAMP_UP     31     0.0000     0.07     br1_hip_roll   -2.0   -0.9    0.00
  0.50      RAMP_UP     63     0.0000     0.08   bl3_knee_pitch   -2.0   -0.9    0.00
  0.76      RAMP_UP     94     0.0000     0.13   fr3_knee_pitch   -2.0   -0.9    0.00
  1.01      RAMP_UP    126     0.0000     0.09    br2_hip_pitch   -2.0   -0.9    0.00
  1.26      RAMP_UP    158     0.0000     0.09    br2_hip_pitch   -2.0   -0.9    0.00
  1.52      RAMP_UP    189     0.0000     0.11   fr3_knee_pitch   -2.0   -0.9    0.00
  1.77      RAMP_UP    221     0.0000     0.12    fr2_hip_pitch   -2.0   -0.9    0.00

  ▸ RAMP_UP 結束（時間到），進入 GO_crouch

  2.02    GO_crouch    250     0.0005     0.20   fr3_knee_pitch   -2.0   -0.9    0.00
  2.27    GO_crouch    250     0.0340     7.35    br2_hip_pitch   -1.7   -1.0    0.36
  2.53    GO_crouch    250     0.1007    23.76     br1_hip_roll   -1.3   -1.0    0.97
  2.78    GO_crouch    250     0.1315    28.68     br1_hip_roll   -1.2   -1.0    1.76
  3.03    GO_crouch    250     0.1179    26.77     br1_hip_roll   -0.4   -1.0    1.64
  3.28    GO_crouch    250     0.1099    26.38     br1_hip_roll   +0.5   -1.4    0.92

  ▸ GO_crouch 結束（時間到），進入 HOLD_crouch

  3.54  HOLD_crouch    250     0.1120    27.85     br1_hip_roll   +0.7   -1.6    0.15
  3.79  HOLD_crouch    250     0.1093    27.20     br1_hip_roll   +0.9   -1.6    0.00
  4.04  HOLD_crouch    250     0.1089    27.15     br1_hip_roll   +0.9   -1.6    0.00
  4.30  HOLD_crouch    250     0.1089    27.18     br1_hip_roll   +0.9   -1.6    0.00
  4.55  HOLD_crouch    250     0.1089    27.08     br1_hip_roll   +0.8   -1.6    0.00
  4.81  HOLD_crouch    250     0.1082    26.89     br1_hip_roll   +0.9   -1.8    0.00

  ▸ HOLD_crouch 結束（時間到），進入 GO_stand

  5.06     GO_stand    250     0.1082    26.83     br1_hip_roll   +0.9   -1.7    0.04
  5.32     GO_stand    250     0.1125    25.10     br1_hip_roll   +0.7   -1.7    0.36
  5.57     GO_stand    250     0.1175    23.30   br3_knee_pitch   +0.7   -1.7    0.34
  5.82     GO_stand    250     0.1116    21.55   fl3_knee_pitch   +0.7   -1.6    0.35
  6.08     GO_stand    250     0.0988    19.62   br3_knee_pitch   +0.7   -1.7    0.09
  6.33     GO_stand    250     0.0796    16.89   br3_knee_pitch   +0.7   -1.7    0.07

  ▸ GO_stand 結束（時間到），進入 READY

  6.58        READY    250     0.0655    16.12   br3_knee_pitch   +0.7   -1.6    0.10
  6.84        READY    250     0.0648    16.06   br3_knee_pitch   +0.7   -1.6    0.00
  7.09        READY    250     0.0648    16.14   br3_knee_pitch   +0.7   -1.6    0.00
  7.34        READY    250     0.0648    15.85   br3_knee_pitch   +0.7   -1.6    0.07
  7.59        READY    250     0.0644    16.02   br3_knee_pitch   +0.7   -1.6    0.00
  7.85        READY    250     0.0644    16.00   br3_knee_pitch   +0.7   -1.6    0.00
  8.10        READY    250     0.0644    15.92   br3_knee_pitch   +0.7   -1.6    0.00
  8.35        READY    250     0.0644    15.98   br3_knee_pitch   +0.7   -1.6    0.03
  8.60        READY    250     0.0644    15.95   br3_knee_pitch   +0.7   -1.6    0.00
  8.85        READY    250     0.0644    16.01   br3_knee_pitch   +0.7   -1.6    0.00
  9.10        READY    250     0.0644    15.98   br3_knee_pitch   +0.7   -1.6    0.00
  9.35        READY    250     0.0644    15.99   br3_knee_pitch   +0.7   -1.6    0.00
  9.60        READY    250     0.0644    16.00   br3_knee_pitch   +0.7   -1.6    0.00
  9.85        READY    250     0.0644    15.95   br3_knee_pitch   +0.7   -1.6    0.00
 10.11        READY    250     0.0644    16.06   br3_knee_pitch   +0.7   -1.6    0.00
 10.36        READY    250     0.0644    15.98   br3_knee_pitch   +0.7   -1.6    0.00
 10.61        READY    250     0.0644    15.95   br3_knee_pitch   +0.7   -1.6    0.00
 10.86        READY    250     0.0644    15.98   br3_knee_pitch   +0.7   -1.6    0.00
 11.12        READY    250     0.0644    16.00   br3_knee_pitch   +0.7   -1.6    0.00
 11.37        READY    250     0.0644    15.93   br3_knee_pitch   +0.7   -1.6    0.00
 11.63        READY    250     0.0644    16.01   br3_knee_pitch   +0.7   -1.6    0.01
 11.88        READY    250     0.0640    15.84   br3_knee_pitch   +0.7   -1.6    0.04
 12.13        READY    250     0.0640    15.77   br3_knee_pitch   +0.7   -1.6    0.00
 12.39        READY    250     0.0640    15.85   br3_knee_pitch   +0.7   -1.6    0.00
 12.64        READY    250     0.0640    15.87   br3_knee_pitch   +0.7   -1.6    0.00
 12.89        READY    250     0.0640    15.83   br3_knee_pitch   +0.7   -1.6    0.00
 13.15        READY    250     0.0640    15.87   br3_knee_pitch   +0.7   -1.6    0.00
 13.40        READY    250     0.0640    15.87   br3_knee_pitch   +0.7   -1.6    0.00
 13.65        READY    250     0.0644    16.06   br3_knee_pitch   +0.8   -1.6    0.05
 13.91        READY    250     0.0640    15.89   br3_knee_pitch   +0.7   -1.6    0.00
 14.16        READY    250     0.0640    15.86   br3_knee_pitch   +0.7   -1.6    0.00

  ▸ READY 結束（按下 Enter），進入 KP_DOWN

 14.41      KP_DOWN    246     0.0640    15.63   br3_knee_pitch   +0.7   -1.6    0.00
 14.66      KP_DOWN    224     0.0640    14.22   br3_knee_pitch   +0.7   -1.6    0.00
 14.91      KP_DOWN    202     0.0640    12.85   br3_knee_pitch   +0.7   -1.6    0.04
 15.16      KP_DOWN    181     0.0648    11.72   fl3_knee_pitch   +0.7   -1.6    0.05
 15.42      KP_DOWN    159     0.0709    11.25   br3_knee_pitch   +0.6   -1.7    0.11
 15.67      KP_DOWN    137     0.0793    10.96   br3_knee_pitch   +0.6   -1.8    0.43

  ▸ KP_DOWN 結束（時間到），進入 GAIT_IN

 15.92      GAIT_IN    120     0.0935    11.18   fl3_knee_pitch   +0.5   -1.7    0.34
 16.17      GAIT_IN    120     0.0994    11.91   bl3_knee_pitch   +0.5   -1.8    0.42
 16.43      GAIT_IN    120     0.1147    13.67   br3_knee_pitch   +0.7   -1.9    0.26
 16.68      GAIT_IN    120     0.1314    15.89   br3_knee_pitch   +0.6   -1.9    0.70
 16.94      GAIT_IN    120     0.2040    23.63   fl3_knee_pitch   -0.8   -1.3    1.77
 17.19      GAIT_IN    120     0.1827    21.18   br3_knee_pitch   +2.7   -0.9    1.53
 17.44      GAIT_IN    120     0.3329    33.24   bl3_knee_pitch   -1.3   -4.7    2.71
 17.69      GAIT_IN    120     0.2488    26.08   fl3_knee_pitch   -2.0   -1.4    4.80
 17.94      GAIT_IN    120     0.2280    26.82   fl3_knee_pitch   +6.6   +3.6    4.71
 18.20      GAIT_IN    120     0.2388    24.10    bl2_hip_pitch   -1.3   -4.0    0.74
 18.45      GAIT_IN    120     0.2995    27.10    br2_hip_pitch   +3.6   -6.5    1.42
 18.70      GAIT_IN    120     0.4204    43.14   fr3_knee_pitch   +5.3   +3.7   12.76

  ▸ GAIT_IN 結束（時間到），進入 GAIT


============================================================================
⛔ 中止：bl3_knee_pitch 追蹤誤差 +0.608 超過 0.6

★★ **已凍結目標角並維持 kp=120 —— 狗還撐著，沒有放手。**
   ⚠️ 步態中止會凍在某個相位，可能有腿懸空。先看狗再決定。

中止前最後 12 筆 —— bl3_knee_pitch
        t           階段         q       des        τ       v kp|e|+kd|v|
   18.805      GAIT_IN    2.0647    2.0423    -6.25  10.274        13.0
   18.810      GAIT_IN    2.1039    2.0154   -15.60   9.790        20.4
   18.815      GAIT_IN    2.1398    1.9885   -19.67   8.888        27.0
   18.820      GAIT_IN    2.1776    1.9616   -25.65   6.942        32.9
   18.825      GAIT_IN    2.2111    1.9114   -30.91   5.069        41.0
   18.830      GAIT_IN    2.2256    1.8612   -31.30   3.401        47.1
   18.835      GAIT_IN    2.2336    1.8110   -40.92   1.034        51.7
   18.840      GAIT_IN    2.2310    1.7608   -45.07  -1.031        57.5
   18.845      GAIT_IN    2.2069    1.6934   -44.53  -4.565        66.2
   18.850      GAIT_IN    2.1898    1.6261   -43.44  -5.795        73.4
   18.855      GAIT_IN    2.1528    1.5587   -45.65  -8.013        79.3
   18.860         GAIT    2.0998    1.4914   -43.72 -10.455        83.5

關節                     峰值τ      門檻      用掉      ★超標筆數    (未濾)      剔除跳點
fl1_hip_roll        -26.02      50     52%          2       2         0  ⚠️
fl2_hip_pitch       -46.51      50     93%          0       0         0
fl3_knee_pitch      +58.81      70     84%          0       0         0
fr1_hip_roll        +22.58      50     45%          0       0         0
fr2_hip_pitch       -44.54      50     89%          1       1         0  ⚠️
fr3_knee_pitch      +54.79      70     78%          0       0         0
bl1_hip_roll        -25.71      50     51%          1       1         0  ⚠️
bl2_hip_pitch       +32.54      50     65%          0       0         0
bl3_knee_pitch      -50.28      70     72%          0       0         0
br1_hip_roll        +30.38      50     61%          1       1         0  ⚠️
br2_hip_pitch       +37.61      50     75%          0       0         0
br3_knee_pitch      -61.96      70     89%          0       0         1
  ⚠️⚠️ 有 5 筆超過門檻。**這一欄以前沒有，trip13 就是因此漏看的** ——
     當時 bl3 整趟 13 筆超標（峰值 114%），但收工表只印峰值，
     而最長連續只有 2 筆、沒到中止門檻，所以畫面上完全看不出來。
  ★ 共剔除 1 筆孤立反號跳點（單筆、與前後兩筆都反號且更大）。
    正常量級是每趟 0~3 筆；**上到十位數就不是感測雜訊，要查 SHM 解碼**。
    原始值都還在 JSON 的 `samples` 裡，沒有被改掉。

迴圈：3773 次 / 18.86s = 200 Hz（目標 200）　最長單次間隔 12 ms @ t=2.40s

輪               淨轉動 rad     ≈ 滾動 mm
fl4_foot         0.6340          61
fr4_foot        -0.0106          -1
bl4_foot         0.9514          91
br4_foot        -0.7485         -72
  ⚠️ 這是總量，**包含懸空空轉** —— 模擬顯示空轉可佔八成。
     要判讀必須拆成觸地/懸空，事後用 `w` 欄的 position 做。

============================================================================
★ 現在腿還在承重。[Enter] 依原路徑坐回趴姿；[Ctrl-C] 立刻放手（會塌）

   > 
   （Ctrl-C：放手）

📊 /home/robot/m_logs/M9_20260903_153516.json

⏸ mc_ctrl 仍在凍結中（PID 2428）。確認狗安全後：
      sudo kill -CONT 2428

📄 /home/robot/m_logs/M9_20260903_153516.log
