M_faultwatch —— D1 Max 故障取證（唯讀）
開始 2026-09-03 15:52:23   10 Hz   最長 1800s
CSV → /home/robot/m_logs/Mfault_20260903_155223.csv
Ctrl-C 可隨時結束並印摘要

✅ 結構檢查通過

[15:52:23.732  t=   0.00s] 取樣      0  最高溫 31°C  最低電壓 51.0V  error=[1]
[15:52:53.733  t=  30.00s] 取樣    300  最高溫 31°C  最低電壓 51.0V  error=[1]
[15:53:19.634  t=  55.90s] joint_cmd 增益變化：fl1_hip_roll, fl2_hip_pitch, fl3_knee_pitch, fl4_foot, fr1_hip_roll, fr2_hip_pitch 等 16 顆
[15:53:19.734  t=  56.00s] joint_cmd 增益變化：fl1_hip_roll, fl2_hip_pitch, fl3_knee_pitch, fr1_hip_roll, fr2_hip_pitch, fr3_knee_pitch 等 12 顆
[15:53:19.834  t=  56.10s] joint_cmd 增益變化：fl1_hip_roll, fl2_hip_pitch, fl3_knee_pitch, fr1_hip_roll, fr2_hip_pitch, fr3_knee_pitch 等 12 顆
[15:53:19.934  t=  56.20s] joint_cmd 增益變化：fl1_hip_roll, fl2_hip_pitch, fl3_knee_pitch, fr1_hip_roll, fr2_hip_pitch, fr3_knee_pitch 等 12 顆
[15:53:20.034  t=  56.30s] joint_cmd 增益變化：fl1_hip_roll, fl2_hip_pitch, fl3_knee_pitch, fr1_hip_roll, fr2_hip_pitch, fr3_knee_pitch 等 12 顆
[15:53:20.134  t=  56.40s] joint_cmd 增益變化：fl1_hip_roll, fl2_hip_pitch, fl3_knee_pitch, fr1_hip_roll, fr2_hip_pitch, fr3_knee_pitch 等 12 顆
[15:53:20.234  t=  56.50s] joint_cmd 增益變化：fl1_hip_roll, fl2_hip_pitch, fl3_knee_pitch, fr1_hip_roll, fr2_hip_pitch, fr3_knee_pitch 等 12 顆
[15:53:20.334  t=  56.60s] joint_cmd 增益變化：fl1_hip_roll, fl2_hip_pitch, fl3_knee_pitch, fr1_hip_roll, fr2_hip_pitch, fr3_knee_pitch 等 12 顆
[15:53:20.434  t=  56.70s] joint_cmd 增益變化：fl1_hip_roll, fl2_hip_pitch, fl3_knee_pitch, fr1_hip_roll, fr2_hip_pitch, fr3_knee_pitch 等 12 顆
[15:53:20.534  t=  56.80s] joint_cmd 增益變化：fl1_hip_roll, fl2_hip_pitch, fl3_knee_pitch, fr1_hip_roll, fr2_hip_pitch, fr3_knee_pitch 等 12 顆
[15:53:20.634  t=  56.90s] joint_cmd 增益變化：fl1_hip_roll, fl2_hip_pitch, fl3_knee_pitch, fr1_hip_roll, fr2_hip_pitch, fr3_knee_pitch 等 12 顆
[15:53:20.734  t=  57.00s] joint_cmd 增益變化：fl1_hip_roll, fl2_hip_pitch, fl3_knee_pitch, fr1_hip_roll, fr2_hip_pitch, fr3_knee_pitch 等 12 顆
[15:53:20.834  t=  57.10s] joint_cmd 增益變化：fl1_hip_roll, fl2_hip_pitch, fl3_knee_pitch, fr1_hip_roll, fr2_hip_pitch, fr3_knee_pitch 等 12 顆
[15:53:20.934  t=  57.20s] joint_cmd 增益變化：fl1_hip_roll, fl2_hip_pitch, fl3_knee_pitch, fr1_hip_roll, fr2_hip_pitch, fr3_knee_pitch 等 12 顆
[15:53:21.034  t=  57.30s] joint_cmd 增益變化：fl1_hip_roll, fl2_hip_pitch, fl3_knee_pitch, fr1_hip_roll, fr2_hip_pitch, fr3_knee_pitch 等 12 顆
[15:53:21.134  t=  57.40s] joint_cmd 增益變化：fl1_hip_roll, fl2_hip_pitch, fl3_knee_pitch, fr1_hip_roll, fr2_hip_pitch, fr3_knee_pitch 等 12 顆
[15:53:21.234  t=  57.50s] joint_cmd 增益變化：fl1_hip_roll, fl2_hip_pitch, fl3_knee_pitch, fr1_hip_roll, fr2_hip_pitch, fr3_knee_pitch 等 12 顆
[15:53:21.334  t=  57.60s] joint_cmd 增益變化：fl1_hip_roll, fl2_hip_pitch, fl3_knee_pitch, fr1_hip_roll, fr2_hip_pitch, fr3_knee_pitch 等 12 顆
[15:53:21.434  t=  57.70s] joint_cmd 增益變化：fl1_hip_roll, fl2_hip_pitch, fl3_knee_pitch, fr1_hip_roll, fr2_hip_pitch, fr3_knee_pitch 等 12 顆
[15:53:21.534  t=  57.80s] joint_cmd 增益變化：fl1_hip_roll, fl2_hip_pitch, fl3_knee_pitch, fr1_hip_roll, fr2_hip_pitch, fr3_knee_pitch 等 12 顆
[15:53:21.634  t=  57.90s] joint_cmd 增益變化：fl1_hip_roll, fl2_hip_pitch, fl3_knee_pitch, fr1_hip_roll, fr2_hip_pitch, fr3_knee_pitch 等 12 顆
[15:53:23.734  t=  60.00s] 取樣    600  最高溫 31°C  最低電壓 51.0V  error=[1]
[15:53:30.435  t=  66.70s] joint_cmd 增益變化：fl1_hip_roll
[15:53:30.534  t=  66.80s] joint_cmd 增益變化：fl1_hip_roll
[15:53:33.634  t=  69.90s] joint_cmd 增益變化：fl1_hip_roll, fl2_hip_pitch, fl3_knee_pitch, fr1_hip_roll, fr2_hip_pitch, fr3_knee_pitch 等 12 顆
[15:53:33.734  t=  70.00s] joint_cmd 增益變化：fl1_hip_roll, fl2_hip_pitch, fl3_knee_pitch, fr1_hip_roll, fr2_hip_pitch, fr3_knee_pitch 等 12 顆
[15:53:33.834  t=  70.10s] joint_cmd 增益變化：fl1_hip_roll, fl2_hip_pitch, fl3_knee_pitch, fr1_hip_roll, fr2_hip_pitch, fr3_knee_pitch 等 12 顆
[15:53:33.934  t=  70.20s] joint_cmd 增益變化：fl1_hip_roll, fl2_hip_pitch, fl3_knee_pitch, fr1_hip_roll, fr2_hip_pitch, fr3_knee_pitch 等 12 顆
[15:53:34.034  t=  70.30s] joint_cmd 增益變化：fl1_hip_roll, fl2_hip_pitch, fl3_knee_pitch, fr1_hip_roll, fr2_hip_pitch, fr3_knee_pitch 等 12 顆
[15:53:34.133  t=  70.40s] joint_cmd 增益變化：fl1_hip_roll, fl2_hip_pitch, fl3_knee_pitch, fr1_hip_roll, fr2_hip_pitch, fr3_knee_pitch 等 12 顆
[15:53:34.232  t=  70.50s] joint_cmd 增益變化：fl1_hip_roll, fl2_hip_pitch, fl3_knee_pitch, fr1_hip_roll, fr2_hip_pitch, fr3_knee_pitch 等 12 顆
[15:53:34.332  t=  70.60s] joint_cmd 增益變化：fl1_hip_roll, fl2_hip_pitch, fl3_knee_pitch, fr1_hip_roll, fr2_hip_pitch, fr3_knee_pitch 等 12 顆
[15:53:34.433  t=  70.70s] joint_cmd 增益變化：fl1_hip_roll, fl2_hip_pitch, fl3_knee_pitch, fr1_hip_roll, fr2_hip_pitch, fr3_knee_pitch 等 12 顆
[15:53:34.532  t=  70.80s] joint_cmd 增益變化：fl1_hip_roll, fl2_hip_pitch, fl3_knee_pitch, fr1_hip_roll, fr2_hip_pitch, fr3_knee_pitch 等 12 顆
[15:53:34.633  t=  70.90s] joint_cmd 增益變化：fl1_hip_roll, fl2_hip_pitch, fl3_knee_pitch, fr1_hip_roll, fr2_hip_pitch, fr3_knee_pitch 等 12 顆
[15:53:34.733  t=  71.00s] joint_cmd 增益變化：fl1_hip_roll, fl2_hip_pitch, fl3_knee_pitch, fr1_hip_roll, fr2_hip_pitch, fr3_knee_pitch 等 12 顆
[15:53:34.832  t=  71.10s] joint_cmd 增益變化：fl1_hip_roll, fl2_hip_pitch, fl3_knee_pitch, fr1_hip_roll, fr2_hip_pitch, fr3_knee_pitch 等 12 顆
[15:53:34.932  t=  71.20s] joint_cmd 增益變化：fl1_hip_roll, fl2_hip_pitch, fl3_knee_pitch, fr1_hip_roll, fr2_hip_pitch, fr3_knee_pitch 等 12 顆
[15:53:35.032  t=  71.30s] joint_cmd 增益變化：fl1_hip_roll, fl2_hip_pitch, fl3_knee_pitch, fr1_hip_roll, fr2_hip_pitch, fr3_knee_pitch 等 12 顆
[15:53:35.132  t=  71.40s] joint_cmd 增益變化：fl1_hip_roll, fl2_hip_pitch, fl3_knee_pitch, fr1_hip_roll, fr2_hip_pitch, fr3_knee_pitch 等 12 顆
[15:53:41.134  t=  77.40s] joint_cmd 增益變化：fl1_hip_roll, fl2_hip_pitch, fl3_knee_pitch, fl4_foot, fr1_hip_roll, fr2_hip_pitch 等 16 顆
[15:53:53.734  t=  90.00s] 取樣    900  最高溫 31°C  最低電壓 51.0V  error=[1]
[15:54:23.733  t= 120.00s] 取樣   1200  最高溫 31°C  最低電壓 51.0V  error=[1]
[15:54:53.732  t= 150.00s] 取樣   1500  最高溫 31°C  最低電壓 51.0V  error=[1]
[15:55:23.733  t= 180.00s] 取樣   1800  最高溫 31°C  最低電壓 51.0V  error=[1]
[15:55:53.733  t= 210.00s] 取樣   2100  最高溫 31°C  最低電壓 51.0V  error=[1]
[15:56:23.732  t= 240.00s] 取樣   2400  最高溫 31°C  最低電壓 51.0V  error=[1]
[15:56:53.733  t= 270.00s] 取樣   2700  最高溫 31°C  最低電壓 50.0V  error=[1]
[15:57:23.734  t= 300.00s] 取樣   3000  最高溫 31°C  最低電壓 50.0V  error=[1]
[15:57:53.733  t= 330.00s] 取樣   3300  最高溫 31°C  最低電壓 50.0V  error=[1]
[15:58:23.735  t= 360.00s] 取樣   3600  最高溫 31°C  最低電壓 50.0V  error=[1]
[15:58:53.732  t= 390.00s] 取樣   3900  最高溫 31°C  最低電壓 50.0V  error=[1]
[15:59:23.734  t= 420.00s] 取樣   4200  最高溫 31°C  最低電壓 50.0V  error=[1]
[15:59:53.732  t= 450.00s] 取樣   4500  最高溫 31°C  最低電壓 50.0V  error=[1]
[16:00:23.734  t= 480.00s] 取樣   4800  最高溫 31°C  最低電壓 50.0V  error=[1]
[16:00:53.734  t= 510.00s] 取樣   5100  最高溫 31°C  最低電壓 50.0V  error=[1]
[16:01:23.734  t= 540.00s] 取樣   5400  最高溫 31°C  最低電壓 50.0V  error=[1]
[16:01:53.734  t= 570.00s] 取樣   5700  最高溫 31°C  最低電壓 50.0V  error=[1]
[16:02:23.733  t= 600.00s] 取樣   6000  最高溫 31°C  最低電壓 50.0V  error=[1]
[16:02:53.732  t= 630.00s] 取樣   6300  最高溫 31°C  最低電壓 50.0V  error=[1]
[16:03:23.732  t= 660.00s] 取樣   6600  最高溫 31°C  最低電壓 50.0V  error=[1]
[16:03:53.733  t= 690.00s] 取樣   6900  最高溫 31°C  最低電壓 50.0V  error=[1]
[16:04:23.734  t= 720.00s] 取樣   7200  最高溫 31°C  最低電壓 50.0V  error=[1]
[16:04:53.732  t= 750.00s] 取樣   7500  最高溫 31°C  最低電壓 50.0V  error=[1]
[16:05:23.733  t= 780.00s] 取樣   7800  最高溫 31°C  最低電壓 50.0V  error=[1]
[16:05:53.732  t= 810.00s] 取樣   8100  最高溫 31°C  最低電壓 50.0V  error=[1]
[16:06:23.733  t= 840.00s] 取樣   8400  最高溫 31°C  最低電壓 50.0V  error=[1]
[16:06:53.733  t= 870.00s] 取樣   8700  最高溫 31°C  最低電壓 50.0V  error=[1]
[16:07:23.732  t= 900.00s] 取樣   9000  最高溫 31°C  最低電壓 50.0V  error=[1]
[16:07:53.733  t= 930.00s] 取樣   9300  最高溫 31°C  最低電壓 50.0V  error=[1]
[16:08:23.732  t= 960.00s] 取樣   9600  最高溫 31°C  最低電壓 50.0V  error=[1]
[16:08:53.733  t= 990.00s] 取樣   9900  最高溫 31°C  最低電壓 50.0V  error=[1]
[16:09:23.733  t=1020.00s] 取樣  10200  最高溫 31°C  最低電壓 50.0V  error=[1]
[16:09:53.733  t=1050.00s] 取樣  10500  最高溫 31°C  最低電壓 50.0V  error=[1]
[16:10:23.732  t=1080.00s] 取樣  10800  最高溫 31°C  最低電壓 50.0V  error=[1]
[16:10:53.732  t=1110.00s] 取樣  11100  最高溫 31°C  最低電壓 50.0V  error=[1]
[16:11:23.734  t=1140.00s] 取樣  11400  最高溫 31°C  最低電壓 50.0V  error=[1]
[16:11:53.734  t=1170.00s] 取樣  11700  最高溫 31°C  最低電壓 50.0V  error=[1]
[16:12:23.734  t=1200.00s] 取樣  12000  最高溫 31°C  最低電壓 50.0V  error=[1]
[16:12:53.734  t=1230.00s] 取樣  12300  最高溫 31°C  最低電壓 50.0V  error=[1]
[16:13:23.732  t=1260.00s] 取樣  12600  最高溫 31°C  最低電壓 50.0V  error=[1]
[16:13:53.734  t=1290.00s] 取樣  12900  最高溫 31°C  最低電壓 50.0V  error=[1]
[16:14:23.735  t=1320.00s] 取樣  13200  最高溫 31°C  最低電壓 50.0V  error=[1]
[16:14:53.733  t=1350.00s] 取樣  13500  最高溫 31°C  最低電壓 50.0V  error=[1]
[16:15:23.734  t=1380.00s] 取樣  13800  最高溫 31°C  最低電壓 50.0V  error=[1]
[16:15:53.734  t=1410.00s] 取樣  14100  最高溫 31°C  最低電壓 50.0V  error=[1]
[16:16:23.734  t=1440.00s] 取樣  14400  最高溫 31°C  最低電壓 50.0V  error=[1]
[16:16:53.734  t=1470.00s] 取樣  14700  最高溫 31°C  最低電壓 50.0V  error=[1]
[16:17:23.734  t=1500.00s] 取樣  15000  最高溫 31°C  最低電壓 50.0V  error=[1]
[16:17:53.733  t=1530.00s] 取樣  15300  最高溫 31°C  最低電壓 50.0V  error=[1]
[16:18:23.733  t=1560.00s] 取樣  15600  最高溫 31°C  最低電壓 50.0V  error=[1]
[16:18:53.734  t=1590.00s] 取樣  15900  最高溫 31°C  最低電壓 50.0V  error=[1]
[16:19:23.733  t=1620.00s] 取樣  16200  最高溫 31°C  最低電壓 50.0V  error=[1]
[16:19:53.734  t=1650.00s] 取樣  16500  最高溫 31°C  最低電壓 50.0V  error=[1]
[16:20:23.734  t=1680.00s] 取樣  16800  最高溫 31°C  最低電壓 50.0V  error=[1]
[16:20:53.732  t=1710.00s] 取樣  17100  最高溫 31°C  最低電壓 50.0V  error=[1]
[16:21:23.732  t=1740.00s] 取樣  17400  最高溫 31°C  最低電壓 50.0V  error=[1]
[16:21:53.732  t=1770.00s] 取樣  17700  最高溫 31°C  最低電壓 50.0V  error=[1]

============================================================
記錄 1800.0 秒、18000 筆取樣

★ 偵測到 40 個事件：
   [15:53:19.634  t=  55.90s] joint_cmd 增益變化：fl1_hip_roll, fl2_hip_pitch, fl3_knee_pitch, fl4_foot, fr1_hip_roll, fr2_hip_pitch 等 16 顆
   [15:53:19.734  t=  56.00s] joint_cmd 增益變化：fl1_hip_roll, fl2_hip_pitch, fl3_knee_pitch, fr1_hip_roll, fr2_hip_pitch, fr3_knee_pitch 等 12 顆
   [15:53:19.834  t=  56.10s] joint_cmd 增益變化：fl1_hip_roll, fl2_hip_pitch, fl3_knee_pitch, fr1_hip_roll, fr2_hip_pitch, fr3_knee_pitch 等 12 顆
   [15:53:19.934  t=  56.20s] joint_cmd 增益變化：fl1_hip_roll, fl2_hip_pitch, fl3_knee_pitch, fr1_hip_roll, fr2_hip_pitch, fr3_knee_pitch 等 12 顆
   [15:53:20.034  t=  56.30s] joint_cmd 增益變化：fl1_hip_roll, fl2_hip_pitch, fl3_knee_pitch, fr1_hip_roll, fr2_hip_pitch, fr3_knee_pitch 等 12 顆
   [15:53:20.134  t=  56.40s] joint_cmd 增益變化：fl1_hip_roll, fl2_hip_pitch, fl3_knee_pitch, fr1_hip_roll, fr2_hip_pitch, fr3_knee_pitch 等 12 顆
   [15:53:20.234  t=  56.50s] joint_cmd 增益變化：fl1_hip_roll, fl2_hip_pitch, fl3_knee_pitch, fr1_hip_roll, fr2_hip_pitch, fr3_knee_pitch 等 12 顆
   [15:53:20.334  t=  56.60s] joint_cmd 增益變化：fl1_hip_roll, fl2_hip_pitch, fl3_knee_pitch, fr1_hip_roll, fr2_hip_pitch, fr3_knee_pitch 等 12 顆
   [15:53:20.434  t=  56.70s] joint_cmd 增益變化：fl1_hip_roll, fl2_hip_pitch, fl3_knee_pitch, fr1_hip_roll, fr2_hip_pitch, fr3_knee_pitch 等 12 顆
   [15:53:20.534  t=  56.80s] joint_cmd 增益變化：fl1_hip_roll, fl2_hip_pitch, fl3_knee_pitch, fr1_hip_roll, fr2_hip_pitch, fr3_knee_pitch 等 12 顆
   [15:53:20.634  t=  56.90s] joint_cmd 增益變化：fl1_hip_roll, fl2_hip_pitch, fl3_knee_pitch, fr1_hip_roll, fr2_hip_pitch, fr3_knee_pitch 等 12 顆
   [15:53:20.734  t=  57.00s] joint_cmd 增益變化：fl1_hip_roll, fl2_hip_pitch, fl3_knee_pitch, fr1_hip_roll, fr2_hip_pitch, fr3_knee_pitch 等 12 顆
   [15:53:20.834  t=  57.10s] joint_cmd 增益變化：fl1_hip_roll, fl2_hip_pitch, fl3_knee_pitch, fr1_hip_roll, fr2_hip_pitch, fr3_knee_pitch 等 12 顆
   [15:53:20.934  t=  57.20s] joint_cmd 增益變化：fl1_hip_roll, fl2_hip_pitch, fl3_knee_pitch, fr1_hip_roll, fr2_hip_pitch, fr3_knee_pitch 等 12 顆
   [15:53:21.034  t=  57.30s] joint_cmd 增益變化：fl1_hip_roll, fl2_hip_pitch, fl3_knee_pitch, fr1_hip_roll, fr2_hip_pitch, fr3_knee_pitch 等 12 顆
   [15:53:21.134  t=  57.40s] joint_cmd 增益變化：fl1_hip_roll, fl2_hip_pitch, fl3_knee_pitch, fr1_hip_roll, fr2_hip_pitch, fr3_knee_pitch 等 12 顆
   [15:53:21.234  t=  57.50s] joint_cmd 增益變化：fl1_hip_roll, fl2_hip_pitch, fl3_knee_pitch, fr1_hip_roll, fr2_hip_pitch, fr3_knee_pitch 等 12 顆
   [15:53:21.334  t=  57.60s] joint_cmd 增益變化：fl1_hip_roll, fl2_hip_pitch, fl3_knee_pitch, fr1_hip_roll, fr2_hip_pitch, fr3_knee_pitch 等 12 顆
   [15:53:21.434  t=  57.70s] joint_cmd 增益變化：fl1_hip_roll, fl2_hip_pitch, fl3_knee_pitch, fr1_hip_roll, fr2_hip_pitch, fr3_knee_pitch 等 12 顆
   [15:53:21.534  t=  57.80s] joint_cmd 增益變化：fl1_hip_roll, fl2_hip_pitch, fl3_knee_pitch, fr1_hip_roll, fr2_hip_pitch, fr3_knee_pitch 等 12 顆
   [15:53:21.634  t=  57.90s] joint_cmd 增益變化：fl1_hip_roll, fl2_hip_pitch, fl3_knee_pitch, fr1_hip_roll, fr2_hip_pitch, fr3_knee_pitch 等 12 顆
   [15:53:30.435  t=  66.70s] joint_cmd 增益變化：fl1_hip_roll
   [15:53:30.534  t=  66.80s] joint_cmd 增益變化：fl1_hip_roll
   [15:53:33.634  t=  69.90s] joint_cmd 增益變化：fl1_hip_roll, fl2_hip_pitch, fl3_knee_pitch, fr1_hip_roll, fr2_hip_pitch, fr3_knee_pitch 等 12 顆
   [15:53:33.734  t=  70.00s] joint_cmd 增益變化：fl1_hip_roll, fl2_hip_pitch, fl3_knee_pitch, fr1_hip_roll, fr2_hip_pitch, fr3_knee_pitch 等 12 顆
   [15:53:33.834  t=  70.10s] joint_cmd 增益變化：fl1_hip_roll, fl2_hip_pitch, fl3_knee_pitch, fr1_hip_roll, fr2_hip_pitch, fr3_knee_pitch 等 12 顆
   [15:53:33.934  t=  70.20s] joint_cmd 增益變化：fl1_hip_roll, fl2_hip_pitch, fl3_knee_pitch, fr1_hip_roll, fr2_hip_pitch, fr3_knee_pitch 等 12 顆
   [15:53:34.034  t=  70.30s] joint_cmd 增益變化：fl1_hip_roll, fl2_hip_pitch, fl3_knee_pitch, fr1_hip_roll, fr2_hip_pitch, fr3_knee_pitch 等 12 顆
   [15:53:34.133  t=  70.40s] joint_cmd 增益變化：fl1_hip_roll, fl2_hip_pitch, fl3_knee_pitch, fr1_hip_roll, fr2_hip_pitch, fr3_knee_pitch 等 12 顆
   [15:53:34.232  t=  70.50s] joint_cmd 增益變化：fl1_hip_roll, fl2_hip_pitch, fl3_knee_pitch, fr1_hip_roll, fr2_hip_pitch, fr3_knee_pitch 等 12 顆
   [15:53:34.332  t=  70.60s] joint_cmd 增益變化：fl1_hip_roll, fl2_hip_pitch, fl3_knee_pitch, fr1_hip_roll, fr2_hip_pitch, fr3_knee_pitch 等 12 顆
   [15:53:34.433  t=  70.70s] joint_cmd 增益變化：fl1_hip_roll, fl2_hip_pitch, fl3_knee_pitch, fr1_hip_roll, fr2_hip_pitch, fr3_knee_pitch 等 12 顆
   [15:53:34.532  t=  70.80s] joint_cmd 增益變化：fl1_hip_roll, fl2_hip_pitch, fl3_knee_pitch, fr1_hip_roll, fr2_hip_pitch, fr3_knee_pitch 等 12 顆
   [15:53:34.633  t=  70.90s] joint_cmd 增益變化：fl1_hip_roll, fl2_hip_pitch, fl3_knee_pitch, fr1_hip_roll, fr2_hip_pitch, fr3_knee_pitch 等 12 顆
   [15:53:34.733  t=  71.00s] joint_cmd 增益變化：fl1_hip_roll, fl2_hip_pitch, fl3_knee_pitch, fr1_hip_roll, fr2_hip_pitch, fr3_knee_pitch 等 12 顆
   [15:53:34.832  t=  71.10s] joint_cmd 增益變化：fl1_hip_roll, fl2_hip_pitch, fl3_knee_pitch, fr1_hip_roll, fr2_hip_pitch, fr3_knee_pitch 等 12 顆
   [15:53:34.932  t=  71.20s] joint_cmd 增益變化：fl1_hip_roll, fl2_hip_pitch, fl3_knee_pitch, fr1_hip_roll, fr2_hip_pitch, fr3_knee_pitch 等 12 顆
   [15:53:35.032  t=  71.30s] joint_cmd 增益變化：fl1_hip_roll, fl2_hip_pitch, fl3_knee_pitch, fr1_hip_roll, fr2_hip_pitch, fr3_knee_pitch 等 12 顆
   [15:53:35.132  t=  71.40s] joint_cmd 增益變化：fl1_hip_roll, fl2_hip_pitch, fl3_knee_pitch, fr1_hip_roll, fr2_hip_pitch, fr3_knee_pitch 等 12 顆
   [15:53:41.134  t=  77.40s] joint_cmd 增益變化：fl1_hip_roll, fl2_hip_pitch, fl3_knee_pitch, fl4_foot, fr1_hip_roll, fr2_hip_pitch 等 16 顆

📄 log → /home/robot/m_logs/Mfault_20260903_155223.log
📄 CSV → /home/robot/m_logs/Mfault_20260903_155223.csv

帶回來：scp -r robot@192.168.234.1:/home/robot/m_logs ./
