------------------------------------------------------------
### 自動判讀
------------------------------------------------------------
-- 疑問 5：走路時的 NPU / GPU --
  RK   devfreq:fb000000.gpu:cur_freq      平均 300000000.0  峰 300000000.0
  RK   devfreq:fb000000.gpu:load          平均 0.0  峰 0.0
  RK   rknpu:core0:load_pct               平均 7.4  峰 8.0
  RK   rknpu:core1:load_pct               平均 0.0  峰 0.0
  RK   rknpu:core2:load_pct               平均 0.0  峰 0.0
  NX   devfreq:17000000.gpu:cur_freq      平均 359550000.0  峰 612000000.0
  NX   gpu:17000000.gpu                   平均 31.6%  峰 99.7%（原始千分比 316.3/997.0）
  NX   orin_gpu:load                      平均 31.9%  峰 99.7%（原始千分比 318.8/997.0）
  NX tegrastats 首行: 09-22-2026 11:03:28 RAM 7691/15656MB (lfb 9x4MB) SWAP 0/7828MB (cached 0MB) CPU [69%@1984,67%@1984,67%@1984,96%@1984,66%@1651,68%@1651,65%@1651,66%@1651] GR3D_F

-- 疑問 6：前後光達 IMU 的頻率 --
  ---- 30 秒，7 個 topic ----
  topic                                 筆數      到達Hz      時戳Hz    時戳dt中位      空窗數     推估漏收
  /front_lidar/imu                    5999   199.977   199.995       5.0      357        0
  /rear_lidar/imu                     6000   199.986   199.995       5.0      115        0
  /imu_driver/imu_central             6001   200.004     200.0       5.0        1        0
  /uss_driver/uss_left/range           300    10.002    10.002   100.042        0        0
  /uss_driver/uss_right/range          300     9.997     9.997    99.881        0       10
  /rtk_pvh                             300      10.0      10.0   100.003        0        0
  /uwb                                   0         —         —         —        —        —
  
  ⚠️ /uwb：30 秒內 0 筆（發布者數 1）。有發布者卻收不到 → 先用 `ros2 topic hz /uwb` 對照，再看是不是 QoS 或該感測器真的沒資料。
  
  怎麼讀：
    到達Hz 低、**時戳Hz 也低**            → 感測器／驅動真的送得少（是規格，寫進報告）
    到達Hz 低、**時戳Hz 正常**、推估漏收>0 → 訊息在路上掉了（不是感測器的規格）
    兩個都正常但空窗數多                   → 我們自己的 callback 卡住，換條件重量
