M4 —— 姿勢擷取與座標換算驗證（唯讀）

擷取姿勢「stand_knee_front」—— 2.0 秒 @ 50 Hz
備註：站立鍵，後腿往前彎
⚠️ 這段期間請不要碰狗，也不要動遙控器。

已存 /home/robot/m_logs/pose_stand_knee_front.json（99 筆取樣）

關節                     實測馬達角       標準差
fl1_hip_roll         -0.5591   0.00000
fl2_hip_pitch         1.8709   0.00000
fl3_knee_pitch        1.5925   0.00000
fl4_foot             -0.2432   0.00000
fr1_hip_roll          0.5674   0.00000
fr2_hip_pitch        -1.8694   0.00000
fr3_knee_pitch       -1.5864   0.00000
fr4_foot              1.3247   0.00000
bl1_hip_roll          0.5583   0.00000
bl2_hip_pitch        -1.8915   0.00000
bl3_knee_pitch       -1.5776   0.00000
bl4_foot             -0.7955   0.00012
br1_hip_roll         -0.5697   0.00000
br2_hip_pitch         1.8877   0.00000
br3_knee_pitch        1.5658   0.00000
br4_foot              1.5337   0.00000

最大標準差 0.00012 rad　✅ 夠穩，資料可信

IMU 加速度 +0.1086 +0.0752 +9.8402　|a| = 9.8411 m/s²
  以 xyzw 解：roll   +1.00°　pitch   -2.12°
  以 wxyz 解：roll  -10.80°　pitch   +2.12°
  → 狗站在平地上時，正確的那個解 roll/pitch 應該都接近 0

======================================================================
換算式比對：把實測馬達角反推成控制器角，看哪一種對得上文件姿勢
======================================================================

換算式                          候選姿勢                               RMS 殘差(rad)
V1  馬達 = sign×控制 + off       stand（僅模擬版有）｜後腿往前彎(預設)                  0.0353  ★
V1  馬達 = sign×控制 + off       rl_default（實機檔有）｜後腿往前彎(預設)              0.2122
V1  馬達 = sign×控制 + off       liedown（僅模擬版有）｜後腿往前彎(預設)                0.8344
V1  馬達 = sign×控制 + off       stand（僅模擬版有）｜後腿往後彎                      1.0989
V1  馬達 = sign×控制 + off       rl_default（實機檔有）｜後腿往後彎                  1.2536
V4  馬達 = 控制 + sign×off       liedown（僅模擬版有）｜後腿往前彎(預設)                1.6199
V1  馬達 = sign×控制 + off       liedown（僅模擬版有）｜後腿往後彎                    1.7841
V4  馬達 = 控制 + sign×off       rl_default（實機檔有）｜後腿往前彎(預設)              1.9160

最接近：V1  馬達 = sign×控制 + off　＋　stand（僅模擬版有）｜後腿往前彎(預設)　RMS 0.0353 rad（2.02°）
★ 換算式與姿勢對上了。逐項對照：

關節                      反推控制器角       文件值         差
fl1_hip_roll            0.0361      0.00   +0.0361
fr1_hip_roll           -0.0444      0.00   -0.0444
bl1_hip_roll            0.0353      0.00   +0.0353
br1_hip_roll           -0.0467      0.00   -0.0467

fl2_hip_pitch           0.5721      0.60   -0.0279
fr2_hip_pitch           0.5736      0.60   -0.0264
bl2_hip_pitch          -0.5515     -0.60   +0.0485
br2_hip_pitch          -0.5553     -0.60   +0.0447

fl3_knee_pitch         -1.2105     -1.20   -0.0105
fr3_knee_pitch         -1.2166     -1.20   -0.0166
bl3_knee_pitch          1.2254      1.20   +0.0254
br3_knee_pitch          1.2372      1.20   +0.0372


📄 完整輸出已存到 /home/robot/m_logs/M4_20260825_162535.log
