M4 —— 姿勢擷取與座標換算驗證（唯讀）

擷取姿勢「crawl」—— 2.0 秒 @ 50 Hz
⚠️ 這段期間請不要碰狗，也不要動遙控器。

已存 /home/robot/m_logs/pose_crawl.json（99 筆取樣）

關節                     實測馬達角       標準差
fl1_hip_roll         -0.5701   0.00000
fl2_hip_pitch         1.1141   0.00000
fl3_knee_pitch        0.2893   0.00000
fl4_foot              2.1641   0.00019
fr1_hip_roll          0.5373   0.00000
fr2_hip_pitch        -1.1431   0.00000
fr3_knee_pitch       -0.2665   0.00000
fr4_foot             -1.2438   0.00000
bl1_hip_roll          0.6189   0.00000
bl2_hip_pitch        -1.1400   0.00000
bl3_knee_pitch       -0.3573   0.00000
bl4_foot              2.6606   0.00000
br1_hip_roll         -0.6044   0.00000
br2_hip_pitch         1.1427   0.00000
br3_knee_pitch        0.3508   0.00000
br4_foot             -1.9940   0.00019

最大標準差 0.00019 rad　✅ 夠穩，資料可信

IMU 加速度 -0.0531 +0.0062 +9.8714　|a| = 9.8716 m/s²
  以 xyzw 解：roll   +0.58°　pitch   -1.13°
  以 wxyz 解：roll  -17.82°　pitch   +1.13°
  → 狗站在平地上時，正確的那個解 roll/pitch 應該都接近 0

======================================================================
換算式比對：把實測馬達角反推成控制器角，看哪一種對得上文件姿勢
======================================================================

換算式                          候選姿勢                               RMS 殘差(rad)
V1  馬達 = sign×控制 + off       liedown（僅模擬版有）｜後腿往前彎(預設)                0.0862  ★
V1  馬達 = sign×控制 + off       rl_default（實機檔有）｜後腿往前彎(預設)              0.6425
V1  馬達 = sign×控制 + off       stand（僅模擬版有）｜後腿往前彎(預設)                  0.8493
V4  馬達 = 控制 + sign×off       liedown（僅模擬版有）｜後腿往前彎(預設)                1.0330
V4  馬達 = 控制 + sign×off       rl_default（實機檔有）｜後腿往前彎(預設)              1.4521
V4  馬達 = 控制 + sign×off       stand（僅模擬版有）｜後腿往前彎(預設)                  1.6214
V1  馬達 = sign×控制 + off       stand（僅模擬版有）｜後腿往後彎                      1.7892
V1  馬達 = sign×控制 + off       rl_default（實機檔有）｜後腿往後彎                  1.8857

最接近：V1  馬達 = sign×控制 + off　＋　liedown（僅模擬版有）｜後腿往前彎(預設)　RMS 0.0862 rad（4.94°）
★ 換算式與姿勢對上了。逐項對照：

關節                      反推控制器角       文件值         差
fl1_hip_roll            0.0471      0.00   +0.0471
fr1_hip_roll           -0.0143      0.00   -0.0143
bl1_hip_roll            0.0959      0.00   +0.0959
br1_hip_roll           -0.0814      0.00   -0.0814

fl2_hip_pitch           1.3289      1.40   -0.0711
fr2_hip_pitch           1.2999      1.40   -0.1001
bl2_hip_pitch          -1.3030     -1.40   +0.0970
br2_hip_pitch          -1.3003     -1.40   +0.0997

fl3_knee_pitch         -2.5137     -2.40   -0.1137
fr3_knee_pitch         -2.5365     -2.40   -0.1365
bl3_knee_pitch          2.4457      2.40   +0.0457
br3_knee_pitch          2.4522      2.40   +0.0522


📄 完整輸出已存到 /home/robot/m_logs/M4_20260825_162722.log
