M2 —— 單顆輪馬達驅動
   目標關節 fl4_foot（index 3）
   v_des=0.3 rad/s  kd=1.5  tau_ff=0.0 N·m  kp=0（不做位置控制）
   保護：|v|>3.0 rad/s 或 |tau|>5.0 N·m 或 2.0s 逾時 → 立刻歸零

   ⚠️ 確認狗肚子已墊高、四輪完全離地，且手邊有急停。

✅ 結構檢查通過
✅ 16 顆全部洩力中
✅ mc_ctrl PID=2428 狀態=S
✅ 已凍結 mc_ctrl（狀態=T）

起始角度 1.9156 rad
每輪 payload 寫完後同步心跳時戳（缺心跳會被 controller 判定過期而清零）

  t(s)        角度        速度        力矩
  0.00    1.9156    0.0023    0.0008
  0.20    1.9480    0.1808    0.1366
  0.40    1.9842    0.3410   -0.0633
  0.61    2.0178    0.1122    0.2235
  0.81    2.0602    0.3181   -0.0191
  1.01    2.0975    0.0572    0.3365
  1.21    2.1395    0.2129    0.1106
  1.42    2.1799    0.0984    0.2983
  1.62    2.2196    0.1945    0.0999
  1.82    2.2551    0.1900    0.1427
✅ 已 SIGCONT 解凍 mc_ctrl，狀態=S

========================================================
心跳時戳 3086241 → 3088543（+2302，約 1154/s）
最大速度 0.3960 rad/s   最大力矩 0.3777 N·m
角度變化 +0.3853 rad（+22.08°）

★★★ 輪子轉了 —— D1 Max 的底層單顆馬達控制實機驗證成功。

📄 完整輸出已存到 /home/robot/m_logs/M2_20260825_152506.log
