M3 —— 多顆輪馬達巡迴（錄影用）
   順序　　右前輪(fr4_foot) → 左後輪(bl4_foot) → 右後輪(br4_foot)
   每顆　　10.0 秒　倒數 3 秒　間隔 2.0 秒　→ 預估總凍結 43.0 秒
   參數　　v_des=0.8 rad/s  kd=1.5  tau_ff=0.2  kp=0
   保護　　|v|>3.0 rad/s、|tau|>5.0 N·m、總凍結 >90s

   ⚠️ 狗肚子墊高、四輪完全離地、急停在手邊。

✅ 結構檢查通過
✅ 16 顆全部洩力中
✅ mc_ctrl PID=2428 狀態=S
✅ 已凍結 mc_ctrl（狀態=T）

────────────────────────────────────────────────────────
  [1/3]  右前輪　fr4_foot
────────────────────────────────────────────────────────
     3…
     2…
     1…
     t=  0.0s  角度   2.9150  力矩 -0.0023
     t=  1.0s  角度  -2.5282  力矩  0.1228
     t=  2.0s  角度  -1.6764  力矩  0.1167
     t=  3.0s  角度  -0.8230  力矩  0.0877
     t=  4.0s  角度   0.0311  力矩  0.1762
     t=  5.0s  角度   0.8856  力矩  0.1778
     t=  6.0s  角度   1.7401  力矩  0.1518
     t=  7.0s  角度   2.5931  力矩  0.1320
     t=  8.0s  角度  -2.8395  力矩  0.1259
     t=  9.0s  角度  -1.9877  力矩  0.1640
     → 轉了 -4.0772 rad（-233.61°）　平均 -0.4077 rad/s

────────────────────────────────────────────────────────
  [2/3]  左後輪　bl4_foot
────────────────────────────────────────────────────────
     3…
     2…
     1…
     t=  0.0s  角度   0.9390  力矩  0.0023
     t=  1.0s  角度   1.7672  力矩  0.2251
     t=  2.0s  角度   2.6057  力矩  0.3090
     t=  3.0s  角度  -2.8422  力矩  0.3258
     t=  4.0s  角度  -2.0155  力矩  0.1595
     t=  5.0s  角度  -1.1835  力矩  0.1335
     t=  6.0s  角度  -0.3405  力矩 -0.0771
     t=  7.0s  角度   0.5030  力矩  0.2403
     t=  8.0s  角度   1.3399  力矩  0.2907
     t=  9.0s  角度   2.1834  力矩  0.0908
     → 轉了 +2.0943 rad（+119.99°）　平均 0.2094 rad/s

────────────────────────────────────────────────────────
  [3/3]  右後輪　br4_foot
────────────────────────────────────────────────────────
     3…
     2…
     1…
     t=  0.0s  角度   1.0706  力矩  0.0008
     t=  1.0s  角度   1.9053  力矩  0.1350
     t=  2.0s  角度   2.7483  力矩  0.2251
     t=  3.0s  角度  -2.6900  力矩  0.0877
     t=  4.0s  角度  -1.8454  力矩 -0.0862
     → 轉了 -2.8252 rad（-161.87°）　平均 -0.6882 rad/s
     ⛔ 提前中止：速度 4.282 超過 3.0

✅ 已 SIGCONT 解凍 mc_ctrl，狀態=S

========================================================================
總凍結時間 38.1 秒

輪子              秒         角度變化        平均速度       平均力矩       最大力矩       摩擦推估
右前輪          10.0   -4.0772 rad     -0.4077     0.1265     0.6676     1.8116
左後輪          10.0   +2.0943 rad      0.2094     0.1440     1.3726     0.8859
右後輪           4.1   -2.8252 rad     -0.6882     0.1306     2.4315     2.2322

轉起來的：3/3
★★★ 全部驅動成功。

摩擦推估 0.886 ~ 2.232 N·m（平均 1.643）→ 可拿去填 MJCF 的 frictionloss

📄 完整輸出已存到 /home/robot/m_logs/M3_20260825_154320.log
