M3 —— 多顆輪馬達巡迴（錄影用）
   順序　　右前輪(fr4_foot) → 左後輪(bl4_foot) → 右後輪(br4_foot)
   每顆　　4.0 秒　倒數 3 秒　間隔 2.0 秒　→ 預估總凍結 25.0 秒
   參數　　v_des=0.3 rad/s  kd=1.5  tau_ff=0.0  kp=0
   保護　　|v|>3.0 rad/s、|tau|>5.0 N·m、總凍結 >90s

   ⚠️ 狗肚子墊高、四輪完全離地、急停在手邊。

✅ 結構檢查通過
✅ 16 顆全部洩力中
✅ mc_ctrl PID=2428 狀態=S
✅ 已凍結 mc_ctrl（狀態=T）

────────────────────────────────────────────────────────
  [1/3]  右前輪　fr4_foot
────────────────────────────────────────────────────────
     3…
     2…
     1…
     t=  0.0s  角度   1.2148  力矩  0.0038
     t=  1.0s  角度   1.4082  力矩  0.1396
     t=  2.0s  角度   1.6226  力矩  0.1457
     t=  3.0s  角度   1.8389  力矩  0.1106
     → 轉了 +0.8389 rad（+48.06°）　平均 0.2097 rad/s

────────────────────────────────────────────────────────
  [2/3]  左後輪　bl4_foot
────────────────────────────────────────────────────────
     3…
     2…
     1…
     t=  0.0s  角度  -0.4686  力矩 -0.0069
     t=  1.0s  角度  -0.3103  力矩  0.2709
     t=  2.0s  角度  -0.1196  力矩 -0.0908
     t=  3.0s  角度   0.0628  力矩  0.2968
     → 轉了 +0.7057 rad（+40.44°）　平均 0.1764 rad/s

────────────────────────────────────────────────────────
  [3/3]  右後輪　br4_foot
────────────────────────────────────────────────────────
     3…
     2…
     1…
     t=  0.0s  角度  -0.5007  力矩 -0.0038
     t=  1.0s  角度  -0.3214  力矩  0.1945
     t=  2.0s  角度  -0.1184  力矩  0.2144
     t=  3.0s  角度   0.0761  力矩  0.1076
     → 轉了 +0.7729 rad（+44.28°）　平均 0.1932 rad/s

✅ 已 SIGCONT 解凍 mc_ctrl，狀態=S

========================================================================
總凍結時間 26.0 秒

輪子              秒         角度變化        平均速度       平均力矩       最大力矩       摩擦推估
右前輪           4.0   +0.8389 rad      0.2097     0.1347     0.3731     0.1354
左後輪           4.0   +0.7057 rad      0.1764     0.1845     0.7378     0.1854
右後輪           4.0   +0.7729 rad      0.1932     0.1549     0.3410     0.1602

轉起來的：3/3
★★★ 全部驅動成功。

摩擦推估 0.135 ~ 0.185 N·m（平均 0.160）→ 可拿去填 MJCF 的 frictionloss

📄 完整輸出已存到 /home/robot/m_logs/M3_20260825_154043.log
