M6 —— 承重狀態唯讀擷取（不寫入、不凍結、不需 sudo）

標籤 xlate_left　全程錄製　25.0 秒 @ 500 Hz
備註：遙控器持續左平移
● 錄製中 —— 最長 25 秒。**現在可以動遙控器了。**
  （Ctrl-C 可提前結束並保留資料）

    0.0s  最大|τ|  17.65  最大|v|  0.35  帶增益的關節 16/16
    1.0s  最大|τ|  10.23  最大|v|  0.00  帶增益的關節 16/16
    2.0s  最大|τ|  10.12  最大|v|  0.03  帶增益的關節 16/16
    3.0s  最大|τ|  10.15  最大|v|  0.00  帶增益的關節 16/16
    4.0s  最大|τ|  20.05  最大|v|  0.61  帶增益的關節 16/16
    5.0s  最大|τ|  24.92  最大|v|  2.48  帶增益的關節 16/16
    6.0s  最大|τ|  35.06  最大|v|  4.03  帶增益的關節 16/16
    7.0s  最大|τ|  44.94  最大|v|  3.03  帶增益的關節 16/16
    8.0s  最大|τ|  36.81  最大|v|  4.71  帶增益的關節 16/16
    9.0s  最大|τ|  21.34  最大|v|  1.24  帶增益的關節 16/16
   10.0s  最大|τ|  43.65  最大|v|  2.68  帶增益的關節 16/16
   11.0s  最大|τ|  44.39  最大|v|  4.63  帶增益的關節 16/16
   12.0s  最大|τ|  17.03  最大|v|  1.62  帶增益的關節 16/16
   13.0s  最大|τ|  16.09  最大|v|  0.15  帶增益的關節 16/16
   14.0s  最大|τ|  17.22  最大|v|  0.03  帶增益的關節 16/16
   15.0s  最大|τ|  11.18  最大|v|  0.33  帶增益的關節 16/16
   16.0s  最大|τ|  11.06  最大|v|  0.00  帶增益的關節 16/16
   17.0s  最大|τ|  11.04  最大|v|  0.00  帶增益的關節 16/16
   18.0s  最大|τ|  11.13  最大|v|  0.00  帶增益的關節 16/16
   19.0s  最大|τ|  11.06  最大|v|  0.00  帶增益的關節 16/16

  （Ctrl-C：提前結束，保留已錄到的資料）

錄到 9760 筆 / 19.52 秒 @ 500 Hz　joint_state 心跳 1000/s　（提前結束）

==============================================================================
① 原廠的增益：全程固定，還是有排程？
==============================================================================
關節                                   kp                 kd            前饋 effort
fl1_hip_roll            60.0 → 250.0 ★變     1.00 → 5.00 ★變               -0.000
fl2_hip_pitch          120.0 → 250.0 ★變     1.00 → 5.00 ★變               -0.000
fl3_knee_pitch         120.0 → 250.0 ★變     1.00 → 5.00 ★變               +0.000
fl4_foot                  0.0 → 20.0 ★變               0.10   -0.220 → +0.085 ★變
fr1_hip_roll            60.0 → 250.0 ★變     1.00 → 5.00 ★變               -0.000
fr2_hip_pitch          120.0 → 250.0 ★變     1.00 → 5.00 ★變               +0.000
fr3_knee_pitch         120.0 → 250.0 ★變     1.00 → 5.00 ★變               -0.000
fr4_foot                  0.0 → 20.0 ★變               0.10   -0.212 → +0.286 ★變
bl1_hip_roll            60.0 → 250.0 ★變     1.00 → 5.00 ★變               +0.000
bl2_hip_pitch          120.0 → 250.0 ★變     1.00 → 5.00 ★變               -0.000
bl3_knee_pitch         120.0 → 250.0 ★變     1.00 → 5.00 ★變               +0.000
bl4_foot                  0.0 → 20.0 ★變               0.10   -0.079 → +0.173 ★變
br1_hip_roll            60.0 → 250.0 ★變     1.00 → 5.00 ★變               +0.000
br2_hip_pitch          120.0 → 250.0 ★變     1.00 → 5.00 ★變               +0.000
br3_knee_pitch         120.0 → 250.0 ★變     1.00 → 5.00 ★變               -0.000
br4_foot                  0.0 → 20.0 ★變               0.10   -0.160 → +0.255 ★變

   ★ 16 個關節的增益在過程中**變過** → 原廠有增益排程，
     我們的單一 kp 複製不了它。要看時間序列才知道怎麼排。
   ✅ **腿關節的前饋 effort 全程為 0 → 原廠是純 PD。**
      承重時追蹤誤差之所以小，是因為 kp 高，不是因為有前饋。
   ℹ️ 輪子有前饋（4 顆），量級可對照實測輪摩擦 0.15~0.20 N·m

==============================================================================
② 力矩包絡（控制器座標系）—— **保護門檻要照這個訂，不是照靜態值**
==============================================================================
關節                   峰值|τ|      發生於      結束時τ      峰值/結束
fl1_hip_roll         50.74    6.96s     -0.87      58.2x
fl2_hip_pitch        14.51   11.98s     -2.84       5.1x
fl3_knee_pitch       25.82    5.56s    +11.08       2.3x
fr1_hip_roll         33.49    4.56s     +1.56      21.4x
fr2_hip_pitch        13.71   13.16s     -2.34       5.9x
fr3_knee_pitch       24.67    5.83s     +9.49       2.6x
bl1_hip_roll         49.64    4.45s     -1.89      26.3x
bl2_hip_pitch        11.91   13.43s     +2.95       4.0x
bl3_knee_pitch       27.85    5.37s    -10.16       2.7x
br1_hip_roll         26.75    8.04s     +1.06      25.2x
br2_hip_pitch        12.29   12.60s     +2.24       5.5x
br3_knee_pitch       27.63    6.52s     -9.56       2.9x

   全部腿關節的峰值 |τ| = **50.74 N·m**
   → 我們自己做同樣動作時，力矩保護至少要 76 N·m
   （目前 M5 的門檻是 ABAD 10 / HIP 8 / KNEE 7，是照**吊掛**訂的）

==============================================================================
③ 時間軸（每 0.5 秒一列）
==============================================================================
     t   機身pitch    最大|τ|              在哪顆    最大|v|     帶增益
  0.00     -1.54    17.65     fr1_hip_roll     0.35     16
  0.50     -1.56    10.26   bl3_knee_pitch     0.15     16
  1.00     -1.55    10.23   bl3_knee_pitch     0.00     16
  1.50     -1.55    10.08   bl3_knee_pitch     0.06     16
  2.00     -1.55    10.16   bl3_knee_pitch     0.04     16
  2.50     -1.55    10.18   bl3_knee_pitch     0.00     16
  3.00     -1.55    10.18   bl3_knee_pitch     0.00     16
  3.50     -1.42    23.95     fl1_hip_roll     1.28     16
  4.00     -1.35    19.93     bl1_hip_roll     0.64     16
  4.50     +0.41    41.55     bl1_hip_roll     6.28     16
  5.00     -0.57    28.58     bl1_hip_roll     2.71     16
  5.50     +0.91    26.80     fr1_hip_roll     2.55     16
  6.00     -0.14    32.27     fl1_hip_roll     3.44     16
  6.50     +0.34    47.89     fl1_hip_roll     4.93     16
  7.00     -0.32    47.15     fl1_hip_roll     3.12     16
  7.50     -0.94    41.24     fl1_hip_roll     4.26     16
  8.00     -1.81    38.90     fl1_hip_roll     4.65     16
  8.50     -2.14    30.81     fl1_hip_roll     5.64     16
  9.00     -2.46    22.70     br1_hip_roll     2.29     16
  9.50     -2.42    28.01     bl1_hip_roll     1.12     16
 10.00     -2.19    41.19     bl1_hip_roll     2.21     16
 10.50     -1.54    43.83     bl1_hip_roll     3.30     16
 11.00     -1.14    44.46     bl1_hip_roll     4.57     16
 11.50     -0.49    41.65     bl1_hip_roll     5.28     16
 12.00     -1.70    17.14   fl3_knee_pitch     1.61     16
 12.50     -1.88    16.08   br3_knee_pitch     0.48     16
 13.00     -1.66    15.98   br3_knee_pitch     0.24     16
 13.50     -1.64    16.25   fl3_knee_pitch     0.17     16
 14.00     -1.62    17.12   fl3_knee_pitch     0.04     16
 14.50     -1.67    18.22   fl3_knee_pitch     0.21     16
 15.00     -1.72    11.03   fl3_knee_pitch     0.52     16
 15.50     -1.65    11.09   fl3_knee_pitch     0.04     16
 16.00     -1.66    11.06   fl3_knee_pitch     0.04     16
 16.50     -1.66    11.10   fl3_knee_pitch     0.00     16
 17.00     -1.65    11.04   fl3_knee_pitch     0.00     16
 17.50     -1.65    11.07   fl3_knee_pitch     0.04     16
 18.00     -1.65    11.06   fl3_knee_pitch     0.00     16
 18.50     -1.66    11.06   fl3_knee_pitch     0.00     16
 19.00     -1.65    11.08   fl3_knee_pitch     0.00     16
 19.50     -1.65    11.14   fl3_knee_pitch     0.00     16

📊 時間序列已存到 /home/robot/m_logs/M6_20260902_155126.json（7182 KB）
📄 完整輸出已存到 /home/robot/m_logs/M6_20260902_155126.log
