M6 —— 承重狀態唯讀擷取（不寫入、不凍結、不需 sudo）

標籤 height_updown　全程錄製　20.0 秒 @ 500 Hz
備註：遙控器調機身高度，來回幾次
● 錄製中 —— 最長 20 秒。**現在可以動遙控器了。**
  （Ctrl-C 可提前結束並保留資料）

    0.0s  最大|τ|  17.67  最大|v|  0.00  帶增益的關節 16/16
    1.0s  最大|τ|  17.65  最大|v|  0.00  帶增益的關節 16/16
    2.0s  最大|τ|  17.74  最大|v|  0.00  帶增益的關節 16/16
    3.0s  最大|τ|  22.18  最大|v|  1.40  帶增益的關節 16/16
    4.0s  最大|τ|  21.47  最大|v|  0.61  帶增益的關節 16/16
    5.0s  最大|τ|  20.58  最大|v|  0.51  帶增益的關節 16/16
    6.0s  最大|τ|  17.47  最大|v|  1.21  帶增益的關節 16/16
    7.0s  最大|τ|  27.43  最大|v|  0.90  帶增益的關節 16/16
    8.0s  最大|τ|  25.84  最大|v|  0.33  帶增益的關節 16/16
    9.0s  最大|τ|  25.30  最大|v|  0.04  帶增益的關節 16/16
   10.0s  最大|τ|  21.48  最大|v|  1.27  帶增益的關節 16/16
   11.0s  最大|τ|  21.23  最大|v|  1.01  帶增益的關節 16/16
   12.0s  最大|τ|  19.57  最大|v|  0.33  帶增益的關節 16/16
   13.0s  最大|τ|  20.00  最大|v|  0.35  帶增益的關節 16/16
   14.0s  最大|τ|  25.56  最大|v|  0.98  帶增益的關節 16/16
   15.0s  最大|τ|  27.17  最大|v|  0.69  帶增益的關節 16/16
   16.0s  最大|τ|  24.66  最大|v|  0.02  帶增益的關節 16/16
   17.0s  最大|τ|  21.67  最大|v|  1.02  帶增益的關節 16/16
   18.0s  最大|τ|  22.18  最大|v|  0.51  帶增益的關節 16/16
   19.0s  最大|τ|  19.58  最大|v|  0.82  帶增益的關節 16/16

錄到 10000 筆 / 20.00 秒 @ 500 Hz　joint_state 心跳 1000/s

==============================================================================
① 原廠的增益：全程固定，還是有排程？
==============================================================================
關節                                   kp                 kd            前饋 effort
fl1_hip_roll            60.0 → 250.0 ★變     1.00 → 5.00 ★變               -0.000
fl2_hip_pitch          120.0 → 250.0 ★變     1.00 → 5.00 ★變               -0.000
fl3_knee_pitch         120.0 → 250.0 ★變     1.00 → 5.00 ★變               +0.000
fl4_foot                  0.0 → 20.0 ★變     0.10 → 0.50 ★變   -0.503 → +0.004 ★變
fr1_hip_roll            60.0 → 250.0 ★變     1.00 → 5.00 ★變               -0.000
fr2_hip_pitch          120.0 → 250.0 ★變     1.00 → 5.00 ★變               +0.000
fr3_knee_pitch         120.0 → 250.0 ★變     1.00 → 5.00 ★變               -0.000
fr4_foot                  0.0 → 20.0 ★變     0.10 → 0.50 ★變   -0.031 → +0.276 ★變
bl1_hip_roll            60.0 → 250.0 ★變     1.00 → 5.00 ★變               +0.000
bl2_hip_pitch          120.0 → 250.0 ★變     1.00 → 5.00 ★變               -0.000
bl3_knee_pitch         120.0 → 250.0 ★變     1.00 → 5.00 ★變               +0.000
bl4_foot                  0.0 → 20.0 ★變     0.10 → 0.50 ★變   -0.012 → +0.195 ★變
br1_hip_roll            60.0 → 250.0 ★變     1.00 → 5.00 ★變               +0.000
br2_hip_pitch          120.0 → 250.0 ★變     1.00 → 5.00 ★變               +0.000
br3_knee_pitch         120.0 → 250.0 ★變     1.00 → 5.00 ★變               -0.000
br4_foot                  0.0 → 20.0 ★變     0.10 → 0.50 ★變   -0.226 → +0.048 ★變

   ★ 16 個關節的增益在過程中**變過** → 原廠有增益排程，
     我們的單一 kp 複製不了它。要看時間序列才知道怎麼排。
   ✅ **腿關節的前饋 effort 全程為 0 → 原廠是純 PD。**
      承重時追蹤誤差之所以小，是因為 kp 高，不是因為有前饋。
   ℹ️ 輪子有前饋（4 顆），量級可對照實測輪摩擦 0.15~0.20 N·m

==============================================================================
② 力矩包絡（控制器座標系）—— **保護門檻要照這個訂，不是照靜態值**
==============================================================================
關節                   峰值|τ|      發生於      結束時τ      峰值/結束
fl1_hip_roll         10.06    6.42s     -7.42       1.4x
fl2_hip_pitch        19.50    6.27s    +11.32       1.7x
fl3_knee_pitch       33.31    7.62s    +18.97       1.8x
fr1_hip_roll         11.61    6.36s     +5.30       2.2x
fr2_hip_pitch        19.44   13.34s    +10.92       1.8x
fr3_knee_pitch       30.84    2.14s    +19.59       1.6x
bl1_hip_roll         17.12   16.65s     -3.60       4.8x
bl2_hip_pitch        17.25   13.32s    -11.13       1.6x
bl3_knee_pitch       30.36    2.15s    -19.18       1.6x
br1_hip_roll         19.10   15.73s     +0.74      25.9x
br2_hip_pitch        20.40    6.07s    -10.16       2.0x
br3_knee_pitch       31.48    7.28s    -17.43       1.8x

   全部腿關節的峰值 |τ| = **33.31 N·m**
   → 我們自己做同樣動作時，力矩保護至少要 50 N·m
   （目前 M5 的門檻是 ABAD 10 / HIP 8 / KNEE 7，是照**吊掛**訂的）

==============================================================================
③ 時間軸（每 0.5 秒一列）
==============================================================================
     t   機身pitch    最大|τ|              在哪顆    最大|v|     帶增益
  0.00     +0.02    17.67   fl3_knee_pitch     0.00     16
  0.50     +0.02    17.75   fl3_knee_pitch     0.00     16
  1.00     +0.02    17.65   fl3_knee_pitch     0.00     16
  1.50     +0.02    17.68   fl3_knee_pitch     0.00     16
  2.00     +0.02    17.74   fl3_knee_pitch     0.00     16
  2.50     -0.54    22.63   fr3_knee_pitch     1.43     16
  3.00     -1.07    22.34   bl3_knee_pitch     1.36     16
  3.50     -1.27    22.42   fr3_knee_pitch     0.90     16
  4.00     -1.20    21.49   fl3_knee_pitch     0.49     16
  4.50     -1.41    19.82   bl3_knee_pitch     0.33     16
  5.00     -1.47    20.54   bl3_knee_pitch     0.58     16
  5.50     -1.44    20.40   bl3_knee_pitch     0.35     16
  6.00     -1.23    16.81   fr3_knee_pitch     1.01     16
  6.50     -1.29    26.54   fl3_knee_pitch     1.55     16
  7.00     -1.00    27.41   fl3_knee_pitch     0.58     16
  7.50     -0.46    32.58   fl3_knee_pitch     0.75     16
  8.00     -0.69    25.85   fl3_knee_pitch     0.37     16
  8.50     -0.52    25.57   fl3_knee_pitch     0.07     16
  9.00     -0.50    25.41   fl3_knee_pitch     0.05     16
  9.50     -0.79    20.99   fr3_knee_pitch     1.82     16
 10.00     -1.17    21.12   fr3_knee_pitch     1.28     16
 10.50     -1.64    19.12   fr3_knee_pitch     0.84     16
 11.00     -1.34    21.26   fr3_knee_pitch     1.23     16
 11.50     -1.55    19.82   bl3_knee_pitch     0.63     16
 12.00     -1.48    19.54   bl3_knee_pitch     0.29     16
 12.50     -1.45    19.47   fl3_knee_pitch     0.27     16
 13.00     -1.48    19.88   bl3_knee_pitch     0.32     16
 13.50     -1.48    18.84   fr3_knee_pitch     7.31     16
 14.00     -0.93    25.49   fl3_knee_pitch     1.05     16
 14.50     -0.91    29.88   fl3_knee_pitch     1.04     16
 15.00     -0.85    27.82   fl3_knee_pitch     0.79     16
 15.50     -0.82    25.42   br3_knee_pitch     0.14     16
 16.00     -0.62    24.77   br3_knee_pitch     0.00     16
 16.50     -0.56    25.00   fl3_knee_pitch     0.13     16
 17.00     -0.83    21.01   fr3_knee_pitch     1.00     16
 17.50     -1.24    20.11   fr3_knee_pitch     1.30     16
 18.00     -1.56    22.03   fr3_knee_pitch     0.45     16
 18.50     -1.37    20.78   bl3_knee_pitch     0.57     16
 19.00     -1.56    19.84   fr3_knee_pitch     0.67     16
 19.50     -1.42    19.85   fr3_knee_pitch     0.26     16

📊 時間序列已存到 /home/robot/m_logs/M6_20260902_155708.json（7485 KB）
📄 完整輸出已存到 /home/robot/m_logs/M6_20260902_155708.log
