M6 —— 承重狀態唯讀擷取（不寫入、不凍結、不需 sudo）

標籤 drive_fwd　全程錄製　20.0 秒 @ 500 Hz
備註：遙控器前進，輪子滾
● 錄製中 —— 最長 20 秒。**現在可以動遙控器了。**
  （Ctrl-C 可提前結束並保留資料）

    0.0s  最大|τ|  18.42  最大|v|  0.26  帶增益的關節 16/16
    1.0s  最大|τ|  10.48  最大|v|  0.04  帶增益的關節 16/16
    2.0s  最大|τ|  10.29  最大|v|  0.01  帶增益的關節 16/16
    3.0s  最大|τ|  10.26  最大|v|  0.00  帶增益的關節 16/16
    4.0s  最大|τ|  20.03  最大|v|  2.07  帶增益的關節 16/16
    5.0s  最大|τ|  16.13  最大|v|  1.82  帶增益的關節 16/16
    6.0s  最大|τ|  17.42  最大|v|  3.33  帶增益的關節 16/16
    7.0s  最大|τ|  18.43  最大|v|  4.42  帶增益的關節 16/16
    8.0s  最大|τ|  17.39  最大|v|  5.11  帶增益的關節 16/16
    9.0s  最大|τ|  16.26  最大|v|  4.65  帶增益的關節 16/16
   10.0s  最大|τ|  18.27  最大|v|  4.00  帶增益的關節 16/16
   11.0s  最大|τ|  19.27  最大|v|  0.19  帶增益的關節 16/16
   12.0s  最大|τ|  19.24  最大|v|  0.13  帶增益的關節 16/16
   13.0s  最大|τ|  19.14  最大|v|  0.21  帶增益的關節 16/16
   14.0s  最大|τ|  17.80  最大|v|  0.06  帶增益的關節 16/16
   15.0s  最大|τ|  10.66  最大|v|  0.06  帶增益的關節 16/16
   16.0s  最大|τ|  10.50  最大|v|  0.00  帶增益的關節 16/16

  （Ctrl-C：提前結束，保留已錄到的資料）

錄到 8037 筆 / 16.07 秒 @ 500 Hz　joint_state 心跳 1000/s　（提前結束）

==============================================================================
① 原廠的增益：全程固定，還是有排程？
==============================================================================
關節                                   kp                 kd            前饋 effort
fl1_hip_roll            60.0 → 250.0 ★變     1.00 → 5.00 ★變               -0.000
fl2_hip_pitch          120.0 → 250.0 ★變     1.00 → 5.00 ★變               -0.000
fl3_knee_pitch         120.0 → 250.0 ★變     1.00 → 5.00 ★變               +0.000
fl4_foot                  0.0 → 20.0 ★變               0.10   -0.332 → +0.050 ★變
fr1_hip_roll            60.0 → 250.0 ★變     1.00 → 5.00 ★變               -0.000
fr2_hip_pitch          120.0 → 250.0 ★變     1.00 → 5.00 ★變               +0.000
fr3_knee_pitch         120.0 → 250.0 ★變     1.00 → 5.00 ★變               -0.000
fr4_foot                  0.0 → 20.0 ★變               0.10   -0.084 → +0.328 ★變
bl1_hip_roll            60.0 → 250.0 ★變     1.00 → 5.00 ★變               +0.000
bl2_hip_pitch          120.0 → 250.0 ★變     1.00 → 5.00 ★變               -0.000
bl3_knee_pitch         120.0 → 250.0 ★變     1.00 → 5.00 ★變               +0.000
bl4_foot                  0.0 → 20.0 ★變               0.10   -0.138 → +0.277 ★變
br1_hip_roll            60.0 → 250.0 ★變     1.00 → 5.00 ★變               +0.000
br2_hip_pitch          120.0 → 250.0 ★變     1.00 → 5.00 ★變               +0.000
br3_knee_pitch         120.0 → 250.0 ★變     1.00 → 5.00 ★變               -0.000
br4_foot                  0.0 → 20.0 ★變               0.10   -0.243 → +0.116 ★變

   ★ 16 個關節的增益在過程中**變過** → 原廠有增益排程，
     我們的單一 kp 複製不了它。要看時間序列才知道怎麼排。
   ✅ **腿關節的前饋 effort 全程為 0 → 原廠是純 PD。**
      承重時追蹤誤差之所以小，是因為 kp 高，不是因為有前饋。
   ℹ️ 輪子有前饋（4 顆），量級可對照實測輪摩擦 0.15~0.20 N·m

==============================================================================
② 力矩包絡（控制器座標系）—— **保護門檻要照這個訂，不是照靜態值**
==============================================================================
關節                   峰值|τ|      發生於      結束時τ      峰值/結束
fl1_hip_roll         24.05    3.50s     -1.11      21.7x
fl2_hip_pitch        19.37    5.52s     -1.25      15.5x
fl3_knee_pitch       26.35    3.50s    +10.53       2.5x
fr1_hip_roll         22.13    3.50s     +1.66      13.3x
fr2_hip_pitch        19.57    5.51s     -1.64      11.9x
fr3_knee_pitch       22.06    3.50s     +9.09       2.4x
bl1_hip_roll         10.76   10.60s     -1.45       7.4x
bl2_hip_pitch        20.57   10.91s     +1.42      14.5x
bl3_knee_pitch       25.67    3.50s    -10.27       2.5x
br1_hip_roll         11.71   13.16s     +0.93      12.6x
br2_hip_pitch        18.68   10.91s     +0.96      19.4x
br3_knee_pitch       20.95   12.30s     -9.48       2.2x

   全部腿關節的峰值 |τ| = **26.35 N·m**
   → 我們自己做同樣動作時，力矩保護至少要 40 N·m
   （目前 M5 的門檻是 ABAD 10 / HIP 8 / KNEE 7，是照**吊掛**訂的）

==============================================================================
③ 時間軸（每 0.5 秒一列）
==============================================================================
     t   機身pitch    最大|τ|              在哪顆    最大|v|     帶增益
  0.00     -0.54    18.42   br3_knee_pitch     0.26     16
  0.50     -0.55    17.88   br3_knee_pitch     0.27     16
  1.00     -0.54    10.48   bl3_knee_pitch     0.04     16
  1.50     -0.51    10.46   bl3_knee_pitch     0.05     16
  2.00     -0.51    10.29   bl3_knee_pitch     0.01     16
  2.50     -0.50    10.27   bl3_knee_pitch     0.03     16
  3.00     -0.50    10.30   bl3_knee_pitch     0.00     16
  3.50     -0.53    25.62   fl3_knee_pitch     0.99     16
  4.00     -0.82    19.93     fl1_hip_roll     2.02     16
  4.50     -1.06    15.21     fr1_hip_roll     2.98     16
  5.00     -0.92    16.34   bl3_knee_pitch     2.11     16
  5.50     -0.60    19.36    fr2_hip_pitch     0.96     16
  6.00     -1.19    17.33   fl3_knee_pitch     3.22     16
  6.50     -1.42    18.45   fl3_knee_pitch     4.59     16
  7.00     -1.39    18.56   bl3_knee_pitch     4.81     16
  7.50     -1.58    18.07   fl3_knee_pitch     4.82     16
  8.00     -1.94    17.42     fr1_hip_roll     5.17     16
  8.50     -2.04    16.97   fr3_knee_pitch     4.74     16
  9.00     -1.96    15.93   fl3_knee_pitch     4.43     16
  9.50     -1.96    16.78   fl3_knee_pitch     4.06     16
 10.00     -1.87    18.28   bl3_knee_pitch     4.03     16
 10.50     -1.84    20.63   bl3_knee_pitch     4.06     16
 11.00     -1.03    19.29   bl3_knee_pitch     0.48     16
 11.50     -1.25    18.03   bl3_knee_pitch     0.03     16
 12.00     -1.43    19.12   fr3_knee_pitch     0.13     16
 12.50     -1.60    19.41   fr3_knee_pitch     0.44     16
 13.00     -1.79    19.25   br3_knee_pitch     0.24     16
 13.50     -1.79    18.53   br3_knee_pitch     0.14     16
 14.00     -1.84    17.90   fr3_knee_pitch     0.04     16
 14.50     -1.90    10.78   fl3_knee_pitch     0.06     16
 15.00     -1.94    10.75   fl3_knee_pitch     0.04     16
 15.50     -1.97    10.58   fl3_knee_pitch     0.00     16
 16.00     -1.99    10.56   fl3_knee_pitch     0.00     16

📊 時間序列已存到 /home/robot/m_logs/M6_20260902_155353.json（5900 KB）
📄 完整輸出已存到 /home/robot/m_logs/M6_20260902_155353.log
